.next/types/app/api/integrations/payment-providers/[provider]/route.ts(49,7): error TS2344: Type '{ __tag__: "GET"; __param_position__: "second"; __param_type__: { params: { provider: string; }; }; }' does not satisfy the constraint 'ParamCheck<RouteContext>'.
  The types of '__param_type__.params' are incompatible between these types.
    Type '{ provider: string; }' is missing the following properties from type 'Promise<any>': then, catch, finally, [Symbol.toStringTag]
.next/types/app/api/integrations/payment-providers/[provider]/route.ts(166,7): error TS2344: Type '{ __tag__: "POST"; __param_position__: "second"; __param_type__: { params: { provider: string; }; }; }' does not satisfy the constraint 'ParamCheck<RouteContext>'.
  The types of '__param_type__.params' are incompatible between these types.
    Type '{ provider: string; }' is missing the following properties from type 'Promise<any>': then, catch, finally, [Symbol.toStringTag]
.next/types/app/api/integrations/payment-providers/[provider]/sync/route.ts(166,7): error TS2344: Type '{ __tag__: "POST"; __param_position__: "second"; __param_type__: { params: { provider: string; }; }; }' does not satisfy the constraint 'ParamCheck<RouteContext>'.
  The types of '__param_type__.params' are incompatible between these types.
    Type '{ provider: string; }' is missing the following properties from type 'Promise<any>': then, catch, finally, [Symbol.toStringTag]
.next/types/app/api/integrations/social-media/[platform]/sync/route.ts(166,7): error TS2344: Type '{ __tag__: "POST"; __param_position__: "second"; __param_type__: { params: { platform: string; }; }; }' does not satisfy the constraint 'ParamCheck<RouteContext>'.
  The types of '__param_type__.params' are incompatible between these types.
    Type '{ platform: string; }' is missing the following properties from type 'Promise<any>': then, catch, finally, [Symbol.toStringTag]
.next/types/validator.ts(1782,31): error TS2344: Type 'typeof import("C:/Users/prett/OneDrive/Desktop/projects/SoloSuccess-AI/app/api/integrations/payment-providers/[provider]/route")' does not satisfy the constraint 'RouteHandlerConfig<"/api/integrations/payment-providers/[provider]">'.
  Types of property 'GET' are incompatible.
    Type '(request: NextRequest, { params }: { params: { provider: string; }; }) => Promise<NextResponse<{ error: string; }> | NextResponse<{ connected: boolean; }>>' is not assignable to type '(request: NextRequest, context: { params: Promise<{ provider: string; }>; }) => void | Response | Promise<void | Response>'.
      Types of parameters '__1' and 'context' are incompatible.
        Type '{ params: Promise<{ provider: string; }>; }' is not assignable to type '{ params: { provider: string; }; }'.
          Types of property 'params' are incompatible.
            Property 'provider' is missing in type 'Promise<{ provider: string; }>' but required in type '{ provider: string; }'.
.next/types/validator.ts(1791,31): error TS2344: Type 'typeof import("C:/Users/prett/OneDrive/Desktop/projects/SoloSuccess-AI/app/api/integrations/payment-providers/[provider]/sync/route")' does not satisfy the constraint 'RouteHandlerConfig<"/api/integrations/payment-providers/[provider]/sync">'.
  Types of property 'POST' are incompatible.
    Type '(request: NextRequest, { params }: { params: { provider: string; }; }) => Promise<NextResponse<{ error: string; }> | NextResponse<{ success: boolean; message: string; }>>' is not assignable to type '(request: NextRequest, context: { params: Promise<{ provider: string; }>; }) => void | Response | Promise<void | Response>'.
      Types of parameters '__1' and 'context' are incompatible.
        Type '{ params: Promise<{ provider: string; }>; }' is not assignable to type '{ params: { provider: string; }; }'.
          Types of property 'params' are incompatible.
            Property 'provider' is missing in type 'Promise<{ provider: string; }>' but required in type '{ provider: string; }'.
.next/types/validator.ts(1800,31): error TS2344: Type 'typeof import("C:/Users/prett/OneDrive/Desktop/projects/SoloSuccess-AI/app/api/integrations/social-media/[platform]/sync/route")' does not satisfy the constraint 'RouteHandlerConfig<"/api/integrations/social-media/[platform]/sync">'.
  Types of property 'POST' are incompatible.
    Type '(request: NextRequest, { params }: { params: { platform: string; }; }) => Promise<NextResponse<{ error: string; }> | NextResponse<{ success: boolean; message: string; }>>' is not assignable to type '(request: NextRequest, context: { params: Promise<{ platform: string; }>; }) => void | Response | Promise<void | Response>'.
      Types of parameters '__1' and 'context' are incompatible.
        Type '{ params: Promise<{ platform: string; }>; }' is not assignable to type '{ params: { platform: string; }; }'.
          Types of property 'params' are incompatible.
            Property 'platform' is missing in type 'Promise<{ platform: string; }>' but required in type '{ platform: string; }'.
app/account-recovery/account-recovery-client.tsx(85,22): error TS2322: Type '"default"' is not assignable to type '"info" | "success" | "error" | "warning"'.
app/account-recovery/account-recovery-client.tsx(94,22): error TS2322: Type '"destructive"' is not assignable to type '"info" | "success" | "error" | "warning"'.
app/api/alerts/[id]/acknowledge/route.ts(49,11): error TS2769: No overload matches this call.
  Overload 1 of 3, '(left: PgColumn<{ name: "id"; tableName: "competitor_alerts"; dataType: "string"; columnType: "PgText"; data: string; driverParam: string; notNull: true; hasDefault: true; isPrimaryKey: true; isAutoincrement: false; ... 4 more ...; generated: undefined; }, {}, {}>, right: string | SQLWrapper): SQL<...>', gave the following error.
    Argument of type 'number' is not assignable to parameter of type 'string | SQLWrapper'.
  Overload 2 of 3, '(left: Aliased<number>, right: number | SQLWrapper): SQL<unknown>', gave the following error.
    Argument of type 'PgColumn<{ name: "id"; tableName: "competitor_alerts"; dataType: "string"; columnType: "PgText"; data: string; driverParam: string; notNull: true; hasDefault: true; isPrimaryKey: true; isAutoincrement: false; ... 4 more ...; generated: undefined; }, {}, {}>' is not assignable to parameter of type 'Aliased<number>'.
      Type 'PgColumn<{ name: "id"; tableName: "competitor_alerts"; dataType: "string"; columnType: "PgText"; data: string; driverParam: string; notNull: true; hasDefault: true; isPrimaryKey: true; isAutoincrement: false; ... 4 more ...; generated: undefined; }, {}, {}>' is missing the following properties from type 'Aliased<number>': sql, fieldAlias
  Overload 3 of 3, '(left: never, right: unknown): SQL<unknown>', gave the following error.
    Argument of type 'PgColumn<{ name: "id"; tableName: "competitor_alerts"; dataType: "string"; columnType: "PgText"; data: string; driverParam: string; notNull: true; hasDefault: true; isPrimaryKey: true; isAutoincrement: false; ... 4 more ...; generated: undefined; }, {}, {}>' is not assignable to parameter of type 'never'.
app/api/alerts/[id]/acknowledge/route.ts(83,14): error TS2769: No overload matches this call.
  Overload 1 of 3, '(left: PgColumn<{ name: "id"; tableName: "competitor_alerts"; dataType: "string"; columnType: "PgText"; data: string; driverParam: string; notNull: true; hasDefault: true; isPrimaryKey: true; isAutoincrement: false; ... 4 more ...; generated: undefined; }, {}, {}>, right: string | SQLWrapper): SQL<...>', gave the following error.
    Argument of type 'number' is not assignable to parameter of type 'string | SQLWrapper'.
  Overload 2 of 3, '(left: Aliased<number>, right: number | SQLWrapper): SQL<unknown>', gave the following error.
    Argument of type 'PgColumn<{ name: "id"; tableName: "competitor_alerts"; dataType: "string"; columnType: "PgText"; data: string; driverParam: string; notNull: true; hasDefault: true; isPrimaryKey: true; isAutoincrement: false; ... 4 more ...; generated: undefined; }, {}, {}>' is not assignable to parameter of type 'Aliased<number>'.
      Type 'PgColumn<{ name: "id"; tableName: "competitor_alerts"; dataType: "string"; columnType: "PgText"; data: string; driverParam: string; notNull: true; hasDefault: true; isPrimaryKey: true; isAutoincrement: false; ... 4 more ...; generated: undefined; }, {}, {}>' is missing the following properties from type 'Aliased<number>': sql, fieldAlias
  Overload 3 of 3, '(left: never, right: unknown): SQL<unknown>', gave the following error.
    Argument of type 'PgColumn<{ name: "id"; tableName: "competitor_alerts"; dataType: "string"; columnType: "PgText"; data: string; driverParam: string; notNull: true; hasDefault: true; isPrimaryKey: true; isAutoincrement: false; ... 4 more ...; generated: undefined; }, {}, {}>' is not assignable to parameter of type 'never'.
app/api/alerts/[id]/archive/route.ts(68,11): error TS2769: No overload matches this call.
  Overload 1 of 3, '(left: PgColumn<{ name: "id"; tableName: "competitor_alerts"; dataType: "string"; columnType: "PgText"; data: string; driverParam: string; notNull: true; hasDefault: true; isPrimaryKey: true; isAutoincrement: false; ... 4 more ...; generated: undefined; }, {}, {}>, right: string | SQLWrapper): SQL<...>', gave the following error.
    Argument of type 'number' is not assignable to parameter of type 'string | SQLWrapper'.
  Overload 2 of 3, '(left: Aliased<number>, right: number | SQLWrapper): SQL<unknown>', gave the following error.
    Argument of type 'PgColumn<{ name: "id"; tableName: "competitor_alerts"; dataType: "string"; columnType: "PgText"; data: string; driverParam: string; notNull: true; hasDefault: true; isPrimaryKey: true; isAutoincrement: false; ... 4 more ...; generated: undefined; }, {}, {}>' is not assignable to parameter of type 'Aliased<number>'.
      Type 'PgColumn<{ name: "id"; tableName: "competitor_alerts"; dataType: "string"; columnType: "PgText"; data: string; driverParam: string; notNull: true; hasDefault: true; isPrimaryKey: true; isAutoincrement: false; ... 4 more ...; generated: undefined; }, {}, {}>' is missing the following properties from type 'Aliased<number>': sql, fieldAlias
  Overload 3 of 3, '(left: never, right: unknown): SQL<unknown>', gave the following error.
    Argument of type 'PgColumn<{ name: "id"; tableName: "competitor_alerts"; dataType: "string"; columnType: "PgText"; data: string; driverParam: string; notNull: true; hasDefault: true; isPrimaryKey: true; isAutoincrement: false; ... 4 more ...; generated: undefined; }, {}, {}>' is not assignable to parameter of type 'never'.
app/api/alerts/[id]/archive/route.ts(101,14): error TS2769: No overload matches this call.
  Overload 1 of 3, '(left: PgColumn<{ name: "id"; tableName: "competitor_alerts"; dataType: "string"; columnType: "PgText"; data: string; driverParam: string; notNull: true; hasDefault: true; isPrimaryKey: true; isAutoincrement: false; ... 4 more ...; generated: undefined; }, {}, {}>, right: string | SQLWrapper): SQL<...>', gave the following error.
    Argument of type 'number' is not assignable to parameter of type 'string | SQLWrapper'.
  Overload 2 of 3, '(left: Aliased<number>, right: number | SQLWrapper): SQL<unknown>', gave the following error.
    Argument of type 'PgColumn<{ name: "id"; tableName: "competitor_alerts"; dataType: "string"; columnType: "PgText"; data: string; driverParam: string; notNull: true; hasDefault: true; isPrimaryKey: true; isAutoincrement: false; ... 4 more ...; generated: undefined; }, {}, {}>' is not assignable to parameter of type 'Aliased<number>'.
      Type 'PgColumn<{ name: "id"; tableName: "competitor_alerts"; dataType: "string"; columnType: "PgText"; data: string; driverParam: string; notNull: true; hasDefault: true; isPrimaryKey: true; isAutoincrement: false; ... 4 more ...; generated: undefined; }, {}, {}>' is missing the following properties from type 'Aliased<number>': sql, fieldAlias
  Overload 3 of 3, '(left: never, right: unknown): SQL<unknown>', gave the following error.
    Argument of type 'PgColumn<{ name: "id"; tableName: "competitor_alerts"; dataType: "string"; columnType: "PgText"; data: string; driverParam: string; notNull: true; hasDefault: true; isPrimaryKey: true; isAutoincrement: false; ... 4 more ...; generated: undefined; }, {}, {}>' is not assignable to parameter of type 'never'.
app/api/alerts/[id]/route.ts(94,11): error TS2769: No overload matches this call.
  Overload 1 of 3, '(left: PgColumn<{ name: "id"; tableName: "competitor_alerts"; dataType: "string"; columnType: "PgText"; data: string; driverParam: string; notNull: true; hasDefault: true; isPrimaryKey: true; isAutoincrement: false; ... 4 more ...; generated: undefined; }, {}, {}>, right: string | SQLWrapper): SQL<...>', gave the following error.
    Argument of type 'number' is not assignable to parameter of type 'string | SQLWrapper'.
  Overload 2 of 3, '(left: Aliased<number>, right: number | SQLWrapper): SQL<unknown>', gave the following error.
    Argument of type 'PgColumn<{ name: "id"; tableName: "competitor_alerts"; dataType: "string"; columnType: "PgText"; data: string; driverParam: string; notNull: true; hasDefault: true; isPrimaryKey: true; isAutoincrement: false; ... 4 more ...; generated: undefined; }, {}, {}>' is not assignable to parameter of type 'Aliased<number>'.
      Type 'PgColumn<{ name: "id"; tableName: "competitor_alerts"; dataType: "string"; columnType: "PgText"; data: string; driverParam: string; notNull: true; hasDefault: true; isPrimaryKey: true; isAutoincrement: false; ... 4 more ...; generated: undefined; }, {}, {}>' is missing the following properties from type 'Aliased<number>': sql, fieldAlias
  Overload 3 of 3, '(left: never, right: unknown): SQL<unknown>', gave the following error.
    Argument of type 'PgColumn<{ name: "id"; tableName: "competitor_alerts"; dataType: "string"; columnType: "PgText"; data: string; driverParam: string; notNull: true; hasDefault: true; isPrimaryKey: true; isAutoincrement: false; ... 4 more ...; generated: undefined; }, {}, {}>' is not assignable to parameter of type 'never'.
app/api/alerts/[id]/route.ts(190,11): error TS2769: No overload matches this call.
  Overload 1 of 3, '(left: PgColumn<{ name: "id"; tableName: "competitor_alerts"; dataType: "string"; columnType: "PgText"; data: string; driverParam: string; notNull: true; hasDefault: true; isPrimaryKey: true; isAutoincrement: false; ... 4 more ...; generated: undefined; }, {}, {}>, right: string | SQLWrapper): SQL<...>', gave the following error.
    Argument of type 'number' is not assignable to parameter of type 'string | SQLWrapper'.
  Overload 2 of 3, '(left: Aliased<number>, right: number | SQLWrapper): SQL<unknown>', gave the following error.
    Argument of type 'PgColumn<{ name: "id"; tableName: "competitor_alerts"; dataType: "string"; columnType: "PgText"; data: string; driverParam: string; notNull: true; hasDefault: true; isPrimaryKey: true; isAutoincrement: false; ... 4 more ...; generated: undefined; }, {}, {}>' is not assignable to parameter of type 'Aliased<number>'.
      Type 'PgColumn<{ name: "id"; tableName: "competitor_alerts"; dataType: "string"; columnType: "PgText"; data: string; driverParam: string; notNull: true; hasDefault: true; isPrimaryKey: true; isAutoincrement: false; ... 4 more ...; generated: undefined; }, {}, {}>' is missing the following properties from type 'Aliased<number>': sql, fieldAlias
  Overload 3 of 3, '(left: never, right: unknown): SQL<unknown>', gave the following error.
    Argument of type 'PgColumn<{ name: "id"; tableName: "competitor_alerts"; dataType: "string"; columnType: "PgText"; data: string; driverParam: string; notNull: true; hasDefault: true; isPrimaryKey: true; isAutoincrement: false; ... 4 more ...; generated: undefined; }, {}, {}>' is not assignable to parameter of type 'never'.
app/api/alerts/[id]/route.ts(222,14): error TS2769: No overload matches this call.
  Overload 1 of 3, '(left: PgColumn<{ name: "id"; tableName: "competitor_alerts"; dataType: "string"; columnType: "PgText"; data: string; driverParam: string; notNull: true; hasDefault: true; isPrimaryKey: true; isAutoincrement: false; ... 4 more ...; generated: undefined; }, {}, {}>, right: string | SQLWrapper): SQL<...>', gave the following error.
    Argument of type 'number' is not assignable to parameter of type 'string | SQLWrapper'.
  Overload 2 of 3, '(left: Aliased<number>, right: number | SQLWrapper): SQL<unknown>', gave the following error.
    Argument of type 'PgColumn<{ name: "id"; tableName: "competitor_alerts"; dataType: "string"; columnType: "PgText"; data: string; driverParam: string; notNull: true; hasDefault: true; isPrimaryKey: true; isAutoincrement: false; ... 4 more ...; generated: undefined; }, {}, {}>' is not assignable to parameter of type 'Aliased<number>'.
      Type 'PgColumn<{ name: "id"; tableName: "competitor_alerts"; dataType: "string"; columnType: "PgText"; data: string; driverParam: string; notNull: true; hasDefault: true; isPrimaryKey: true; isAutoincrement: false; ... 4 more ...; generated: undefined; }, {}, {}>' is missing the following properties from type 'Aliased<number>': sql, fieldAlias
  Overload 3 of 3, '(left: never, right: unknown): SQL<unknown>', gave the following error.
    Argument of type 'PgColumn<{ name: "id"; tableName: "competitor_alerts"; dataType: "string"; columnType: "PgText"; data: string; driverParam: string; notNull: true; hasDefault: true; isPrimaryKey: true; isAutoincrement: false; ... 4 more ...; generated: undefined; }, {}, {}>' is not assignable to parameter of type 'never'.
app/api/alerts/[id]/route.ts(327,11): error TS2769: No overload matches this call.
  Overload 1 of 3, '(left: PgColumn<{ name: "id"; tableName: "competitor_alerts"; dataType: "string"; columnType: "PgText"; data: string; driverParam: string; notNull: true; hasDefault: true; isPrimaryKey: true; isAutoincrement: false; ... 4 more ...; generated: undefined; }, {}, {}>, right: string | SQLWrapper): SQL<...>', gave the following error.
    Argument of type 'number' is not assignable to parameter of type 'string | SQLWrapper'.
  Overload 2 of 3, '(left: Aliased<number>, right: number | SQLWrapper): SQL<unknown>', gave the following error.
    Argument of type 'PgColumn<{ name: "id"; tableName: "competitor_alerts"; dataType: "string"; columnType: "PgText"; data: string; driverParam: string; notNull: true; hasDefault: true; isPrimaryKey: true; isAutoincrement: false; ... 4 more ...; generated: undefined; }, {}, {}>' is not assignable to parameter of type 'Aliased<number>'.
      Type 'PgColumn<{ name: "id"; tableName: "competitor_alerts"; dataType: "string"; columnType: "PgText"; data: string; driverParam: string; notNull: true; hasDefault: true; isPrimaryKey: true; isAutoincrement: false; ... 4 more ...; generated: undefined; }, {}, {}>' is missing the following properties from type 'Aliased<number>': sql, fieldAlias
  Overload 3 of 3, '(left: never, right: unknown): SQL<unknown>', gave the following error.
    Argument of type 'PgColumn<{ name: "id"; tableName: "competitor_alerts"; dataType: "string"; columnType: "PgText"; data: string; driverParam: string; notNull: true; hasDefault: true; isPrimaryKey: true; isAutoincrement: false; ... 4 more ...; generated: undefined; }, {}, {}>' is not assignable to parameter of type 'never'.
app/api/alerts/[id]/route.ts(343,14): error TS2769: No overload matches this call.
  Overload 1 of 3, '(left: PgColumn<{ name: "id"; tableName: "competitor_alerts"; dataType: "string"; columnType: "PgText"; data: string; driverParam: string; notNull: true; hasDefault: true; isPrimaryKey: true; isAutoincrement: false; ... 4 more ...; generated: undefined; }, {}, {}>, right: string | SQLWrapper): SQL<...>', gave the following error.
    Argument of type 'number' is not assignable to parameter of type 'string | SQLWrapper'.
  Overload 2 of 3, '(left: Aliased<number>, right: number | SQLWrapper): SQL<unknown>', gave the following error.
    Argument of type 'PgColumn<{ name: "id"; tableName: "competitor_alerts"; dataType: "string"; columnType: "PgText"; data: string; driverParam: string; notNull: true; hasDefault: true; isPrimaryKey: true; isAutoincrement: false; ... 4 more ...; generated: undefined; }, {}, {}>' is not assignable to parameter of type 'Aliased<number>'.
      Type 'PgColumn<{ name: "id"; tableName: "competitor_alerts"; dataType: "string"; columnType: "PgText"; data: string; driverParam: string; notNull: true; hasDefault: true; isPrimaryKey: true; isAutoincrement: false; ... 4 more ...; generated: undefined; }, {}, {}>' is missing the following properties from type 'Aliased<number>': sql, fieldAlias
  Overload 3 of 3, '(left: never, right: unknown): SQL<unknown>', gave the following error.
    Argument of type 'PgColumn<{ name: "id"; tableName: "competitor_alerts"; dataType: "string"; columnType: "PgText"; data: string; driverParam: string; notNull: true; hasDefault: true; isPrimaryKey: true; isAutoincrement: false; ... 4 more ...; generated: undefined; }, {}, {}>' is not assignable to parameter of type 'never'.
app/api/alerts/bulk/route.ts(53,7): error TS2769: No overload matches this call.
  Overload 1 of 3, '(column: Aliased<number>, values: SQLWrapper | (number | Placeholder<string, any>)[]): SQL<unknown>', gave the following error.
    Argument of type 'PgColumn<{ name: "id"; tableName: "competitor_alerts"; dataType: "string"; columnType: "PgText"; data: string; driverParam: string; notNull: true; hasDefault: true; isPrimaryKey: true; isAutoincrement: false; ... 4 more ...; generated: undefined; }, {}, {}>' is not assignable to parameter of type 'Aliased<number>'.
      Type 'PgColumn<{ name: "id"; tableName: "competitor_alerts"; dataType: "string"; columnType: "PgText"; data: string; driverParam: string; notNull: true; hasDefault: true; isPrimaryKey: true; isAutoincrement: false; ... 4 more ...; generated: undefined; }, {}, {}>' is missing the following properties from type 'Aliased<number>': sql, fieldAlias
  Overload 2 of 3, '(column: PgColumn<{ name: "id"; tableName: "competitor_alerts"; dataType: "string"; columnType: "PgText"; data: string; driverParam: string; notNull: true; hasDefault: true; isPrimaryKey: true; isAutoincrement: false; ... 4 more ...; generated: undefined; }, {}, {}>, values: SQLWrapper | readonly (string | Placeholder<...>)[]): SQL<...>', gave the following error.
    Argument of type 'number[]' is not assignable to parameter of type 'SQLWrapper | readonly (string | Placeholder<string, any>)[]'.
      Type 'number[]' is not assignable to type 'readonly (string | Placeholder<string, any>)[]'.
        Type 'number' is not assignable to type 'string | Placeholder<string, any>'.
  Overload 3 of 3, '(column: never, values: SQLWrapper | readonly unknown[]): SQL<unknown>', gave the following error.
    Argument of type 'PgColumn<{ name: "id"; tableName: "competitor_alerts"; dataType: "string"; columnType: "PgText"; data: string; driverParam: string; notNull: true; hasDefault: true; isPrimaryKey: true; isAutoincrement: false; ... 4 more ...; generated: undefined; }, {}, {}>' is not assignable to parameter of type 'never'.
app/api/alerts/bulk/route.ts(58,23): error TS2769: No overload matches this call.
  Overload 1 of 3, '(left: PgColumn<{ name: "competitor_id"; tableName: "competitor_alerts"; dataType: "string"; columnType: "PgText"; data: string; driverParam: string; notNull: true; hasDefault: false; isPrimaryKey: false; ... 5 more ...; generated: undefined; }, {}, {}>, right: string | SQLWrapper): SQL<...>', gave the following error.
    Argument of type 'number' is not assignable to parameter of type 'string | SQLWrapper'.
  Overload 2 of 3, '(left: Aliased<number>, right: number | SQLWrapper): SQL<unknown>', gave the following error.
    Argument of type 'PgColumn<{ name: "competitor_id"; tableName: "competitor_alerts"; dataType: "string"; columnType: "PgText"; data: string; driverParam: string; notNull: true; hasDefault: false; isPrimaryKey: false; ... 5 more ...; generated: undefined; }, {}, {}>' is not assignable to parameter of type 'Aliased<number>'.
      Type 'PgColumn<{ name: "competitor_id"; tableName: "competitor_alerts"; dataType: "string"; columnType: "PgText"; data: string; driverParam: string; notNull: true; hasDefault: false; isPrimaryKey: false; ... 5 more ...; generated: undefined; }, {}, {}>' is missing the following properties from type 'Aliased<number>': sql, fieldAlias
  Overload 3 of 3, '(left: never, right: unknown): SQL<unknown>', gave the following error.
    Argument of type 'PgColumn<{ name: "competitor_id"; tableName: "competitor_alerts"; dataType: "string"; columnType: "PgText"; data: string; driverParam: string; notNull: true; hasDefault: false; isPrimaryKey: false; ... 5 more ...; generated: undefined; }, {}, {}>' is not assignable to parameter of type 'never'.
app/api/alerts/bulk/route.ts(153,78): error TS2537: Type 'Record<number, any>' has no matching index signature for type 'string'.
app/api/alerts/notifications/route.ts(554,11): error TS2769: No overload matches this call.
  Overload 1 of 3, '(column: Aliased<number>, values: SQLWrapper | (number | Placeholder<string, any>)[]): SQL<unknown>', gave the following error.
    Argument of type 'PgColumn<{ name: "id"; tableName: "competitor_alerts"; dataType: "string"; columnType: "PgText"; data: string; driverParam: string; notNull: true; hasDefault: true; isPrimaryKey: true; isAutoincrement: false; ... 4 more ...; generated: undefined; }, {}, {}>' is not assignable to parameter of type 'Aliased<number>'.
      Type 'PgColumn<{ name: "id"; tableName: "competitor_alerts"; dataType: "string"; columnType: "PgText"; data: string; driverParam: string; notNull: true; hasDefault: true; isPrimaryKey: true; isAutoincrement: false; ... 4 more ...; generated: undefined; }, {}, {}>' is missing the following properties from type 'Aliased<number>': sql, fieldAlias
  Overload 2 of 3, '(column: PgColumn<{ name: "id"; tableName: "competitor_alerts"; dataType: "string"; columnType: "PgText"; data: string; driverParam: string; notNull: true; hasDefault: true; isPrimaryKey: true; isAutoincrement: false; ... 4 more ...; generated: undefined; }, {}, {}>, values: SQLWrapper | readonly (string | Placeholder<...>)[]): SQL<...>', gave the following error.
    Argument of type 'number[]' is not assignable to parameter of type 'SQLWrapper | readonly (string | Placeholder<string, any>)[]'.
      Type 'number[]' is not assignable to type 'readonly (string | Placeholder<string, any>)[]'.
        Type 'number' is not assignable to type 'string | Placeholder<string, any>'.
  Overload 3 of 3, '(column: never, values: SQLWrapper | readonly unknown[]): SQL<unknown>', gave the following error.
    Argument of type 'PgColumn<{ name: "id"; tableName: "competitor_alerts"; dataType: "string"; columnType: "PgText"; data: string; driverParam: string; notNull: true; hasDefault: true; isPrimaryKey: true; isAutoincrement: false; ... 4 more ...; generated: undefined; }, {}, {}>' is not assignable to parameter of type 'never'.
app/api/alerts/notifications/route.ts(604,11): error TS2769: No overload matches this call.
  Overload 1 of 3, '(column: Aliased<number>, values: SQLWrapper | (number | Placeholder<string, any>)[]): SQL<unknown>', gave the following error.
    Argument of type 'PgColumn<{ name: "id"; tableName: "competitor_alerts"; dataType: "string"; columnType: "PgText"; data: string; driverParam: string; notNull: true; hasDefault: true; isPrimaryKey: true; isAutoincrement: false; ... 4 more ...; generated: undefined; }, {}, {}>' is not assignable to parameter of type 'Aliased<number>'.
      Type 'PgColumn<{ name: "id"; tableName: "competitor_alerts"; dataType: "string"; columnType: "PgText"; data: string; driverParam: string; notNull: true; hasDefault: true; isPrimaryKey: true; isAutoincrement: false; ... 4 more ...; generated: undefined; }, {}, {}>' is missing the following properties from type 'Aliased<number>': sql, fieldAlias
  Overload 2 of 3, '(column: PgColumn<{ name: "id"; tableName: "competitor_alerts"; dataType: "string"; columnType: "PgText"; data: string; driverParam: string; notNull: true; hasDefault: true; isPrimaryKey: true; isAutoincrement: false; ... 4 more ...; generated: undefined; }, {}, {}>, values: SQLWrapper | readonly (string | Placeholder<...>)[]): SQL<...>', gave the following error.
    Argument of type 'number[]' is not assignable to parameter of type 'SQLWrapper | readonly (string | Placeholder<string, any>)[]'.
      Type 'number[]' is not assignable to type 'readonly (string | Placeholder<string, any>)[]'.
        Type 'number' is not assignable to type 'string | Placeholder<string, any>'.
  Overload 3 of 3, '(column: never, values: SQLWrapper | readonly unknown[]): SQL<unknown>', gave the following error.
    Argument of type 'PgColumn<{ name: "id"; tableName: "competitor_alerts"; dataType: "string"; columnType: "PgText"; data: string; driverParam: string; notNull: true; hasDefault: true; isPrimaryKey: true; isAutoincrement: false; ... 4 more ...; generated: undefined; }, {}, {}>' is not assignable to parameter of type 'never'.
app/api/alerts/route.ts(129,23): error TS2769: No overload matches this call.
  Overload 1 of 3, '(column: Aliased<number>, values: SQLWrapper | (number | Placeholder<string, any>)[]): SQL<unknown>', gave the following error.
    Argument of type 'PgColumn<{ name: "competitor_id"; tableName: "competitor_alerts"; dataType: "string"; columnType: "PgText"; data: string; driverParam: string; notNull: true; hasDefault: false; isPrimaryKey: false; ... 5 more ...; generated: undefined; }, {}, {}>' is not assignable to parameter of type 'Aliased<number>'.
      Type 'PgColumn<{ name: "competitor_id"; tableName: "competitor_alerts"; dataType: "string"; columnType: "PgText"; data: string; driverParam: string; notNull: true; hasDefault: false; isPrimaryKey: false; ... 5 more ...; generated: undefined; }, {}, {}>' is missing the following properties from type 'Aliased<number>': sql, fieldAlias
  Overload 2 of 3, '(column: PgColumn<{ name: "competitor_id"; tableName: "competitor_alerts"; dataType: "string"; columnType: "PgText"; data: string; driverParam: string; notNull: true; hasDefault: false; isPrimaryKey: false; ... 5 more ...; generated: undefined; }, {}, {}>, values: SQLWrapper | readonly (string | Placeholder<...>)[]): SQL<...>', gave the following error.
    Argument of type 'number[]' is not assignable to parameter of type 'SQLWrapper | readonly (string | Placeholder<string, any>)[]'.
      Type 'number[]' is not assignable to type 'readonly (string | Placeholder<string, any>)[]'.
        Type 'number' is not assignable to type 'string | Placeholder<string, any>'.
  Overload 3 of 3, '(column: never, values: SQLWrapper | readonly unknown[]): SQL<unknown>', gave the following error.
    Argument of type 'PgColumn<{ name: "competitor_id"; tableName: "competitor_alerts"; dataType: "string"; columnType: "PgText"; data: string; driverParam: string; notNull: true; hasDefault: false; isPrimaryKey: false; ... 5 more ...; generated: undefined; }, {}, {}>' is not assignable to parameter of type 'never'.
app/api/alerts/route.ts(314,11): error TS2769: No overload matches this call.
  Overload 1 of 3, '(left: PgColumn<{ name: "id"; tableName: "competitor_profiles"; dataType: "string"; columnType: "PgText"; data: string; driverParam: string; notNull: true; hasDefault: true; isPrimaryKey: true; isAutoincrement: false; ... 4 more ...; generated: undefined; }, {}, {}>, right: string | SQLWrapper): SQL<...>', gave the following error.
    Argument of type 'number' is not assignable to parameter of type 'string | SQLWrapper'.
  Overload 2 of 3, '(left: Aliased<number>, right: number | SQLWrapper): SQL<unknown>', gave the following error.
    Argument of type 'PgColumn<{ name: "id"; tableName: "competitor_profiles"; dataType: "string"; columnType: "PgText"; data: string; driverParam: string; notNull: true; hasDefault: true; isPrimaryKey: true; isAutoincrement: false; ... 4 more ...; generated: undefined; }, {}, {}>' is not assignable to parameter of type 'Aliased<number>'.
      Type 'PgColumn<{ name: "id"; tableName: "competitor_profiles"; dataType: "string"; columnType: "PgText"; data: string; driverParam: string; notNull: true; hasDefault: true; isPrimaryKey: true; isAutoincrement: false; ... 4 more ...; generated: undefined; }, {}, {}>' is missing the following properties from type 'Aliased<number>': sql, fieldAlias
  Overload 3 of 3, '(left: never, right: unknown): SQL<unknown>', gave the following error.
    Argument of type 'PgColumn<{ name: "id"; tableName: "competitor_profiles"; dataType: "string"; columnType: "PgText"; data: string; driverParam: string; notNull: true; hasDefault: true; isPrimaryKey: true; isAutoincrement: false; ... 4 more ...; generated: undefined; }, {}, {}>' is not assignable to parameter of type 'never'.
app/api/alerts/route.ts(334,13): error TS2769: No overload matches this call.
  Overload 1 of 3, '(left: PgColumn<{ name: "id"; tableName: "intelligence_data"; dataType: "string"; columnType: "PgText"; data: string; driverParam: string; notNull: true; hasDefault: true; isPrimaryKey: true; isAutoincrement: false; ... 4 more ...; generated: undefined; }, {}, {}>, right: string | SQLWrapper): SQL<...>', gave the following error.
    Argument of type 'number' is not assignable to parameter of type 'string | SQLWrapper'.
  Overload 2 of 3, '(left: Aliased<number>, right: number | SQLWrapper): SQL<unknown>', gave the following error.
    Argument of type 'PgColumn<{ name: "id"; tableName: "intelligence_data"; dataType: "string"; columnType: "PgText"; data: string; driverParam: string; notNull: true; hasDefault: true; isPrimaryKey: true; isAutoincrement: false; ... 4 more ...; generated: undefined; }, {}, {}>' is not assignable to parameter of type 'Aliased<number>'.
      Type 'PgColumn<{ name: "id"; tableName: "intelligence_data"; dataType: "string"; columnType: "PgText"; data: string; driverParam: string; notNull: true; hasDefault: true; isPrimaryKey: true; isAutoincrement: false; ... 4 more ...; generated: undefined; }, {}, {}>' is missing the following properties from type 'Aliased<number>': sql, fieldAlias
  Overload 3 of 3, '(left: never, right: unknown): SQL<unknown>', gave the following error.
    Argument of type 'PgColumn<{ name: "id"; tableName: "intelligence_data"; dataType: "string"; columnType: "PgText"; data: string; driverParam: string; notNull: true; hasDefault: true; isPrimaryKey: true; isAutoincrement: false; ... 4 more ...; generated: undefined; }, {}, {}>' is not assignable to parameter of type 'never'.
app/api/alerts/route.ts(336,13): error TS2769: No overload matches this call.
  Overload 1 of 3, '(left: PgColumn<{ name: "competitor_id"; tableName: "intelligence_data"; dataType: "string"; columnType: "PgText"; data: string; driverParam: string; notNull: true; hasDefault: false; isPrimaryKey: false; ... 5 more ...; generated: undefined; }, {}, {}>, right: string | SQLWrapper): SQL<...>', gave the following error.
    Argument of type 'number' is not assignable to parameter of type 'string | SQLWrapper'.
  Overload 2 of 3, '(left: Aliased<number>, right: number | SQLWrapper): SQL<unknown>', gave the following error.
    Argument of type 'PgColumn<{ name: "competitor_id"; tableName: "intelligence_data"; dataType: "string"; columnType: "PgText"; data: string; driverParam: string; notNull: true; hasDefault: false; isPrimaryKey: false; ... 5 more ...; generated: undefined; }, {}, {}>' is not assignable to parameter of type 'Aliased<number>'.
      Type 'PgColumn<{ name: "competitor_id"; tableName: "intelligence_data"; dataType: "string"; columnType: "PgText"; data: string; driverParam: string; notNull: true; hasDefault: false; isPrimaryKey: false; ... 5 more ...; generated: undefined; }, {}, {}>' is missing the following properties from type 'Aliased<number>': sql, fieldAlias
  Overload 3 of 3, '(left: never, right: unknown): SQL<unknown>', gave the following error.
    Argument of type 'PgColumn<{ name: "competitor_id"; tableName: "intelligence_data"; dataType: "string"; columnType: "PgText"; data: string; driverParam: string; notNull: true; hasDefault: false; isPrimaryKey: false; ... 5 more ...; generated: undefined; }, {}, {}>' is not assignable to parameter of type 'never'.
app/api/alerts/route.ts(353,9): error TS2769: No overload matches this call.
  Overload 2 of 2, '(values: { user_id: string | SQL<unknown> | Placeholder<string, any>; title: string | SQL<unknown> | Placeholder<string, any>; competitor_id: string | SQL<unknown> | Placeholder<...>; ... 12 more ...; acknowledged_at?: SQL<...> | ... 1 more ... | Placeholder<...>; }[]): PgInsertBase<...>', gave the following error.
    Object literal may only specify known properties, and 'competitor_id' does not exist in type '{ user_id: string | SQL<unknown> | Placeholder<string, any>; title: string | SQL<unknown> | Placeholder<string, any>; competitor_id: string | SQL<unknown> | Placeholder<...>; ... 12 more ...; acknowledged_at?: SQL<...> | ... 1 more ... | Placeholder<...>; }[]'.
app/api/analytics/export/route.ts(98,7): error TS2345: Argument of type '{ generatedAt: Date; generatedBy: string; metadata: { totalRecords: number; dateRange: { start?: Date; end?: Date; }; filters: Record<string, any>; }; data?: { id?: string; ... 4 more ...; value?: string | number; }[]; description?: string; title?: string; charts?: { ...; }[]; }' is not assignable to parameter of type 'ReportData'.
  Property 'title' is optional in type '{ generatedAt: Date; generatedBy: string; metadata: { totalRecords: number; dateRange: { start?: Date; end?: Date; }; filters: Record<string, any>; }; data?: { id?: string; ... 4 more ...; value?: string | number; }[]; description?: string; title?: string; charts?: { ...; }[]; }' but required in type 'ReportData'.
app/api/analytics/predictive/route.ts(417,25): error TS2322: Type '{ id: string; title: string; status: string; createdAt: string; completedAt: string; }[]' is not assignable to type '{ id: number; title: string; status: string; createdAt: string; completedAt: string; }[]'.
  Type '{ id: string; title: string; status: string; createdAt: string; completedAt: string; }' is not assignable to type '{ id: number; title: string; status: string; createdAt: string; completedAt: string; }'.
    Types of property 'id' are incompatible.
      Type 'string' is not assignable to type 'number'.
app/api/auth/reset-password/route.ts(76,9): error TS2353: Object literal may only specify known properties, and 'password_hash' does not exist in type '{ email?: string | SQL<unknown> | PgColumn<ColumnBaseConfig<ColumnDataType, string>, {}, {}>; password?: string | SQL<unknown> | PgColumn<...>; ... 24 more ...; updated_at?: SQL<...> | ... 1 more ... | PgColumn<...>; }'.
app/api/auth/signin/route-new.ts(43,25): error TS2339: Property 'error' does not exist on type '{ success: false; error: NextResponse<ApiResponse<any>>; } | { success: true; data: unknown; }'.
  Property 'error' does not exist on type '{ success: true; data: unknown; }'.
app/api/auth/signin/route-new.ts(59,30): error TS2339: Property 'password_hash' does not exist on type 'PgTableWithColumns<{ name: "users"; schema: undefined; columns: { id: PgColumn<{ name: "id"; tableName: "users"; dataType: "string"; columnType: "PgText"; data: string; driverParam: string; notNull: true; hasDefault: true; ... 6 more ...; generated: undefined; }, {}, {}>; ... 25 more ...; updated_at: PgColumn<...>; ...'.
app/api/chat/route-refactored.ts(79,30): error TS2769: No overload matches this call.
  Overload 1 of 2, '(value: { email: string | SQL<unknown> | Placeholder<string, any>; password?: string | SQL<unknown> | Placeholder<string, any>; id?: string | SQL<unknown> | Placeholder<...>; ... 23 more ...; updated_at?: SQL<...> | ... 1 more ... | Placeholder<...>; }): PgInsertBase<...>', gave the following error.
    Object literal may only specify known properties, and 'password_hash' does not exist in type '{ email: string | SQL<unknown> | Placeholder<string, any>; password?: string | SQL<unknown> | Placeholder<string, any>; id?: string | SQL<unknown> | Placeholder<string, any>; ... 23 more ...; updated_at?: SQL<...> | ... 1 more ... | Placeholder<...>; }'.
  Overload 2 of 2, '(values: { email: string | SQL<unknown> | Placeholder<string, any>; password?: string | SQL<unknown> | Placeholder<string, any>; id?: string | SQL<unknown> | Placeholder<...>; ... 23 more ...; updated_at?: SQL<...> | ... 1 more ... | Placeholder<...>; }[]): PgInsertBase<...>', gave the following error.
    Object literal may only specify known properties, and 'id' does not exist in type '{ email: string | SQL<unknown> | Placeholder<string, any>; password?: string | SQL<unknown> | Placeholder<string, any>; id?: string | SQL<unknown> | Placeholder<string, any>; ... 23 more ...; updated_at?: SQL<...> | ... 1 more ... | Placeholder<...>; }[]'.
app/api/chat/route.ts(122,30): error TS2769: No overload matches this call.
  Overload 1 of 2, '(value: { email: string | SQL<unknown> | Placeholder<string, any>; password?: string | SQL<unknown> | Placeholder<string, any>; id?: string | SQL<unknown> | Placeholder<...>; ... 23 more ...; updated_at?: SQL<...> | ... 1 more ... | Placeholder<...>; }): PgInsertBase<...>', gave the following error.
    Object literal may only specify known properties, and 'password_hash' does not exist in type '{ email: string | SQL<unknown> | Placeholder<string, any>; password?: string | SQL<unknown> | Placeholder<string, any>; id?: string | SQL<unknown> | Placeholder<string, any>; ... 23 more ...; updated_at?: SQL<...> | ... 1 more ... | Placeholder<...>; }'.
  Overload 2 of 2, '(values: { email: string | SQL<unknown> | Placeholder<string, any>; password?: string | SQL<unknown> | Placeholder<string, any>; id?: string | SQL<unknown> | Placeholder<...>; ... 23 more ...; updated_at?: SQL<...> | ... 1 more ... | Placeholder<...>; }[]): PgInsertBase<...>', gave the following error.
    Object literal may only specify known properties, and 'id' does not exist in type '{ email: string | SQL<unknown> | Placeholder<string, any>; password?: string | SQL<unknown> | Placeholder<string, any>; id?: string | SQL<unknown> | Placeholder<string, any>; ... 23 more ...; updated_at?: SQL<...> | ... 1 more ... | Placeholder<...>; }[]'.
app/api/collaboration/context/route.ts(82,9): error TS2367: This comparison appears to be unintentional because the types 'string' and 'number' have no overlap.
app/api/collaboration/context/route.ts(180,11): error TS2367: This comparison appears to be unintentional because the types 'string' and 'number' have no overlap.
app/api/collaboration/sessions/[id]/control/route.ts(169,13): error TS2367: This comparison appears to be unintentional because the types 'string' and 'number' have no overlap.
app/api/collaboration/sessions/[id]/control/route.ts(200,13): error TS2367: This comparison appears to be unintentional because the types 'string' and 'number' have no overlap.
app/api/collaboration/sessions/[id]/control/route.ts(229,13): error TS2367: This comparison appears to be unintentional because the types 'string' and 'number' have no overlap.
app/api/collaboration/sessions/[id]/control/route.ts(238,11): error TS2345: Argument of type 'number' is not assignable to parameter of type 'string'.
app/api/collaboration/sessions/[id]/control/route.ts(327,9): error TS2367: This comparison appears to be unintentional because the types 'string' and 'number' have no overlap.
app/api/collaboration/sessions/[id]/control/route.ts(335,21): error TS2367: This comparison appears to be unintentional because the types 'string' and 'number' have no overlap.
app/api/collaboration/sessions/[id]/messages/[messageId]/route.ts(51,11): error TS2367: This comparison appears to be unintentional because the types 'string' and 'number' have no overlap.
app/api/collaboration/sessions/[id]/messages/route.ts(67,9): error TS2367: This comparison appears to be unintentional because the types 'string' and 'number' have no overlap.
app/api/collaboration/sessions/[id]/messages/route.ts(102,31): error TS2339: Property 'full_name' does not exist on type '{ id: string; role?: string; username?: string; } & User'.
app/api/collaboration/sessions/[id]/messages/route.ts(193,9): error TS2367: This comparison appears to be unintentional because the types 'string' and 'number' have no overlap.
app/api/collaboration/sessions/[id]/route.ts(70,9): error TS2367: This comparison appears to be unintentional because the types 'string' and 'number' have no overlap.
app/api/collaboration/sessions/[id]/route.ts(168,9): error TS2367: This comparison appears to be unintentional because the types 'string' and 'number' have no overlap.
app/api/collaboration/sessions/[id]/route.ts(285,9): error TS2367: This comparison appears to be unintentional because the types 'string' and 'number' have no overlap.
app/api/competitive-intelligence/frameworks/route.ts(77,11): error TS2345: Argument of type '{ category?: string; description?: string; amount?: number; }[]' is not assignable to parameter of type '{ category: string; amount: number; description: string; }[]'.
  Type '{ category?: string; description?: string; amount?: number; }' is not assignable to type '{ category: string; amount: number; description: string; }'.
    Property 'category' is optional in type '{ category?: string; description?: string; amount?: number; }' but required in type '{ category: string; amount: number; description: string; }'.
app/api/competitors/[id]/enrich/route.ts(71,11): error TS2769: No overload matches this call.
  Overload 1 of 3, '(left: PgColumn<{ name: "id"; tableName: "competitor_profiles"; dataType: "string"; columnType: "PgText"; data: string; driverParam: string; notNull: true; hasDefault: true; isPrimaryKey: true; isAutoincrement: false; ... 4 more ...; generated: undefined; }, {}, {}>, right: string | SQLWrapper): SQL<...>', gave the following error.
    Argument of type 'number' is not assignable to parameter of type 'string | SQLWrapper'.
  Overload 2 of 3, '(left: Aliased<number>, right: number | SQLWrapper): SQL<unknown>', gave the following error.
    Argument of type 'PgColumn<{ name: "id"; tableName: "competitor_profiles"; dataType: "string"; columnType: "PgText"; data: string; driverParam: string; notNull: true; hasDefault: true; isPrimaryKey: true; isAutoincrement: false; ... 4 more ...; generated: undefined; }, {}, {}>' is not assignable to parameter of type 'Aliased<number>'.
      Type 'PgColumn<{ name: "id"; tableName: "competitor_profiles"; dataType: "string"; columnType: "PgText"; data: string; driverParam: string; notNull: true; hasDefault: true; isPrimaryKey: true; isAutoincrement: false; ... 4 more ...; generated: undefined; }, {}, {}>' is missing the following properties from type 'Aliased<number>': sql, fieldAlias
  Overload 3 of 3, '(left: never, right: unknown): SQL<unknown>', gave the following error.
    Argument of type 'PgColumn<{ name: "id"; tableName: "competitor_profiles"; dataType: "string"; columnType: "PgText"; data: string; driverParam: string; notNull: true; hasDefault: true; isPrimaryKey: true; isAutoincrement: false; ... 4 more ...; generated: undefined; }, {}, {}>' is not assignable to parameter of type 'never'.
app/api/competitors/[id]/enrich/route.ts(105,13): error TS2698: Spread types may only be created from object types.
app/api/competitors/[id]/enrich/route.ts(148,7): error TS2345: Argument of type '{ id: string; userId: string; name: string; domain: string; description: string; industry: string; headquarters: string; foundedYear: number; employeeCount: number; fundingAmount: number; fundingStage: FundingStage; ... 11 more ...; updatedAt: Date; }' is not assignable to parameter of type 'Partial<CompetitorProfile>'.
  Types of property 'id' are incompatible.
    Type 'string' is not assignable to type 'number'.
app/api/competitors/[id]/enrich/route.ts(176,9): error TS2698: Spread types may only be created from object types.
app/api/competitors/[id]/enrich/route.ts(240,11): error TS2769: No overload matches this call.
  Overload 1 of 3, '(left: PgColumn<{ name: "id"; tableName: "competitor_profiles"; dataType: "string"; columnType: "PgText"; data: string; driverParam: string; notNull: true; hasDefault: true; isPrimaryKey: true; isAutoincrement: false; ... 4 more ...; generated: undefined; }, {}, {}>, right: string | SQLWrapper): SQL<...>', gave the following error.
    Argument of type 'number' is not assignable to parameter of type 'string | SQLWrapper'.
  Overload 2 of 3, '(left: Aliased<number>, right: number | SQLWrapper): SQL<unknown>', gave the following error.
    Argument of type 'PgColumn<{ name: "id"; tableName: "competitor_profiles"; dataType: "string"; columnType: "PgText"; data: string; driverParam: string; notNull: true; hasDefault: true; isPrimaryKey: true; isAutoincrement: false; ... 4 more ...; generated: undefined; }, {}, {}>' is not assignable to parameter of type 'Aliased<number>'.
      Type 'PgColumn<{ name: "id"; tableName: "competitor_profiles"; dataType: "string"; columnType: "PgText"; data: string; driverParam: string; notNull: true; hasDefault: true; isPrimaryKey: true; isAutoincrement: false; ... 4 more ...; generated: undefined; }, {}, {}>' is missing the following properties from type 'Aliased<number>': sql, fieldAlias
  Overload 3 of 3, '(left: never, right: unknown): SQL<unknown>', gave the following error.
    Argument of type 'PgColumn<{ name: "id"; tableName: "competitor_profiles"; dataType: "string"; columnType: "PgText"; data: string; driverParam: string; notNull: true; hasDefault: true; isPrimaryKey: true; isAutoincrement: false; ... 4 more ...; generated: undefined; }, {}, {}>' is not assignable to parameter of type 'never'.
app/api/competitors/[id]/enrich/route.ts(325,11): error TS2769: No overload matches this call.
  Overload 1 of 3, '(left: PgColumn<{ name: "id"; tableName: "competitor_profiles"; dataType: "string"; columnType: "PgText"; data: string; driverParam: string; notNull: true; hasDefault: true; isPrimaryKey: true; isAutoincrement: false; ... 4 more ...; generated: undefined; }, {}, {}>, right: string | SQLWrapper): SQL<...>', gave the following error.
    Argument of type 'number' is not assignable to parameter of type 'string | SQLWrapper'.
  Overload 2 of 3, '(left: Aliased<number>, right: number | SQLWrapper): SQL<unknown>', gave the following error.
    Argument of type 'PgColumn<{ name: "id"; tableName: "competitor_profiles"; dataType: "string"; columnType: "PgText"; data: string; driverParam: string; notNull: true; hasDefault: true; isPrimaryKey: true; isAutoincrement: false; ... 4 more ...; generated: undefined; }, {}, {}>' is not assignable to parameter of type 'Aliased<number>'.
      Type 'PgColumn<{ name: "id"; tableName: "competitor_profiles"; dataType: "string"; columnType: "PgText"; data: string; driverParam: string; notNull: true; hasDefault: true; isPrimaryKey: true; isAutoincrement: false; ... 4 more ...; generated: undefined; }, {}, {}>' is missing the following properties from type 'Aliased<number>': sql, fieldAlias
  Overload 3 of 3, '(left: never, right: unknown): SQL<unknown>', gave the following error.
    Argument of type 'PgColumn<{ name: "id"; tableName: "competitor_profiles"; dataType: "string"; columnType: "PgText"; data: string; driverParam: string; notNull: true; hasDefault: true; isPrimaryKey: true; isAutoincrement: false; ... 4 more ...; generated: undefined; }, {}, {}>' is not assignable to parameter of type 'never'.
app/api/competitors/[id]/growth-analysis/route.ts(63,11): error TS2769: No overload matches this call.
  Overload 1 of 3, '(left: PgColumn<{ name: "id"; tableName: "competitor_profiles"; dataType: "string"; columnType: "PgText"; data: string; driverParam: string; notNull: true; hasDefault: true; isPrimaryKey: true; isAutoincrement: false; ... 4 more ...; generated: undefined; }, {}, {}>, right: string | SQLWrapper): SQL<...>', gave the following error.
    Argument of type 'number' is not assignable to parameter of type 'string | SQLWrapper'.
  Overload 2 of 3, '(left: Aliased<number>, right: number | SQLWrapper): SQL<unknown>', gave the following error.
    Argument of type 'PgColumn<{ name: "id"; tableName: "competitor_profiles"; dataType: "string"; columnType: "PgText"; data: string; driverParam: string; notNull: true; hasDefault: true; isPrimaryKey: true; isAutoincrement: false; ... 4 more ...; generated: undefined; }, {}, {}>' is not assignable to parameter of type 'Aliased<number>'.
      Type 'PgColumn<{ name: "id"; tableName: "competitor_profiles"; dataType: "string"; columnType: "PgText"; data: string; driverParam: string; notNull: true; hasDefault: true; isPrimaryKey: true; isAutoincrement: false; ... 4 more ...; generated: undefined; }, {}, {}>' is missing the following properties from type 'Aliased<number>': sql, fieldAlias
  Overload 3 of 3, '(left: never, right: unknown): SQL<unknown>', gave the following error.
    Argument of type 'PgColumn<{ name: "id"; tableName: "competitor_profiles"; dataType: "string"; columnType: "PgText"; data: string; driverParam: string; notNull: true; hasDefault: true; isPrimaryKey: true; isAutoincrement: false; ... 4 more ...; generated: undefined; }, {}, {}>' is not assignable to parameter of type 'never'.
app/api/competitors/[id]/growth-analysis/route.ts(79,11): error TS2769: No overload matches this call.
  Overload 1 of 3, '(left: PgColumn<{ name: "competitor_id"; tableName: "intelligence_data"; dataType: "string"; columnType: "PgText"; data: string; driverParam: string; notNull: true; hasDefault: false; isPrimaryKey: false; ... 5 more ...; generated: undefined; }, {}, {}>, right: string | SQLWrapper): SQL<...>', gave the following error.
    Argument of type 'number' is not assignable to parameter of type 'string | SQLWrapper'.
  Overload 2 of 3, '(left: Aliased<number>, right: number | SQLWrapper): SQL<unknown>', gave the following error.
    Argument of type 'PgColumn<{ name: "competitor_id"; tableName: "intelligence_data"; dataType: "string"; columnType: "PgText"; data: string; driverParam: string; notNull: true; hasDefault: false; isPrimaryKey: false; ... 5 more ...; generated: undefined; }, {}, {}>' is not assignable to parameter of type 'Aliased<number>'.
      Type 'PgColumn<{ name: "competitor_id"; tableName: "intelligence_data"; dataType: "string"; columnType: "PgText"; data: string; driverParam: string; notNull: true; hasDefault: false; isPrimaryKey: false; ... 5 more ...; generated: undefined; }, {}, {}>' is missing the following properties from type 'Aliased<number>': sql, fieldAlias
  Overload 3 of 3, '(left: never, right: unknown): SQL<unknown>', gave the following error.
    Argument of type 'PgColumn<{ name: "competitor_id"; tableName: "intelligence_data"; dataType: "string"; columnType: "PgText"; data: string; driverParam: string; notNull: true; hasDefault: false; isPrimaryKey: false; ... 5 more ...; generated: undefined; }, {}, {}>' is not assignable to parameter of type 'never'.
app/api/competitors/[id]/growth-analysis/route.ts(123,11): error TS2345: Argument of type '{ id: string; competitorId: string; userId: string; sourceType: any; sourceUrl: string; dataType: string; rawContent: unknown; extractedData: any; analysisResults: any[]; confidence: number; importance: any; ... 5 more ...; updatedAt: Date; }[]' is not assignable to parameter of type 'IntelligenceData[]'.
  Type '{ id: string; competitorId: string; userId: string; sourceType: any; sourceUrl: string; dataType: string; rawContent: unknown; extractedData: any; analysisResults: any[]; confidence: number; importance: any; ... 5 more ...; updatedAt: Date; }' is not assignable to type 'IntelligenceData'.
    Types of property 'id' are incompatible.
      Type 'string' is not assignable to type 'number'.
app/api/competitors/[id]/growth-analysis/route.ts(129,11): error TS2345: Argument of type '{ id: string; competitorId: string; userId: string; sourceType: any; sourceUrl: string; dataType: string; rawContent: unknown; extractedData: any; analysisResults: any[]; confidence: number; importance: any; ... 5 more ...; updatedAt: Date; }[]' is not assignable to parameter of type 'IntelligenceData[]'.
  Type '{ id: string; competitorId: string; userId: string; sourceType: any; sourceUrl: string; dataType: string; rawContent: unknown; extractedData: any; analysisResults: any[]; confidence: number; importance: any; ... 5 more ...; updatedAt: Date; }' is not assignable to type 'IntelligenceData'.
    Types of property 'id' are incompatible.
      Type 'string' is not assignable to type 'number'.
app/api/competitors/[id]/growth-analysis/route.ts(142,11): error TS2345: Argument of type '{ id: string; competitorId: string; userId: string; sourceType: any; sourceUrl: string; dataType: string; rawContent: unknown; extractedData: any; analysisResults: any[]; confidence: number; importance: any; ... 5 more ...; updatedAt: Date; }[]' is not assignable to parameter of type 'IntelligenceData[]'.
  Type '{ id: string; competitorId: string; userId: string; sourceType: any; sourceUrl: string; dataType: string; rawContent: unknown; extractedData: any; analysisResults: any[]; confidence: number; importance: any; ... 5 more ...; updatedAt: Date; }' is not assignable to type 'IntelligenceData'.
    Types of property 'id' are incompatible.
      Type 'string' is not assignable to type 'number'.
app/api/competitors/[id]/growth-analysis/route.ts(215,11): error TS2769: No overload matches this call.
  Overload 1 of 3, '(left: PgColumn<{ name: "id"; tableName: "competitor_profiles"; dataType: "string"; columnType: "PgText"; data: string; driverParam: string; notNull: true; hasDefault: true; isPrimaryKey: true; isAutoincrement: false; ... 4 more ...; generated: undefined; }, {}, {}>, right: string | SQLWrapper): SQL<...>', gave the following error.
    Argument of type 'number' is not assignable to parameter of type 'string | SQLWrapper'.
  Overload 2 of 3, '(left: Aliased<number>, right: number | SQLWrapper): SQL<unknown>', gave the following error.
    Argument of type 'PgColumn<{ name: "id"; tableName: "competitor_profiles"; dataType: "string"; columnType: "PgText"; data: string; driverParam: string; notNull: true; hasDefault: true; isPrimaryKey: true; isAutoincrement: false; ... 4 more ...; generated: undefined; }, {}, {}>' is not assignable to parameter of type 'Aliased<number>'.
      Type 'PgColumn<{ name: "id"; tableName: "competitor_profiles"; dataType: "string"; columnType: "PgText"; data: string; driverParam: string; notNull: true; hasDefault: true; isPrimaryKey: true; isAutoincrement: false; ... 4 more ...; generated: undefined; }, {}, {}>' is missing the following properties from type 'Aliased<number>': sql, fieldAlias
  Overload 3 of 3, '(left: never, right: unknown): SQL<unknown>', gave the following error.
    Argument of type 'PgColumn<{ name: "id"; tableName: "competitor_profiles"; dataType: "string"; columnType: "PgText"; data: string; driverParam: string; notNull: true; hasDefault: true; isPrimaryKey: true; isAutoincrement: false; ... 4 more ...; generated: undefined; }, {}, {}>' is not assignable to parameter of type 'never'.
app/api/competitors/[id]/growth-analysis/route.ts(230,11): error TS2769: No overload matches this call.
  Overload 1 of 3, '(left: PgColumn<{ name: "competitor_id"; tableName: "intelligence_data"; dataType: "string"; columnType: "PgText"; data: string; driverParam: string; notNull: true; hasDefault: false; isPrimaryKey: false; ... 5 more ...; generated: undefined; }, {}, {}>, right: string | SQLWrapper): SQL<...>', gave the following error.
    Argument of type 'number' is not assignable to parameter of type 'string | SQLWrapper'.
  Overload 2 of 3, '(left: Aliased<number>, right: number | SQLWrapper): SQL<unknown>', gave the following error.
    Argument of type 'PgColumn<{ name: "competitor_id"; tableName: "intelligence_data"; dataType: "string"; columnType: "PgText"; data: string; driverParam: string; notNull: true; hasDefault: false; isPrimaryKey: false; ... 5 more ...; generated: undefined; }, {}, {}>' is not assignable to parameter of type 'Aliased<number>'.
      Type 'PgColumn<{ name: "competitor_id"; tableName: "intelligence_data"; dataType: "string"; columnType: "PgText"; data: string; driverParam: string; notNull: true; hasDefault: false; isPrimaryKey: false; ... 5 more ...; generated: undefined; }, {}, {}>' is missing the following properties from type 'Aliased<number>': sql, fieldAlias
  Overload 3 of 3, '(left: never, right: unknown): SQL<unknown>', gave the following error.
    Argument of type 'PgColumn<{ name: "competitor_id"; tableName: "intelligence_data"; dataType: "string"; columnType: "PgText"; data: string; driverParam: string; notNull: true; hasDefault: false; isPrimaryKey: false; ... 5 more ...; generated: undefined; }, {}, {}>' is not assignable to parameter of type 'never'.
app/api/competitors/[id]/growth-analysis/route.ts(263,9): error TS2345: Argument of type '{ id: string; competitorId: string; userId: string; sourceType: SourceType; sourceUrl: string; dataType: string; rawContent: unknown; extractedData: ExtractedData; analysisResults: AnalysisResult[]; ... 6 more ...; updatedAt: Date; }[]' is not assignable to parameter of type 'IntelligenceData[]'.
  Type '{ id: string; competitorId: string; userId: string; sourceType: SourceType; sourceUrl: string; dataType: string; rawContent: unknown; extractedData: ExtractedData; analysisResults: AnalysisResult[]; ... 6 more ...; updatedAt: Date; }' is not assignable to type 'IntelligenceData'.
    Types of property 'id' are incompatible.
      Type 'string' is not assignable to type 'number'.
app/api/competitors/[id]/growth-analysis/route.ts(277,9): error TS2345: Argument of type '{ id: string; competitorId: string; userId: string; sourceType: SourceType; sourceUrl: string; dataType: string; rawContent: unknown; extractedData: ExtractedData; analysisResults: AnalysisResult[]; ... 6 more ...; updatedAt: Date; }[]' is not assignable to parameter of type 'IntelligenceData[]'.
  Type '{ id: string; competitorId: string; userId: string; sourceType: SourceType; sourceUrl: string; dataType: string; rawContent: unknown; extractedData: ExtractedData; analysisResults: AnalysisResult[]; ... 6 more ...; updatedAt: Date; }' is not assignable to type 'IntelligenceData'.
    Types of property 'id' are incompatible.
      Type 'string' is not assignable to type 'number'.
app/api/competitors/[id]/intelligence/route.ts(60,11): error TS2769: No overload matches this call.
  Overload 1 of 3, '(left: PgColumn<{ name: "id"; tableName: "competitor_profiles"; dataType: "string"; columnType: "PgText"; data: string; driverParam: string; notNull: true; hasDefault: true; isPrimaryKey: true; isAutoincrement: false; ... 4 more ...; generated: undefined; }, {}, {}>, right: string | SQLWrapper): SQL<...>', gave the following error.
    Argument of type 'number' is not assignable to parameter of type 'string | SQLWrapper'.
  Overload 2 of 3, '(left: Aliased<number>, right: number | SQLWrapper): SQL<unknown>', gave the following error.
    Argument of type 'PgColumn<{ name: "id"; tableName: "competitor_profiles"; dataType: "string"; columnType: "PgText"; data: string; driverParam: string; notNull: true; hasDefault: true; isPrimaryKey: true; isAutoincrement: false; ... 4 more ...; generated: undefined; }, {}, {}>' is not assignable to parameter of type 'Aliased<number>'.
      Type 'PgColumn<{ name: "id"; tableName: "competitor_profiles"; dataType: "string"; columnType: "PgText"; data: string; driverParam: string; notNull: true; hasDefault: true; isPrimaryKey: true; isAutoincrement: false; ... 4 more ...; generated: undefined; }, {}, {}>' is missing the following properties from type 'Aliased<number>': sql, fieldAlias
  Overload 3 of 3, '(left: never, right: unknown): SQL<unknown>', gave the following error.
    Argument of type 'PgColumn<{ name: "id"; tableName: "competitor_profiles"; dataType: "string"; columnType: "PgText"; data: string; driverParam: string; notNull: true; hasDefault: true; isPrimaryKey: true; isAutoincrement: false; ... 4 more ...; generated: undefined; }, {}, {}>' is not assignable to parameter of type 'never'.
app/api/competitors/[id]/intelligence/route.ts(114,7): error TS2769: No overload matches this call.
  Overload 1 of 3, '(left: PgColumn<{ name: "competitor_id"; tableName: "intelligence_data"; dataType: "string"; columnType: "PgText"; data: string; driverParam: string; notNull: true; hasDefault: false; isPrimaryKey: false; ... 5 more ...; generated: undefined; }, {}, {}>, right: string | SQLWrapper): SQL<...>', gave the following error.
    Argument of type 'number' is not assignable to parameter of type 'string | SQLWrapper'.
  Overload 2 of 3, '(left: Aliased<number>, right: number | SQLWrapper): SQL<unknown>', gave the following error.
    Argument of type 'PgColumn<{ name: "competitor_id"; tableName: "intelligence_data"; dataType: "string"; columnType: "PgText"; data: string; driverParam: string; notNull: true; hasDefault: false; isPrimaryKey: false; ... 5 more ...; generated: undefined; }, {}, {}>' is not assignable to parameter of type 'Aliased<number>'.
      Type 'PgColumn<{ name: "competitor_id"; tableName: "intelligence_data"; dataType: "string"; columnType: "PgText"; data: string; driverParam: string; notNull: true; hasDefault: false; isPrimaryKey: false; ... 5 more ...; generated: undefined; }, {}, {}>' is missing the following properties from type 'Aliased<number>': sql, fieldAlias
  Overload 3 of 3, '(left: never, right: unknown): SQL<unknown>', gave the following error.
    Argument of type 'PgColumn<{ name: "competitor_id"; tableName: "intelligence_data"; dataType: "string"; columnType: "PgText"; data: string; driverParam: string; notNull: true; hasDefault: false; isPrimaryKey: false; ... 5 more ...; generated: undefined; }, {}, {}>' is not assignable to parameter of type 'never'.
app/api/competitors/[id]/intelligence/route.ts(211,11): error TS2769: No overload matches this call.
  Overload 1 of 3, '(left: PgColumn<{ name: "competitor_id"; tableName: "intelligence_data"; dataType: "string"; columnType: "PgText"; data: string; driverParam: string; notNull: true; hasDefault: false; isPrimaryKey: false; ... 5 more ...; generated: undefined; }, {}, {}>, right: string | SQLWrapper): SQL<...>', gave the following error.
    Argument of type 'number' is not assignable to parameter of type 'string | SQLWrapper'.
  Overload 2 of 3, '(left: Aliased<number>, right: number | SQLWrapper): SQL<unknown>', gave the following error.
    Argument of type 'PgColumn<{ name: "competitor_id"; tableName: "intelligence_data"; dataType: "string"; columnType: "PgText"; data: string; driverParam: string; notNull: true; hasDefault: false; isPrimaryKey: false; ... 5 more ...; generated: undefined; }, {}, {}>' is not assignable to parameter of type 'Aliased<number>'.
      Type 'PgColumn<{ name: "competitor_id"; tableName: "intelligence_data"; dataType: "string"; columnType: "PgText"; data: string; driverParam: string; notNull: true; hasDefault: false; isPrimaryKey: false; ... 5 more ...; generated: undefined; }, {}, {}>' is missing the following properties from type 'Aliased<number>': sql, fieldAlias
  Overload 3 of 3, '(left: never, right: unknown): SQL<unknown>', gave the following error.
    Argument of type 'PgColumn<{ name: "competitor_id"; tableName: "intelligence_data"; dataType: "string"; columnType: "PgText"; data: string; driverParam: string; notNull: true; hasDefault: false; isPrimaryKey: false; ... 5 more ...; generated: undefined; }, {}, {}>' is not assignable to parameter of type 'never'.
app/api/competitors/[id]/social-media/analysis/route.ts(73,11): error TS2769: No overload matches this call.
  Overload 1 of 3, '(left: PgColumn<{ name: "id"; tableName: "competitor_profiles"; dataType: "string"; columnType: "PgText"; data: string; driverParam: string; notNull: true; hasDefault: true; isPrimaryKey: true; isAutoincrement: false; ... 4 more ...; generated: undefined; }, {}, {}>, right: string | SQLWrapper): SQL<...>', gave the following error.
    Argument of type 'number' is not assignable to parameter of type 'string | SQLWrapper'.
  Overload 2 of 3, '(left: Aliased<number>, right: number | SQLWrapper): SQL<unknown>', gave the following error.
    Argument of type 'PgColumn<{ name: "id"; tableName: "competitor_profiles"; dataType: "string"; columnType: "PgText"; data: string; driverParam: string; notNull: true; hasDefault: true; isPrimaryKey: true; isAutoincrement: false; ... 4 more ...; generated: undefined; }, {}, {}>' is not assignable to parameter of type 'Aliased<number>'.
      Type 'PgColumn<{ name: "id"; tableName: "competitor_profiles"; dataType: "string"; columnType: "PgText"; data: string; driverParam: string; notNull: true; hasDefault: true; isPrimaryKey: true; isAutoincrement: false; ... 4 more ...; generated: undefined; }, {}, {}>' is missing the following properties from type 'Aliased<number>': sql, fieldAlias
  Overload 3 of 3, '(left: never, right: unknown): SQL<unknown>', gave the following error.
    Argument of type 'PgColumn<{ name: "id"; tableName: "competitor_profiles"; dataType: "string"; columnType: "PgText"; data: string; driverParam: string; notNull: true; hasDefault: true; isPrimaryKey: true; isAutoincrement: false; ... 4 more ...; generated: undefined; }, {}, {}>' is not assignable to parameter of type 'never'.
app/api/competitors/[id]/social-media/analysis/route.ts(92,7): error TS2769: No overload matches this call.
  Overload 1 of 3, '(left: PgColumn<{ name: "competitor_id"; tableName: "intelligence_data"; dataType: "string"; columnType: "PgText"; data: string; driverParam: string; notNull: true; hasDefault: false; isPrimaryKey: false; ... 5 more ...; generated: undefined; }, {}, {}>, right: string | SQLWrapper): SQL<...>', gave the following error.
    Argument of type 'number' is not assignable to parameter of type 'string | SQLWrapper'.
  Overload 2 of 3, '(left: Aliased<number>, right: number | SQLWrapper): SQL<unknown>', gave the following error.
    Argument of type 'PgColumn<{ name: "competitor_id"; tableName: "intelligence_data"; dataType: "string"; columnType: "PgText"; data: string; driverParam: string; notNull: true; hasDefault: false; isPrimaryKey: false; ... 5 more ...; generated: undefined; }, {}, {}>' is not assignable to parameter of type 'Aliased<number>'.
      Type 'PgColumn<{ name: "competitor_id"; tableName: "intelligence_data"; dataType: "string"; columnType: "PgText"; data: string; driverParam: string; notNull: true; hasDefault: false; isPrimaryKey: false; ... 5 more ...; generated: undefined; }, {}, {}>' is missing the following properties from type 'Aliased<number>': sql, fieldAlias
  Overload 3 of 3, '(left: never, right: unknown): SQL<unknown>', gave the following error.
    Argument of type 'PgColumn<{ name: "competitor_id"; tableName: "intelligence_data"; dataType: "string"; columnType: "PgText"; data: string; driverParam: string; notNull: true; hasDefault: false; isPrimaryKey: false; ... 5 more ...; generated: undefined; }, {}, {}>' is not assignable to parameter of type 'never'.
app/api/competitors/[id]/social-media/insights/route.ts(74,11): error TS2769: No overload matches this call.
  Overload 1 of 3, '(left: PgColumn<{ name: "id"; tableName: "competitor_profiles"; dataType: "string"; columnType: "PgText"; data: string; driverParam: string; notNull: true; hasDefault: true; isPrimaryKey: true; isAutoincrement: false; ... 4 more ...; generated: undefined; }, {}, {}>, right: string | SQLWrapper): SQL<...>', gave the following error.
    Argument of type 'number' is not assignable to parameter of type 'string | SQLWrapper'.
  Overload 2 of 3, '(left: Aliased<number>, right: number | SQLWrapper): SQL<unknown>', gave the following error.
    Argument of type 'PgColumn<{ name: "id"; tableName: "competitor_profiles"; dataType: "string"; columnType: "PgText"; data: string; driverParam: string; notNull: true; hasDefault: true; isPrimaryKey: true; isAutoincrement: false; ... 4 more ...; generated: undefined; }, {}, {}>' is not assignable to parameter of type 'Aliased<number>'.
      Type 'PgColumn<{ name: "id"; tableName: "competitor_profiles"; dataType: "string"; columnType: "PgText"; data: string; driverParam: string; notNull: true; hasDefault: true; isPrimaryKey: true; isAutoincrement: false; ... 4 more ...; generated: undefined; }, {}, {}>' is missing the following properties from type 'Aliased<number>': sql, fieldAlias
  Overload 3 of 3, '(left: never, right: unknown): SQL<unknown>', gave the following error.
    Argument of type 'PgColumn<{ name: "id"; tableName: "competitor_profiles"; dataType: "string"; columnType: "PgText"; data: string; driverParam: string; notNull: true; hasDefault: true; isPrimaryKey: true; isAutoincrement: false; ... 4 more ...; generated: undefined; }, {}, {}>' is not assignable to parameter of type 'never'.
app/api/competitors/[id]/social-media/route.ts(74,11): error TS2769: No overload matches this call.
  Overload 1 of 3, '(left: PgColumn<{ name: "id"; tableName: "competitor_profiles"; dataType: "string"; columnType: "PgText"; data: string; driverParam: string; notNull: true; hasDefault: true; isPrimaryKey: true; isAutoincrement: false; ... 4 more ...; generated: undefined; }, {}, {}>, right: string | SQLWrapper): SQL<...>', gave the following error.
    Argument of type 'number' is not assignable to parameter of type 'string | SQLWrapper'.
  Overload 2 of 3, '(left: Aliased<number>, right: number | SQLWrapper): SQL<unknown>', gave the following error.
    Argument of type 'PgColumn<{ name: "id"; tableName: "competitor_profiles"; dataType: "string"; columnType: "PgText"; data: string; driverParam: string; notNull: true; hasDefault: true; isPrimaryKey: true; isAutoincrement: false; ... 4 more ...; generated: undefined; }, {}, {}>' is not assignable to parameter of type 'Aliased<number>'.
      Type 'PgColumn<{ name: "id"; tableName: "competitor_profiles"; dataType: "string"; columnType: "PgText"; data: string; driverParam: string; notNull: true; hasDefault: true; isPrimaryKey: true; isAutoincrement: false; ... 4 more ...; generated: undefined; }, {}, {}>' is missing the following properties from type 'Aliased<number>': sql, fieldAlias
  Overload 3 of 3, '(left: never, right: unknown): SQL<unknown>', gave the following error.
    Argument of type 'PgColumn<{ name: "id"; tableName: "competitor_profiles"; dataType: "string"; columnType: "PgText"; data: string; driverParam: string; notNull: true; hasDefault: true; isPrimaryKey: true; isAutoincrement: false; ... 4 more ...; generated: undefined; }, {}, {}>' is not assignable to parameter of type 'never'.
app/api/competitors/[id]/social-media/route.ts(75,11): error TS2769: No overload matches this call.
  Overload 1 of 3, '(left: PgColumn<{ name: "user_id"; tableName: "competitor_profiles"; dataType: "string"; columnType: "PgText"; data: string; driverParam: string; notNull: true; hasDefault: false; isPrimaryKey: false; ... 5 more ...; generated: undefined; }, {}, {}>, right: string | SQLWrapper): SQL<...>', gave the following error.
    Argument of type 'number' is not assignable to parameter of type 'string | SQLWrapper'.
  Overload 2 of 3, '(left: Aliased<number>, right: number | SQLWrapper): SQL<unknown>', gave the following error.
    Argument of type 'PgColumn<{ name: "user_id"; tableName: "competitor_profiles"; dataType: "string"; columnType: "PgText"; data: string; driverParam: string; notNull: true; hasDefault: false; isPrimaryKey: false; isAutoincrement: false; ... 4 more ...; generated: undefined; }, {}, {}>' is not assignable to parameter of type 'Aliased<number>'.
      Type 'PgColumn<{ name: "user_id"; tableName: "competitor_profiles"; dataType: "string"; columnType: "PgText"; data: string; driverParam: string; notNull: true; hasDefault: false; isPrimaryKey: false; isAutoincrement: false; ... 4 more ...; generated: undefined; }, {}, {}>' is missing the following properties from type 'Aliased<number>': sql, fieldAlias
  Overload 3 of 3, '(left: never, right: unknown): SQL<unknown>', gave the following error.
    Argument of type 'PgColumn<{ name: "user_id"; tableName: "competitor_profiles"; dataType: "string"; columnType: "PgText"; data: string; driverParam: string; notNull: true; hasDefault: false; isPrimaryKey: false; isAutoincrement: false; ... 4 more ...; generated: undefined; }, {}, {}>' is not assignable to parameter of type 'never'.
app/api/competitors/[id]/social-media/route.ts(89,7): error TS2769: No overload matches this call.
  Overload 1 of 3, '(left: PgColumn<{ name: "competitor_id"; tableName: "intelligence_data"; dataType: "string"; columnType: "PgText"; data: string; driverParam: string; notNull: true; hasDefault: false; isPrimaryKey: false; ... 5 more ...; generated: undefined; }, {}, {}>, right: string | SQLWrapper): SQL<...>', gave the following error.
    Argument of type 'number' is not assignable to parameter of type 'string | SQLWrapper'.
  Overload 2 of 3, '(left: Aliased<number>, right: number | SQLWrapper): SQL<unknown>', gave the following error.
    Argument of type 'PgColumn<{ name: "competitor_id"; tableName: "intelligence_data"; dataType: "string"; columnType: "PgText"; data: string; driverParam: string; notNull: true; hasDefault: false; isPrimaryKey: false; ... 5 more ...; generated: undefined; }, {}, {}>' is not assignable to parameter of type 'Aliased<number>'.
      Type 'PgColumn<{ name: "competitor_id"; tableName: "intelligence_data"; dataType: "string"; columnType: "PgText"; data: string; driverParam: string; notNull: true; hasDefault: false; isPrimaryKey: false; ... 5 more ...; generated: undefined; }, {}, {}>' is missing the following properties from type 'Aliased<number>': sql, fieldAlias
  Overload 3 of 3, '(left: never, right: unknown): SQL<unknown>', gave the following error.
    Argument of type 'PgColumn<{ name: "competitor_id"; tableName: "intelligence_data"; dataType: "string"; columnType: "PgText"; data: string; driverParam: string; notNull: true; hasDefault: false; isPrimaryKey: false; ... 5 more ...; generated: undefined; }, {}, {}>' is not assignable to parameter of type 'never'.
app/api/competitors/[id]/social-media/route.ts(90,7): error TS2769: No overload matches this call.
  Overload 1 of 3, '(left: PgColumn<{ name: "user_id"; tableName: "intelligence_data"; dataType: "string"; columnType: "PgText"; data: string; driverParam: string; notNull: true; hasDefault: false; isPrimaryKey: false; isAutoincrement: false; ... 4 more ...; generated: undefined; }, {}, {}>, right: string | SQLWrapper): SQL<...>', gave the following error.
    Argument of type 'number' is not assignable to parameter of type 'string | SQLWrapper'.
  Overload 2 of 3, '(left: Aliased<number>, right: number | SQLWrapper): SQL<unknown>', gave the following error.
    Argument of type 'PgColumn<{ name: "user_id"; tableName: "intelligence_data"; dataType: "string"; columnType: "PgText"; data: string; driverParam: string; notNull: true; hasDefault: false; isPrimaryKey: false; isAutoincrement: false; ... 4 more ...; generated: undefined; }, {}, {}>' is not assignable to parameter of type 'Aliased<number>'.
      Type 'PgColumn<{ name: "user_id"; tableName: "intelligence_data"; dataType: "string"; columnType: "PgText"; data: string; driverParam: string; notNull: true; hasDefault: false; isPrimaryKey: false; isAutoincrement: false; ... 4 more ...; generated: undefined; }, {}, {}>' is missing the following properties from type 'Aliased<number>': sql, fieldAlias
  Overload 3 of 3, '(left: never, right: unknown): SQL<unknown>', gave the following error.
    Argument of type 'PgColumn<{ name: "user_id"; tableName: "intelligence_data"; dataType: "string"; columnType: "PgText"; data: string; driverParam: string; notNull: true; hasDefault: false; isPrimaryKey: false; isAutoincrement: false; ... 4 more ...; generated: undefined; }, {}, {}>' is not assignable to parameter of type 'never'.
app/api/competitors/[id]/social-media/route.ts(206,11): error TS2769: No overload matches this call.
  Overload 1 of 3, '(left: PgColumn<{ name: "id"; tableName: "competitor_profiles"; dataType: "string"; columnType: "PgText"; data: string; driverParam: string; notNull: true; hasDefault: true; isPrimaryKey: true; isAutoincrement: false; ... 4 more ...; generated: undefined; }, {}, {}>, right: string | SQLWrapper): SQL<...>', gave the following error.
    Argument of type 'number' is not assignable to parameter of type 'string | SQLWrapper'.
  Overload 2 of 3, '(left: Aliased<number>, right: number | SQLWrapper): SQL<unknown>', gave the following error.
    Argument of type 'PgColumn<{ name: "id"; tableName: "competitor_profiles"; dataType: "string"; columnType: "PgText"; data: string; driverParam: string; notNull: true; hasDefault: true; isPrimaryKey: true; isAutoincrement: false; ... 4 more ...; generated: undefined; }, {}, {}>' is not assignable to parameter of type 'Aliased<number>'.
      Type 'PgColumn<{ name: "id"; tableName: "competitor_profiles"; dataType: "string"; columnType: "PgText"; data: string; driverParam: string; notNull: true; hasDefault: true; isPrimaryKey: true; isAutoincrement: false; ... 4 more ...; generated: undefined; }, {}, {}>' is missing the following properties from type 'Aliased<number>': sql, fieldAlias
  Overload 3 of 3, '(left: never, right: unknown): SQL<unknown>', gave the following error.
    Argument of type 'PgColumn<{ name: "id"; tableName: "competitor_profiles"; dataType: "string"; columnType: "PgText"; data: string; driverParam: string; notNull: true; hasDefault: true; isPrimaryKey: true; isAutoincrement: false; ... 4 more ...; generated: undefined; }, {}, {}>' is not assignable to parameter of type 'never'.
app/api/competitors/[id]/social-media/route.ts(207,11): error TS2769: No overload matches this call.
  Overload 1 of 3, '(left: PgColumn<{ name: "user_id"; tableName: "competitor_profiles"; dataType: "string"; columnType: "PgText"; data: string; driverParam: string; notNull: true; hasDefault: false; isPrimaryKey: false; ... 5 more ...; generated: undefined; }, {}, {}>, right: string | SQLWrapper): SQL<...>', gave the following error.
    Argument of type 'number' is not assignable to parameter of type 'string | SQLWrapper'.
  Overload 2 of 3, '(left: Aliased<number>, right: number | SQLWrapper): SQL<unknown>', gave the following error.
    Argument of type 'PgColumn<{ name: "user_id"; tableName: "competitor_profiles"; dataType: "string"; columnType: "PgText"; data: string; driverParam: string; notNull: true; hasDefault: false; isPrimaryKey: false; isAutoincrement: false; ... 4 more ...; generated: undefined; }, {}, {}>' is not assignable to parameter of type 'Aliased<number>'.
      Type 'PgColumn<{ name: "user_id"; tableName: "competitor_profiles"; dataType: "string"; columnType: "PgText"; data: string; driverParam: string; notNull: true; hasDefault: false; isPrimaryKey: false; isAutoincrement: false; ... 4 more ...; generated: undefined; }, {}, {}>' is missing the following properties from type 'Aliased<number>': sql, fieldAlias
  Overload 3 of 3, '(left: never, right: unknown): SQL<unknown>', gave the following error.
    Argument of type 'PgColumn<{ name: "user_id"; tableName: "competitor_profiles"; dataType: "string"; columnType: "PgText"; data: string; driverParam: string; notNull: true; hasDefault: false; isPrimaryKey: false; isAutoincrement: false; ... 4 more ...; generated: undefined; }, {}, {}>' is not assignable to parameter of type 'never'.
app/api/competitors/[id]/social-media/route.ts(271,51): error TS2554: Expected 2 arguments, but got 1.
app/api/competitors/[id]/social-media/route.ts(296,14): error TS2769: No overload matches this call.
  Overload 1 of 3, '(left: PgColumn<{ name: "id"; tableName: "competitor_profiles"; dataType: "string"; columnType: "PgText"; data: string; driverParam: string; notNull: true; hasDefault: true; isPrimaryKey: true; isAutoincrement: false; ... 4 more ...; generated: undefined; }, {}, {}>, right: string | SQLWrapper): SQL<...>', gave the following error.
    Argument of type 'number' is not assignable to parameter of type 'string | SQLWrapper'.
  Overload 2 of 3, '(left: Aliased<number>, right: number | SQLWrapper): SQL<unknown>', gave the following error.
    Argument of type 'PgColumn<{ name: "id"; tableName: "competitor_profiles"; dataType: "string"; columnType: "PgText"; data: string; driverParam: string; notNull: true; hasDefault: true; isPrimaryKey: true; isAutoincrement: false; ... 4 more ...; generated: undefined; }, {}, {}>' is not assignable to parameter of type 'Aliased<number>'.
      Type 'PgColumn<{ name: "id"; tableName: "competitor_profiles"; dataType: "string"; columnType: "PgText"; data: string; driverParam: string; notNull: true; hasDefault: true; isPrimaryKey: true; isAutoincrement: false; ... 4 more ...; generated: undefined; }, {}, {}>' is missing the following properties from type 'Aliased<number>': sql, fieldAlias
  Overload 3 of 3, '(left: never, right: unknown): SQL<unknown>', gave the following error.
    Argument of type 'PgColumn<{ name: "id"; tableName: "competitor_profiles"; dataType: "string"; columnType: "PgText"; data: string; driverParam: string; notNull: true; hasDefault: true; isPrimaryKey: true; isAutoincrement: false; ... 4 more ...; generated: undefined; }, {}, {}>' is not assignable to parameter of type 'never'.
app/api/competitors/[id]/social-media/schedule/route.ts(67,11): error TS2769: No overload matches this call.
  Overload 1 of 3, '(left: PgColumn<{ name: "id"; tableName: "competitor_profiles"; dataType: "string"; columnType: "PgText"; data: string; driverParam: string; notNull: true; hasDefault: true; isPrimaryKey: true; isAutoincrement: false; ... 4 more ...; generated: undefined; }, {}, {}>, right: string | SQLWrapper): SQL<...>', gave the following error.
    Argument of type 'number' is not assignable to parameter of type 'string | SQLWrapper'.
  Overload 2 of 3, '(left: Aliased<number>, right: number | SQLWrapper): SQL<unknown>', gave the following error.
    Argument of type 'PgColumn<{ name: "id"; tableName: "competitor_profiles"; dataType: "string"; columnType: "PgText"; data: string; driverParam: string; notNull: true; hasDefault: true; isPrimaryKey: true; isAutoincrement: false; ... 4 more ...; generated: undefined; }, {}, {}>' is not assignable to parameter of type 'Aliased<number>'.
      Type 'PgColumn<{ name: "id"; tableName: "competitor_profiles"; dataType: "string"; columnType: "PgText"; data: string; driverParam: string; notNull: true; hasDefault: true; isPrimaryKey: true; isAutoincrement: false; ... 4 more ...; generated: undefined; }, {}, {}>' is missing the following properties from type 'Aliased<number>': sql, fieldAlias
  Overload 3 of 3, '(left: never, right: unknown): SQL<unknown>', gave the following error.
    Argument of type 'PgColumn<{ name: "id"; tableName: "competitor_profiles"; dataType: "string"; columnType: "PgText"; data: string; driverParam: string; notNull: true; hasDefault: true; isPrimaryKey: true; isAutoincrement: false; ... 4 more ...; generated: undefined; }, {}, {}>' is not assignable to parameter of type 'never'.
app/api/competitors/[id]/social-media/schedule/route.ts(157,11): error TS2769: No overload matches this call.
  Overload 1 of 3, '(left: PgColumn<{ name: "id"; tableName: "competitor_profiles"; dataType: "string"; columnType: "PgText"; data: string; driverParam: string; notNull: true; hasDefault: true; isPrimaryKey: true; isAutoincrement: false; ... 4 more ...; generated: undefined; }, {}, {}>, right: string | SQLWrapper): SQL<...>', gave the following error.
    Argument of type 'number' is not assignable to parameter of type 'string | SQLWrapper'.
  Overload 2 of 3, '(left: Aliased<number>, right: number | SQLWrapper): SQL<unknown>', gave the following error.
    Argument of type 'PgColumn<{ name: "id"; tableName: "competitor_profiles"; dataType: "string"; columnType: "PgText"; data: string; driverParam: string; notNull: true; hasDefault: true; isPrimaryKey: true; isAutoincrement: false; ... 4 more ...; generated: undefined; }, {}, {}>' is not assignable to parameter of type 'Aliased<number>'.
      Type 'PgColumn<{ name: "id"; tableName: "competitor_profiles"; dataType: "string"; columnType: "PgText"; data: string; driverParam: string; notNull: true; hasDefault: true; isPrimaryKey: true; isAutoincrement: false; ... 4 more ...; generated: undefined; }, {}, {}>' is missing the following properties from type 'Aliased<number>': sql, fieldAlias
  Overload 3 of 3, '(left: never, right: unknown): SQL<unknown>', gave the following error.
    Argument of type 'PgColumn<{ name: "id"; tableName: "competitor_profiles"; dataType: "string"; columnType: "PgText"; data: string; driverParam: string; notNull: true; hasDefault: true; isPrimaryKey: true; isAutoincrement: false; ... 4 more ...; generated: undefined; }, {}, {}>' is not assignable to parameter of type 'never'.
app/api/competitors/[id]/social-media/schedule/route.ts(213,14): error TS2769: No overload matches this call.
  Overload 1 of 3, '(left: PgColumn<{ name: "id"; tableName: "competitor_profiles"; dataType: "string"; columnType: "PgText"; data: string; driverParam: string; notNull: true; hasDefault: true; isPrimaryKey: true; isAutoincrement: false; ... 4 more ...; generated: undefined; }, {}, {}>, right: string | SQLWrapper): SQL<...>', gave the following error.
    Argument of type 'number' is not assignable to parameter of type 'string | SQLWrapper'.
  Overload 2 of 3, '(left: Aliased<number>, right: number | SQLWrapper): SQL<unknown>', gave the following error.
    Argument of type 'PgColumn<{ name: "id"; tableName: "competitor_profiles"; dataType: "string"; columnType: "PgText"; data: string; driverParam: string; notNull: true; hasDefault: true; isPrimaryKey: true; isAutoincrement: false; ... 4 more ...; generated: undefined; }, {}, {}>' is not assignable to parameter of type 'Aliased<number>'.
      Type 'PgColumn<{ name: "id"; tableName: "competitor_profiles"; dataType: "string"; columnType: "PgText"; data: string; driverParam: string; notNull: true; hasDefault: true; isPrimaryKey: true; isAutoincrement: false; ... 4 more ...; generated: undefined; }, {}, {}>' is missing the following properties from type 'Aliased<number>': sql, fieldAlias
  Overload 3 of 3, '(left: never, right: unknown): SQL<unknown>', gave the following error.
    Argument of type 'PgColumn<{ name: "id"; tableName: "competitor_profiles"; dataType: "string"; columnType: "PgText"; data: string; driverParam: string; notNull: true; hasDefault: true; isPrimaryKey: true; isAutoincrement: false; ... 4 more ...; generated: undefined; }, {}, {}>' is not assignable to parameter of type 'never'.
app/api/competitors/[id]/social-media/schedule/route.ts(295,11): error TS2769: No overload matches this call.
  Overload 1 of 3, '(left: PgColumn<{ name: "id"; tableName: "competitor_profiles"; dataType: "string"; columnType: "PgText"; data: string; driverParam: string; notNull: true; hasDefault: true; isPrimaryKey: true; isAutoincrement: false; ... 4 more ...; generated: undefined; }, {}, {}>, right: string | SQLWrapper): SQL<...>', gave the following error.
    Argument of type 'number' is not assignable to parameter of type 'string | SQLWrapper'.
  Overload 2 of 3, '(left: Aliased<number>, right: number | SQLWrapper): SQL<unknown>', gave the following error.
    Argument of type 'PgColumn<{ name: "id"; tableName: "competitor_profiles"; dataType: "string"; columnType: "PgText"; data: string; driverParam: string; notNull: true; hasDefault: true; isPrimaryKey: true; isAutoincrement: false; ... 4 more ...; generated: undefined; }, {}, {}>' is not assignable to parameter of type 'Aliased<number>'.
      Type 'PgColumn<{ name: "id"; tableName: "competitor_profiles"; dataType: "string"; columnType: "PgText"; data: string; driverParam: string; notNull: true; hasDefault: true; isPrimaryKey: true; isAutoincrement: false; ... 4 more ...; generated: undefined; }, {}, {}>' is missing the following properties from type 'Aliased<number>': sql, fieldAlias
  Overload 3 of 3, '(left: never, right: unknown): SQL<unknown>', gave the following error.
    Argument of type 'PgColumn<{ name: "id"; tableName: "competitor_profiles"; dataType: "string"; columnType: "PgText"; data: string; driverParam: string; notNull: true; hasDefault: true; isPrimaryKey: true; isAutoincrement: false; ... 4 more ...; generated: undefined; }, {}, {}>' is not assignable to parameter of type 'never'.
app/api/competitors/[id]/social-media/schedule/route.ts(323,16): error TS2769: No overload matches this call.
  Overload 1 of 3, '(left: PgColumn<{ name: "id"; tableName: "competitor_profiles"; dataType: "string"; columnType: "PgText"; data: string; driverParam: string; notNull: true; hasDefault: true; isPrimaryKey: true; isAutoincrement: false; ... 4 more ...; generated: undefined; }, {}, {}>, right: string | SQLWrapper): SQL<...>', gave the following error.
    Argument of type 'number' is not assignable to parameter of type 'string | SQLWrapper'.
  Overload 2 of 3, '(left: Aliased<number>, right: number | SQLWrapper): SQL<unknown>', gave the following error.
    Argument of type 'PgColumn<{ name: "id"; tableName: "competitor_profiles"; dataType: "string"; columnType: "PgText"; data: string; driverParam: string; notNull: true; hasDefault: true; isPrimaryKey: true; isAutoincrement: false; ... 4 more ...; generated: undefined; }, {}, {}>' is not assignable to parameter of type 'Aliased<number>'.
      Type 'PgColumn<{ name: "id"; tableName: "competitor_profiles"; dataType: "string"; columnType: "PgText"; data: string; driverParam: string; notNull: true; hasDefault: true; isPrimaryKey: true; isAutoincrement: false; ... 4 more ...; generated: undefined; }, {}, {}>' is missing the following properties from type 'Aliased<number>': sql, fieldAlias
  Overload 3 of 3, '(left: never, right: unknown): SQL<unknown>', gave the following error.
    Argument of type 'PgColumn<{ name: "id"; tableName: "competitor_profiles"; dataType: "string"; columnType: "PgText"; data: string; driverParam: string; notNull: true; hasDefault: true; isPrimaryKey: true; isAutoincrement: false; ... 4 more ...; generated: undefined; }, {}, {}>' is not assignable to parameter of type 'never'.
app/api/competitors/[id]/social-media/schedule/route.ts(396,11): error TS2769: No overload matches this call.
  Overload 1 of 3, '(left: PgColumn<{ name: "id"; tableName: "competitor_profiles"; dataType: "string"; columnType: "PgText"; data: string; driverParam: string; notNull: true; hasDefault: true; isPrimaryKey: true; isAutoincrement: false; ... 4 more ...; generated: undefined; }, {}, {}>, right: string | SQLWrapper): SQL<...>', gave the following error.
    Argument of type 'number' is not assignable to parameter of type 'string | SQLWrapper'.
  Overload 2 of 3, '(left: Aliased<number>, right: number | SQLWrapper): SQL<unknown>', gave the following error.
    Argument of type 'PgColumn<{ name: "id"; tableName: "competitor_profiles"; dataType: "string"; columnType: "PgText"; data: string; driverParam: string; notNull: true; hasDefault: true; isPrimaryKey: true; isAutoincrement: false; ... 4 more ...; generated: undefined; }, {}, {}>' is not assignable to parameter of type 'Aliased<number>'.
      Type 'PgColumn<{ name: "id"; tableName: "competitor_profiles"; dataType: "string"; columnType: "PgText"; data: string; driverParam: string; notNull: true; hasDefault: true; isPrimaryKey: true; isAutoincrement: false; ... 4 more ...; generated: undefined; }, {}, {}>' is missing the following properties from type 'Aliased<number>': sql, fieldAlias
  Overload 3 of 3, '(left: never, right: unknown): SQL<unknown>', gave the following error.
    Argument of type 'PgColumn<{ name: "id"; tableName: "competitor_profiles"; dataType: "string"; columnType: "PgText"; data: string; driverParam: string; notNull: true; hasDefault: true; isPrimaryKey: true; isAutoincrement: false; ... 4 more ...; generated: undefined; }, {}, {}>' is not assignable to parameter of type 'never'.
app/api/competitors/[id]/social-media/schedule/route.ts(419,14): error TS2769: No overload matches this call.
  Overload 1 of 3, '(left: PgColumn<{ name: "id"; tableName: "competitor_profiles"; dataType: "string"; columnType: "PgText"; data: string; driverParam: string; notNull: true; hasDefault: true; isPrimaryKey: true; isAutoincrement: false; ... 4 more ...; generated: undefined; }, {}, {}>, right: string | SQLWrapper): SQL<...>', gave the following error.
    Argument of type 'number' is not assignable to parameter of type 'string | SQLWrapper'.
  Overload 2 of 3, '(left: Aliased<number>, right: number | SQLWrapper): SQL<unknown>', gave the following error.
    Argument of type 'PgColumn<{ name: "id"; tableName: "competitor_profiles"; dataType: "string"; columnType: "PgText"; data: string; driverParam: string; notNull: true; hasDefault: true; isPrimaryKey: true; isAutoincrement: false; ... 4 more ...; generated: undefined; }, {}, {}>' is not assignable to parameter of type 'Aliased<number>'.
      Type 'PgColumn<{ name: "id"; tableName: "competitor_profiles"; dataType: "string"; columnType: "PgText"; data: string; driverParam: string; notNull: true; hasDefault: true; isPrimaryKey: true; isAutoincrement: false; ... 4 more ...; generated: undefined; }, {}, {}>' is missing the following properties from type 'Aliased<number>': sql, fieldAlias
  Overload 3 of 3, '(left: never, right: unknown): SQL<unknown>', gave the following error.
    Argument of type 'PgColumn<{ name: "id"; tableName: "competitor_profiles"; dataType: "string"; columnType: "PgText"; data: string; driverParam: string; notNull: true; hasDefault: true; isPrimaryKey: true; isAutoincrement: false; ... 4 more ...; generated: undefined; }, {}, {}>' is not assignable to parameter of type 'never'.
app/api/competitors/enrich/route.ts(75,11): error TS2769: No overload matches this call.
  Overload 1 of 3, '(column: Aliased<number>, values: SQLWrapper | (number | Placeholder<string, any>)[]): SQL<unknown>', gave the following error.
    Argument of type 'PgColumn<{ name: "id"; tableName: "competitor_profiles"; dataType: "string"; columnType: "PgText"; data: string; driverParam: string; notNull: true; hasDefault: true; isPrimaryKey: true; isAutoincrement: false; ... 4 more ...; generated: undefined; }, {}, {}>' is not assignable to parameter of type 'Aliased<number>'.
      Type 'PgColumn<{ name: "id"; tableName: "competitor_profiles"; dataType: "string"; columnType: "PgText"; data: string; driverParam: string; notNull: true; hasDefault: true; isPrimaryKey: true; isAutoincrement: false; ... 4 more ...; generated: undefined; }, {}, {}>' is missing the following properties from type 'Aliased<number>': sql, fieldAlias
  Overload 2 of 3, '(column: PgColumn<{ name: "id"; tableName: "competitor_profiles"; dataType: "string"; columnType: "PgText"; data: string; driverParam: string; notNull: true; hasDefault: true; isPrimaryKey: true; isAutoincrement: false; ... 4 more ...; generated: undefined; }, {}, {}>, values: SQLWrapper | readonly (string | Placeholder<...>)[]): SQL<...>', gave the following error.
    Argument of type 'number[]' is not assignable to parameter of type 'SQLWrapper | readonly (string | Placeholder<string, any>)[]'.
      Type 'number[]' is not assignable to type 'readonly (string | Placeholder<string, any>)[]'.
        Type 'number' is not assignable to type 'string | Placeholder<string, any>'.
  Overload 3 of 3, '(column: never, values: SQLWrapper | readonly unknown[]): SQL<unknown>', gave the following error.
    Argument of type 'PgColumn<{ name: "id"; tableName: "competitor_profiles"; dataType: "string"; columnType: "PgText"; data: string; driverParam: string; notNull: true; hasDefault: true; isPrimaryKey: true; isAutoincrement: false; ... 4 more ...; generated: undefined; }, {}, {}>' is not assignable to parameter of type 'never'.
app/api/competitors/enrich/route.ts(86,72): error TS2345: Argument of type 'number' is not assignable to parameter of type 'string'.
app/api/competitors/enrich/route.ts(103,9): error TS2322: Type 'string' is not assignable to type 'number'.
app/api/competitors/enrich/route.ts(155,11): error TS2345: Argument of type '{ id: string; userId: string; name: string; domain: string; description: string; industry: string; headquarters: string; foundedYear: number; employeeCount: number; fundingAmount: number; fundingStage: FundingStage; ... 11 more ...; updatedAt: Date; }' is not assignable to parameter of type 'Partial<CompetitorProfile>'.
  Types of property 'id' are incompatible.
    Type 'string' is not assignable to type 'number'.
app/api/competitors/enrich/route.ts(176,15): error TS2698: Spread types may only be created from object types.
app/api/competitors/enrich/route.ts(374,11): error TS2322: Type 'string' is not assignable to type 'number'.
app/api/competitors/intelligence/route.ts(43,45): error TS2554: Expected 0 arguments, but got 1.
app/api/competitors/intelligence/route.ts(102,41): error TS2345: Argument of type '(alert: AlertResult) => { id: string; type: string; title: string; description: string; importance: string; confidence: number; source: string; timestamp: string; competitor: string; impact_score: number; action_required: boolean; recommendations: string[]; }' is not assignable to parameter of type '(value: { id: string; title: string; description: string; severity: string; alert_type: string; recommended_actions: unknown; created_at: Date; competitor_name: string; source: string; }, index: number, array: { ...; }[]) => { ...; }'.
  Types of parameters 'alert' and 'value' are incompatible.
    Type '{ id: string; title: string; description: string; severity: string; alert_type: string; recommended_actions: unknown; created_at: Date; competitor_name: string; source: string; }' is not assignable to type 'AlertResult'.
      Types of property 'id' are incompatible.
        Type 'string' is not assignable to type 'number'.
app/api/competitors/pricing-intelligence/route.ts(145,13): error TS2345: Argument of type 'string' is not assignable to parameter of type 'number'.
app/api/competitors/pricing-intelligence/route.ts(236,11): error TS2769: No overload matches this call.
  Overload 1 of 3, '(column: Aliased<number>, values: SQLWrapper | (number | Placeholder<string, any>)[]): SQL<unknown>', gave the following error.
    Argument of type 'PgColumn<{ name: "id"; tableName: "competitor_profiles"; dataType: "string"; columnType: "PgText"; data: string; driverParam: string; notNull: true; hasDefault: true; isPrimaryKey: true; isAutoincrement: false; ... 4 more ...; generated: undefined; }, {}, {}>' is not assignable to parameter of type 'Aliased<number>'.
      Type 'PgColumn<{ name: "id"; tableName: "competitor_profiles"; dataType: "string"; columnType: "PgText"; data: string; driverParam: string; notNull: true; hasDefault: true; isPrimaryKey: true; isAutoincrement: false; ... 4 more ...; generated: undefined; }, {}, {}>' is missing the following properties from type 'Aliased<number>': sql, fieldAlias
  Overload 2 of 3, '(column: PgColumn<{ name: "id"; tableName: "competitor_profiles"; dataType: "string"; columnType: "PgText"; data: string; driverParam: string; notNull: true; hasDefault: true; isPrimaryKey: true; isAutoincrement: false; ... 4 more ...; generated: undefined; }, {}, {}>, values: SQLWrapper | readonly (string | Placeholder<...>)[]): SQL<...>', gave the following error.
    Argument of type 'number[]' is not assignable to parameter of type 'SQLWrapper | readonly (string | Placeholder<string, any>)[]'.
      Type 'number[]' is not assignable to type 'readonly (string | Placeholder<string, any>)[]'.
        Type 'number' is not assignable to type 'string | Placeholder<string, any>'.
  Overload 3 of 3, '(column: never, values: SQLWrapper | readonly unknown[]): SQL<unknown>', gave the following error.
    Argument of type 'PgColumn<{ name: "id"; tableName: "competitor_profiles"; dataType: "string"; columnType: "PgText"; data: string; driverParam: string; notNull: true; hasDefault: true; isPrimaryKey: true; isAutoincrement: false; ... 4 more ...; generated: undefined; }, {}, {}>' is not assignable to parameter of type 'never'.
app/api/competitors/pricing-intelligence/route.ts(243,73): error TS2345: Argument of type 'number' is not assignable to parameter of type 'string'.
app/api/competitors/pricing-intelligence/route.ts(255,11): error TS2769: No overload matches this call.
  Overload 1 of 3, '(column: Aliased<number>, values: SQLWrapper | (number | Placeholder<string, any>)[]): SQL<unknown>', gave the following error.
    Argument of type 'PgColumn<{ name: "competitor_id"; tableName: "intelligence_data"; dataType: "string"; columnType: "PgText"; data: string; driverParam: string; notNull: true; hasDefault: false; isPrimaryKey: false; ... 5 more ...; generated: undefined; }, {}, {}>' is not assignable to parameter of type 'Aliased<number>'.
      Type 'PgColumn<{ name: "competitor_id"; tableName: "intelligence_data"; dataType: "string"; columnType: "PgText"; data: string; driverParam: string; notNull: true; hasDefault: false; isPrimaryKey: false; ... 5 more ...; generated: undefined; }, {}, {}>' is missing the following properties from type 'Aliased<number>': sql, fieldAlias
  Overload 2 of 3, '(column: PgColumn<{ name: "competitor_id"; tableName: "intelligence_data"; dataType: "string"; columnType: "PgText"; data: string; driverParam: string; notNull: true; hasDefault: false; isPrimaryKey: false; ... 5 more ...; generated: undefined; }, {}, {}>, values: SQLWrapper | readonly (string | Placeholder<...>)[]): SQL<...>', gave the following error.
    Argument of type 'number[]' is not assignable to parameter of type 'SQLWrapper | readonly (string | Placeholder<string, any>)[]'.
      Type 'number[]' is not assignable to type 'readonly (string | Placeholder<string, any>)[]'.
        Type 'number' is not assignable to type 'string | Placeholder<string, any>'.
  Overload 3 of 3, '(column: never, values: SQLWrapper | readonly unknown[]): SQL<unknown>', gave the following error.
    Argument of type 'PgColumn<{ name: "competitor_id"; tableName: "intelligence_data"; dataType: "string"; columnType: "PgText"; data: string; driverParam: string; notNull: true; hasDefault: false; isPrimaryKey: false; ... 5 more ...; generated: undefined; }, {}, {}>' is not assignable to parameter of type 'never'.
app/api/competitors/pricing-intelligence/route.ts(301,15): error TS2345: Argument of type 'string' is not assignable to parameter of type 'number'.
app/api/competitors/scraping/route.ts(130,47): error TS2345: Argument of type '{ userId: any; url?: string; priority?: "medium" | "high" | "low" | "critical"; config?: { platform?: string; headers?: Record<string, string>; respectRobotsTxt?: boolean; timeout?: number; changeDetection?: { ...; }; selectors?: { ...; }; retryDelay?: number; }; ... 4 more ...; frequencyTimezone?: string; }' is not assignable to parameter of type '{ competitorId: number; userId: string; jobType: "website" | "products" | "jobs" | "pricing" | "social"; url: string; priority?: "medium" | "high" | "low" | "critical"; frequencyType?: "interval" | ... 1 more ... | "cron"; frequencyValue: string; frequencyTimezone?: string; config?: any; }'.
  Property 'competitorId' is optional in type '{ userId: any; url?: string; priority?: "medium" | "high" | "low" | "critical"; config?: { platform?: string; headers?: Record<string, string>; respectRobotsTxt?: boolean; timeout?: number; changeDetection?: { ...; }; selectors?: { ...; }; retryDelay?: number; }; ... 4 more ...; frequencyTimezone?: string; }' but required in type '{ competitorId: number; userId: string; jobType: "website" | "products" | "jobs" | "pricing" | "social"; url: string; priority?: "medium" | "high" | "low" | "critical"; frequencyType?: "interval" | ... 1 more ... | "cron"; frequencyValue: string; frequencyTimezone?: string; config?: any; }'.
app/api/competitors/social-media/benchmarks/route.ts(79,11): error TS2769: No overload matches this call.
  Overload 1 of 3, '(column: Aliased<number>, values: SQLWrapper | (number | Placeholder<string, any>)[]): SQL<unknown>', gave the following error.
    Argument of type 'PgColumn<{ name: "id"; tableName: "competitor_profiles"; dataType: "string"; columnType: "PgText"; data: string; driverParam: string; notNull: true; hasDefault: true; isPrimaryKey: true; isAutoincrement: false; ... 4 more ...; generated: undefined; }, {}, {}>' is not assignable to parameter of type 'Aliased<number>'.
      Type 'PgColumn<{ name: "id"; tableName: "competitor_profiles"; dataType: "string"; columnType: "PgText"; data: string; driverParam: string; notNull: true; hasDefault: true; isPrimaryKey: true; isAutoincrement: false; ... 4 more ...; generated: undefined; }, {}, {}>' is missing the following properties from type 'Aliased<number>': sql, fieldAlias
  Overload 2 of 3, '(column: PgColumn<{ name: "id"; tableName: "competitor_profiles"; dataType: "string"; columnType: "PgText"; data: string; driverParam: string; notNull: true; hasDefault: true; isPrimaryKey: true; isAutoincrement: false; ... 4 more ...; generated: undefined; }, {}, {}>, values: SQLWrapper | readonly (string | Placeholder<...>)[]): SQL<...>', gave the following error.
    Argument of type 'number[]' is not assignable to parameter of type 'SQLWrapper | readonly (string | Placeholder<string, any>)[]'.
      Type 'number[]' is not assignable to type 'readonly (string | Placeholder<string, any>)[]'.
        Type 'number' is not assignable to type 'string | Placeholder<string, any>'.
  Overload 3 of 3, '(column: never, values: SQLWrapper | readonly unknown[]): SQL<unknown>', gave the following error.
    Argument of type 'PgColumn<{ name: "id"; tableName: "competitor_profiles"; dataType: "string"; columnType: "PgText"; data: string; driverParam: string; notNull: true; hasDefault: true; isPrimaryKey: true; isAutoincrement: false; ... 4 more ...; generated: undefined; }, {}, {}>' is not assignable to parameter of type 'never'.
app/api/competitors/social-media/benchmarks/route.ts(80,11): error TS2769: No overload matches this call.
  Overload 1 of 3, '(left: PgColumn<{ name: "user_id"; tableName: "competitor_profiles"; dataType: "string"; columnType: "PgText"; data: string; driverParam: string; notNull: true; hasDefault: false; isPrimaryKey: false; ... 5 more ...; generated: undefined; }, {}, {}>, right: string | SQLWrapper): SQL<...>', gave the following error.
    Argument of type 'number' is not assignable to parameter of type 'string | SQLWrapper'.
  Overload 2 of 3, '(left: Aliased<number>, right: number | SQLWrapper): SQL<unknown>', gave the following error.
    Argument of type 'PgColumn<{ name: "user_id"; tableName: "competitor_profiles"; dataType: "string"; columnType: "PgText"; data: string; driverParam: string; notNull: true; hasDefault: false; isPrimaryKey: false; isAutoincrement: false; ... 4 more ...; generated: undefined; }, {}, {}>' is not assignable to parameter of type 'Aliased<number>'.
      Type 'PgColumn<{ name: "user_id"; tableName: "competitor_profiles"; dataType: "string"; columnType: "PgText"; data: string; driverParam: string; notNull: true; hasDefault: false; isPrimaryKey: false; isAutoincrement: false; ... 4 more ...; generated: undefined; }, {}, {}>' is missing the following properties from type 'Aliased<number>': sql, fieldAlias
  Overload 3 of 3, '(left: never, right: unknown): SQL<unknown>', gave the following error.
    Argument of type 'PgColumn<{ name: "user_id"; tableName: "competitor_profiles"; dataType: "string"; columnType: "PgText"; data: string; driverParam: string; notNull: true; hasDefault: false; isPrimaryKey: false; isAutoincrement: false; ... 4 more ...; generated: undefined; }, {}, {}>' is not assignable to parameter of type 'never'.
app/api/competitors/social-media/benchmarks/route.ts(86,73): error TS2345: Argument of type 'number' is not assignable to parameter of type 'string'.
app/api/competitors/social-media/benchmarks/route.ts(202,11): error TS2769: No overload matches this call.
  Overload 1 of 3, '(column: Aliased<number>, values: SQLWrapper | (number | Placeholder<string, any>)[]): SQL<unknown>', gave the following error.
    Argument of type 'PgColumn<{ name: "id"; tableName: "competitor_profiles"; dataType: "string"; columnType: "PgText"; data: string; driverParam: string; notNull: true; hasDefault: true; isPrimaryKey: true; isAutoincrement: false; ... 4 more ...; generated: undefined; }, {}, {}>' is not assignable to parameter of type 'Aliased<number>'.
      Type 'PgColumn<{ name: "id"; tableName: "competitor_profiles"; dataType: "string"; columnType: "PgText"; data: string; driverParam: string; notNull: true; hasDefault: true; isPrimaryKey: true; isAutoincrement: false; ... 4 more ...; generated: undefined; }, {}, {}>' is missing the following properties from type 'Aliased<number>': sql, fieldAlias
  Overload 2 of 3, '(column: PgColumn<{ name: "id"; tableName: "competitor_profiles"; dataType: "string"; columnType: "PgText"; data: string; driverParam: string; notNull: true; hasDefault: true; isPrimaryKey: true; isAutoincrement: false; ... 4 more ...; generated: undefined; }, {}, {}>, values: SQLWrapper | readonly (string | Placeholder<...>)[]): SQL<...>', gave the following error.
    Argument of type 'number[]' is not assignable to parameter of type 'SQLWrapper | readonly (string | Placeholder<string, any>)[]'.
      Type 'number[]' is not assignable to type 'readonly (string | Placeholder<string, any>)[]'.
        Type 'number' is not assignable to type 'string | Placeholder<string, any>'.
  Overload 3 of 3, '(column: never, values: SQLWrapper | readonly unknown[]): SQL<unknown>', gave the following error.
    Argument of type 'PgColumn<{ name: "id"; tableName: "competitor_profiles"; dataType: "string"; columnType: "PgText"; data: string; driverParam: string; notNull: true; hasDefault: true; isPrimaryKey: true; isAutoincrement: false; ... 4 more ...; generated: undefined; }, {}, {}>' is not assignable to parameter of type 'never'.
app/api/competitors/social-media/benchmarks/route.ts(203,11): error TS2769: No overload matches this call.
  Overload 1 of 3, '(left: PgColumn<{ name: "user_id"; tableName: "competitor_profiles"; dataType: "string"; columnType: "PgText"; data: string; driverParam: string; notNull: true; hasDefault: false; isPrimaryKey: false; ... 5 more ...; generated: undefined; }, {}, {}>, right: string | SQLWrapper): SQL<...>', gave the following error.
    Argument of type 'number' is not assignable to parameter of type 'string | SQLWrapper'.
  Overload 2 of 3, '(left: Aliased<number>, right: number | SQLWrapper): SQL<unknown>', gave the following error.
    Argument of type 'PgColumn<{ name: "user_id"; tableName: "competitor_profiles"; dataType: "string"; columnType: "PgText"; data: string; driverParam: string; notNull: true; hasDefault: false; isPrimaryKey: false; isAutoincrement: false; ... 4 more ...; generated: undefined; }, {}, {}>' is not assignable to parameter of type 'Aliased<number>'.
      Type 'PgColumn<{ name: "user_id"; tableName: "competitor_profiles"; dataType: "string"; columnType: "PgText"; data: string; driverParam: string; notNull: true; hasDefault: false; isPrimaryKey: false; isAutoincrement: false; ... 4 more ...; generated: undefined; }, {}, {}>' is missing the following properties from type 'Aliased<number>': sql, fieldAlias
  Overload 3 of 3, '(left: never, right: unknown): SQL<unknown>', gave the following error.
    Argument of type 'PgColumn<{ name: "user_id"; tableName: "competitor_profiles"; dataType: "string"; columnType: "PgText"; data: string; driverParam: string; notNull: true; hasDefault: false; isPrimaryKey: false; isAutoincrement: false; ... 4 more ...; generated: undefined; }, {}, {}>' is not assignable to parameter of type 'never'.
app/api/competitors/social-media/processor/route.ts(213,13): error TS2769: No overload matches this call.
  Overload 1 of 3, '(left: PgColumn<{ name: "user_id"; tableName: "user_settings"; dataType: "string"; columnType: "PgText"; data: string; driverParam: string; notNull: true; hasDefault: false; isPrimaryKey: false; isAutoincrement: false; ... 4 more ...; generated: undefined; }, {}, {}>, right: string | SQLWrapper): SQL<...>', gave the following error.
    Argument of type 'number' is not assignable to parameter of type 'string | SQLWrapper'.
  Overload 2 of 3, '(left: Aliased<number>, right: number | SQLWrapper): SQL<unknown>', gave the following error.
    Argument of type 'PgColumn<{ name: "user_id"; tableName: "user_settings"; dataType: "string"; columnType: "PgText"; data: string; driverParam: string; notNull: true; hasDefault: false; isPrimaryKey: false; isAutoincrement: false; ... 4 more ...; generated: undefined; }, {}, {}>' is not assignable to parameter of type 'Aliased<number>'.
      Type 'PgColumn<{ name: "user_id"; tableName: "user_settings"; dataType: "string"; columnType: "PgText"; data: string; driverParam: string; notNull: true; hasDefault: false; isPrimaryKey: false; isAutoincrement: false; ... 4 more ...; generated: undefined; }, {}, {}>' is missing the following properties from type 'Aliased<number>': sql, fieldAlias
  Overload 3 of 3, '(left: never, right: unknown): SQL<unknown>', gave the following error.
    Argument of type 'PgColumn<{ name: "user_id"; tableName: "user_settings"; dataType: "string"; columnType: "PgText"; data: string; driverParam: string; notNull: true; hasDefault: false; isPrimaryKey: false; isAutoincrement: false; ... 4 more ...; generated: undefined; }, {}, {}>' is not assignable to parameter of type 'never'.
app/api/competitors/social-media/processor/route.ts(232,13): error TS2769: No overload matches this call.
  Overload 1 of 2, '(value: { user_id: string | SQL<unknown> | Placeholder<string, any>; category: string | SQL<unknown> | Placeholder<string, any>; id?: string | SQL<unknown> | Placeholder<...>; updated_at?: SQL<...> | ... 1 more ... | Placeholder<...>; settings?: unknown; }): PgInsertBase<...>', gave the following error.
    Type 'number' is not assignable to type 'string | SQL<unknown> | Placeholder<string, any>'.
  Overload 2 of 2, '(values: { user_id: string | SQL<unknown> | Placeholder<string, any>; category: string | SQL<unknown> | Placeholder<string, any>; id?: string | SQL<unknown> | Placeholder<...>; updated_at?: SQL<...> | ... 1 more ... | Placeholder<...>; settings?: unknown; }[]): PgInsertBase<...>', gave the following error.
    Object literal may only specify known properties, and 'user_id' does not exist in type '{ user_id: string | SQL<unknown> | Placeholder<string, any>; category: string | SQL<unknown> | Placeholder<string, any>; id?: string | SQL<unknown> | Placeholder<string, any>; updated_at?: SQL<...> | ... 1 more ... | Placeholder<...>; settings?: unknown; }[]'.
app/api/integrations/google/calendar/route.ts(23,45): error TS2554: Expected 0 arguments, but got 1.
app/api/integrations/google/calendar/route.ts(212,45): error TS2554: Expected 0 arguments, but got 1.
app/api/integrations/payment-providers/[provider]/route.ts(32,41): error TS2554: Expected 0 arguments, but got 1.
app/api/integrations/payment-providers/[provider]/route.ts(47,11): error TS2769: No overload matches this call.
  Overload 1 of 3, '(left: PgColumn<{ name: "user_id"; tableName: "payment_provider_connections"; dataType: "string"; columnType: "PgText"; data: string; driverParam: string; notNull: true; hasDefault: false; isPrimaryKey: false; ... 5 more ...; generated: undefined; }, {}, {}>, right: string | SQLWrapper): SQL<...>', gave the following error.
    Argument of type 'number' is not assignable to parameter of type 'string | SQLWrapper'.
  Overload 2 of 3, '(left: Aliased<number>, right: number | SQLWrapper): SQL<unknown>', gave the following error.
    Argument of type 'PgColumn<{ name: "user_id"; tableName: "payment_provider_connections"; dataType: "string"; columnType: "PgText"; data: string; driverParam: string; notNull: true; hasDefault: false; isPrimaryKey: false; ... 5 more ...; generated: undefined; }, {}, {}>' is not assignable to parameter of type 'Aliased<number>'.
      Type 'PgColumn<{ name: "user_id"; tableName: "payment_provider_connections"; dataType: "string"; columnType: "PgText"; data: string; driverParam: string; notNull: true; hasDefault: false; isPrimaryKey: false; ... 5 more ...; generated: undefined; }, {}, {}>' is missing the following properties from type 'Aliased<number>': sql, fieldAlias
  Overload 3 of 3, '(left: never, right: unknown): SQL<unknown>', gave the following error.
    Argument of type 'PgColumn<{ name: "user_id"; tableName: "payment_provider_connections"; dataType: "string"; columnType: "PgText"; data: string; driverParam: string; notNull: true; hasDefault: false; isPrimaryKey: false; ... 5 more ...; generated: undefined; }, {}, {}>' is not assignable to parameter of type 'never'.
app/api/integrations/payment-providers/[provider]/route.ts(82,41): error TS2554: Expected 0 arguments, but got 1.
app/api/integrations/payment-providers/[provider]/route.ts(106,11): error TS2769: No overload matches this call.
  Overload 1 of 3, '(left: PgColumn<{ name: "user_id"; tableName: "payment_provider_connections"; dataType: "string"; columnType: "PgText"; data: string; driverParam: string; notNull: true; hasDefault: false; isPrimaryKey: false; ... 5 more ...; generated: undefined; }, {}, {}>, right: string | SQLWrapper): SQL<...>', gave the following error.
    Argument of type 'number' is not assignable to parameter of type 'string | SQLWrapper'.
  Overload 2 of 3, '(left: Aliased<number>, right: number | SQLWrapper): SQL<unknown>', gave the following error.
    Argument of type 'PgColumn<{ name: "user_id"; tableName: "payment_provider_connections"; dataType: "string"; columnType: "PgText"; data: string; driverParam: string; notNull: true; hasDefault: false; isPrimaryKey: false; ... 5 more ...; generated: undefined; }, {}, {}>' is not assignable to parameter of type 'Aliased<number>'.
      Type 'PgColumn<{ name: "user_id"; tableName: "payment_provider_connections"; dataType: "string"; columnType: "PgText"; data: string; driverParam: string; notNull: true; hasDefault: false; isPrimaryKey: false; ... 5 more ...; generated: undefined; }, {}, {}>' is missing the following properties from type 'Aliased<number>': sql, fieldAlias
  Overload 3 of 3, '(left: never, right: unknown): SQL<unknown>', gave the following error.
    Argument of type 'PgColumn<{ name: "user_id"; tableName: "payment_provider_connections"; dataType: "string"; columnType: "PgText"; data: string; driverParam: string; notNull: true; hasDefault: false; isPrimaryKey: false; ... 5 more ...; generated: undefined; }, {}, {}>' is not assignable to parameter of type 'never'.
app/api/integrations/payment-providers/[provider]/route.ts(121,9): error TS2769: No overload matches this call.
  Overload 1 of 3, '(left: PgColumn<{ name: "user_id"; tableName: "payment_provider_connections"; dataType: "string"; columnType: "PgText"; data: string; driverParam: string; notNull: true; hasDefault: false; isPrimaryKey: false; ... 5 more ...; generated: undefined; }, {}, {}>, right: string | SQLWrapper): SQL<...>', gave the following error.
    Argument of type 'number' is not assignable to parameter of type 'string | SQLWrapper'.
  Overload 2 of 3, '(left: Aliased<number>, right: number | SQLWrapper): SQL<unknown>', gave the following error.
    Argument of type 'PgColumn<{ name: "user_id"; tableName: "payment_provider_connections"; dataType: "string"; columnType: "PgText"; data: string; driverParam: string; notNull: true; hasDefault: false; isPrimaryKey: false; ... 5 more ...; generated: undefined; }, {}, {}>' is not assignable to parameter of type 'Aliased<number>'.
      Type 'PgColumn<{ name: "user_id"; tableName: "payment_provider_connections"; dataType: "string"; columnType: "PgText"; data: string; driverParam: string; notNull: true; hasDefault: false; isPrimaryKey: false; ... 5 more ...; generated: undefined; }, {}, {}>' is missing the following properties from type 'Aliased<number>': sql, fieldAlias
  Overload 3 of 3, '(left: never, right: unknown): SQL<unknown>', gave the following error.
    Argument of type 'PgColumn<{ name: "user_id"; tableName: "payment_provider_connections"; dataType: "string"; columnType: "PgText"; data: string; driverParam: string; notNull: true; hasDefault: false; isPrimaryKey: false; ... 5 more ...; generated: undefined; }, {}, {}>' is not assignable to parameter of type 'never'.
app/api/integrations/payment-providers/[provider]/sync/route.ts(16,41): error TS2554: Expected 0 arguments, but got 1.
app/api/integrations/social-media/[platform]/sync/route.ts(19,41): error TS2554: Expected 0 arguments, but got 1.
app/api/integrations/social-media/facebook/route.ts(25,41): error TS2554: Expected 0 arguments, but got 1.
app/api/integrations/social-media/facebook/route.ts(82,41): error TS2554: Expected 0 arguments, but got 1.
app/api/integrations/social-media/instagram/route.ts(26,41): error TS2554: Expected 0 arguments, but got 1.
app/api/integrations/social-media/instagram/route.ts(84,41): error TS2554: Expected 0 arguments, but got 1.
app/api/integrations/social-media/linkedin/route.ts(28,41): error TS2554: Expected 0 arguments, but got 1.
app/api/integrations/social-media/linkedin/route.ts(89,41): error TS2554: Expected 0 arguments, but got 1.
app/api/integrations/social-media/twitter/route.ts(25,41): error TS2554: Expected 0 arguments, but got 1.
app/api/integrations/social-media/twitter/route.ts(84,41): error TS2554: Expected 0 arguments, but got 1.
app/api/integrations/social-media/youtube/route.ts(30,41): error TS2554: Expected 0 arguments, but got 1.
app/api/integrations/social-media/youtube/route.ts(100,41): error TS2554: Expected 0 arguments, but got 1.
app/api/integrations/social-media/youtube/route.ts(165,18): error TS2339: Property 'expires_in' does not exist on type 'Credentials'.
app/api/integrations/social-media/youtube/route.ts(166,42): error TS2339: Property 'expires_in' does not exist on type 'Credentials'.
app/api/integrations/stripe/connect/route.ts(26,41): error TS2554: Expected 0 arguments, but got 1.
app/api/integrations/stripe/connect/route.ts(61,11): error TS2769: No overload matches this call.
  Overload 1 of 3, '(left: PgColumn<{ name: "user_id"; tableName: "payment_provider_connections"; dataType: "string"; columnType: "PgText"; data: string; driverParam: string; notNull: true; hasDefault: false; isPrimaryKey: false; ... 5 more ...; generated: undefined; }, {}, {}>, right: string | SQLWrapper): SQL<...>', gave the following error.
    Argument of type 'number' is not assignable to parameter of type 'string | SQLWrapper'.
  Overload 2 of 3, '(left: Aliased<number>, right: number | SQLWrapper): SQL<unknown>', gave the following error.
    Argument of type 'PgColumn<{ name: "user_id"; tableName: "payment_provider_connections"; dataType: "string"; columnType: "PgText"; data: string; driverParam: string; notNull: true; hasDefault: false; isPrimaryKey: false; ... 5 more ...; generated: undefined; }, {}, {}>' is not assignable to parameter of type 'Aliased<number>'.
      Type 'PgColumn<{ name: "user_id"; tableName: "payment_provider_connections"; dataType: "string"; columnType: "PgText"; data: string; driverParam: string; notNull: true; hasDefault: false; isPrimaryKey: false; ... 5 more ...; generated: undefined; }, {}, {}>' is missing the following properties from type 'Aliased<number>': sql, fieldAlias
  Overload 3 of 3, '(left: never, right: unknown): SQL<unknown>', gave the following error.
    Argument of type 'PgColumn<{ name: "user_id"; tableName: "payment_provider_connections"; dataType: "string"; columnType: "PgText"; data: string; driverParam: string; notNull: true; hasDefault: false; isPrimaryKey: false; ... 5 more ...; generated: undefined; }, {}, {}>' is not assignable to parameter of type 'never'.
app/api/integrations/stripe/connect/route.ts(93,41): error TS2554: Expected 0 arguments, but got 1.
app/api/integrations/stripe/connect/route.ts(116,11): error TS2769: No overload matches this call.
  Overload 1 of 3, '(left: PgColumn<{ name: "user_id"; tableName: "payment_provider_connections"; dataType: "string"; columnType: "PgText"; data: string; driverParam: string; notNull: true; hasDefault: false; isPrimaryKey: false; ... 5 more ...; generated: undefined; }, {}, {}>, right: string | SQLWrapper): SQL<...>', gave the following error.
    Argument of type 'number' is not assignable to parameter of type 'string | SQLWrapper'.
  Overload 2 of 3, '(left: Aliased<number>, right: number | SQLWrapper): SQL<unknown>', gave the following error.
    Argument of type 'PgColumn<{ name: "user_id"; tableName: "payment_provider_connections"; dataType: "string"; columnType: "PgText"; data: string; driverParam: string; notNull: true; hasDefault: false; isPrimaryKey: false; ... 5 more ...; generated: undefined; }, {}, {}>' is not assignable to parameter of type 'Aliased<number>'.
      Type 'PgColumn<{ name: "user_id"; tableName: "payment_provider_connections"; dataType: "string"; columnType: "PgText"; data: string; driverParam: string; notNull: true; hasDefault: false; isPrimaryKey: false; ... 5 more ...; generated: undefined; }, {}, {}>' is missing the following properties from type 'Aliased<number>': sql, fieldAlias
  Overload 3 of 3, '(left: never, right: unknown): SQL<unknown>', gave the following error.
    Argument of type 'PgColumn<{ name: "user_id"; tableName: "payment_provider_connections"; dataType: "string"; columnType: "PgText"; data: string; driverParam: string; notNull: true; hasDefault: false; isPrimaryKey: false; ... 5 more ...; generated: undefined; }, {}, {}>' is not assignable to parameter of type 'never'.
app/api/integrations/stripe/connect/route.ts(192,11): error TS2769: No overload matches this call.
  Overload 1 of 3, '(left: PgColumn<{ name: "user_id"; tableName: "payment_provider_connections"; dataType: "string"; columnType: "PgText"; data: string; driverParam: string; notNull: true; hasDefault: false; isPrimaryKey: false; ... 5 more ...; generated: undefined; }, {}, {}>, right: string | SQLWrapper): SQL<...>', gave the following error.
    Argument of type 'number' is not assignable to parameter of type 'string | SQLWrapper'.
  Overload 2 of 3, '(left: Aliased<number>, right: number | SQLWrapper): SQL<unknown>', gave the following error.
    Argument of type 'PgColumn<{ name: "user_id"; tableName: "payment_provider_connections"; dataType: "string"; columnType: "PgText"; data: string; driverParam: string; notNull: true; hasDefault: false; isPrimaryKey: false; ... 5 more ...; generated: undefined; }, {}, {}>' is not assignable to parameter of type 'Aliased<number>'.
      Type 'PgColumn<{ name: "user_id"; tableName: "payment_provider_connections"; dataType: "string"; columnType: "PgText"; data: string; driverParam: string; notNull: true; hasDefault: false; isPrimaryKey: false; ... 5 more ...; generated: undefined; }, {}, {}>' is missing the following properties from type 'Aliased<number>': sql, fieldAlias
  Overload 3 of 3, '(left: never, right: unknown): SQL<unknown>', gave the following error.
    Argument of type 'PgColumn<{ name: "user_id"; tableName: "payment_provider_connections"; dataType: "string"; columnType: "PgText"; data: string; driverParam: string; notNull: true; hasDefault: false; isPrimaryKey: false; ... 5 more ...; generated: undefined; }, {}, {}>' is not assignable to parameter of type 'never'.
app/api/integrations/stripe/connect/route.ts(213,11): error TS2769: No overload matches this call.
  Overload 1 of 2, '(value: { provider: string | SQL<unknown> | Placeholder<string, any>; user_id: string | SQL<unknown> | Placeholder<string, any>; created_at?: SQL<unknown> | Date | Placeholder<...>; ... 9 more ...; webhook_secret?: string | ... 1 more ... | Placeholder<...>; }): PgInsertBase<...>', gave the following error.
    Type 'number' is not assignable to type 'string | SQL<unknown> | Placeholder<string, any>'.
  Overload 2 of 2, '(values: { provider: string | SQL<unknown> | Placeholder<string, any>; user_id: string | SQL<unknown> | Placeholder<string, any>; created_at?: SQL<unknown> | Date | Placeholder<...>; ... 9 more ...; webhook_secret?: string | ... 1 more ... | Placeholder<...>; }[]): PgInsertBase<...>', gave the following error.
    Object literal may only specify known properties, and 'user_id' does not exist in type '{ provider: string | SQL<unknown> | Placeholder<string, any>; user_id: string | SQL<unknown> | Placeholder<string, any>; created_at?: SQL<unknown> | Date | Placeholder<...>; ... 9 more ...; webhook_secret?: string | ... 1 more ... | Placeholder<...>; }[]'.
app/api/intelligence/[id]/process/route.ts(120,11): error TS2769: No overload matches this call.
  Overload 1 of 3, '(left: PgColumn<{ name: "id"; tableName: "intelligence_data"; dataType: "string"; columnType: "PgText"; data: string; driverParam: string; notNull: true; hasDefault: true; isPrimaryKey: true; isAutoincrement: false; ... 4 more ...; generated: undefined; }, {}, {}>, right: string | SQLWrapper): SQL<...>', gave the following error.
    Argument of type 'number' is not assignable to parameter of type 'string | SQLWrapper'.
  Overload 2 of 3, '(left: Aliased<number>, right: number | SQLWrapper): SQL<unknown>', gave the following error.
    Argument of type 'PgColumn<{ name: "id"; tableName: "intelligence_data"; dataType: "string"; columnType: "PgText"; data: string; driverParam: string; notNull: true; hasDefault: true; isPrimaryKey: true; isAutoincrement: false; ... 4 more ...; generated: undefined; }, {}, {}>' is not assignable to parameter of type 'Aliased<number>'.
      Type 'PgColumn<{ name: "id"; tableName: "intelligence_data"; dataType: "string"; columnType: "PgText"; data: string; driverParam: string; notNull: true; hasDefault: true; isPrimaryKey: true; isAutoincrement: false; ... 4 more ...; generated: undefined; }, {}, {}>' is missing the following properties from type 'Aliased<number>': sql, fieldAlias
  Overload 3 of 3, '(left: never, right: unknown): SQL<unknown>', gave the following error.
    Argument of type 'PgColumn<{ name: "id"; tableName: "intelligence_data"; dataType: "string"; columnType: "PgText"; data: string; driverParam: string; notNull: true; hasDefault: true; isPrimaryKey: true; isAutoincrement: false; ... 4 more ...; generated: undefined; }, {}, {}>' is not assignable to parameter of type 'never'.
app/api/intelligence/[id]/process/route.ts(147,34): error TS2339: Property 'entities' does not exist on type '{}'.
app/api/intelligence/[id]/process/route.ts(152,36): error TS2339: Property 'topics' does not exist on type '{}'.
app/api/intelligence/[id]/process/route.ts(158,36): error TS2339: Property 'keyInsights' does not exist on type '{}'.
app/api/intelligence/[id]/process/route.ts(189,14): error TS2769: No overload matches this call.
  Overload 1 of 3, '(left: PgColumn<{ name: "id"; tableName: "intelligence_data"; dataType: "string"; columnType: "PgText"; data: string; driverParam: string; notNull: true; hasDefault: true; isPrimaryKey: true; isAutoincrement: false; ... 4 more ...; generated: undefined; }, {}, {}>, right: string | SQLWrapper): SQL<...>', gave the following error.
    Argument of type 'number' is not assignable to parameter of type 'string | SQLWrapper'.
  Overload 2 of 3, '(left: Aliased<number>, right: number | SQLWrapper): SQL<unknown>', gave the following error.
    Argument of type 'PgColumn<{ name: "id"; tableName: "intelligence_data"; dataType: "string"; columnType: "PgText"; data: string; driverParam: string; notNull: true; hasDefault: true; isPrimaryKey: true; isAutoincrement: false; ... 4 more ...; generated: undefined; }, {}, {}>' is not assignable to parameter of type 'Aliased<number>'.
      Type 'PgColumn<{ name: "id"; tableName: "intelligence_data"; dataType: "string"; columnType: "PgText"; data: string; driverParam: string; notNull: true; hasDefault: true; isPrimaryKey: true; isAutoincrement: false; ... 4 more ...; generated: undefined; }, {}, {}>' is missing the following properties from type 'Aliased<number>': sql, fieldAlias
  Overload 3 of 3, '(left: never, right: unknown): SQL<unknown>', gave the following error.
    Argument of type 'PgColumn<{ name: "id"; tableName: "intelligence_data"; dataType: "string"; columnType: "PgText"; data: string; driverParam: string; notNull: true; hasDefault: true; isPrimaryKey: true; isAutoincrement: false; ... 4 more ...; generated: undefined; }, {}, {}>' is not assignable to parameter of type 'never'.
app/api/intelligence/[id]/process/route.ts(225,49): error TS2339: Property 'entities' does not exist on type '{}'.
app/api/intelligence/[id]/process/route.ts(226,48): error TS2339: Property 'topics' does not exist on type '{}'.
app/api/intelligence/[id]/process/route.ts(227,43): error TS2339: Property 'keyInsights' does not exist on type '{}'.
app/api/intelligence/[id]/route.ts(80,11): error TS2769: No overload matches this call.
  Overload 1 of 3, '(left: PgColumn<{ name: "id"; tableName: "intelligence_data"; dataType: "string"; columnType: "PgText"; data: string; driverParam: string; notNull: true; hasDefault: true; isPrimaryKey: true; isAutoincrement: false; ... 4 more ...; generated: undefined; }, {}, {}>, right: string | SQLWrapper): SQL<...>', gave the following error.
    Argument of type 'number' is not assignable to parameter of type 'string | SQLWrapper'.
  Overload 2 of 3, '(left: Aliased<number>, right: number | SQLWrapper): SQL<unknown>', gave the following error.
    Argument of type 'PgColumn<{ name: "id"; tableName: "intelligence_data"; dataType: "string"; columnType: "PgText"; data: string; driverParam: string; notNull: true; hasDefault: true; isPrimaryKey: true; isAutoincrement: false; ... 4 more ...; generated: undefined; }, {}, {}>' is not assignable to parameter of type 'Aliased<number>'.
      Type 'PgColumn<{ name: "id"; tableName: "intelligence_data"; dataType: "string"; columnType: "PgText"; data: string; driverParam: string; notNull: true; hasDefault: true; isPrimaryKey: true; isAutoincrement: false; ... 4 more ...; generated: undefined; }, {}, {}>' is missing the following properties from type 'Aliased<number>': sql, fieldAlias
  Overload 3 of 3, '(left: never, right: unknown): SQL<unknown>', gave the following error.
    Argument of type 'PgColumn<{ name: "id"; tableName: "intelligence_data"; dataType: "string"; columnType: "PgText"; data: string; driverParam: string; notNull: true; hasDefault: true; isPrimaryKey: true; isAutoincrement: false; ... 4 more ...; generated: undefined; }, {}, {}>' is not assignable to parameter of type 'never'.
app/api/intelligence/[id]/route.ts(169,11): error TS2769: No overload matches this call.
  Overload 1 of 3, '(left: PgColumn<{ name: "id"; tableName: "intelligence_data"; dataType: "string"; columnType: "PgText"; data: string; driverParam: string; notNull: true; hasDefault: true; isPrimaryKey: true; isAutoincrement: false; ... 4 more ...; generated: undefined; }, {}, {}>, right: string | SQLWrapper): SQL<...>', gave the following error.
    Argument of type 'number' is not assignable to parameter of type 'string | SQLWrapper'.
  Overload 2 of 3, '(left: Aliased<number>, right: number | SQLWrapper): SQL<unknown>', gave the following error.
    Argument of type 'PgColumn<{ name: "id"; tableName: "intelligence_data"; dataType: "string"; columnType: "PgText"; data: string; driverParam: string; notNull: true; hasDefault: true; isPrimaryKey: true; isAutoincrement: false; ... 4 more ...; generated: undefined; }, {}, {}>' is not assignable to parameter of type 'Aliased<number>'.
      Type 'PgColumn<{ name: "id"; tableName: "intelligence_data"; dataType: "string"; columnType: "PgText"; data: string; driverParam: string; notNull: true; hasDefault: true; isPrimaryKey: true; isAutoincrement: false; ... 4 more ...; generated: undefined; }, {}, {}>' is missing the following properties from type 'Aliased<number>': sql, fieldAlias
  Overload 3 of 3, '(left: never, right: unknown): SQL<unknown>', gave the following error.
    Argument of type 'PgColumn<{ name: "id"; tableName: "intelligence_data"; dataType: "string"; columnType: "PgText"; data: string; driverParam: string; notNull: true; hasDefault: true; isPrimaryKey: true; isAutoincrement: false; ... 4 more ...; generated: undefined; }, {}, {}>' is not assignable to parameter of type 'never'.
app/api/intelligence/[id]/route.ts(200,14): error TS2769: No overload matches this call.
  Overload 1 of 3, '(left: PgColumn<{ name: "id"; tableName: "intelligence_data"; dataType: "string"; columnType: "PgText"; data: string; driverParam: string; notNull: true; hasDefault: true; isPrimaryKey: true; isAutoincrement: false; ... 4 more ...; generated: undefined; }, {}, {}>, right: string | SQLWrapper): SQL<...>', gave the following error.
    Argument of type 'number' is not assignable to parameter of type 'string | SQLWrapper'.
  Overload 2 of 3, '(left: Aliased<number>, right: number | SQLWrapper): SQL<unknown>', gave the following error.
    Argument of type 'PgColumn<{ name: "id"; tableName: "intelligence_data"; dataType: "string"; columnType: "PgText"; data: string; driverParam: string; notNull: true; hasDefault: true; isPrimaryKey: true; isAutoincrement: false; ... 4 more ...; generated: undefined; }, {}, {}>' is not assignable to parameter of type 'Aliased<number>'.
      Type 'PgColumn<{ name: "id"; tableName: "intelligence_data"; dataType: "string"; columnType: "PgText"; data: string; driverParam: string; notNull: true; hasDefault: true; isPrimaryKey: true; isAutoincrement: false; ... 4 more ...; generated: undefined; }, {}, {}>' is missing the following properties from type 'Aliased<number>': sql, fieldAlias
  Overload 3 of 3, '(left: never, right: unknown): SQL<unknown>', gave the following error.
    Argument of type 'PgColumn<{ name: "id"; tableName: "intelligence_data"; dataType: "string"; columnType: "PgText"; data: string; driverParam: string; notNull: true; hasDefault: true; isPrimaryKey: true; isAutoincrement: false; ... 4 more ...; generated: undefined; }, {}, {}>' is not assignable to parameter of type 'never'.
app/api/intelligence/[id]/route.ts(277,11): error TS2769: No overload matches this call.
  Overload 1 of 3, '(left: PgColumn<{ name: "id"; tableName: "intelligence_data"; dataType: "string"; columnType: "PgText"; data: string; driverParam: string; notNull: true; hasDefault: true; isPrimaryKey: true; isAutoincrement: false; ... 4 more ...; generated: undefined; }, {}, {}>, right: string | SQLWrapper): SQL<...>', gave the following error.
    Argument of type 'number' is not assignable to parameter of type 'string | SQLWrapper'.
  Overload 2 of 3, '(left: Aliased<number>, right: number | SQLWrapper): SQL<unknown>', gave the following error.
    Argument of type 'PgColumn<{ name: "id"; tableName: "intelligence_data"; dataType: "string"; columnType: "PgText"; data: string; driverParam: string; notNull: true; hasDefault: true; isPrimaryKey: true; isAutoincrement: false; ... 4 more ...; generated: undefined; }, {}, {}>' is not assignable to parameter of type 'Aliased<number>'.
      Type 'PgColumn<{ name: "id"; tableName: "intelligence_data"; dataType: "string"; columnType: "PgText"; data: string; driverParam: string; notNull: true; hasDefault: true; isPrimaryKey: true; isAutoincrement: false; ... 4 more ...; generated: undefined; }, {}, {}>' is missing the following properties from type 'Aliased<number>': sql, fieldAlias
  Overload 3 of 3, '(left: never, right: unknown): SQL<unknown>', gave the following error.
    Argument of type 'PgColumn<{ name: "id"; tableName: "intelligence_data"; dataType: "string"; columnType: "PgText"; data: string; driverParam: string; notNull: true; hasDefault: true; isPrimaryKey: true; isAutoincrement: false; ... 4 more ...; generated: undefined; }, {}, {}>' is not assignable to parameter of type 'never'.
app/api/intelligence/[id]/route.ts(293,14): error TS2769: No overload matches this call.
  Overload 1 of 3, '(left: PgColumn<{ name: "id"; tableName: "intelligence_data"; dataType: "string"; columnType: "PgText"; data: string; driverParam: string; notNull: true; hasDefault: true; isPrimaryKey: true; isAutoincrement: false; ... 4 more ...; generated: undefined; }, {}, {}>, right: string | SQLWrapper): SQL<...>', gave the following error.
    Argument of type 'number' is not assignable to parameter of type 'string | SQLWrapper'.
  Overload 2 of 3, '(left: Aliased<number>, right: number | SQLWrapper): SQL<unknown>', gave the following error.
    Argument of type 'PgColumn<{ name: "id"; tableName: "intelligence_data"; dataType: "string"; columnType: "PgText"; data: string; driverParam: string; notNull: true; hasDefault: true; isPrimaryKey: true; isAutoincrement: false; ... 4 more ...; generated: undefined; }, {}, {}>' is not assignable to parameter of type 'Aliased<number>'.
      Type 'PgColumn<{ name: "id"; tableName: "intelligence_data"; dataType: "string"; columnType: "PgText"; data: string; driverParam: string; notNull: true; hasDefault: true; isPrimaryKey: true; isAutoincrement: false; ... 4 more ...; generated: undefined; }, {}, {}>' is missing the following properties from type 'Aliased<number>': sql, fieldAlias
  Overload 3 of 3, '(left: never, right: unknown): SQL<unknown>', gave the following error.
    Argument of type 'PgColumn<{ name: "id"; tableName: "intelligence_data"; dataType: "string"; columnType: "PgText"; data: string; driverParam: string; notNull: true; hasDefault: true; isPrimaryKey: true; isAutoincrement: false; ... 4 more ...; generated: undefined; }, {}, {}>' is not assignable to parameter of type 'never'.
app/api/intelligence/analyze/route.ts(250,11): error TS2769: No overload matches this call.
  Overload 1 of 3, '(column: Aliased<number>, values: SQLWrapper | (number | Placeholder<string, any>)[]): SQL<unknown>', gave the following error.
    Argument of type 'PgColumn<{ name: "id"; tableName: "intelligence_data"; dataType: "string"; columnType: "PgText"; data: string; driverParam: string; notNull: true; hasDefault: true; isPrimaryKey: true; isAutoincrement: false; ... 4 more ...; generated: undefined; }, {}, {}>' is not assignable to parameter of type 'Aliased<number>'.
      Type 'PgColumn<{ name: "id"; tableName: "intelligence_data"; dataType: "string"; columnType: "PgText"; data: string; driverParam: string; notNull: true; hasDefault: true; isPrimaryKey: true; isAutoincrement: false; ... 4 more ...; generated: undefined; }, {}, {}>' is missing the following properties from type 'Aliased<number>': sql, fieldAlias
  Overload 2 of 3, '(column: PgColumn<{ name: "id"; tableName: "intelligence_data"; dataType: "string"; columnType: "PgText"; data: string; driverParam: string; notNull: true; hasDefault: true; isPrimaryKey: true; isAutoincrement: false; ... 4 more ...; generated: undefined; }, {}, {}>, values: SQLWrapper | readonly (string | Placeholder<...>)[]): SQL<...>', gave the following error.
    Argument of type 'number[]' is not assignable to parameter of type 'SQLWrapper | readonly (string | Placeholder<string, any>)[]'.
      Type 'number[]' is not assignable to type 'readonly (string | Placeholder<string, any>)[]'.
        Type 'number' is not assignable to type 'string | Placeholder<string, any>'.
  Overload 3 of 3, '(column: never, values: SQLWrapper | readonly unknown[]): SQL<unknown>', gave the following error.
    Argument of type 'PgColumn<{ name: "id"; tableName: "intelligence_data"; dataType: "string"; columnType: "PgText"; data: string; driverParam: string; notNull: true; hasDefault: true; isPrimaryKey: true; isAutoincrement: false; ... 4 more ...; generated: undefined; }, {}, {}>' is not assignable to parameter of type 'never'.
app/api/intelligence/export/route.ts(98,23): error TS2769: No overload matches this call.
  Overload 1 of 3, '(column: Aliased<number>, values: SQLWrapper | (number | Placeholder<string, any>)[]): SQL<unknown>', gave the following error.
    Argument of type 'PgColumn<{ name: "competitor_id"; tableName: "intelligence_data"; dataType: "string"; columnType: "PgText"; data: string; driverParam: string; notNull: true; hasDefault: false; isPrimaryKey: false; ... 5 more ...; generated: undefined; }, {}, {}>' is not assignable to parameter of type 'Aliased<number>'.
      Type 'PgColumn<{ name: "competitor_id"; tableName: "intelligence_data"; dataType: "string"; columnType: "PgText"; data: string; driverParam: string; notNull: true; hasDefault: false; isPrimaryKey: false; ... 5 more ...; generated: undefined; }, {}, {}>' is missing the following properties from type 'Aliased<number>': sql, fieldAlias
  Overload 2 of 3, '(column: PgColumn<{ name: "competitor_id"; tableName: "intelligence_data"; dataType: "string"; columnType: "PgText"; data: string; driverParam: string; notNull: true; hasDefault: false; isPrimaryKey: false; ... 5 more ...; generated: undefined; }, {}, {}>, values: SQLWrapper | readonly (string | Placeholder<...>)[]): SQL<...>', gave the following error.
    Argument of type 'number[]' is not assignable to parameter of type 'SQLWrapper | readonly (string | Placeholder<string, any>)[]'.
      Type 'number[]' is not assignable to type 'readonly (string | Placeholder<string, any>)[]'.
        Type 'number' is not assignable to type 'string | Placeholder<string, any>'.
  Overload 3 of 3, '(column: never, values: SQLWrapper | readonly unknown[]): SQL<unknown>', gave the following error.
    Argument of type 'PgColumn<{ name: "competitor_id"; tableName: "intelligence_data"; dataType: "string"; columnType: "PgText"; data: string; driverParam: string; notNull: true; hasDefault: false; isPrimaryKey: false; ... 5 more ...; generated: undefined; }, {}, {}>' is not assignable to parameter of type 'never'.
app/api/intelligence/route.ts(150,23): error TS2769: No overload matches this call.
  Overload 1 of 3, '(column: Aliased<number>, values: SQLWrapper | (number | Placeholder<string, any>)[]): SQL<unknown>', gave the following error.
    Argument of type 'PgColumn<{ name: "competitor_id"; tableName: "intelligence_data"; dataType: "string"; columnType: "PgText"; data: string; driverParam: string; notNull: true; hasDefault: false; isPrimaryKey: false; ... 5 more ...; generated: undefined; }, {}, {}>' is not assignable to parameter of type 'Aliased<number>'.
      Type 'PgColumn<{ name: "competitor_id"; tableName: "intelligence_data"; dataType: "string"; columnType: "PgText"; data: string; driverParam: string; notNull: true; hasDefault: false; isPrimaryKey: false; ... 5 more ...; generated: undefined; }, {}, {}>' is missing the following properties from type 'Aliased<number>': sql, fieldAlias
  Overload 2 of 3, '(column: PgColumn<{ name: "competitor_id"; tableName: "intelligence_data"; dataType: "string"; columnType: "PgText"; data: string; driverParam: string; notNull: true; hasDefault: false; isPrimaryKey: false; ... 5 more ...; generated: undefined; }, {}, {}>, values: SQLWrapper | readonly (string | Placeholder<...>)[]): SQL<...>', gave the following error.
    Argument of type 'number[]' is not assignable to parameter of type 'SQLWrapper | readonly (string | Placeholder<string, any>)[]'.
      Type 'number[]' is not assignable to type 'readonly (string | Placeholder<string, any>)[]'.
        Type 'number' is not assignable to type 'string | Placeholder<string, any>'.
  Overload 3 of 3, '(column: never, values: SQLWrapper | readonly unknown[]): SQL<unknown>', gave the following error.
    Argument of type 'PgColumn<{ name: "competitor_id"; tableName: "intelligence_data"; dataType: "string"; columnType: "PgText"; data: string; driverParam: string; notNull: true; hasDefault: false; isPrimaryKey: false; ... 5 more ...; generated: undefined; }, {}, {}>' is not assignable to parameter of type 'never'.
app/api/intelligence/route.ts(302,11): error TS2769: No overload matches this call.
  Overload 1 of 3, '(left: PgColumn<{ name: "id"; tableName: "competitor_profiles"; dataType: "string"; columnType: "PgText"; data: string; driverParam: string; notNull: true; hasDefault: true; isPrimaryKey: true; isAutoincrement: false; ... 4 more ...; generated: undefined; }, {}, {}>, right: string | SQLWrapper): SQL<...>', gave the following error.
    Argument of type 'number' is not assignable to parameter of type 'string | SQLWrapper'.
  Overload 2 of 3, '(left: Aliased<number>, right: number | SQLWrapper): SQL<unknown>', gave the following error.
    Argument of type 'PgColumn<{ name: "id"; tableName: "competitor_profiles"; dataType: "string"; columnType: "PgText"; data: string; driverParam: string; notNull: true; hasDefault: true; isPrimaryKey: true; isAutoincrement: false; ... 4 more ...; generated: undefined; }, {}, {}>' is not assignable to parameter of type 'Aliased<number>'.
      Type 'PgColumn<{ name: "id"; tableName: "competitor_profiles"; dataType: "string"; columnType: "PgText"; data: string; driverParam: string; notNull: true; hasDefault: true; isPrimaryKey: true; isAutoincrement: false; ... 4 more ...; generated: undefined; }, {}, {}>' is missing the following properties from type 'Aliased<number>': sql, fieldAlias
  Overload 3 of 3, '(left: never, right: unknown): SQL<unknown>', gave the following error.
    Argument of type 'PgColumn<{ name: "id"; tableName: "competitor_profiles"; dataType: "string"; columnType: "PgText"; data: string; driverParam: string; notNull: true; hasDefault: true; isPrimaryKey: true; isAutoincrement: false; ... 4 more ...; generated: undefined; }, {}, {}>' is not assignable to parameter of type 'never'.
app/api/intelligence/route.ts(319,9): error TS2769: No overload matches this call.
  Overload 1 of 2, '(value: { user_id: string | SQL<unknown> | Placeholder<string, any>; competitor_id: string | SQL<unknown> | Placeholder<string, any>; source_type: string | SQL<...> | Placeholder<...>; ... 13 more ...; processed_at?: SQL<...> | ... 1 more ... | Placeholder<...>; }): PgInsertBase<...>', gave the following error.
    Type 'number' is not assignable to type 'string | SQL<unknown> | Placeholder<string, any>'.
  Overload 2 of 2, '(values: { user_id: string | SQL<unknown> | Placeholder<string, any>; competitor_id: string | SQL<unknown> | Placeholder<string, any>; source_type: string | SQL<...> | Placeholder<...>; ... 13 more ...; processed_at?: SQL<...> | ... 1 more ... | Placeholder<...>; }[]): PgInsertBase<...>', gave the following error.
    Object literal may only specify known properties, and 'competitor_id' does not exist in type '{ user_id: string | SQL<unknown> | Placeholder<string, any>; competitor_id: string | SQL<unknown> | Placeholder<string, any>; source_type: string | SQL<...> | Placeholder<...>; ... 13 more ...; processed_at?: SQL<...> | ... 1 more ... | Placeholder<...>; }[]'.
app/api/intelligence/search/route.ts(146,23): error TS2769: No overload matches this call.
  Overload 1 of 3, '(column: Aliased<number>, values: SQLWrapper | (number | Placeholder<string, any>)[]): SQL<unknown>', gave the following error.
    Argument of type 'PgColumn<{ name: "competitor_id"; tableName: "intelligence_data"; dataType: "string"; columnType: "PgText"; data: string; driverParam: string; notNull: true; hasDefault: false; isPrimaryKey: false; ... 5 more ...; generated: undefined; }, {}, {}>' is not assignable to parameter of type 'Aliased<number>'.
      Type 'PgColumn<{ name: "competitor_id"; tableName: "intelligence_data"; dataType: "string"; columnType: "PgText"; data: string; driverParam: string; notNull: true; hasDefault: false; isPrimaryKey: false; ... 5 more ...; generated: undefined; }, {}, {}>' is missing the following properties from type 'Aliased<number>': sql, fieldAlias
  Overload 2 of 3, '(column: PgColumn<{ name: "competitor_id"; tableName: "intelligence_data"; dataType: "string"; columnType: "PgText"; data: string; driverParam: string; notNull: true; hasDefault: false; isPrimaryKey: false; ... 5 more ...; generated: undefined; }, {}, {}>, values: SQLWrapper | readonly (string | Placeholder<...>)[]): SQL<...>', gave the following error.
    Argument of type 'number[]' is not assignable to parameter of type 'SQLWrapper | readonly (string | Placeholder<string, any>)[]'.
      Type 'number[]' is not assignable to type 'readonly (string | Placeholder<string, any>)[]'.
        Type 'number' is not assignable to type 'string | Placeholder<string, any>'.
  Overload 3 of 3, '(column: never, values: SQLWrapper | readonly unknown[]): SQL<unknown>', gave the following error.
    Argument of type 'PgColumn<{ name: "competitor_id"; tableName: "intelligence_data"; dataType: "string"; columnType: "PgText"; data: string; driverParam: string; notNull: true; hasDefault: false; isPrimaryKey: false; ... 5 more ...; generated: undefined; }, {}, {}>' is not assignable to parameter of type 'never'.
app/api/learning/analytics/route.ts(12,41): error TS2554: Expected 0 arguments, but got 1.
app/api/learning/modules/route.ts(11,41): error TS2554: Expected 0 arguments, but got 1.
app/api/learning/progress/route.ts(11,45): error TS2554: Expected 0 arguments, but got 1.
app/api/learning/progress/route.ts(32,45): error TS2554: Expected 0 arguments, but got 1.
app/api/notifications/jobs/route.ts(158,7): error TS2322: Type '{ title?: string; icon?: string; action?: string; }[]' is not assignable to type '{ action: string; title: string; icon?: string; }[]'.
  Type '{ title?: string; icon?: string; action?: string; }' is not assignable to type '{ action: string; title: string; icon?: string; }'.
    Property 'action' is optional in type '{ title?: string; icon?: string; action?: string; }' but required in type '{ action: string; title: string; icon?: string; }'.
app/api/notifications/push/subscribe/route.ts(19,41): error TS2554: Expected 0 arguments, but got 1.
app/api/notifications/push/subscribe/route.ts(36,7): error TS2345: Argument of type 'string' is not assignable to parameter of type 'number'.
app/api/notifications/send/route.ts(138,9): error TS2322: Type '{ title?: string; icon?: string; action?: string; }[]' is not assignable to type '{ action: string; title: string; icon?: string; }[]'.
  Type '{ title?: string; icon?: string; action?: string; }' is not assignable to type '{ action: string; title: string; icon?: string; }'.
    Property 'action' is optional in type '{ title?: string; icon?: string; action?: string; }' but required in type '{ action: string; title: string; icon?: string; }'.
app/api/opportunities/[id]/actions/[actionId]/route.ts(83,11): error TS2769: No overload matches this call.
  Overload 1 of 3, '(left: PgColumn<{ name: "id"; tableName: "opportunity_actions"; dataType: "string"; columnType: "PgText"; data: string; driverParam: string; notNull: true; hasDefault: true; isPrimaryKey: true; isAutoincrement: false; ... 4 more ...; generated: undefined; }, {}, {}>, right: string | SQLWrapper): SQL<...>', gave the following error.
    Argument of type 'number' is not assignable to parameter of type 'string | SQLWrapper'.
  Overload 2 of 3, '(left: Aliased<number>, right: number | SQLWrapper): SQL<unknown>', gave the following error.
    Argument of type 'PgColumn<{ name: "id"; tableName: "opportunity_actions"; dataType: "string"; columnType: "PgText"; data: string; driverParam: string; notNull: true; hasDefault: true; isPrimaryKey: true; isAutoincrement: false; ... 4 more ...; generated: undefined; }, {}, {}>' is not assignable to parameter of type 'Aliased<number>'.
      Type 'PgColumn<{ name: "id"; tableName: "opportunity_actions"; dataType: "string"; columnType: "PgText"; data: string; driverParam: string; notNull: true; hasDefault: true; isPrimaryKey: true; isAutoincrement: false; ... 4 more ...; generated: undefined; }, {}, {}>' is missing the following properties from type 'Aliased<number>': sql, fieldAlias
  Overload 3 of 3, '(left: never, right: unknown): SQL<unknown>', gave the following error.
    Argument of type 'PgColumn<{ name: "id"; tableName: "opportunity_actions"; dataType: "string"; columnType: "PgText"; data: string; driverParam: string; notNull: true; hasDefault: true; isPrimaryKey: true; isAutoincrement: false; ... 4 more ...; generated: undefined; }, {}, {}>' is not assignable to parameter of type 'never'.
app/api/opportunities/[id]/actions/[actionId]/route.ts(160,11): error TS2769: No overload matches this call.
  Overload 1 of 3, '(left: PgColumn<{ name: "id"; tableName: "opportunity_actions"; dataType: "string"; columnType: "PgText"; data: string; driverParam: string; notNull: true; hasDefault: true; isPrimaryKey: true; isAutoincrement: false; ... 4 more ...; generated: undefined; }, {}, {}>, right: string | SQLWrapper): SQL<...>', gave the following error.
    Argument of type 'number' is not assignable to parameter of type 'string | SQLWrapper'.
  Overload 2 of 3, '(left: Aliased<number>, right: number | SQLWrapper): SQL<unknown>', gave the following error.
    Argument of type 'PgColumn<{ name: "id"; tableName: "opportunity_actions"; dataType: "string"; columnType: "PgText"; data: string; driverParam: string; notNull: true; hasDefault: true; isPrimaryKey: true; isAutoincrement: false; ... 4 more ...; generated: undefined; }, {}, {}>' is not assignable to parameter of type 'Aliased<number>'.
      Type 'PgColumn<{ name: "id"; tableName: "opportunity_actions"; dataType: "string"; columnType: "PgText"; data: string; driverParam: string; notNull: true; hasDefault: true; isPrimaryKey: true; isAutoincrement: false; ... 4 more ...; generated: undefined; }, {}, {}>' is missing the following properties from type 'Aliased<number>': sql, fieldAlias
  Overload 3 of 3, '(left: never, right: unknown): SQL<unknown>', gave the following error.
    Argument of type 'PgColumn<{ name: "id"; tableName: "opportunity_actions"; dataType: "string"; columnType: "PgText"; data: string; driverParam: string; notNull: true; hasDefault: true; isPrimaryKey: true; isAutoincrement: false; ... 4 more ...; generated: undefined; }, {}, {}>' is not assignable to parameter of type 'never'.
app/api/opportunities/[id]/actions/[actionId]/route.ts(206,14): error TS2769: No overload matches this call.
  Overload 1 of 3, '(left: PgColumn<{ name: "id"; tableName: "opportunity_actions"; dataType: "string"; columnType: "PgText"; data: string; driverParam: string; notNull: true; hasDefault: true; isPrimaryKey: true; isAutoincrement: false; ... 4 more ...; generated: undefined; }, {}, {}>, right: string | SQLWrapper): SQL<...>', gave the following error.
    Argument of type 'number' is not assignable to parameter of type 'string | SQLWrapper'.
  Overload 2 of 3, '(left: Aliased<number>, right: number | SQLWrapper): SQL<unknown>', gave the following error.
    Argument of type 'PgColumn<{ name: "id"; tableName: "opportunity_actions"; dataType: "string"; columnType: "PgText"; data: string; driverParam: string; notNull: true; hasDefault: true; isPrimaryKey: true; isAutoincrement: false; ... 4 more ...; generated: undefined; }, {}, {}>' is not assignable to parameter of type 'Aliased<number>'.
      Type 'PgColumn<{ name: "id"; tableName: "opportunity_actions"; dataType: "string"; columnType: "PgText"; data: string; driverParam: string; notNull: true; hasDefault: true; isPrimaryKey: true; isAutoincrement: false; ... 4 more ...; generated: undefined; }, {}, {}>' is missing the following properties from type 'Aliased<number>': sql, fieldAlias
  Overload 3 of 3, '(left: never, right: unknown): SQL<unknown>', gave the following error.
    Argument of type 'PgColumn<{ name: "id"; tableName: "opportunity_actions"; dataType: "string"; columnType: "PgText"; data: string; driverParam: string; notNull: true; hasDefault: true; isPrimaryKey: true; isAutoincrement: false; ... 4 more ...; generated: undefined; }, {}, {}>' is not assignable to parameter of type 'never'.
app/api/opportunities/[id]/actions/[actionId]/route.ts(280,11): error TS2769: No overload matches this call.
  Overload 1 of 3, '(left: PgColumn<{ name: "id"; tableName: "opportunity_actions"; dataType: "string"; columnType: "PgText"; data: string; driverParam: string; notNull: true; hasDefault: true; isPrimaryKey: true; isAutoincrement: false; ... 4 more ...; generated: undefined; }, {}, {}>, right: string | SQLWrapper): SQL<...>', gave the following error.
    Argument of type 'number' is not assignable to parameter of type 'string | SQLWrapper'.
  Overload 2 of 3, '(left: Aliased<number>, right: number | SQLWrapper): SQL<unknown>', gave the following error.
    Argument of type 'PgColumn<{ name: "id"; tableName: "opportunity_actions"; dataType: "string"; columnType: "PgText"; data: string; driverParam: string; notNull: true; hasDefault: true; isPrimaryKey: true; isAutoincrement: false; ... 4 more ...; generated: undefined; }, {}, {}>' is not assignable to parameter of type 'Aliased<number>'.
      Type 'PgColumn<{ name: "id"; tableName: "opportunity_actions"; dataType: "string"; columnType: "PgText"; data: string; driverParam: string; notNull: true; hasDefault: true; isPrimaryKey: true; isAutoincrement: false; ... 4 more ...; generated: undefined; }, {}, {}>' is missing the following properties from type 'Aliased<number>': sql, fieldAlias
  Overload 3 of 3, '(left: never, right: unknown): SQL<unknown>', gave the following error.
    Argument of type 'PgColumn<{ name: "id"; tableName: "opportunity_actions"; dataType: "string"; columnType: "PgText"; data: string; driverParam: string; notNull: true; hasDefault: true; isPrimaryKey: true; isAutoincrement: false; ... 4 more ...; generated: undefined; }, {}, {}>' is not assignable to parameter of type 'never'.
app/api/opportunities/[id]/actions/[actionId]/route.ts(297,14): error TS2769: No overload matches this call.
  Overload 1 of 3, '(left: PgColumn<{ name: "id"; tableName: "opportunity_actions"; dataType: "string"; columnType: "PgText"; data: string; driverParam: string; notNull: true; hasDefault: true; isPrimaryKey: true; isAutoincrement: false; ... 4 more ...; generated: undefined; }, {}, {}>, right: string | SQLWrapper): SQL<...>', gave the following error.
    Argument of type 'number' is not assignable to parameter of type 'string | SQLWrapper'.
  Overload 2 of 3, '(left: Aliased<number>, right: number | SQLWrapper): SQL<unknown>', gave the following error.
    Argument of type 'PgColumn<{ name: "id"; tableName: "opportunity_actions"; dataType: "string"; columnType: "PgText"; data: string; driverParam: string; notNull: true; hasDefault: true; isPrimaryKey: true; isAutoincrement: false; ... 4 more ...; generated: undefined; }, {}, {}>' is not assignable to parameter of type 'Aliased<number>'.
      Type 'PgColumn<{ name: "id"; tableName: "opportunity_actions"; dataType: "string"; columnType: "PgText"; data: string; driverParam: string; notNull: true; hasDefault: true; isPrimaryKey: true; isAutoincrement: false; ... 4 more ...; generated: undefined; }, {}, {}>' is missing the following properties from type 'Aliased<number>': sql, fieldAlias
  Overload 3 of 3, '(left: never, right: unknown): SQL<unknown>', gave the following error.
    Argument of type 'PgColumn<{ name: "id"; tableName: "opportunity_actions"; dataType: "string"; columnType: "PgText"; data: string; driverParam: string; notNull: true; hasDefault: true; isPrimaryKey: true; isAutoincrement: false; ... 4 more ...; generated: undefined; }, {}, {}>' is not assignable to parameter of type 'never'.
app/api/profile/route.ts(33,25): error TS2339: Property 'avatar_url' does not exist on type 'PgTableWithColumns<{ name: "users"; schema: undefined; columns: { id: PgColumn<{ name: "id"; tableName: "users"; dataType: "string"; columnType: "PgText"; data: string; driverParam: string; notNull: true; hasDefault: true; ... 6 more ...; generated: undefined; }, {}, {}>; ... 25 more ...; updated_at: PgColumn<...>; ...'.
app/api/profile/route.ts(148,27): error TS2339: Property 'avatar_url' does not exist on type 'PgTableWithColumns<{ name: "users"; schema: undefined; columns: { id: PgColumn<{ name: "id"; tableName: "users"; dataType: "string"; columnType: "PgText"; data: string; driverParam: string; notNull: true; hasDefault: true; ... 6 more ...; generated: undefined; }, {}, {}>; ... 25 more ...; updated_at: PgColumn<...>; ...'.
app/api/profile/route.ts(152,40): error TS2551: Property 'onboarding_completed_at' does not exist on type 'PgTableWithColumns<{ name: "users"; schema: undefined; columns: { id: PgColumn<{ name: "id"; tableName: "users"; dataType: "string"; columnType: "PgText"; data: string; driverParam: string; notNull: true; hasDefault: true; ... 6 more ...; generated: undefined; }, {}, {}>; ... 25 more ...; updated_at: PgColumn<...>; ...'. Did you mean 'onboarding_completed'?
app/api/profile/route.ts(153,32): error TS2339: Property 'onboarding_data' does not exist on type 'PgTableWithColumns<{ name: "users"; schema: undefined; columns: { id: PgColumn<{ name: "id"; tableName: "users"; dataType: "string"; columnType: "PgText"; data: string; driverParam: string; notNull: true; hasDefault: true; ... 6 more ...; generated: undefined; }, {}, {}>; ... 25 more ...; updated_at: PgColumn<...>; ...'.
app/api/revenue/metrics/route.ts(18,41): error TS2554: Expected 0 arguments, but got 1.
app/api/scraping/jobs/[jobId]/route.ts(207,11): error TS2322: Type '{ type?: "interval" | "manual" | "cron"; value?: string | number; timezone?: string; }' is not assignable to type 'ScrapingFrequency'.
  Property 'type' is optional in type '{ type?: "interval" | "manual" | "cron"; value?: string | number; timezone?: string; }' but required in type 'ScrapingFrequency'.
app/api/tasks/intelligence/route.ts(59,47): error TS2345: Argument of type '{ goals?: string[]; workStyle?: "collaborative" | "focused" | "flexible"; preferredWorkHours?: { start?: string; end?: string; }; energyPatterns?: { morning?: number; afternoon?: number; evening?: number; }; currentWorkload?: number; }' is not assignable to parameter of type 'Partial<{ workStyle: "collaborative" | "focused" | "flexible"; preferredWorkHours: { start: string; end: string; }; energyPatterns: { morning: number; afternoon: number; evening: number; }; currentWorkload: number; goals: string[]; }>'.
  Types of property 'preferredWorkHours' are incompatible.
    Type '{ start?: string; end?: string; }' is not assignable to type '{ start: string; end: string; }'.
      Property 'start' is optional in type '{ start?: string; end?: string; }' but required in type '{ start: string; end: string; }'.
app/api/templates/[id]/route.ts(14,41): error TS2554: Expected 0 arguments, but got 1.
app/api/templates/[id]/route.ts(33,18): error TS2769: No overload matches this call.
  Overload 1 of 3, '(left: PgColumn<{ name: "id"; tableName: "templates"; dataType: "string"; columnType: "PgText"; data: string; driverParam: string; notNull: true; hasDefault: true; isPrimaryKey: true; isAutoincrement: false; ... 4 more ...; generated: undefined; }, {}, {}>, right: string | SQLWrapper): SQL<...>', gave the following error.
    Argument of type 'number' is not assignable to parameter of type 'string | SQLWrapper'.
  Overload 2 of 3, '(left: Aliased<number>, right: number | SQLWrapper): SQL<unknown>', gave the following error.
    Argument of type 'PgColumn<{ name: "id"; tableName: "templates"; dataType: "string"; columnType: "PgText"; data: string; driverParam: string; notNull: true; hasDefault: true; isPrimaryKey: true; isAutoincrement: false; ... 4 more ...; generated: undefined; }, {}, {}>' is not assignable to parameter of type 'Aliased<number>'.
      Type 'PgColumn<{ name: "id"; tableName: "templates"; dataType: "string"; columnType: "PgText"; data: string; driverParam: string; notNull: true; hasDefault: true; isPrimaryKey: true; isAutoincrement: false; ... 4 more ...; generated: undefined; }, {}, {}>' is missing the following properties from type 'Aliased<number>': sql, fieldAlias
  Overload 3 of 3, '(left: never, right: unknown): SQL<unknown>', gave the following error.
    Argument of type 'PgColumn<{ name: "id"; tableName: "templates"; dataType: "string"; columnType: "PgText"; data: string; driverParam: string; notNull: true; hasDefault: true; isPrimaryKey: true; isAutoincrement: false; ... 4 more ...; generated: undefined; }, {}, {}>' is not assignable to parameter of type 'never'.
app/api/templates/[id]/route.ts(46,14): error TS2769: No overload matches this call.
  Overload 1 of 3, '(left: PgColumn<{ name: "id"; tableName: "templates"; dataType: "string"; columnType: "PgText"; data: string; driverParam: string; notNull: true; hasDefault: true; isPrimaryKey: true; isAutoincrement: false; ... 4 more ...; generated: undefined; }, {}, {}>, right: string | SQLWrapper): SQL<...>', gave the following error.
    Argument of type 'number' is not assignable to parameter of type 'string | SQLWrapper'.
  Overload 2 of 3, '(left: Aliased<number>, right: number | SQLWrapper): SQL<unknown>', gave the following error.
    Argument of type 'PgColumn<{ name: "id"; tableName: "templates"; dataType: "string"; columnType: "PgText"; data: string; driverParam: string; notNull: true; hasDefault: true; isPrimaryKey: true; isAutoincrement: false; ... 4 more ...; generated: undefined; }, {}, {}>' is not assignable to parameter of type 'Aliased<number>'.
      Type 'PgColumn<{ name: "id"; tableName: "templates"; dataType: "string"; columnType: "PgText"; data: string; driverParam: string; notNull: true; hasDefault: true; isPrimaryKey: true; isAutoincrement: false; ... 4 more ...; generated: undefined; }, {}, {}>' is missing the following properties from type 'Aliased<number>': sql, fieldAlias
  Overload 3 of 3, '(left: never, right: unknown): SQL<unknown>', gave the following error.
    Argument of type 'PgColumn<{ name: "id"; tableName: "templates"; dataType: "string"; columnType: "PgText"; data: string; driverParam: string; notNull: true; hasDefault: true; isPrimaryKey: true; isAutoincrement: false; ... 4 more ...; generated: undefined; }, {}, {}>' is not assignable to parameter of type 'never'.
app/api/templates/[id]/route.ts(61,41): error TS2554: Expected 0 arguments, but got 1.
app/api/templates/[id]/route.ts(78,18): error TS2769: No overload matches this call.
  Overload 1 of 3, '(left: PgColumn<{ name: "id"; tableName: "templates"; dataType: "string"; columnType: "PgText"; data: string; driverParam: string; notNull: true; hasDefault: true; isPrimaryKey: true; isAutoincrement: false; ... 4 more ...; generated: undefined; }, {}, {}>, right: string | SQLWrapper): SQL<...>', gave the following error.
    Argument of type 'number' is not assignable to parameter of type 'string | SQLWrapper'.
  Overload 2 of 3, '(left: Aliased<number>, right: number | SQLWrapper): SQL<unknown>', gave the following error.
    Argument of type 'PgColumn<{ name: "id"; tableName: "templates"; dataType: "string"; columnType: "PgText"; data: string; driverParam: string; notNull: true; hasDefault: true; isPrimaryKey: true; isAutoincrement: false; ... 4 more ...; generated: undefined; }, {}, {}>' is not assignable to parameter of type 'Aliased<number>'.
      Type 'PgColumn<{ name: "id"; tableName: "templates"; dataType: "string"; columnType: "PgText"; data: string; driverParam: string; notNull: true; hasDefault: true; isPrimaryKey: true; isAutoincrement: false; ... 4 more ...; generated: undefined; }, {}, {}>' is missing the following properties from type 'Aliased<number>': sql, fieldAlias
  Overload 3 of 3, '(left: never, right: unknown): SQL<unknown>', gave the following error.
    Argument of type 'PgColumn<{ name: "id"; tableName: "templates"; dataType: "string"; columnType: "PgText"; data: string; driverParam: string; notNull: true; hasDefault: true; isPrimaryKey: true; isAutoincrement: false; ... 4 more ...; generated: undefined; }, {}, {}>' is not assignable to parameter of type 'never'.
app/api/templates/[id]/route.ts(85,38): error TS2769: No overload matches this call.
  Overload 1 of 3, '(left: PgColumn<{ name: "id"; tableName: "templates"; dataType: "string"; columnType: "PgText"; data: string; driverParam: string; notNull: true; hasDefault: true; isPrimaryKey: true; isAutoincrement: false; ... 4 more ...; generated: undefined; }, {}, {}>, right: string | SQLWrapper): SQL<...>', gave the following error.
    Argument of type 'number' is not assignable to parameter of type 'string | SQLWrapper'.
  Overload 2 of 3, '(left: Aliased<number>, right: number | SQLWrapper): SQL<unknown>', gave the following error.
    Argument of type 'PgColumn<{ name: "id"; tableName: "templates"; dataType: "string"; columnType: "PgText"; data: string; driverParam: string; notNull: true; hasDefault: true; isPrimaryKey: true; isAutoincrement: false; ... 4 more ...; generated: undefined; }, {}, {}>' is not assignable to parameter of type 'Aliased<number>'.
      Type 'PgColumn<{ name: "id"; tableName: "templates"; dataType: "string"; columnType: "PgText"; data: string; driverParam: string; notNull: true; hasDefault: true; isPrimaryKey: true; isAutoincrement: false; ... 4 more ...; generated: undefined; }, {}, {}>' is missing the following properties from type 'Aliased<number>': sql, fieldAlias
  Overload 3 of 3, '(left: never, right: unknown): SQL<unknown>', gave the following error.
    Argument of type 'PgColumn<{ name: "id"; tableName: "templates"; dataType: "string"; columnType: "PgText"; data: string; driverParam: string; notNull: true; hasDefault: true; isPrimaryKey: true; isAutoincrement: false; ... 4 more ...; generated: undefined; }, {}, {}>' is not assignable to parameter of type 'never'.
app/api/templates/route.ts(11,41): error TS2554: Expected 0 arguments, but got 1.
app/api/templates/route.ts(38,41): error TS2554: Expected 0 arguments, but got 1.
app/auth/2fa/page.tsx(28,15): error TS2339: Property 'data' does not exist on type 'void'.
app/auth/2fa/page.tsx(28,21): error TS2339: Property 'error' does not exist on type 'void'.
app/auth/2fa/page.tsx(28,82): error TS2554: Expected 0 arguments, but got 1.
app/auth/device-approval/page.tsx(94,89): error TS2554: Expected 0 arguments, but got 1.
app/auth/device-approval/page.tsx(166,34): error TS2322: Type '"orange"' is not assignable to type '"cyan" | "purple" | "magenta" | "lime" | "white"'.
app/auth/sessions/page.tsx(64,82): error TS2554: Expected 0 arguments, but got 1.
app/custom-agents/page.tsx(139,44): error TS2322: Type '"outline"' is not assignable to type '"cyan" | "purple" | "magenta" | "lime" | "orange"'.
app/dashboard/brand/page.tsx(575,25): error TS2322: Type '"default" | "outline"' is not assignable to type '"cyan" | "purple" | "magenta" | "lime" | "orange"'.
  Type '"default"' is not assignable to type '"cyan" | "purple" | "magenta" | "lime" | "orange"'.
app/dashboard/competitors/[id]/edit/page.tsx(414,13): error TS2322: Type '"boss"' is not assignable to type '"shimmer" | "flicker" | "bounce" | "pulse"'.
app/dashboard/competitors/[id]/edit/page.tsx(444,26): error TS2322: Type '"outline"' is not assignable to type '"cyan" | "purple" | "magenta" | "lime" | "orange"'.
app/dashboard/competitors/[id]/edit/page.tsx(639,23): error TS2322: Type '"outline"' is not assignable to type '"cyan" | "purple" | "magenta" | "lime" | "orange"'.
app/dashboard/competitors/add/page.tsx(314,17): error TS2322: Type '"outline"' is not assignable to type '"cyan" | "purple" | "magenta" | "lime" | "orange"'.
app/dashboard/competitors/discover/page.tsx(265,17): error TS2322: Type '"boss"' is not assignable to type '"shimmer" | "flicker" | "bounce" | "pulse"'.
app/dashboard/competitors/discover/page.tsx(326,40): error TS2322: Type '"outline"' is not assignable to type '"cyan" | "purple" | "magenta" | "lime" | "orange"'.
app/dashboard/competitors/discover/page.tsx(337,33): error TS2322: Type '"outline"' is not assignable to type '"cyan" | "purple" | "magenta" | "lime" | "orange"'.
app/dashboard/competitors/discover/page.tsx(343,33): error TS2322: Type '"outline"' is not assignable to type '"cyan" | "purple" | "magenta" | "lime" | "orange"'.
app/dashboard/competitors/discover/page.tsx(409,50): error TS2322: Type '"outline"' is not assignable to type '"cyan" | "purple" | "magenta" | "lime" | "orange"'.
app/dashboard/competitors/import/page.tsx(651,33): error TS2322: Type '"outline"' is not assignable to type '"cyan" | "purple" | "magenta" | "lime" | "orange"'.
app/dashboard/competitors/import/page.tsx(663,38): error TS2322: Type '"outline"' is not assignable to type '"cyan" | "purple" | "magenta" | "lime" | "orange"'.
app/dashboard/competitors/page.tsx(336,13): error TS2322: Type '"boss"' is not assignable to type '"shimmer" | "flicker" | "bounce" | "pulse"'.
app/dashboard/competitors/page.tsx(385,14): error TS2304: Cannot find name 'Link'.
app/dashboard/competitors/page.tsx(390,15): error TS2304: Cannot find name 'Link'.
app/dashboard/competitors/page.tsx(617,36): error TS2304: Cannot find name 'Link'.
app/dashboard/competitors/page.tsx(620,37): error TS2304: Cannot find name 'Link'.
app/dashboard/competitors/page.tsx(688,30): error TS2304: Cannot find name 'Link'.
app/dashboard/competitors/page.tsx(692,31): error TS2304: Cannot find name 'Link'.
app/dashboard/competitors/page.tsx(729,24): error TS2304: Cannot find name 'Link'.
app/dashboard/competitors/page.tsx(734,25): error TS2304: Cannot find name 'Link'.
app/dashboard/competitors/page.tsx(1096,38): error TS2322: Type '"outline"' is not assignable to type '"cyan" | "purple" | "magenta" | "lime" | "orange"'.
app/dashboard/learning/page.tsx(512,32): error TS2322: Type '"outline"' is not assignable to type '"cyan" | "purple" | "magenta" | "lime" | "orange"'.
app/dashboard/learning/page.tsx(521,34): error TS2322: Type '"outline"' is not assignable to type '"cyan" | "purple" | "magenta" | "lime" | "orange"'.
app/dashboard/notifications/page.tsx(77,18): error TS2322: Type '"boss"' is not assignable to type '"shimmer" | "flicker" | "bounce" | "pulse"'.
app/dashboard/notifications/page.tsx(87,19): error TS2322: Type '{ children: Element; asChild: true; }' is not assignable to type 'IntrinsicAttributes & PrimaryButtonProps'.
  Property 'asChild' does not exist on type 'IntrinsicAttributes & PrimaryButtonProps'.
app/dashboard/settings/page.tsx(401,41): error TS2322: Type '"destructive"' is not assignable to type '"info" | "success" | "error" | "cyan" | "purple" | "magenta" | "warning" | "ghost" | "outline" | "lime" | "orange"'.
app/dashboard/settings/page.tsx(416,37): error TS2322: Type '"destructive"' is not assignable to type '"info" | "success" | "error" | "cyan" | "purple" | "magenta" | "warning" | "ghost" | "outline" | "lime" | "orange"'.
app/dashboard/templates/page.tsx(523,25): error TS2322: Type '"destructive"' is not assignable to type '"info" | "success" | "error" | "cyan" | "purple" | "magenta" | "warning" | "ghost" | "outline" | "lime" | "orange"'.
app/gdpr/page.tsx(128,40): error TS2322: Type '"orange"' is not assignable to type '"cyan" | "purple" | "magenta" | "lime" | "white"'.
app/gdpr/page.tsx(192,38): error TS2322: Type '"orange"' is not assignable to type '"cyan" | "purple" | "magenta" | "lime" | "white"'.
app/gdpr/page.tsx(245,40): error TS2322: Type '"orange"' is not assignable to type '"cyan" | "purple" | "magenta" | "lime" | "white"'.
app/help/page.tsx(75,85): error TS2322: Type '{ children: Element[]; key: number; variant: "hover"; className: string; onClick: () => void; }' is not assignable to type 'IntrinsicAttributes & HudBorderProps'.
  Property 'onClick' does not exist on type 'IntrinsicAttributes & HudBorderProps'.
app/layout.tsx(165,197): error TS17001: JSX elements cannot have multiple attributes with the same name.
app/not-found.tsx(30,19): error TS2322: Type '{ children: Element; asChild: true; className: string; }' is not assignable to type 'IntrinsicAttributes & PrimaryButtonProps'.
  Property 'asChild' does not exist on type 'IntrinsicAttributes & PrimaryButtonProps'.
app/not-found.tsx(37,37): error TS2322: Type '{ children: Element; variant: "outline"; asChild: true; className: string; }' is not assignable to type 'IntrinsicAttributes & PrimaryButtonProps'.
  Property 'asChild' does not exist on type 'IntrinsicAttributes & PrimaryButtonProps'.
app/team/page.tsx(131,25): error TS2322: Type '"default" | "ghost"' is not assignable to type '"info" | "success" | "error" | "cyan" | "purple" | "magenta" | "warning" | "ghost" | "outline" | "lime" | "orange"'.
  Type '"default"' is not assignable to type '"info" | "success" | "error" | "cyan" | "purple" | "magenta" | "warning" | "ghost" | "outline" | "lime" | "orange"'.
app/team/page.tsx(792,27): error TS2322: Type '"destructive" | "outline"' is not assignable to type '"info" | "success" | "error" | "cyan" | "purple" | "magenta" | "warning" | "ghost" | "outline" | "lime" | "orange"'.
  Type '"destructive"' is not assignable to type '"info" | "success" | "error" | "cyan" | "purple" | "magenta" | "warning" | "ghost" | "outline" | "lime" | "orange"'.
app/templates/[templateSlug]/page.tsx(37,20): error TS2322: Type '"outline"' is not assignable to type '"cyan" | "purple" | "magenta" | "lime" | "orange"'.
app/templates/[templateSlug]/page.tsx(38,20): error TS2322: Type '"default" | "secondary"' is not assignable to type '"cyan" | "purple" | "magenta" | "lime" | "orange"'.
  Type '"default"' is not assignable to type '"cyan" | "purple" | "magenta" | "lime" | "orange"'.
app/templates/page.tsx(67,78): error TS2339: Property 'name' does not exist on type 'TemplateSummary'.
src/components/admin/AdminDashboard.tsx(2,29): error TS2307: Cannot find module 'react-router-dom' or its corresponding type declarations.
src/components/admin/AdminLogin.tsx(2,29): error TS2307: Cannot find module 'react-router-dom' or its corresponding type declarations.
src/components/ai/smart-prioritizer.tsx(257,22): error TS2322: Type '"secondary"' is not assignable to type '"cyan" | "purple" | "magenta" | "lime" | "orange"'.
src/components/ai/smart-prioritizer.tsx(271,32): error TS2322: Type '"outline"' is not assignable to type '"cyan" | "purple" | "magenta" | "lime" | "orange"'.
src/components/ai/task-intelligence-panel.tsx(146,35): error TS2322: Type '"destructive"' is not assignable to type '"info" | "success" | "error" | "warning"'.
src/components/ai/task-intelligence-panel.tsx(169,23): error TS2322: Type '"default" | "secondary" | "destructive"' is not assignable to type '"cyan" | "purple" | "magenta" | "lime" | "orange"'.
  Type '"default"' is not assignable to type '"cyan" | "purple" | "magenta" | "lime" | "orange"'.
src/components/ai/task-intelligence-panel.tsx(199,24): error TS2322: Type '{ children: Element; key: number; className: string; }' is not assignable to type 'IntrinsicAttributes & AlertProps'.
  Property 'children' does not exist on type 'IntrinsicAttributes & AlertProps'.
src/components/ai/task-intelligence-panel.tsx(236,38): error TS2322: Type '"outline"' is not assignable to type '"cyan" | "purple" | "magenta" | "lime" | "orange"'.
src/components/ai/task-intelligence-panel.tsx(239,38): error TS2322: Type '"outline"' is not assignable to type '"cyan" | "purple" | "magenta" | "lime" | "orange"'.
src/components/ai/task-intelligence-panel.tsx(242,38): error TS2322: Type '"outline"' is not assignable to type '"cyan" | "purple" | "magenta" | "lime" | "orange"'.
src/components/ai/task-intelligence-panel.tsx(293,38): error TS2322: Type '"outline"' is not assignable to type '"cyan" | "purple" | "magenta" | "lime" | "orange"'.
src/components/ai/task-intelligence-panel.tsx(310,20): error TS2322: Type '{ children: Element[]; key: number; }' is not assignable to type 'IntrinsicAttributes & AlertProps'.
  Property 'children' does not exist on type 'IntrinsicAttributes & AlertProps'.
src/components/analytics/advanced-data-visualization.tsx(28,31): error TS1149: File name 'C:/Users/prett/OneDrive/Desktop/projects/SoloSuccess-AI/src/components/ui/Button.tsx' differs from already included file name 'C:/Users/prett/OneDrive/Desktop/projects/SoloSuccess-AI/src/components/ui/button.tsx' only in casing.
  The file is in the program because:
    Imported via "@/components/ui/button" from file 'C:/Users/prett/OneDrive/Desktop/projects/SoloSuccess-AI/app/error.tsx'
    Imported via '@/components/ui/button' from file 'C:/Users/prett/OneDrive/Desktop/projects/SoloSuccess-AI/src/components/performance/performance-monitor.tsx'
    Imported via '@/components/ui/button' from file 'C:/Users/prett/OneDrive/Desktop/projects/SoloSuccess-AI/src/components/performance/service-worker-register.tsx'
    Imported via '@/components/ui/button' from file 'C:/Users/prett/OneDrive/Desktop/projects/SoloSuccess-AI/src/components/marketing/exit-intent-survey.tsx'
    Imported via "@/components/ui/button" from file 'C:/Users/prett/OneDrive/Desktop/projects/SoloSuccess-AI/src/components/ui/accessibility.tsx'
    Imported via "@/components/ui/button" from file 'C:/Users/prett/OneDrive/Desktop/projects/SoloSuccess-AI/src/components/chat/floating-chat-button.tsx'
    Imported via "@/components/ui/button" from file 'C:/Users/prett/OneDrive/Desktop/projects/SoloSuccess-AI/src/components/chat/mobile-chat-interface.tsx'
    Imported via "@/components/ui/button" from file 'C:/Users/prett/OneDrive/Desktop/projects/SoloSuccess-AI/src/components/ui/smart-tip.tsx'
    Imported via "@/components/ui/button" from file 'C:/Users/prett/OneDrive/Desktop/projects/SoloSuccess-AI/src/components/feedback/feedback-widget.tsx'
    Imported via "@/components/ui/button" from file 'C:/Users/prett/OneDrive/Desktop/projects/SoloSuccess-AI/src/components/mobile/offline-data-manager.tsx'
    Imported via "@/components/ui/button" from file 'C:/Users/prett/OneDrive/Desktop/projects/SoloSuccess-AI/app/not-found.tsx'
    Imported via "@/components/ui/button" from file 'C:/Users/prett/OneDrive/Desktop/projects/SoloSuccess-AI/app/account-recovery/account-recovery-client.tsx'
    Imported via "@/components/ui/button" from file 'C:/Users/prett/OneDrive/Desktop/projects/SoloSuccess-AI/app/account-recovery/page.tsx'
    Imported via "@/components/ui/button" from file 'C:/Users/prett/OneDrive/Desktop/projects/SoloSuccess-AI/app/auth/2fa/page.tsx'
    Imported via "@/components/ui/button" from file 'C:/Users/prett/OneDrive/Desktop/projects/SoloSuccess-AI/app/auth/device-approval/page.tsx'
    Imported via "@/components/ui/button" from file 'C:/Users/prett/OneDrive/Desktop/projects/SoloSuccess-AI/app/auth/sessions/page.tsx'
    Imported via "@/components/ui/button" from file 'C:/Users/prett/OneDrive/Desktop/projects/SoloSuccess-AI/src/components/custom-agents/custom-agent-chat.tsx'
    Imported via '@/components/ui/button' from file 'C:/Users/prett/OneDrive/Desktop/projects/SoloSuccess-AI/src/components/subscription/subscription-guard.tsx'
    Imported via "@/components/ui/button" from file 'C:/Users/prett/OneDrive/Desktop/projects/SoloSuccess-AI/src/components/custom-agents/security-dashboard.tsx'
    Imported via "@/components/ui/button" from file 'C:/Users/prett/OneDrive/Desktop/projects/SoloSuccess-AI/src/components/custom-agents/training-dashboard.tsx'
    Imported via '@/components/ui/button' from file 'C:/Users/prett/OneDrive/Desktop/projects/SoloSuccess-AI/app/dashboard/error.tsx'
    Imported via "@/components/ui/button" from file 'C:/Users/prett/OneDrive/Desktop/projects/SoloSuccess-AI/src/components/ui/sidebar.tsx'
    Imported via "@/components/ui/button" from file 'C:/Users/prett/OneDrive/Desktop/projects/SoloSuccess-AI/src/components/ui/tip-settings-button.tsx'
    Imported via "@/components/ui/button" from file 'C:/Users/prett/OneDrive/Desktop/projects/SoloSuccess-AI/src/components/ui/tip-settings.tsx'
    Imported via '@/components/ui/button' from file 'C:/Users/prett/OneDrive/Desktop/projects/SoloSuccess-AI/src/components/DashboardHeader.tsx'
    Imported via "@/components/ui/button" from file 'C:/Users/prett/OneDrive/Desktop/projects/SoloSuccess-AI/src/components/mobile/mobile-navigation.tsx'
    Imported via "@/components/ui/button" from file 'C:/Users/prett/OneDrive/Desktop/projects/SoloSuccess-AI/src/components/onboarding/simple-onboarding.tsx'
    Imported via "@/components/ui/button" from file 'C:/Users/prett/OneDrive/Desktop/projects/SoloSuccess-AI/src/components/onboarding/welcome-dashboard.tsx'
    Imported via "@/components/ui/button" from file 'C:/Users/prett/OneDrive/Desktop/projects/SoloSuccess-AI/src/components/mobile/pwa-install-prompt.tsx'
    Imported via "@/components/ui/button" from file 'C:/Users/prett/OneDrive/Desktop/projects/SoloSuccess-AI/src/components/mobile/mobile-pwa-provider.tsx'
    Imported via "@/components/ui/button" from file 'C:/Users/prett/OneDrive/Desktop/projects/SoloSuccess-AI/src/components/mobile/mobile-dashboard-widgets.tsx'
    Imported via "@/components/ui/button" from file 'C:/Users/prett/OneDrive/Desktop/projects/SoloSuccess-AI/src/components/mobile/voice-task-creator.tsx'
    Imported via "@/components/ui/button" from file 'C:/Users/prett/OneDrive/Desktop/projects/SoloSuccess-AI/src/components/mobile/mobile-dashboard.tsx'
    Imported via "@/components/ui/button" from file 'C:/Users/prett/OneDrive/Desktop/projects/SoloSuccess-AI/src/components/mobile/mobile-dashboard-enhanced.tsx'
    Imported via "@/components/ui/button" from file 'C:/Users/prett/OneDrive/Desktop/projects/SoloSuccess-AI/app/dashboard/agents/page.tsx'
    Imported via '@/components/ui/button' from file 'C:/Users/prett/OneDrive/Desktop/projects/SoloSuccess-AI/app/dashboard/analytics/page.tsx'
    Imported via '@/components/ui/button' from file 'C:/Users/prett/OneDrive/Desktop/projects/SoloSuccess-AI/app/dashboard/brand/page.tsx'
    Imported via '@/components/ui/button' from file 'C:/Users/prett/OneDrive/Desktop/projects/SoloSuccess-AI/app/dashboard/briefcase/page.tsx'
    Imported via '@/components/ui/button' from file 'C:/Users/prett/OneDrive/Desktop/projects/SoloSuccess-AI/src/components/collaboration/CollaborationDashboard.tsx'
    Imported via '@/components/ui/button' from file 'C:/Users/prett/OneDrive/Desktop/projects/SoloSuccess-AI/app/dashboard/collaboration/sessions/[id]/page.tsx'
    Imported via '@/components/ui/button' from file 'C:/Users/prett/OneDrive/Desktop/projects/SoloSuccess-AI/src/components/collaboration/MessageInterface.tsx'
    Imported via '@/components/ui/button' from file 'C:/Users/prett/OneDrive/Desktop/projects/SoloSuccess-AI/src/components/collaboration/AgentInterface.tsx'
    Imported via '@/components/ui/button' from file 'C:/Users/prett/OneDrive/Desktop/projects/SoloSuccess-AI/src/components/collaboration/SessionControls.tsx'
    Imported via "@/components/ui/button" from file 'C:/Users/prett/OneDrive/Desktop/projects/SoloSuccess-AI/app/dashboard/competitors/page.tsx'
    Imported via "@/components/ui/button" from file 'C:/Users/prett/OneDrive/Desktop/projects/SoloSuccess-AI/src/components/ui/alert-dialog.tsx'
    Imported via '@/components/ui/button' from file 'C:/Users/prett/OneDrive/Desktop/projects/SoloSuccess-AI/app/dashboard/competitors/intelligence/page.tsx'
    Imported via "@/components/ui/button" from file 'C:/Users/prett/OneDrive/Desktop/projects/SoloSuccess-AI/src/components/evolve/evolve-dashboard.tsx'
    Imported via "@/components/ui/button" from file 'C:/Users/prett/OneDrive/Desktop/projects/SoloSuccess-AI/src/components/evolve/first-hire-architect.tsx'
    Imported via "@/components/ui/button" from file 'C:/Users/prett/OneDrive/Desktop/projects/SoloSuccess-AI/src/components/evolve/compensation-modeler.tsx'
    Imported via "@/components/ui/button" from file 'C:/Users/prett/OneDrive/Desktop/projects/SoloSuccess-AI/src/components/integrations/integration-hub.tsx'
    Imported via '@/components/ui/button' from file 'C:/Users/prett/OneDrive/Desktop/projects/SoloSuccess-AI/app/dashboard/learning/page.tsx'
    Imported via "@/components/ui/button" from file 'C:/Users/prett/OneDrive/Desktop/projects/SoloSuccess-AI/app/dashboard/notifications/page.tsx'
    Imported via '@/components/ui/button' from file 'C:/Users/prett/OneDrive/Desktop/projects/SoloSuccess-AI/app/dashboard/settings/page.tsx'
    Imported via '@/components/ui/button' from file 'C:/Users/prett/OneDrive/Desktop/projects/SoloSuccess-AI/app/dashboard/settings/page.tsx'
    Imported via '@/components/ui/button' from file 'C:/Users/prett/OneDrive/Desktop/projects/SoloSuccess-AI/src/components/integrations/social-media-integration.tsx'
    Imported via '@/components/ui/button' from file 'C:/Users/prett/OneDrive/Desktop/projects/SoloSuccess-AI/src/components/integrations/calendar-integration.tsx'
    Imported via '@/components/ui/button' from file 'C:/Users/prett/OneDrive/Desktop/projects/SoloSuccess-AI/src/components/integrations/revenue-integration.tsx'
    Imported via "@/components/ui/button" from file 'C:/Users/prett/OneDrive/Desktop/projects/SoloSuccess-AI/app/dashboard/slaylist/page.tsx'
    Imported via "@/components/ui/button" from file 'C:/Users/prett/OneDrive/Desktop/projects/SoloSuccess-AI/src/components/ai/task-intelligence-panel.tsx'
    Imported via "@/components/ui/button" from file 'C:/Users/prett/OneDrive/Desktop/projects/SoloSuccess-AI/src/components/voice/voice-task-creator.tsx'
    Imported via '@/components/ui/button' from file 'C:/Users/prett/OneDrive/Desktop/projects/SoloSuccess-AI/src/components/subscription/subscription-manager.tsx'
    Imported via "@/components/ui/button" from file 'C:/Users/prett/OneDrive/Desktop/projects/SoloSuccess-AI/app/dashboard/templates/page.tsx'
    Imported via "@/components/ui/button" from file 'C:/Users/prett/OneDrive/Desktop/projects/SoloSuccess-AI/app/dashboard/workspace/page.tsx'
    Imported via "@/components/ui/button" from file 'C:/Users/prett/OneDrive/Desktop/projects/SoloSuccess-AI/src/components/templates/decision-dashboard.tsx'
    Imported via '@/components/ui/button' from file 'C:/Users/prett/OneDrive/Desktop/projects/SoloSuccess-AI/src/components/templates/delegation-list-builder.tsx'
    Imported via '@/components/ui/button' from file 'C:/Users/prett/OneDrive/Desktop/projects/SoloSuccess-AI/src/components/templates/dm-sales-script-generator.tsx'
    Imported via '@/components/ui/button' from file 'C:/Users/prett/OneDrive/Desktop/projects/SoloSuccess-AI/src/components/templates/freebie-funnel-builder.tsx'
    Imported via '@/components/ui/button' from file 'C:/Users/prett/OneDrive/Desktop/projects/SoloSuccess-AI/src/components/templates/i-hate-this-tracker.tsx'
    Imported via '@/components/ui/button' from file 'C:/Users/prett/OneDrive/Desktop/projects/SoloSuccess-AI/src/components/templates/live-launch-tracker.tsx'
    Imported via '@/components/ui/button' from file 'C:/Users/prett/OneDrive/Desktop/projects/SoloSuccess-AI/src/components/templates/offer-comparison-matrix.tsx'
    Imported via '@/components/ui/button' from file 'C:/Users/prett/OneDrive/Desktop/projects/SoloSuccess-AI/src/components/templates/quarterly-biz-review.tsx'
    Imported via '@/components/ui/button' from file 'C:/Users/prett/OneDrive/Desktop/projects/SoloSuccess-AI/src/components/templates/upsell-flow-builder.tsx'
    Imported via '@/components/ui/button' from file 'C:/Users/prett/OneDrive/Desktop/projects/SoloSuccess-AI/src/components/templates/vision-board-generator.tsx'
    Imported via '@/components/ui/button' from file 'C:/Users/prett/OneDrive/Desktop/projects/SoloSuccess-AI/src/components/templates/pre-mortem-template.tsx'
    Imported via '@/components/ui/button' from file 'C:/Users/prett/OneDrive/Desktop/projects/SoloSuccess-AI/src/components/templates/reverse-engineer-role-models.tsx'
    Imported via '@/components/ui/button' from file 'C:/Users/prett/OneDrive/Desktop/projects/SoloSuccess-AI/src/components/templates/big-leap-planner.tsx'
    Imported via '@/components/ui/button' from file 'C:/Users/prett/OneDrive/Desktop/projects/SoloSuccess-AI/src/components/templates/offer-naming-generator.tsx'
    Imported via '@/components/ui/button' from file 'C:/Users/prett/OneDrive/Desktop/projects/SoloSuccess-AI/src/components/templates/brag-bank-template.tsx'
    Imported via '@/components/ui/button' from file 'C:/Users/prett/OneDrive/Desktop/projects/SoloSuccess-AI/src/components/templates/founder-feelings-tracker.tsx'
    Imported via '@/components/ui/button' from file 'C:/Users/prett/OneDrive/Desktop/projects/SoloSuccess-AI/src/components/templates/viral-hook-generator.tsx'
    Imported via '@/components/ui/button' from file 'C:/Users/prett/OneDrive/Desktop/projects/SoloSuccess-AI/src/components/templates/values-aligned-biz-filter.tsx'
    Imported via '@/components/ui/button' from file 'C:/Users/prett/OneDrive/Desktop/projects/SoloSuccess-AI/src/components/templates/ai-collab-planner.tsx'
    Imported via '@/components/ui/button' from file 'C:/Users/prett/OneDrive/Desktop/projects/SoloSuccess-AI/src/components/templates/pr-pitch-template.tsx'
    Imported via '@/components/ui/button' from file 'C:/Users/prett/OneDrive/Desktop/projects/SoloSuccess-AI/src/components/auth/forgot-password-form.tsx'
    Imported via '@/components/ui/button' from file 'C:/Users/prett/OneDrive/Desktop/projects/SoloSuccess-AI/app/gdpr/page.tsx'
    Imported via '@/components/ui/button' from file 'C:/Users/prett/OneDrive/Desktop/projects/SoloSuccess-AI/src/components/auth/login-form.tsx'
    Imported via "@/components/ui/button" from file 'C:/Users/prett/OneDrive/Desktop/projects/SoloSuccess-AI/app/offline/page.tsx'
    Imported via '@/components/ui/button' from file 'C:/Users/prett/OneDrive/Desktop/projects/SoloSuccess-AI/src/components/auth/register-form.tsx'
    Imported via "@/components/ui/button" from file 'C:/Users/prett/OneDrive/Desktop/projects/SoloSuccess-AI/app/team/page.tsx'
    Imported via "@/components/ui/button" from file 'C:/Users/prett/OneDrive/Desktop/projects/SoloSuccess-AI/src/components/guardian-ai/guardian-ai-dashboard.tsx'
    Imported via "@/components/ui/button" from file 'C:/Users/prett/OneDrive/Desktop/projects/SoloSuccess-AI/src/components/guardian-ai/compliance-scanner.tsx'
    Imported via "@/components/ui/button" from file 'C:/Users/prett/OneDrive/Desktop/projects/SoloSuccess-AI/src/components/guardian-ai/policy-generator.tsx'
    Imported via "@/components/ui/button" from file 'C:/Users/prett/OneDrive/Desktop/projects/SoloSuccess-AI/src/components/guardian-ai/consent-management.tsx'
    Imported via "@/components/ui/button" from file 'C:/Users/prett/OneDrive/Desktop/projects/SoloSuccess-AI/src/components/decision-frameworks/cost-benefit-matrix.tsx'
    Imported via "@/components/ui/button" from file 'C:/Users/prett/OneDrive/Desktop/projects/SoloSuccess-AI/src/components/decision-frameworks/spade-framework.tsx'
    Imported via "@/components/ui/button" from file 'C:/Users/prett/OneDrive/Desktop/projects/SoloSuccess-AI/src/components/decision-frameworks/five-whys-analysis.tsx'
    Imported via "@/components/ui/button" from file 'C:/Users/prett/OneDrive/Desktop/projects/SoloSuccess-AI/app/user/page.tsx'
    Imported via '@/components/ui/button' from file 'C:/Users/prett/OneDrive/Desktop/projects/SoloSuccess-AI/src/components/BrandStudioSaveIntegration.tsx'
    Imported via '@/components/ui/button' from file 'C:/Users/prett/OneDrive/Desktop/projects/SoloSuccess-AI/src/components/ChatSaveIntegration.tsx'
    Imported via '@/components/ui/button' from file 'C:/Users/prett/OneDrive/Desktop/projects/SoloSuccess-AI/src/components/TemplateSaveIntegration.tsx'
    Imported via '@/components/ui/button' from file 'C:/Users/prett/OneDrive/Desktop/projects/SoloSuccess-AI/src/components/file-preview-modal.tsx'
    Imported via "@/components/ui/button" from file 'C:/Users/prett/OneDrive/Desktop/projects/SoloSuccess-AI/src/components/theme-toggle.tsx'
    Imported via '@/components/ui/button' from file 'C:/Users/prett/OneDrive/Desktop/projects/SoloSuccess-AI/src/components/ai/smart-prioritizer.tsx'
    Imported via '@/components/ui/button' from file 'C:/Users/prett/OneDrive/Desktop/projects/SoloSuccess-AI/src/components/analytics/advanced-data-visualization.tsx'
    Imported via '@/components/ui/Button' from file 'C:/Users/prett/OneDrive/Desktop/projects/SoloSuccess-AI/src/components/analytics/advanced-data-visualization.tsx'
    Imported via '@/components/ui/button' from file 'C:/Users/prett/OneDrive/Desktop/projects/SoloSuccess-AI/src/components/analytics/analytics-dashboard.tsx'
    Imported via '@/components/ui/button' from file 'C:/Users/prett/OneDrive/Desktop/projects/SoloSuccess-AI/src/components/analytics/predictive-insights-dashboard.tsx'
    Imported via '@/components/ui/button' from file 'C:/Users/prett/OneDrive/Desktop/projects/SoloSuccess-AI/src/components/analytics/custom-report-builder-enhanced.tsx'
    Imported via '@/components/ui/button' from file 'C:/Users/prett/OneDrive/Desktop/projects/SoloSuccess-AI/src/components/analytics/custom-report-builder.tsx'
    Imported via '@/components/ui/Button' from file 'C:/Users/prett/OneDrive/Desktop/projects/SoloSuccess-AI/src/components/analytics/custom-report-builder.tsx'
    Imported via '@/components/ui/button' from file 'C:/Users/prett/OneDrive/Desktop/projects/SoloSuccess-AI/src/components/analytics/productivity-dashboard.tsx'
    Imported via '@/components/ui/button' from file 'C:/Users/prett/OneDrive/Desktop/projects/SoloSuccess-AI/src/components/auth/sign-out-button.tsx'
    Imported via '@/components/ui/button' from file 'C:/Users/prett/OneDrive/Desktop/projects/SoloSuccess-AI/src/components/briefcase/advanced-search-panel.tsx'
    Imported via "@/components/ui/button" from file 'C:/Users/prett/OneDrive/Desktop/projects/SoloSuccess-AI/src/components/ui/date-range-picker.tsx'
    Imported via '@/components/ui/button' from file 'C:/Users/prett/OneDrive/Desktop/projects/SoloSuccess-AI/src/components/ui/calendar.tsx'
    Imported via '@/components/ui/button' from file 'C:/Users/prett/OneDrive/Desktop/projects/SoloSuccess-AI/src/components/briefcase/ai-insights-panel.tsx'
    Imported via '@/components/ui/button' from file 'C:/Users/prett/OneDrive/Desktop/projects/SoloSuccess-AI/src/components/briefcase/bulk-operations-panel.tsx'
    Imported via '@/components/ui/button' from file 'C:/Users/prett/OneDrive/Desktop/projects/SoloSuccess-AI/src/components/briefcase/document-versioning-modal.tsx'
    Imported via '@/components/ui/button' from file 'C:/Users/prett/OneDrive/Desktop/projects/SoloSuccess-AI/src/components/briefcase/enhanced-dashboard.tsx'
    Imported via '@/components/ui/button' from file 'C:/Users/prett/OneDrive/Desktop/projects/SoloSuccess-AI/src/components/briefcase/enhanced-file-preview-modal.tsx'
    Imported via '@/components/ui/button' from file 'C:/Users/prett/OneDrive/Desktop/projects/SoloSuccess-AI/src/components/briefcase/file-metadata-panel.tsx'
    Imported via '@/components/ui/button' from file 'C:/Users/prett/OneDrive/Desktop/projects/SoloSuccess-AI/src/components/briefcase/file-sharing-modal.tsx'
    Imported via '@/components/ui/button' from file 'C:/Users/prett/OneDrive/Desktop/projects/SoloSuccess-AI/src/components/briefcase/folder-creation-dialog.tsx'
    Imported via '@/components/ui/button' from file 'C:/Users/prett/OneDrive/Desktop/projects/SoloSuccess-AI/src/components/briefcase/version-history-modal.tsx'
    Imported via '@/components/ui/button' from file 'C:/Users/prett/OneDrive/Desktop/projects/SoloSuccess-AI/src/components/collaboration/SessionManager.tsx'
    Imported via "@/components/ui/button" from file 'C:/Users/prett/OneDrive/Desktop/projects/SoloSuccess-AI/src/components/collaboration/collaboration-hub.tsx'
    Imported via '@/components/ui/button' from file 'C:/Users/prett/OneDrive/Desktop/projects/SoloSuccess-AI/src/components/competitors/alert-dashboard.tsx'
    Imported via '@/components/ui/button' from file 'C:/Users/prett/OneDrive/Desktop/projects/SoloSuccess-AI/src/components/competitors/alert-notifications.tsx'
    Imported via '@/components/ui/button' from file 'C:/Users/prett/OneDrive/Desktop/projects/SoloSuccess-AI/src/components/competitors/blaze-growth-intelligence.tsx'
    Imported via '@/components/ui/button' from file 'C:/Users/prett/OneDrive/Desktop/projects/SoloSuccess-AI/src/components/competitors/notification-preferences.tsx'
    Imported via '@/components/ui/button' from file 'C:/Users/prett/OneDrive/Desktop/projects/SoloSuccess-AI/src/components/competitors/pricing-intelligence-dashboard.tsx'
    Imported via '@/components/ui/button' from file 'C:/Users/prett/OneDrive/Desktop/projects/SoloSuccess-AI/src/components/competitors/scraping-manager.tsx'
    Imported via "@/components/ui/button" from file 'C:/Users/prett/OneDrive/Desktop/projects/SoloSuccess-AI/src/components/dashboard/google-calendar-widget.tsx'
    Imported via "@/components/ui/Button" from file 'C:/Users/prett/OneDrive/Desktop/projects/SoloSuccess-AI/src/components/feedback/holographic-feedback-widget.tsx'
    Imported via "@/components/ui/button" from file 'C:/Users/prett/OneDrive/Desktop/projects/SoloSuccess-AI/src/components/footer/app-footer.tsx'
    Imported via '@/components/ui/button' from file 'C:/Users/prett/OneDrive/Desktop/projects/SoloSuccess-AI/src/components/forms/secure-contact-form.tsx'
    Imported via "@/components/ui/button" from file 'C:/Users/prett/OneDrive/Desktop/projects/SoloSuccess-AI/src/components/gamification/achievement-celebration.tsx'
    Imported via '@/components/ui/button' from file 'C:/Users/prett/OneDrive/Desktop/projects/SoloSuccess-AI/src/components/intelligence/agent-briefing-dashboard.tsx'
    Imported via '@/components/ui/button' from file 'C:/Users/prett/OneDrive/Desktop/projects/SoloSuccess-AI/src/components/intelligence/briefing-dashboard.tsx'
    Imported via "@/components/ui/button" from file 'C:/Users/prett/OneDrive/Desktop/projects/SoloSuccess-AI/src/components/intelligence/intelligence-results.tsx'
    Imported via "@/components/ui/button" from file 'C:/Users/prett/OneDrive/Desktop/projects/SoloSuccess-AI/src/components/intelligence/intelligence-search.tsx'
    Imported via '@/components/ui/button' from file 'C:/Users/prett/OneDrive/Desktop/projects/SoloSuccess-AI/src/components/marketing/plan-quiz.tsx'
    Imported via "@/components/ui/button" from file 'C:/Users/prett/OneDrive/Desktop/projects/SoloSuccess-AI/src/components/notifications/notification-settings.tsx'
    Imported via "@/components/ui/button" from file 'C:/Users/prett/OneDrive/Desktop/projects/SoloSuccess-AI/src/components/onboarding/enhanced-welcome-flow.tsx'
    Imported via "@/components/ui/button" from file 'C:/Users/prett/OneDrive/Desktop/projects/SoloSuccess-AI/src/components/onboarding/feature-discovery.tsx'
    Imported via "@/components/ui/button" from file 'C:/Users/prett/OneDrive/Desktop/projects/SoloSuccess-AI/src/components/onboarding/interactive-tutorial.tsx'
    Imported via "@/components/ui/button" from file 'C:/Users/prett/OneDrive/Desktop/projects/SoloSuccess-AI/src/components/onboarding/onboarding-wizard.tsx'
    Imported via "@/components/ui/button" from file 'C:/Users/prett/OneDrive/Desktop/projects/SoloSuccess-AI/src/components/onboarding/progressive-onboarding.tsx'
    Imported via "@/components/ui/button" from file 'C:/Users/prett/OneDrive/Desktop/projects/SoloSuccess-AI/src/components/profile/enhanced-profile-modal.tsx'
    Imported via "@/components/ui/button" from file 'C:/Users/prett/OneDrive/Desktop/projects/SoloSuccess-AI/src/components/profile/profile-modal.tsx'
    Imported via '@/components/ui/button' from file 'C:/Users/prett/OneDrive/Desktop/projects/SoloSuccess-AI/src/components/recaptcha/recaptcha-button.tsx'
    Imported via "@/components/ui/button" from file 'C:/Users/prett/OneDrive/Desktop/projects/SoloSuccess-AI/src/components/schedule/schedule-demo-modal.tsx'
    Imported via '@/components/ui/button' from file 'C:/Users/prett/OneDrive/Desktop/projects/SoloSuccess-AI/src/components/settings/api-keys-tutorial.tsx'
    Imported via "@/components/ui/button" from file 'C:/Users/prett/OneDrive/Desktop/projects/SoloSuccess-AI/src/components/shared/shared-landing-page.tsx'
    Imported via "@/components/ui/button" from file 'C:/Users/prett/OneDrive/Desktop/projects/SoloSuccess-AI/src/components/social/boss-community.tsx'
    Imported via "@/components/ui/button" from file 'C:/Users/prett/OneDrive/Desktop/projects/SoloSuccess-AI/src/components/subscription/feature-gate.tsx'
    Imported via '@/components/ui/button' from file 'C:/Users/prett/OneDrive/Desktop/projects/SoloSuccess-AI/src/components/subscription/pricing-cards.tsx'
    Imported via "@/components/ui/button" from file 'C:/Users/prett/OneDrive/Desktop/projects/SoloSuccess-AI/src/components/subscription/subscription-status.tsx'
    Imported via "@/components/ui/button" from file 'C:/Users/prett/OneDrive/Desktop/projects/SoloSuccess-AI/src/components/tasks/gesture-task-card.tsx'
    Imported via "@/components/ui/button" from file 'C:/Users/prett/OneDrive/Desktop/projects/SoloSuccess-AI/src/components/templates/customer-journey-mapper.tsx'
    Imported via "@/components/ui/button" from file 'C:/Users/prett/OneDrive/Desktop/projects/SoloSuccess-AI/src/components/templates/email-campaign-builder.tsx'
    Imported via "@/components/ui/button" from file 'C:/Users/prett/OneDrive/Desktop/projects/SoloSuccess-AI/src/components/templates/project-timeline.tsx'
    Imported via '@/components/ui/button' from file 'C:/Users/prett/OneDrive/Desktop/projects/SoloSuccess-AI/src/components/templates/saved-templates-list.tsx'
    Imported via "@/components/ui/button" from file 'C:/Users/prett/OneDrive/Desktop/projects/SoloSuccess-AI/src/components/templates/social-media-strategy.tsx'
    Imported via "@/components/ui/button" from file 'C:/Users/prett/OneDrive/Desktop/projects/SoloSuccess-AI/src/components/templates/strategic-business-plan.tsx'
    Imported via '@/components/ui/button' from file 'C:/Users/prett/OneDrive/Desktop/projects/SoloSuccess-AI/src/components/temporal/workflow-status.tsx'
    Imported via './Button' from file 'C:/Users/prett/OneDrive/Desktop/projects/SoloSuccess-AI/src/components/ui/Modal.tsx'
    Imported via './button' from file 'C:/Users/prett/OneDrive/Desktop/projects/SoloSuccess-AI/src/components/ui/button.stories.tsx'
    Matched by include pattern 'src/**/*' in 'C:/Users/prett/OneDrive/Desktop/projects/SoloSuccess-AI/tsconfig.json'
    Imported via "@/components/ui/button" from file 'C:/Users/prett/OneDrive/Desktop/projects/SoloSuccess-AI/src/components/ui/carousel.tsx'
    Imported via './button' from file 'C:/Users/prett/OneDrive/Desktop/projects/SoloSuccess-AI/src/components/ui/error-boundary.tsx'
    Imported via "@/components/ui/button" from file 'C:/Users/prett/OneDrive/Desktop/projects/SoloSuccess-AI/src/components/ui/error-handler.tsx'
    Imported via "@/components/ui/button" from file 'C:/Users/prett/OneDrive/Desktop/projects/SoloSuccess-AI/src/components/ui/floating-action-button.tsx'
    Imported via "@/components/ui/button" from file 'C:/Users/prett/OneDrive/Desktop/projects/SoloSuccess-AI/src/components/ui/help-tooltip.tsx'
    Imported via "@/components/ui/button" from file 'C:/Users/prett/OneDrive/Desktop/projects/SoloSuccess-AI/src/components/ui/pagination.tsx'
    Imported via '@/components/ui/button' from file 'C:/Users/prett/OneDrive/Desktop/projects/SoloSuccess-AI/src/components/ui/voice-input.tsx'
    Imported via "@/components/ui/button" from file 'C:/Users/prett/OneDrive/Desktop/projects/SoloSuccess-AI/src/components/voice/voice-chat.tsx'
    Imported via '@/components/ui/button' from file 'C:/Users/prett/OneDrive/Desktop/projects/SoloSuccess-AI/src/components/workflow/visual-workflow-builder.tsx'
    Imported via '@/components/ui/Button' from file 'C:/Users/prett/OneDrive/Desktop/projects/SoloSuccess-AI/src/components/workflow/visual-workflow-builder.tsx'
    Imported via '@/components/ui/Button' from file 'C:/Users/prett/OneDrive/Desktop/projects/SoloSuccess-AI/src/components/workflow/workflow-dashboard.tsx'
    Imported via '@/components/ui/button' from file 'C:/Users/prett/OneDrive/Desktop/projects/SoloSuccess-AI/src/components/workflow/workflow-templates.tsx'
    Imported via '@/components/ui/Button' from file 'C:/Users/prett/OneDrive/Desktop/projects/SoloSuccess-AI/src/components/workflow/workflow-templates.tsx'
    Imported via '@/components/ui/button' from file 'C:/Users/prett/OneDrive/Desktop/projects/SoloSuccess-AI/src/components/workflow/workflow-execution-monitor.tsx'
    Imported via '@/components/ui/Button' from file 'C:/Users/prett/OneDrive/Desktop/projects/SoloSuccess-AI/src/components/workflow/workflow-execution-monitor.tsx'
src/components/analytics/advanced-data-visualization.tsx(29,25): error TS1149: File name 'C:/Users/prett/OneDrive/Desktop/projects/SoloSuccess-AI/src/components/ui/Loading.tsx' differs from already included file name 'C:/Users/prett/OneDrive/Desktop/projects/SoloSuccess-AI/src/components/ui/loading.tsx' only in casing.
  The file is in the program because:
    Imported via "@/components/ui/loading" from file 'C:/Users/prett/OneDrive/Desktop/projects/SoloSuccess-AI/src/components/feedback/feedback-widget.tsx'
    Imported via "@/components/ui/loading" from file 'C:/Users/prett/OneDrive/Desktop/projects/SoloSuccess-AI/app/dashboard/competitors/page.tsx'
    Imported via "@/components/ui/loading" from file 'C:/Users/prett/OneDrive/Desktop/projects/SoloSuccess-AI/app/dashboard/competitors/[id]/edit/page.tsx'
    Imported via "@/components/ui/loading" from file 'C:/Users/prett/OneDrive/Desktop/projects/SoloSuccess-AI/app/dashboard/competitors/discover/page.tsx'
    Imported via "@/components/ui/loading" from file 'C:/Users/prett/OneDrive/Desktop/projects/SoloSuccess-AI/app/dashboard/notifications/page.tsx'
    Imported via '@/components/ui/Loading' from file 'C:/Users/prett/OneDrive/Desktop/projects/SoloSuccess-AI/src/components/analytics/advanced-data-visualization.tsx'
    Imported via '@/components/ui/Loading' from file 'C:/Users/prett/OneDrive/Desktop/projects/SoloSuccess-AI/src/components/analytics/custom-report-builder.tsx'
    Imported via "@/components/ui/loading" from file 'C:/Users/prett/OneDrive/Desktop/projects/SoloSuccess-AI/src/components/dashboard/intelligence-dashboard.tsx'
    Imported via "@/components/ui/Loading" from file 'C:/Users/prett/OneDrive/Desktop/projects/SoloSuccess-AI/src/components/feedback/holographic-feedback-widget.tsx'
    Matched by include pattern 'src/**/*' in 'C:/Users/prett/OneDrive/Desktop/projects/SoloSuccess-AI/tsconfig.json'
    Imported via '@/components/ui/Loading' from file 'C:/Users/prett/OneDrive/Desktop/projects/SoloSuccess-AI/src/components/workflow/visual-workflow-builder.tsx'
    Imported via '@/components/ui/Loading' from file 'C:/Users/prett/OneDrive/Desktop/projects/SoloSuccess-AI/src/components/workflow/workflow-dashboard.tsx'
    Imported via '@/components/ui/Loading' from file 'C:/Users/prett/OneDrive/Desktop/projects/SoloSuccess-AI/src/components/workflow/workflow-execution-monitor.tsx'
src/components/analytics/advanced-data-visualization.tsx(463,24): error TS2322: Type '"secondary"' is not assignable to type '"cyan" | "purple" | "magenta" | "lime" | "orange"'.
src/components/analytics/advanced-data-visualization.tsx(490,31): error TS2322: Type '(e: React.MouseEvent<HTMLButtonElement>) => void' is not assignable to type '() => void'.
  Target signature provides too few arguments. Expected 1 or more, but got 0.
src/components/analytics/advanced-data-visualization.tsx(505,31): error TS2322: Type '(e: React.MouseEvent<HTMLButtonElement>) => void' is not assignable to type '() => void'.
  Target signature provides too few arguments. Expected 1 or more, but got 0.
src/components/analytics/advanced-data-visualization.tsx(574,38): error TS2322: Type '{ text: string; }' is not assignable to type 'IntrinsicAttributes & LoadingProps'.
  Property 'text' does not exist on type 'IntrinsicAttributes & LoadingProps'.
src/components/analytics/analytics-dashboard.tsx(221,26): error TS2322: Type '"secondary"' is not assignable to type '"cyan" | "purple" | "magenta" | "lime" | "orange"'.
src/components/analytics/analytics-dashboard.tsx(229,26): error TS2322: Type '"secondary"' is not assignable to type '"cyan" | "purple" | "magenta" | "lime" | "orange"'.
src/components/analytics/analytics-dashboard.tsx(237,26): error TS2322: Type '"secondary"' is not assignable to type '"cyan" | "purple" | "magenta" | "lime" | "orange"'.
src/components/analytics/custom-report-builder-enhanced.tsx(453,30): error TS2322: Type '"outline"' is not assignable to type '"cyan" | "purple" | "magenta" | "lime" | "orange"'.
src/components/analytics/custom-report-builder.tsx(42,31): error TS1149: File name 'C:/Users/prett/OneDrive/Desktop/projects/SoloSuccess-AI/src/components/ui/Button.tsx' differs from already included file name 'C:/Users/prett/OneDrive/Desktop/projects/SoloSuccess-AI/src/components/ui/button.tsx' only in casing.
  The file is in the program because:
    Imported via "@/components/ui/button" from file 'C:/Users/prett/OneDrive/Desktop/projects/SoloSuccess-AI/app/error.tsx'
    Imported via '@/components/ui/button' from file 'C:/Users/prett/OneDrive/Desktop/projects/SoloSuccess-AI/src/components/performance/performance-monitor.tsx'
    Imported via '@/components/ui/button' from file 'C:/Users/prett/OneDrive/Desktop/projects/SoloSuccess-AI/src/components/performance/service-worker-register.tsx'
    Imported via '@/components/ui/button' from file 'C:/Users/prett/OneDrive/Desktop/projects/SoloSuccess-AI/src/components/marketing/exit-intent-survey.tsx'
    Imported via "@/components/ui/button" from file 'C:/Users/prett/OneDrive/Desktop/projects/SoloSuccess-AI/src/components/ui/accessibility.tsx'
    Imported via "@/components/ui/button" from file 'C:/Users/prett/OneDrive/Desktop/projects/SoloSuccess-AI/src/components/chat/floating-chat-button.tsx'
    Imported via "@/components/ui/button" from file 'C:/Users/prett/OneDrive/Desktop/projects/SoloSuccess-AI/src/components/chat/mobile-chat-interface.tsx'
    Imported via "@/components/ui/button" from file 'C:/Users/prett/OneDrive/Desktop/projects/SoloSuccess-AI/src/components/ui/smart-tip.tsx'
    Imported via "@/components/ui/button" from file 'C:/Users/prett/OneDrive/Desktop/projects/SoloSuccess-AI/src/components/feedback/feedback-widget.tsx'
    Imported via "@/components/ui/button" from file 'C:/Users/prett/OneDrive/Desktop/projects/SoloSuccess-AI/src/components/mobile/offline-data-manager.tsx'
    Imported via "@/components/ui/button" from file 'C:/Users/prett/OneDrive/Desktop/projects/SoloSuccess-AI/app/not-found.tsx'
    Imported via "@/components/ui/button" from file 'C:/Users/prett/OneDrive/Desktop/projects/SoloSuccess-AI/app/account-recovery/account-recovery-client.tsx'
    Imported via "@/components/ui/button" from file 'C:/Users/prett/OneDrive/Desktop/projects/SoloSuccess-AI/app/account-recovery/page.tsx'
    Imported via "@/components/ui/button" from file 'C:/Users/prett/OneDrive/Desktop/projects/SoloSuccess-AI/app/auth/2fa/page.tsx'
    Imported via "@/components/ui/button" from file 'C:/Users/prett/OneDrive/Desktop/projects/SoloSuccess-AI/app/auth/device-approval/page.tsx'
    Imported via "@/components/ui/button" from file 'C:/Users/prett/OneDrive/Desktop/projects/SoloSuccess-AI/app/auth/sessions/page.tsx'
    Imported via "@/components/ui/button" from file 'C:/Users/prett/OneDrive/Desktop/projects/SoloSuccess-AI/src/components/custom-agents/custom-agent-chat.tsx'
    Imported via '@/components/ui/button' from file 'C:/Users/prett/OneDrive/Desktop/projects/SoloSuccess-AI/src/components/subscription/subscription-guard.tsx'
    Imported via "@/components/ui/button" from file 'C:/Users/prett/OneDrive/Desktop/projects/SoloSuccess-AI/src/components/custom-agents/security-dashboard.tsx'
    Imported via "@/components/ui/button" from file 'C:/Users/prett/OneDrive/Desktop/projects/SoloSuccess-AI/src/components/custom-agents/training-dashboard.tsx'
    Imported via '@/components/ui/button' from file 'C:/Users/prett/OneDrive/Desktop/projects/SoloSuccess-AI/app/dashboard/error.tsx'
    Imported via "@/components/ui/button" from file 'C:/Users/prett/OneDrive/Desktop/projects/SoloSuccess-AI/src/components/ui/sidebar.tsx'
    Imported via "@/components/ui/button" from file 'C:/Users/prett/OneDrive/Desktop/projects/SoloSuccess-AI/src/components/ui/tip-settings-button.tsx'
    Imported via "@/components/ui/button" from file 'C:/Users/prett/OneDrive/Desktop/projects/SoloSuccess-AI/src/components/ui/tip-settings.tsx'
    Imported via '@/components/ui/button' from file 'C:/Users/prett/OneDrive/Desktop/projects/SoloSuccess-AI/src/components/DashboardHeader.tsx'
    Imported via "@/components/ui/button" from file 'C:/Users/prett/OneDrive/Desktop/projects/SoloSuccess-AI/src/components/mobile/mobile-navigation.tsx'
    Imported via "@/components/ui/button" from file 'C:/Users/prett/OneDrive/Desktop/projects/SoloSuccess-AI/src/components/onboarding/simple-onboarding.tsx'
    Imported via "@/components/ui/button" from file 'C:/Users/prett/OneDrive/Desktop/projects/SoloSuccess-AI/src/components/onboarding/welcome-dashboard.tsx'
    Imported via "@/components/ui/button" from file 'C:/Users/prett/OneDrive/Desktop/projects/SoloSuccess-AI/src/components/mobile/pwa-install-prompt.tsx'
    Imported via "@/components/ui/button" from file 'C:/Users/prett/OneDrive/Desktop/projects/SoloSuccess-AI/src/components/mobile/mobile-pwa-provider.tsx'
    Imported via "@/components/ui/button" from file 'C:/Users/prett/OneDrive/Desktop/projects/SoloSuccess-AI/src/components/mobile/mobile-dashboard-widgets.tsx'
    Imported via "@/components/ui/button" from file 'C:/Users/prett/OneDrive/Desktop/projects/SoloSuccess-AI/src/components/mobile/voice-task-creator.tsx'
    Imported via "@/components/ui/button" from file 'C:/Users/prett/OneDrive/Desktop/projects/SoloSuccess-AI/src/components/mobile/mobile-dashboard.tsx'
    Imported via "@/components/ui/button" from file 'C:/Users/prett/OneDrive/Desktop/projects/SoloSuccess-AI/src/components/mobile/mobile-dashboard-enhanced.tsx'
    Imported via "@/components/ui/button" from file 'C:/Users/prett/OneDrive/Desktop/projects/SoloSuccess-AI/app/dashboard/agents/page.tsx'
    Imported via '@/components/ui/button' from file 'C:/Users/prett/OneDrive/Desktop/projects/SoloSuccess-AI/app/dashboard/analytics/page.tsx'
    Imported via '@/components/ui/button' from file 'C:/Users/prett/OneDrive/Desktop/projects/SoloSuccess-AI/app/dashboard/brand/page.tsx'
    Imported via '@/components/ui/button' from file 'C:/Users/prett/OneDrive/Desktop/projects/SoloSuccess-AI/app/dashboard/briefcase/page.tsx'
    Imported via '@/components/ui/button' from file 'C:/Users/prett/OneDrive/Desktop/projects/SoloSuccess-AI/src/components/collaboration/CollaborationDashboard.tsx'
    Imported via '@/components/ui/button' from file 'C:/Users/prett/OneDrive/Desktop/projects/SoloSuccess-AI/app/dashboard/collaboration/sessions/[id]/page.tsx'
    Imported via '@/components/ui/button' from file 'C:/Users/prett/OneDrive/Desktop/projects/SoloSuccess-AI/src/components/collaboration/MessageInterface.tsx'
    Imported via '@/components/ui/button' from file 'C:/Users/prett/OneDrive/Desktop/projects/SoloSuccess-AI/src/components/collaboration/AgentInterface.tsx'
    Imported via '@/components/ui/button' from file 'C:/Users/prett/OneDrive/Desktop/projects/SoloSuccess-AI/src/components/collaboration/SessionControls.tsx'
    Imported via "@/components/ui/button" from file 'C:/Users/prett/OneDrive/Desktop/projects/SoloSuccess-AI/app/dashboard/competitors/page.tsx'
    Imported via "@/components/ui/button" from file 'C:/Users/prett/OneDrive/Desktop/projects/SoloSuccess-AI/src/components/ui/alert-dialog.tsx'
    Imported via '@/components/ui/button' from file 'C:/Users/prett/OneDrive/Desktop/projects/SoloSuccess-AI/app/dashboard/competitors/intelligence/page.tsx'
    Imported via "@/components/ui/button" from file 'C:/Users/prett/OneDrive/Desktop/projects/SoloSuccess-AI/src/components/evolve/evolve-dashboard.tsx'
    Imported via "@/components/ui/button" from file 'C:/Users/prett/OneDrive/Desktop/projects/SoloSuccess-AI/src/components/evolve/first-hire-architect.tsx'
    Imported via "@/components/ui/button" from file 'C:/Users/prett/OneDrive/Desktop/projects/SoloSuccess-AI/src/components/evolve/compensation-modeler.tsx'
    Imported via "@/components/ui/button" from file 'C:/Users/prett/OneDrive/Desktop/projects/SoloSuccess-AI/src/components/integrations/integration-hub.tsx'
    Imported via '@/components/ui/button' from file 'C:/Users/prett/OneDrive/Desktop/projects/SoloSuccess-AI/app/dashboard/learning/page.tsx'
    Imported via "@/components/ui/button" from file 'C:/Users/prett/OneDrive/Desktop/projects/SoloSuccess-AI/app/dashboard/notifications/page.tsx'
    Imported via '@/components/ui/button' from file 'C:/Users/prett/OneDrive/Desktop/projects/SoloSuccess-AI/app/dashboard/settings/page.tsx'
    Imported via '@/components/ui/button' from file 'C:/Users/prett/OneDrive/Desktop/projects/SoloSuccess-AI/app/dashboard/settings/page.tsx'
    Imported via '@/components/ui/button' from file 'C:/Users/prett/OneDrive/Desktop/projects/SoloSuccess-AI/src/components/integrations/social-media-integration.tsx'
    Imported via '@/components/ui/button' from file 'C:/Users/prett/OneDrive/Desktop/projects/SoloSuccess-AI/src/components/integrations/calendar-integration.tsx'
    Imported via '@/components/ui/button' from file 'C:/Users/prett/OneDrive/Desktop/projects/SoloSuccess-AI/src/components/integrations/revenue-integration.tsx'
    Imported via "@/components/ui/button" from file 'C:/Users/prett/OneDrive/Desktop/projects/SoloSuccess-AI/app/dashboard/slaylist/page.tsx'
    Imported via "@/components/ui/button" from file 'C:/Users/prett/OneDrive/Desktop/projects/SoloSuccess-AI/src/components/ai/task-intelligence-panel.tsx'
    Imported via "@/components/ui/button" from file 'C:/Users/prett/OneDrive/Desktop/projects/SoloSuccess-AI/src/components/voice/voice-task-creator.tsx'
    Imported via '@/components/ui/button' from file 'C:/Users/prett/OneDrive/Desktop/projects/SoloSuccess-AI/src/components/subscription/subscription-manager.tsx'
    Imported via "@/components/ui/button" from file 'C:/Users/prett/OneDrive/Desktop/projects/SoloSuccess-AI/app/dashboard/templates/page.tsx'
    Imported via "@/components/ui/button" from file 'C:/Users/prett/OneDrive/Desktop/projects/SoloSuccess-AI/app/dashboard/workspace/page.tsx'
    Imported via "@/components/ui/button" from file 'C:/Users/prett/OneDrive/Desktop/projects/SoloSuccess-AI/src/components/templates/decision-dashboard.tsx'
    Imported via '@/components/ui/button' from file 'C:/Users/prett/OneDrive/Desktop/projects/SoloSuccess-AI/src/components/templates/delegation-list-builder.tsx'
    Imported via '@/components/ui/button' from file 'C:/Users/prett/OneDrive/Desktop/projects/SoloSuccess-AI/src/components/templates/dm-sales-script-generator.tsx'
    Imported via '@/components/ui/button' from file 'C:/Users/prett/OneDrive/Desktop/projects/SoloSuccess-AI/src/components/templates/freebie-funnel-builder.tsx'
    Imported via '@/components/ui/button' from file 'C:/Users/prett/OneDrive/Desktop/projects/SoloSuccess-AI/src/components/templates/i-hate-this-tracker.tsx'
    Imported via '@/components/ui/button' from file 'C:/Users/prett/OneDrive/Desktop/projects/SoloSuccess-AI/src/components/templates/live-launch-tracker.tsx'
    Imported via '@/components/ui/button' from file 'C:/Users/prett/OneDrive/Desktop/projects/SoloSuccess-AI/src/components/templates/offer-comparison-matrix.tsx'
    Imported via '@/components/ui/button' from file 'C:/Users/prett/OneDrive/Desktop/projects/SoloSuccess-AI/src/components/templates/quarterly-biz-review.tsx'
    Imported via '@/components/ui/button' from file 'C:/Users/prett/OneDrive/Desktop/projects/SoloSuccess-AI/src/components/templates/upsell-flow-builder.tsx'
    Imported via '@/components/ui/button' from file 'C:/Users/prett/OneDrive/Desktop/projects/SoloSuccess-AI/src/components/templates/vision-board-generator.tsx'
    Imported via '@/components/ui/button' from file 'C:/Users/prett/OneDrive/Desktop/projects/SoloSuccess-AI/src/components/templates/pre-mortem-template.tsx'
    Imported via '@/components/ui/button' from file 'C:/Users/prett/OneDrive/Desktop/projects/SoloSuccess-AI/src/components/templates/reverse-engineer-role-models.tsx'
    Imported via '@/components/ui/button' from file 'C:/Users/prett/OneDrive/Desktop/projects/SoloSuccess-AI/src/components/templates/big-leap-planner.tsx'
    Imported via '@/components/ui/button' from file 'C:/Users/prett/OneDrive/Desktop/projects/SoloSuccess-AI/src/components/templates/offer-naming-generator.tsx'
    Imported via '@/components/ui/button' from file 'C:/Users/prett/OneDrive/Desktop/projects/SoloSuccess-AI/src/components/templates/brag-bank-template.tsx'
    Imported via '@/components/ui/button' from file 'C:/Users/prett/OneDrive/Desktop/projects/SoloSuccess-AI/src/components/templates/founder-feelings-tracker.tsx'
    Imported via '@/components/ui/button' from file 'C:/Users/prett/OneDrive/Desktop/projects/SoloSuccess-AI/src/components/templates/viral-hook-generator.tsx'
    Imported via '@/components/ui/button' from file 'C:/Users/prett/OneDrive/Desktop/projects/SoloSuccess-AI/src/components/templates/values-aligned-biz-filter.tsx'
    Imported via '@/components/ui/button' from file 'C:/Users/prett/OneDrive/Desktop/projects/SoloSuccess-AI/src/components/templates/ai-collab-planner.tsx'
    Imported via '@/components/ui/button' from file 'C:/Users/prett/OneDrive/Desktop/projects/SoloSuccess-AI/src/components/templates/pr-pitch-template.tsx'
    Imported via '@/components/ui/button' from file 'C:/Users/prett/OneDrive/Desktop/projects/SoloSuccess-AI/src/components/auth/forgot-password-form.tsx'
    Imported via '@/components/ui/button' from file 'C:/Users/prett/OneDrive/Desktop/projects/SoloSuccess-AI/app/gdpr/page.tsx'
    Imported via '@/components/ui/button' from file 'C:/Users/prett/OneDrive/Desktop/projects/SoloSuccess-AI/src/components/auth/login-form.tsx'
    Imported via "@/components/ui/button" from file 'C:/Users/prett/OneDrive/Desktop/projects/SoloSuccess-AI/app/offline/page.tsx'
    Imported via '@/components/ui/button' from file 'C:/Users/prett/OneDrive/Desktop/projects/SoloSuccess-AI/src/components/auth/register-form.tsx'
    Imported via "@/components/ui/button" from file 'C:/Users/prett/OneDrive/Desktop/projects/SoloSuccess-AI/app/team/page.tsx'
    Imported via "@/components/ui/button" from file 'C:/Users/prett/OneDrive/Desktop/projects/SoloSuccess-AI/src/components/guardian-ai/guardian-ai-dashboard.tsx'
    Imported via "@/components/ui/button" from file 'C:/Users/prett/OneDrive/Desktop/projects/SoloSuccess-AI/src/components/guardian-ai/compliance-scanner.tsx'
    Imported via "@/components/ui/button" from file 'C:/Users/prett/OneDrive/Desktop/projects/SoloSuccess-AI/src/components/guardian-ai/policy-generator.tsx'
    Imported via "@/components/ui/button" from file 'C:/Users/prett/OneDrive/Desktop/projects/SoloSuccess-AI/src/components/guardian-ai/consent-management.tsx'
    Imported via "@/components/ui/button" from file 'C:/Users/prett/OneDrive/Desktop/projects/SoloSuccess-AI/src/components/decision-frameworks/cost-benefit-matrix.tsx'
    Imported via "@/components/ui/button" from file 'C:/Users/prett/OneDrive/Desktop/projects/SoloSuccess-AI/src/components/decision-frameworks/spade-framework.tsx'
    Imported via "@/components/ui/button" from file 'C:/Users/prett/OneDrive/Desktop/projects/SoloSuccess-AI/src/components/decision-frameworks/five-whys-analysis.tsx'
    Imported via "@/components/ui/button" from file 'C:/Users/prett/OneDrive/Desktop/projects/SoloSuccess-AI/app/user/page.tsx'
    Imported via '@/components/ui/button' from file 'C:/Users/prett/OneDrive/Desktop/projects/SoloSuccess-AI/src/components/BrandStudioSaveIntegration.tsx'
    Imported via '@/components/ui/button' from file 'C:/Users/prett/OneDrive/Desktop/projects/SoloSuccess-AI/src/components/ChatSaveIntegration.tsx'
    Imported via '@/components/ui/button' from file 'C:/Users/prett/OneDrive/Desktop/projects/SoloSuccess-AI/src/components/TemplateSaveIntegration.tsx'
    Imported via '@/components/ui/button' from file 'C:/Users/prett/OneDrive/Desktop/projects/SoloSuccess-AI/src/components/file-preview-modal.tsx'
    Imported via "@/components/ui/button" from file 'C:/Users/prett/OneDrive/Desktop/projects/SoloSuccess-AI/src/components/theme-toggle.tsx'
    Imported via '@/components/ui/button' from file 'C:/Users/prett/OneDrive/Desktop/projects/SoloSuccess-AI/src/components/ai/smart-prioritizer.tsx'
    Imported via '@/components/ui/button' from file 'C:/Users/prett/OneDrive/Desktop/projects/SoloSuccess-AI/src/components/analytics/advanced-data-visualization.tsx'
    Imported via '@/components/ui/Button' from file 'C:/Users/prett/OneDrive/Desktop/projects/SoloSuccess-AI/src/components/analytics/advanced-data-visualization.tsx'
    Imported via '@/components/ui/button' from file 'C:/Users/prett/OneDrive/Desktop/projects/SoloSuccess-AI/src/components/analytics/analytics-dashboard.tsx'
    Imported via '@/components/ui/button' from file 'C:/Users/prett/OneDrive/Desktop/projects/SoloSuccess-AI/src/components/analytics/predictive-insights-dashboard.tsx'
    Imported via '@/components/ui/button' from file 'C:/Users/prett/OneDrive/Desktop/projects/SoloSuccess-AI/src/components/analytics/custom-report-builder-enhanced.tsx'
    Imported via '@/components/ui/button' from file 'C:/Users/prett/OneDrive/Desktop/projects/SoloSuccess-AI/src/components/analytics/custom-report-builder.tsx'
    Imported via '@/components/ui/Button' from file 'C:/Users/prett/OneDrive/Desktop/projects/SoloSuccess-AI/src/components/analytics/custom-report-builder.tsx'
    Imported via '@/components/ui/button' from file 'C:/Users/prett/OneDrive/Desktop/projects/SoloSuccess-AI/src/components/analytics/productivity-dashboard.tsx'
    Imported via '@/components/ui/button' from file 'C:/Users/prett/OneDrive/Desktop/projects/SoloSuccess-AI/src/components/auth/sign-out-button.tsx'
    Imported via '@/components/ui/button' from file 'C:/Users/prett/OneDrive/Desktop/projects/SoloSuccess-AI/src/components/briefcase/advanced-search-panel.tsx'
    Imported via "@/components/ui/button" from file 'C:/Users/prett/OneDrive/Desktop/projects/SoloSuccess-AI/src/components/ui/date-range-picker.tsx'
    Imported via '@/components/ui/button' from file 'C:/Users/prett/OneDrive/Desktop/projects/SoloSuccess-AI/src/components/ui/calendar.tsx'
    Imported via '@/components/ui/button' from file 'C:/Users/prett/OneDrive/Desktop/projects/SoloSuccess-AI/src/components/briefcase/ai-insights-panel.tsx'
    Imported via '@/components/ui/button' from file 'C:/Users/prett/OneDrive/Desktop/projects/SoloSuccess-AI/src/components/briefcase/bulk-operations-panel.tsx'
    Imported via '@/components/ui/button' from file 'C:/Users/prett/OneDrive/Desktop/projects/SoloSuccess-AI/src/components/briefcase/document-versioning-modal.tsx'
    Imported via '@/components/ui/button' from file 'C:/Users/prett/OneDrive/Desktop/projects/SoloSuccess-AI/src/components/briefcase/enhanced-dashboard.tsx'
    Imported via '@/components/ui/button' from file 'C:/Users/prett/OneDrive/Desktop/projects/SoloSuccess-AI/src/components/briefcase/enhanced-file-preview-modal.tsx'
    Imported via '@/components/ui/button' from file 'C:/Users/prett/OneDrive/Desktop/projects/SoloSuccess-AI/src/components/briefcase/file-metadata-panel.tsx'
    Imported via '@/components/ui/button' from file 'C:/Users/prett/OneDrive/Desktop/projects/SoloSuccess-AI/src/components/briefcase/file-sharing-modal.tsx'
    Imported via '@/components/ui/button' from file 'C:/Users/prett/OneDrive/Desktop/projects/SoloSuccess-AI/src/components/briefcase/folder-creation-dialog.tsx'
    Imported via '@/components/ui/button' from file 'C:/Users/prett/OneDrive/Desktop/projects/SoloSuccess-AI/src/components/briefcase/version-history-modal.tsx'
    Imported via '@/components/ui/button' from file 'C:/Users/prett/OneDrive/Desktop/projects/SoloSuccess-AI/src/components/collaboration/SessionManager.tsx'
    Imported via "@/components/ui/button" from file 'C:/Users/prett/OneDrive/Desktop/projects/SoloSuccess-AI/src/components/collaboration/collaboration-hub.tsx'
    Imported via '@/components/ui/button' from file 'C:/Users/prett/OneDrive/Desktop/projects/SoloSuccess-AI/src/components/competitors/alert-dashboard.tsx'
    Imported via '@/components/ui/button' from file 'C:/Users/prett/OneDrive/Desktop/projects/SoloSuccess-AI/src/components/competitors/alert-notifications.tsx'
    Imported via '@/components/ui/button' from file 'C:/Users/prett/OneDrive/Desktop/projects/SoloSuccess-AI/src/components/competitors/blaze-growth-intelligence.tsx'
    Imported via '@/components/ui/button' from file 'C:/Users/prett/OneDrive/Desktop/projects/SoloSuccess-AI/src/components/competitors/notification-preferences.tsx'
    Imported via '@/components/ui/button' from file 'C:/Users/prett/OneDrive/Desktop/projects/SoloSuccess-AI/src/components/competitors/pricing-intelligence-dashboard.tsx'
    Imported via '@/components/ui/button' from file 'C:/Users/prett/OneDrive/Desktop/projects/SoloSuccess-AI/src/components/competitors/scraping-manager.tsx'
    Imported via "@/components/ui/button" from file 'C:/Users/prett/OneDrive/Desktop/projects/SoloSuccess-AI/src/components/dashboard/google-calendar-widget.tsx'
    Imported via "@/components/ui/Button" from file 'C:/Users/prett/OneDrive/Desktop/projects/SoloSuccess-AI/src/components/feedback/holographic-feedback-widget.tsx'
    Imported via "@/components/ui/button" from file 'C:/Users/prett/OneDrive/Desktop/projects/SoloSuccess-AI/src/components/footer/app-footer.tsx'
    Imported via '@/components/ui/button' from file 'C:/Users/prett/OneDrive/Desktop/projects/SoloSuccess-AI/src/components/forms/secure-contact-form.tsx'
    Imported via "@/components/ui/button" from file 'C:/Users/prett/OneDrive/Desktop/projects/SoloSuccess-AI/src/components/gamification/achievement-celebration.tsx'
    Imported via '@/components/ui/button' from file 'C:/Users/prett/OneDrive/Desktop/projects/SoloSuccess-AI/src/components/intelligence/agent-briefing-dashboard.tsx'
    Imported via '@/components/ui/button' from file 'C:/Users/prett/OneDrive/Desktop/projects/SoloSuccess-AI/src/components/intelligence/briefing-dashboard.tsx'
    Imported via "@/components/ui/button" from file 'C:/Users/prett/OneDrive/Desktop/projects/SoloSuccess-AI/src/components/intelligence/intelligence-results.tsx'
    Imported via "@/components/ui/button" from file 'C:/Users/prett/OneDrive/Desktop/projects/SoloSuccess-AI/src/components/intelligence/intelligence-search.tsx'
    Imported via '@/components/ui/button' from file 'C:/Users/prett/OneDrive/Desktop/projects/SoloSuccess-AI/src/components/marketing/plan-quiz.tsx'
    Imported via "@/components/ui/button" from file 'C:/Users/prett/OneDrive/Desktop/projects/SoloSuccess-AI/src/components/notifications/notification-settings.tsx'
    Imported via "@/components/ui/button" from file 'C:/Users/prett/OneDrive/Desktop/projects/SoloSuccess-AI/src/components/onboarding/enhanced-welcome-flow.tsx'
    Imported via "@/components/ui/button" from file 'C:/Users/prett/OneDrive/Desktop/projects/SoloSuccess-AI/src/components/onboarding/feature-discovery.tsx'
    Imported via "@/components/ui/button" from file 'C:/Users/prett/OneDrive/Desktop/projects/SoloSuccess-AI/src/components/onboarding/interactive-tutorial.tsx'
    Imported via "@/components/ui/button" from file 'C:/Users/prett/OneDrive/Desktop/projects/SoloSuccess-AI/src/components/onboarding/onboarding-wizard.tsx'
    Imported via "@/components/ui/button" from file 'C:/Users/prett/OneDrive/Desktop/projects/SoloSuccess-AI/src/components/onboarding/progressive-onboarding.tsx'
    Imported via "@/components/ui/button" from file 'C:/Users/prett/OneDrive/Desktop/projects/SoloSuccess-AI/src/components/profile/enhanced-profile-modal.tsx'
    Imported via "@/components/ui/button" from file 'C:/Users/prett/OneDrive/Desktop/projects/SoloSuccess-AI/src/components/profile/profile-modal.tsx'
    Imported via '@/components/ui/button' from file 'C:/Users/prett/OneDrive/Desktop/projects/SoloSuccess-AI/src/components/recaptcha/recaptcha-button.tsx'
    Imported via "@/components/ui/button" from file 'C:/Users/prett/OneDrive/Desktop/projects/SoloSuccess-AI/src/components/schedule/schedule-demo-modal.tsx'
    Imported via '@/components/ui/button' from file 'C:/Users/prett/OneDrive/Desktop/projects/SoloSuccess-AI/src/components/settings/api-keys-tutorial.tsx'
    Imported via "@/components/ui/button" from file 'C:/Users/prett/OneDrive/Desktop/projects/SoloSuccess-AI/src/components/shared/shared-landing-page.tsx'
    Imported via "@/components/ui/button" from file 'C:/Users/prett/OneDrive/Desktop/projects/SoloSuccess-AI/src/components/social/boss-community.tsx'
    Imported via "@/components/ui/button" from file 'C:/Users/prett/OneDrive/Desktop/projects/SoloSuccess-AI/src/components/subscription/feature-gate.tsx'
    Imported via '@/components/ui/button' from file 'C:/Users/prett/OneDrive/Desktop/projects/SoloSuccess-AI/src/components/subscription/pricing-cards.tsx'
    Imported via "@/components/ui/button" from file 'C:/Users/prett/OneDrive/Desktop/projects/SoloSuccess-AI/src/components/subscription/subscription-status.tsx'
    Imported via "@/components/ui/button" from file 'C:/Users/prett/OneDrive/Desktop/projects/SoloSuccess-AI/src/components/tasks/gesture-task-card.tsx'
    Imported via "@/components/ui/button" from file 'C:/Users/prett/OneDrive/Desktop/projects/SoloSuccess-AI/src/components/templates/customer-journey-mapper.tsx'
    Imported via "@/components/ui/button" from file 'C:/Users/prett/OneDrive/Desktop/projects/SoloSuccess-AI/src/components/templates/email-campaign-builder.tsx'
    Imported via "@/components/ui/button" from file 'C:/Users/prett/OneDrive/Desktop/projects/SoloSuccess-AI/src/components/templates/project-timeline.tsx'
    Imported via '@/components/ui/button' from file 'C:/Users/prett/OneDrive/Desktop/projects/SoloSuccess-AI/src/components/templates/saved-templates-list.tsx'
    Imported via "@/components/ui/button" from file 'C:/Users/prett/OneDrive/Desktop/projects/SoloSuccess-AI/src/components/templates/social-media-strategy.tsx'
    Imported via "@/components/ui/button" from file 'C:/Users/prett/OneDrive/Desktop/projects/SoloSuccess-AI/src/components/templates/strategic-business-plan.tsx'
    Imported via '@/components/ui/button' from file 'C:/Users/prett/OneDrive/Desktop/projects/SoloSuccess-AI/src/components/temporal/workflow-status.tsx'
    Imported via './Button' from file 'C:/Users/prett/OneDrive/Desktop/projects/SoloSuccess-AI/src/components/ui/Modal.tsx'
    Imported via './button' from file 'C:/Users/prett/OneDrive/Desktop/projects/SoloSuccess-AI/src/components/ui/button.stories.tsx'
    Matched by include pattern 'src/**/*' in 'C:/Users/prett/OneDrive/Desktop/projects/SoloSuccess-AI/tsconfig.json'
    Imported via "@/components/ui/button" from file 'C:/Users/prett/OneDrive/Desktop/projects/SoloSuccess-AI/src/components/ui/carousel.tsx'
    Imported via './button' from file 'C:/Users/prett/OneDrive/Desktop/projects/SoloSuccess-AI/src/components/ui/error-boundary.tsx'
    Imported via "@/components/ui/button" from file 'C:/Users/prett/OneDrive/Desktop/projects/SoloSuccess-AI/src/components/ui/error-handler.tsx'
    Imported via "@/components/ui/button" from file 'C:/Users/prett/OneDrive/Desktop/projects/SoloSuccess-AI/src/components/ui/floating-action-button.tsx'
    Imported via "@/components/ui/button" from file 'C:/Users/prett/OneDrive/Desktop/projects/SoloSuccess-AI/src/components/ui/help-tooltip.tsx'
    Imported via "@/components/ui/button" from file 'C:/Users/prett/OneDrive/Desktop/projects/SoloSuccess-AI/src/components/ui/pagination.tsx'
    Imported via '@/components/ui/button' from file 'C:/Users/prett/OneDrive/Desktop/projects/SoloSuccess-AI/src/components/ui/voice-input.tsx'
    Imported via "@/components/ui/button" from file 'C:/Users/prett/OneDrive/Desktop/projects/SoloSuccess-AI/src/components/voice/voice-chat.tsx'
    Imported via '@/components/ui/button' from file 'C:/Users/prett/OneDrive/Desktop/projects/SoloSuccess-AI/src/components/workflow/visual-workflow-builder.tsx'
    Imported via '@/components/ui/Button' from file 'C:/Users/prett/OneDrive/Desktop/projects/SoloSuccess-AI/src/components/workflow/visual-workflow-builder.tsx'
    Imported via '@/components/ui/Button' from file 'C:/Users/prett/OneDrive/Desktop/projects/SoloSuccess-AI/src/components/workflow/workflow-dashboard.tsx'
    Imported via '@/components/ui/button' from file 'C:/Users/prett/OneDrive/Desktop/projects/SoloSuccess-AI/src/components/workflow/workflow-templates.tsx'
    Imported via '@/components/ui/Button' from file 'C:/Users/prett/OneDrive/Desktop/projects/SoloSuccess-AI/src/components/workflow/workflow-templates.tsx'
    Imported via '@/components/ui/button' from file 'C:/Users/prett/OneDrive/Desktop/projects/SoloSuccess-AI/src/components/workflow/workflow-execution-monitor.tsx'
    Imported via '@/components/ui/Button' from file 'C:/Users/prett/OneDrive/Desktop/projects/SoloSuccess-AI/src/components/workflow/workflow-execution-monitor.tsx'
src/components/analytics/custom-report-builder.tsx(43,25): error TS1149: File name 'C:/Users/prett/OneDrive/Desktop/projects/SoloSuccess-AI/src/components/ui/Loading.tsx' differs from already included file name 'C:/Users/prett/OneDrive/Desktop/projects/SoloSuccess-AI/src/components/ui/loading.tsx' only in casing.
  The file is in the program because:
    Imported via "@/components/ui/loading" from file 'C:/Users/prett/OneDrive/Desktop/projects/SoloSuccess-AI/src/components/feedback/feedback-widget.tsx'
    Imported via "@/components/ui/loading" from file 'C:/Users/prett/OneDrive/Desktop/projects/SoloSuccess-AI/app/dashboard/competitors/page.tsx'
    Imported via "@/components/ui/loading" from file 'C:/Users/prett/OneDrive/Desktop/projects/SoloSuccess-AI/app/dashboard/competitors/[id]/edit/page.tsx'
    Imported via "@/components/ui/loading" from file 'C:/Users/prett/OneDrive/Desktop/projects/SoloSuccess-AI/app/dashboard/competitors/discover/page.tsx'
    Imported via "@/components/ui/loading" from file 'C:/Users/prett/OneDrive/Desktop/projects/SoloSuccess-AI/app/dashboard/notifications/page.tsx'
    Imported via '@/components/ui/Loading' from file 'C:/Users/prett/OneDrive/Desktop/projects/SoloSuccess-AI/src/components/analytics/advanced-data-visualization.tsx'
    Imported via '@/components/ui/Loading' from file 'C:/Users/prett/OneDrive/Desktop/projects/SoloSuccess-AI/src/components/analytics/custom-report-builder.tsx'
    Imported via "@/components/ui/loading" from file 'C:/Users/prett/OneDrive/Desktop/projects/SoloSuccess-AI/src/components/dashboard/intelligence-dashboard.tsx'
    Imported via "@/components/ui/Loading" from file 'C:/Users/prett/OneDrive/Desktop/projects/SoloSuccess-AI/src/components/feedback/holographic-feedback-widget.tsx'
    Matched by include pattern 'src/**/*' in 'C:/Users/prett/OneDrive/Desktop/projects/SoloSuccess-AI/tsconfig.json'
    Imported via '@/components/ui/Loading' from file 'C:/Users/prett/OneDrive/Desktop/projects/SoloSuccess-AI/src/components/workflow/visual-workflow-builder.tsx'
    Imported via '@/components/ui/Loading' from file 'C:/Users/prett/OneDrive/Desktop/projects/SoloSuccess-AI/src/components/workflow/workflow-dashboard.tsx'
    Imported via '@/components/ui/Loading' from file 'C:/Users/prett/OneDrive/Desktop/projects/SoloSuccess-AI/src/components/workflow/workflow-execution-monitor.tsx'
src/components/analytics/custom-report-builder.tsx(379,16): error TS2304: Cannot find name 'HolographicLoader'.
src/components/analytics/custom-report-builder.tsx(485,38): error TS2322: Type '"secondary"' is not assignable to type '"cyan" | "purple" | "magenta" | "lime" | "orange"'.
src/components/analytics/custom-report-builder.tsx(614,25): error TS2322: Type '(e: any) => void' is not assignable to type '() => void'.
  Target signature provides too few arguments. Expected 1 or more, but got 0.
src/components/analytics/custom-report-builder.tsx(690,45): error TS2322: Type '"secondary"' is not assignable to type '"cyan" | "purple" | "magenta" | "lime" | "orange"'.
src/components/analytics/custom-report-builder.tsx(959,28): error TS2322: Type '"secondary"' is not assignable to type '"cyan" | "purple" | "magenta" | "lime" | "orange"'.
src/components/analytics/predictive-insights-dashboard.tsx(213,8): error TS2322: Type '{ children: Element[]; className: string; }' is not assignable to type 'IntrinsicAttributes & AlertProps'.
  Property 'children' does not exist on type 'IntrinsicAttributes & AlertProps'.
src/components/analytics/predictive-insights-dashboard.tsx(309,17): error TS2322: Type '"default" | "outline"' is not assignable to type '"info" | "success" | "error" | "cyan" | "purple" | "magenta" | "warning" | "ghost" | "outline" | "lime" | "orange"'.
  Type '"default"' is not assignable to type '"info" | "success" | "error" | "cyan" | "purple" | "magenta" | "warning" | "ghost" | "outline" | "lime" | "orange"'.
src/components/analytics/predictive-insights-dashboard.tsx(326,17): error TS2322: Type '"default" | "outline"' is not assignable to type '"info" | "success" | "error" | "cyan" | "purple" | "magenta" | "warning" | "ghost" | "outline" | "lime" | "orange"'.
  Type '"default"' is not assignable to type '"info" | "success" | "error" | "cyan" | "purple" | "magenta" | "warning" | "ghost" | "outline" | "lime" | "orange"'.
src/components/analytics/predictive-insights-dashboard.tsx(362,32): error TS2322: Type '"outline"' is not assignable to type '"cyan" | "purple" | "magenta" | "lime" | "orange"'.
src/components/analytics/predictive-insights-dashboard.tsx(365,32): error TS2322: Type '"outline"' is not assignable to type '"cyan" | "purple" | "magenta" | "lime" | "orange"'.
src/components/analytics/predictive-insights-dashboard.tsx(510,26): error TS2322: Type '"outline"' is not assignable to type '"cyan" | "purple" | "magenta" | "lime" | "orange"'.
src/components/analytics/productivity-dashboard.tsx(140,15): error TS2322: Type '"default" | "outline"' is not assignable to type '"info" | "success" | "error" | "cyan" | "purple" | "magenta" | "warning" | "ghost" | "outline" | "lime" | "orange"'.
  Type '"default"' is not assignable to type '"info" | "success" | "error" | "cyan" | "purple" | "magenta" | "warning" | "ghost" | "outline" | "lime" | "orange"'.
src/components/analytics/productivity-dashboard.tsx(326,26): error TS2322: Type '"secondary"' is not assignable to type '"cyan" | "purple" | "magenta" | "lime" | "orange"'.
src/components/analytics/productivity-dashboard.tsx(330,26): error TS2322: Type '"secondary"' is not assignable to type '"cyan" | "purple" | "magenta" | "lime" | "orange"'.
src/components/auth/auth-warning.tsx(13,12): error TS2322: Type '"destructive"' is not assignable to type '"info" | "success" | "error" | "warning"'.
src/components/auth/neon-auth.tsx(11,33): error TS2307: Cannot find module 'date-fns' or its corresponding type declarations.
src/components/auth/neon-auth.tsx(351,16): error TS2322: Type '{ children: Element[]; className: string; }' is not assignable to type 'IntrinsicAttributes & AlertProps'.
  Property 'children' does not exist on type 'IntrinsicAttributes & AlertProps'.
src/components/auth/neon-auth.tsx(358,16): error TS2322: Type '{ children: Element[]; className: string; }' is not assignable to type 'IntrinsicAttributes & AlertProps'.
  Property 'children' does not exist on type 'IntrinsicAttributes & AlertProps'.
src/components/auth/register-form.tsx(68,18): error TS2304: Cannot find name 'AlertCircle'.
src/components/auth/register-form.tsx(73,14): error TS2304: Cannot find name 'Button'.
src/components/auth/register-form.tsx(75,15): error TS2304: Cannot find name 'Button'.
src/components/auth/simple-auth.tsx(11,33): error TS2307: Cannot find module 'date-fns' or its corresponding type declarations.
src/components/auth/simple-auth.tsx(345,16): error TS2322: Type '{ children: Element[]; className: string; }' is not assignable to type 'IntrinsicAttributes & AlertProps'.
  Property 'children' does not exist on type 'IntrinsicAttributes & AlertProps'.
src/components/auth/simple-auth.tsx(352,16): error TS2322: Type '{ children: Element[]; className: string; }' is not assignable to type 'IntrinsicAttributes & AlertProps'.
  Property 'children' does not exist on type 'IntrinsicAttributes & AlertProps'.
src/components/AuthGate.tsx(4,42): error TS2307: Cannot find module 'react-router-dom' or its corresponding type declarations.
src/components/AuthProvider.tsx(1,47): error TS2307: Cannot find module '@stackframe/stack' or its corresponding type declarations.
src/components/AuthProvider.tsx(6,28): error TS2339: Property 'env' does not exist on type 'ImportMeta'.
src/components/AuthProvider.tsx(7,39): error TS2339: Property 'env' does not exist on type 'ImportMeta'.
src/components/Billing.tsx(2,25): error TS2307: Cannot find module '@stackframe/stack' or its corresponding type declarations.
src/components/briefcase/advanced-search-panel.tsx(19,26): error TS2307: Cannot find module 'react-day-picker' or its corresponding type declarations.
src/components/briefcase/advanced-search-panel.tsx(346,26): error TS2322: Type '"secondary"' is not assignable to type '"cyan" | "purple" | "magenta" | "lime" | "orange"'.
src/components/briefcase/advanced-search-panel.tsx(393,35): error TS2322: Type '"outline"' is not assignable to type '"cyan" | "purple" | "magenta" | "lime" | "orange"'.
src/components/briefcase/advanced-search-panel.tsx(407,34): error TS2322: Type '"outline"' is not assignable to type '"cyan" | "purple" | "magenta" | "lime" | "orange"'.
src/components/briefcase/advanced-search-panel.tsx(421,24): error TS2322: Type '"outline"' is not assignable to type '"cyan" | "purple" | "magenta" | "lime" | "orange"'.
src/components/briefcase/advanced-search-panel.tsx(677,29): error TS2322: Type '"default" | "outline"' is not assignable to type '"info" | "success" | "error" | "cyan" | "purple" | "magenta" | "warning" | "ghost" | "outline" | "lime" | "orange"'.
  Type '"default"' is not assignable to type '"info" | "success" | "error" | "cyan" | "purple" | "magenta" | "warning" | "ghost" | "outline" | "lime" | "orange"'.
src/components/briefcase/ai-insights-panel.tsx(270,23): error TS2322: Type '"outline"' is not assignable to type '"cyan" | "purple" | "magenta" | "lime" | "orange"'.
src/components/briefcase/ai-insights-panel.tsx(393,34): error TS2322: Type '"outline"' is not assignable to type '"cyan" | "purple" | "magenta" | "lime" | "orange"'.
src/components/briefcase/ai-insights-panel.tsx(603,36): error TS2322: Type '"outline"' is not assignable to type '"cyan" | "purple" | "magenta" | "lime" | "orange"'.
src/components/briefcase/ai-insights-panel.tsx(637,24): error TS2559: Type '{ children: Element[]; }' has no properties in common with type 'IntrinsicAttributes & AlertProps'.
src/components/briefcase/ai-insights-panel.tsx(643,24): error TS2559: Type '{ children: Element[]; }' has no properties in common with type 'IntrinsicAttributes & AlertProps'.
src/components/briefcase/ai-insights-panel.tsx(649,24): error TS2559: Type '{ children: Element[]; }' has no properties in common with type 'IntrinsicAttributes & AlertProps'.
src/components/briefcase/bulk-operations-panel.tsx(314,38): error TS2322: Type '"outline"' is not assignable to type '"cyan" | "purple" | "magenta" | "lime" | "orange"'.
src/components/briefcase/bulk-operations-panel.tsx(327,38): error TS2322: Type '"secondary"' is not assignable to type '"cyan" | "purple" | "magenta" | "lime" | "orange"'.
src/components/briefcase/bulk-operations-panel.tsx(356,17): error TS2322: Type '"default" | "outline"' is not assignable to type '"info" | "success" | "error" | "cyan" | "purple" | "magenta" | "warning" | "ghost" | "outline" | "lime" | "orange"'.
  Type '"default"' is not assignable to type '"info" | "success" | "error" | "cyan" | "purple" | "magenta" | "warning" | "ghost" | "outline" | "lime" | "orange"'.
src/components/briefcase/document-versioning-modal.tsx(421,34): error TS2322: Type '"outline"' is not assignable to type '"cyan" | "purple" | "magenta" | "lime" | "orange"'.
src/components/briefcase/document-versioning-modal.tsx(431,27): error TS2322: Type '(e: any) => void' is not assignable to type '() => void'.
  Target signature provides too few arguments. Expected 1 or more, but got 0.
src/components/briefcase/document-versioning-modal.tsx(442,27): error TS2322: Type '(e: any) => void' is not assignable to type '() => void'.
  Target signature provides too few arguments. Expected 1 or more, but got 0.
src/components/briefcase/document-versioning-modal.tsx(453,27): error TS2322: Type '(e: any) => void' is not assignable to type '() => void'.
  Target signature provides too few arguments. Expected 1 or more, but got 0.
src/components/briefcase/enhanced-dashboard.tsx(415,30): error TS2322: Type '"outline"' is not assignable to type '"cyan" | "purple" | "magenta" | "lime" | "orange"'.
src/components/briefcase/enhanced-dashboard.tsx(581,32): error TS2322: Type '"outline"' is not assignable to type '"cyan" | "purple" | "magenta" | "lime" | "orange"'.
src/components/briefcase/enhanced-dashboard.tsx(718,36): error TS2322: Type '"outline"' is not assignable to type '"cyan" | "purple" | "magenta" | "lime" | "orange"'.
src/components/briefcase/enhanced-file-preview-modal.tsx(417,24): error TS2322: Type '"secondary"' is not assignable to type '"cyan" | "purple" | "magenta" | "lime" | "orange"'.
src/components/briefcase/enhanced-file-preview-modal.tsx(419,26): error TS2322: Type '"outline"' is not assignable to type '"cyan" | "purple" | "magenta" | "lime" | "orange"'.
src/components/briefcase/file-metadata-panel.tsx(227,24): error TS2322: Type '"secondary"' is not assignable to type '"cyan" | "purple" | "magenta" | "lime" | "orange"'.
src/components/briefcase/file-metadata-panel.tsx(400,34): error TS2322: Type '"outline"' is not assignable to type '"cyan" | "purple" | "magenta" | "lime" | "orange"'.
src/components/briefcase/file-sharing-modal.tsx(482,40): error TS2322: Type '"outline"' is not assignable to type '"cyan" | "purple" | "magenta" | "lime" | "orange"'.
src/components/briefcase/file-sharing-modal.tsx(655,36): error TS2322: Type '"outline"' is not assignable to type '"cyan" | "purple" | "magenta" | "lime" | "orange"'.
src/components/briefcase/file-sharing-modal.tsx(716,34): error TS2322: Type '"outline"' is not assignable to type '"cyan" | "purple" | "magenta" | "lime" | "orange"'.
src/components/chat/mobile-chat-interface.tsx(215,25): error TS2322: Type '"default" | "ghost"' is not assignable to type '"info" | "success" | "error" | "cyan" | "purple" | "magenta" | "warning" | "ghost" | "outline" | "lime" | "orange"'.
  Type '"default"' is not assignable to type '"info" | "success" | "error" | "cyan" | "purple" | "magenta" | "warning" | "ghost" | "outline" | "lime" | "orange"'.
src/components/chat/mobile-chat-interface.tsx(259,42): error TS2322: Type '"outline"' is not assignable to type '"cyan" | "purple" | "magenta" | "lime" | "orange"'.
src/components/chat/mobile-chat-interface.tsx(400,38): error TS2322: Type '"outline"' is not assignable to type '"cyan" | "purple" | "magenta" | "lime" | "orange"'.
src/components/collaboration/collaboration-hub.tsx(175,18): error TS2559: Type '{ children: Element; }' has no properties in common with type 'IntrinsicAttributes & AlertProps'.
src/components/collaboration/collaboration-hub.tsx(213,10): error TS2322: Type '{ children: Element; className: string; }' is not assignable to type 'IntrinsicAttributes & AlertProps'.
  Property 'children' does not exist on type 'IntrinsicAttributes & AlertProps'.
src/components/collaboration/collaboration-hub.tsx(250,32): error TS2322: Type '"default" | "secondary"' is not assignable to type '"cyan" | "purple" | "magenta" | "lime" | "orange"'.
  Type '"default"' is not assignable to type '"cyan" | "purple" | "magenta" | "lime" | "orange"'.
src/components/collaboration/collaboration-hub.tsx(350,20): error TS2322: Type '"default" | "secondary"' is not assignable to type '"cyan" | "purple" | "magenta" | "lime" | "orange"'.
  Type '"default"' is not assignable to type '"cyan" | "purple" | "magenta" | "lime" | "orange"'.
src/components/CompetitorStalker.tsx(220,81): error TS2367: This comparison appears to be unintentional because the types '"Low" | "Medium" | "High" | "Critical"' and '"CRITICAL"' have no overlap.
src/components/CompetitorStalker.tsx(229,129): error TS2367: This comparison appears to be unintentional because the types '"Low" | "Medium" | "High" | "Critical"' and '"CRITICAL"' have no overlap.
src/components/custom-agents/custom-agent-chat.tsx(181,26): error TS2322: Type '"outline"' is not assignable to type '"cyan" | "purple" | "magenta" | "lime" | "orange"'.
src/components/custom-agents/custom-agent-chat.tsx(185,26): error TS2322: Type '"outline"' is not assignable to type '"cyan" | "purple" | "magenta" | "lime" | "orange"'.
src/components/custom-agents/custom-agent-chat.tsx(285,36): error TS2322: Type '"outline"' is not assignable to type '"cyan" | "purple" | "magenta" | "lime" | "orange"'.
src/components/custom-agents/security-dashboard.tsx(257,48): error TS2322: Type '"outline"' is not assignable to type '"cyan" | "purple" | "magenta" | "lime" | "orange"'.
src/components/custom-agents/security-dashboard.tsx(271,48): error TS2322: Type '"outline"' is not assignable to type '"cyan" | "purple" | "magenta" | "lime" | "orange"'.
src/components/custom-agents/security-dashboard.tsx(300,30): error TS2322: Type '"default" | "secondary"' is not assignable to type '"cyan" | "purple" | "magenta" | "lime" | "orange"'.
  Type '"default"' is not assignable to type '"cyan" | "purple" | "magenta" | "lime" | "orange"'.
src/components/custom-agents/security-dashboard.tsx(306,30): error TS2322: Type '"default" | "secondary"' is not assignable to type '"cyan" | "purple" | "magenta" | "lime" | "orange"'.
  Type '"default"' is not assignable to type '"cyan" | "purple" | "magenta" | "lime" | "orange"'.
src/components/custom-agents/security-dashboard.tsx(312,30): error TS2322: Type '"default" | "secondary"' is not assignable to type '"cyan" | "purple" | "magenta" | "lime" | "orange"'.
  Type '"default"' is not assignable to type '"cyan" | "purple" | "magenta" | "lime" | "orange"'.
src/components/custom-agents/security-dashboard.tsx(318,30): error TS2322: Type '"default" | "secondary"' is not assignable to type '"cyan" | "purple" | "magenta" | "lime" | "orange"'.
  Type '"default"' is not assignable to type '"cyan" | "purple" | "magenta" | "lime" | "orange"'.
src/components/custom-agents/security-dashboard.tsx(371,18): error TS2559: Type '{ children: Element[]; }' has no properties in common with type 'IntrinsicAttributes & AlertProps'.
src/components/custom-agents/security-dashboard.tsx(381,18): error TS2559: Type '{ children: Element[]; }' has no properties in common with type 'IntrinsicAttributes & AlertProps'.
src/components/custom-agents/security-dashboard.tsx(391,18): error TS2559: Type '{ children: Element[]; }' has no properties in common with type 'IntrinsicAttributes & AlertProps'.
src/components/custom-agents/training-dashboard.tsx(336,32): error TS2322: Type '"outline"' is not assignable to type '"cyan" | "purple" | "magenta" | "lime" | "orange"'.
src/components/custom-agents/training-dashboard.tsx(437,46): error TS2322: Type '"outline"' is not assignable to type '"cyan" | "purple" | "magenta" | "lime" | "orange"'.
src/components/custom-agents/training-dashboard.tsx(447,46): error TS2322: Type '"outline"' is not assignable to type '"cyan" | "purple" | "magenta" | "lime" | "orange"'.
src/components/custom-agents/training-dashboard.tsx(466,24): error TS2322: Type '{ children: Element; key: number; className: string; }' is not assignable to type 'IntrinsicAttributes & AlertProps'.
  Property 'children' does not exist on type 'IntrinsicAttributes & AlertProps'.
src/components/custom-agents/training-dashboard.tsx(476,34): error TS2322: Type '"outline"' is not assignable to type '"cyan" | "purple" | "magenta" | "lime" | "orange"'.
src/components/custom-agents/training-dashboard.tsx(590,18): error TS2559: Type '{ children: Element[]; }' has no properties in common with type 'IntrinsicAttributes & AlertProps'.
src/components/custom-agents/training-dashboard.tsx(600,18): error TS2559: Type '{ children: Element[]; }' has no properties in common with type 'IntrinsicAttributes & AlertProps'.
src/components/dashboard/competitor-comparison-charts.tsx(305,30): error TS2322: Type '"outline"' is not assignable to type '"cyan" | "purple" | "magenta" | "lime" | "orange"'.
src/components/dashboard/google-calendar-widget.tsx(110,19): error TS2322: Type '{ children: Element; asChild: true; className: string; }' is not assignable to type 'IntrinsicAttributes & PrimaryButtonProps'.
  Property 'asChild' does not exist on type 'IntrinsicAttributes & PrimaryButtonProps'.
src/components/dashboard/intelligence-dashboard.tsx(206,11): error TS2322: Type '"boss"' is not assignable to type '"shimmer" | "flicker" | "bounce" | "pulse"'.
src/components/dashboard/intelligence-dashboard.tsx(384,31): error TS2322: Type '"outline"' is not assignable to type '"cyan" | "purple" | "magenta" | "lime" | "orange"'.
src/components/dashboard/intelligence-dashboard.tsx(491,27): error TS2322: Type '"outline"' is not assignable to type '"cyan" | "purple" | "magenta" | "lime" | "orange"'.
src/components/dashboard/intelligence-timeline.tsx(284,28): error TS2322: Type '"outline"' is not assignable to type '"cyan" | "purple" | "magenta" | "lime" | "orange"'.
src/components/dashboard/intelligence-timeline.tsx(325,39): error TS2322: Type '"outline"' is not assignable to type '"cyan" | "purple" | "magenta" | "lime" | "orange"'.
src/components/dashboard/intelligence-timeline.tsx(354,60): error TS2322: Type '"secondary"' is not assignable to type '"cyan" | "purple" | "magenta" | "lime" | "orange"'.
src/components/dashboard/intelligence-timeline.tsx(359,48): error TS2322: Type '"secondary"' is not assignable to type '"cyan" | "purple" | "magenta" | "lime" | "orange"'.
src/components/dashboard/intelligence-timeline.tsx(411,52): error TS2322: Type '"outline"' is not assignable to type '"cyan" | "purple" | "magenta" | "lime" | "orange"'.
src/components/decision-frameworks/cost-benefit-matrix.tsx(343,8): error TS2559: Type '{ children: Element[]; }' has no properties in common with type 'IntrinsicAttributes & AlertProps'.
src/components/decision-frameworks/five-whys-analysis.tsx(293,32): error TS2322: Type '"outline"' is not assignable to type '"cyan" | "purple" | "magenta" | "lime" | "orange"'.
src/components/decision-frameworks/five-whys-analysis.tsx(319,8): error TS2559: Type '{ children: Element[]; }' has no properties in common with type 'IntrinsicAttributes & AlertProps'.
src/components/decision-frameworks/spade-framework.tsx(688,8): error TS2559: Type '{ children: Element[]; }' has no properties in common with type 'IntrinsicAttributes & AlertProps'.
src/components/evolve/compensation-modeler.tsx(258,20): error TS2559: Type '{ children: Element[]; }' has no properties in common with type 'IntrinsicAttributes & AlertProps'.
src/components/evolve/compensation-modeler.tsx(448,20): error TS2559: Type '{ children: Element[]; }' has no properties in common with type 'IntrinsicAttributes & AlertProps'.
src/components/evolve/compensation-modeler.tsx(499,8): error TS2559: Type '{ children: Element[]; }' has no properties in common with type 'IntrinsicAttributes & AlertProps'.
src/components/evolve/evolve-dashboard.tsx(221,18): error TS2559: Type '{ children: Element[]; }' has no properties in common with type 'IntrinsicAttributes & AlertProps'.
src/components/evolve/evolve-dashboard.tsx(228,18): error TS2559: Type '{ children: Element[]; }' has no properties in common with type 'IntrinsicAttributes & AlertProps'.
src/components/evolve/evolve-dashboard.tsx(235,18): error TS2559: Type '{ children: Element[]; }' has no properties in common with type 'IntrinsicAttributes & AlertProps'.
src/components/evolve/evolve-dashboard.tsx(297,8): error TS2559: Type '{ children: Element[]; }' has no properties in common with type 'IntrinsicAttributes & AlertProps'.
src/components/evolve/first-hire-architect.tsx(601,30): error TS2322: Type '"outline"' is not assignable to type '"cyan" | "purple" | "magenta" | "lime" | "orange"'.
src/components/evolve/first-hire-architect.tsx(635,8): error TS2559: Type '{ children: Element[]; }' has no properties in common with type 'IntrinsicAttributes & AlertProps'.
src/components/feedback/feedback-widget.test.tsx(8,23): error TS2307: Cannot find module '@testing-library/user-event' or its corresponding type declarations.
src/components/feedback/feedback-widget.test.tsx(13,1): error TS2708: Cannot use namespace 'jest' as a value.
src/components/feedback/feedback-widget.test.tsx(14,20): error TS2708: Cannot use namespace 'jest' as a value.
src/components/feedback/feedback-widget.test.tsx(17,1): error TS2593: Cannot find name 'describe'. Do you need to install type definitions for a test runner? Try `npm i --save-dev @types/jest` or `npm i --save-dev @types/mocha` and then add 'jest' or 'mocha' to the types field in your tsconfig.
src/components/feedback/feedback-widget.test.tsx(21,3): error TS2304: Cannot find name 'beforeEach'.
src/components/feedback/feedback-widget.test.tsx(22,27): error TS2708: Cannot use namespace 'jest' as a value.
src/components/feedback/feedback-widget.test.tsx(23,27): error TS2708: Cannot use namespace 'jest' as a value.
src/components/feedback/feedback-widget.test.tsx(26,3): error TS2304: Cannot find name 'afterEach'.
src/components/feedback/feedback-widget.test.tsx(29,5): error TS2708: Cannot use namespace 'jest' as a value.
src/components/feedback/feedback-widget.test.tsx(32,3): error TS2593: Cannot find name 'it'. Do you need to install type definitions for a test runner? Try `npm i --save-dev @types/jest` or `npm i --save-dev @types/mocha` and then add 'jest' or 'mocha' to the types field in your tsconfig.
src/components/feedback/feedback-widget.test.tsx(43,5): error TS2304: Cannot find name 'expect'.
src/components/feedback/feedback-widget.test.tsx(47,5): error TS2304: Cannot find name 'expect'.
src/components/feedback/feedback-widget.tsx(5,33): error TS2307: Cannot find module '@sentry/types' or its corresponding type declarations.
src/components/feedback/feedback-widget.tsx(224,16): error TS2322: Type '{ children: Element[]; emphasis: string; className: string; }' is not assignable to type 'DetailedHTMLProps<HTMLAttributes<HTMLDivElement>, HTMLDivElement>'.
  Property 'emphasis' does not exist on type 'DetailedHTMLProps<HTMLAttributes<HTMLDivElement>, HTMLDivElement>'.
src/components/feedback/feedback-widget.tsx(352,21): error TS2322: Type '"default"' is not assignable to type '"info" | "success" | "error" | "cyan" | "purple" | "magenta" | "warning" | "ghost" | "outline" | "lime" | "orange"'.
src/components/feedback/holographic-feedback-widget.test.tsx(8,23): error TS2307: Cannot find module '@testing-library/user-event' or its corresponding type declarations.
src/components/feedback/holographic-feedback-widget.test.tsx(13,1): error TS2708: Cannot use namespace 'jest' as a value.
src/components/feedback/holographic-feedback-widget.test.tsx(14,20): error TS2708: Cannot use namespace 'jest' as a value.
src/components/feedback/holographic-feedback-widget.test.tsx(17,1): error TS2593: Cannot find name 'describe'. Do you need to install type definitions for a test runner? Try `npm i --save-dev @types/jest` or `npm i --save-dev @types/mocha` and then add 'jest' or 'mocha' to the types field in your tsconfig.
src/components/feedback/holographic-feedback-widget.test.tsx(21,3): error TS2304: Cannot find name 'beforeEach'.
src/components/feedback/holographic-feedback-widget.test.tsx(22,27): error TS2708: Cannot use namespace 'jest' as a value.
src/components/feedback/holographic-feedback-widget.test.tsx(23,27): error TS2708: Cannot use namespace 'jest' as a value.
src/components/feedback/holographic-feedback-widget.test.tsx(26,3): error TS2304: Cannot find name 'afterEach'.
src/components/feedback/holographic-feedback-widget.test.tsx(29,5): error TS2708: Cannot use namespace 'jest' as a value.
src/components/feedback/holographic-feedback-widget.test.tsx(32,3): error TS2593: Cannot find name 'it'. Do you need to install type definitions for a test runner? Try `npm i --save-dev @types/jest` or `npm i --save-dev @types/mocha` and then add 'jest' or 'mocha' to the types field in your tsconfig.
src/components/feedback/holographic-feedback-widget.test.tsx(43,5): error TS2304: Cannot find name 'expect'.
src/components/feedback/holographic-feedback-widget.test.tsx(47,5): error TS2304: Cannot find name 'expect'.
src/components/feedback/holographic-feedback-widget.tsx(5,33): error TS2307: Cannot find module '@sentry/types' or its corresponding type declarations.
src/components/feedback/holographic-feedback-widget.tsx(18,31): error TS1149: File name 'C:/Users/prett/OneDrive/Desktop/projects/SoloSuccess-AI/src/components/ui/Button.tsx' differs from already included file name 'C:/Users/prett/OneDrive/Desktop/projects/SoloSuccess-AI/src/components/ui/button.tsx' only in casing.
  The file is in the program because:
    Imported via "@/components/ui/button" from file 'C:/Users/prett/OneDrive/Desktop/projects/SoloSuccess-AI/app/error.tsx'
    Imported via '@/components/ui/button' from file 'C:/Users/prett/OneDrive/Desktop/projects/SoloSuccess-AI/src/components/performance/performance-monitor.tsx'
    Imported via '@/components/ui/button' from file 'C:/Users/prett/OneDrive/Desktop/projects/SoloSuccess-AI/src/components/performance/service-worker-register.tsx'
    Imported via '@/components/ui/button' from file 'C:/Users/prett/OneDrive/Desktop/projects/SoloSuccess-AI/src/components/marketing/exit-intent-survey.tsx'
    Imported via "@/components/ui/button" from file 'C:/Users/prett/OneDrive/Desktop/projects/SoloSuccess-AI/src/components/ui/accessibility.tsx'
    Imported via "@/components/ui/button" from file 'C:/Users/prett/OneDrive/Desktop/projects/SoloSuccess-AI/src/components/chat/floating-chat-button.tsx'
    Imported via "@/components/ui/button" from file 'C:/Users/prett/OneDrive/Desktop/projects/SoloSuccess-AI/src/components/chat/mobile-chat-interface.tsx'
    Imported via "@/components/ui/button" from file 'C:/Users/prett/OneDrive/Desktop/projects/SoloSuccess-AI/src/components/ui/smart-tip.tsx'
    Imported via "@/components/ui/button" from file 'C:/Users/prett/OneDrive/Desktop/projects/SoloSuccess-AI/src/components/feedback/feedback-widget.tsx'
    Imported via "@/components/ui/button" from file 'C:/Users/prett/OneDrive/Desktop/projects/SoloSuccess-AI/src/components/mobile/offline-data-manager.tsx'
    Imported via "@/components/ui/button" from file 'C:/Users/prett/OneDrive/Desktop/projects/SoloSuccess-AI/app/not-found.tsx'
    Imported via "@/components/ui/button" from file 'C:/Users/prett/OneDrive/Desktop/projects/SoloSuccess-AI/app/account-recovery/account-recovery-client.tsx'
    Imported via "@/components/ui/button" from file 'C:/Users/prett/OneDrive/Desktop/projects/SoloSuccess-AI/app/account-recovery/page.tsx'
    Imported via "@/components/ui/button" from file 'C:/Users/prett/OneDrive/Desktop/projects/SoloSuccess-AI/app/auth/2fa/page.tsx'
    Imported via "@/components/ui/button" from file 'C:/Users/prett/OneDrive/Desktop/projects/SoloSuccess-AI/app/auth/device-approval/page.tsx'
    Imported via "@/components/ui/button" from file 'C:/Users/prett/OneDrive/Desktop/projects/SoloSuccess-AI/app/auth/sessions/page.tsx'
    Imported via "@/components/ui/button" from file 'C:/Users/prett/OneDrive/Desktop/projects/SoloSuccess-AI/src/components/custom-agents/custom-agent-chat.tsx'
    Imported via '@/components/ui/button' from file 'C:/Users/prett/OneDrive/Desktop/projects/SoloSuccess-AI/src/components/subscription/subscription-guard.tsx'
    Imported via "@/components/ui/button" from file 'C:/Users/prett/OneDrive/Desktop/projects/SoloSuccess-AI/src/components/custom-agents/security-dashboard.tsx'
    Imported via "@/components/ui/button" from file 'C:/Users/prett/OneDrive/Desktop/projects/SoloSuccess-AI/src/components/custom-agents/training-dashboard.tsx'
    Imported via '@/components/ui/button' from file 'C:/Users/prett/OneDrive/Desktop/projects/SoloSuccess-AI/app/dashboard/error.tsx'
    Imported via "@/components/ui/button" from file 'C:/Users/prett/OneDrive/Desktop/projects/SoloSuccess-AI/src/components/ui/sidebar.tsx'
    Imported via "@/components/ui/button" from file 'C:/Users/prett/OneDrive/Desktop/projects/SoloSuccess-AI/src/components/ui/tip-settings-button.tsx'
    Imported via "@/components/ui/button" from file 'C:/Users/prett/OneDrive/Desktop/projects/SoloSuccess-AI/src/components/ui/tip-settings.tsx'
    Imported via '@/components/ui/button' from file 'C:/Users/prett/OneDrive/Desktop/projects/SoloSuccess-AI/src/components/DashboardHeader.tsx'
    Imported via "@/components/ui/button" from file 'C:/Users/prett/OneDrive/Desktop/projects/SoloSuccess-AI/src/components/mobile/mobile-navigation.tsx'
    Imported via "@/components/ui/button" from file 'C:/Users/prett/OneDrive/Desktop/projects/SoloSuccess-AI/src/components/onboarding/simple-onboarding.tsx'
    Imported via "@/components/ui/button" from file 'C:/Users/prett/OneDrive/Desktop/projects/SoloSuccess-AI/src/components/onboarding/welcome-dashboard.tsx'
    Imported via "@/components/ui/button" from file 'C:/Users/prett/OneDrive/Desktop/projects/SoloSuccess-AI/src/components/mobile/pwa-install-prompt.tsx'
    Imported via "@/components/ui/button" from file 'C:/Users/prett/OneDrive/Desktop/projects/SoloSuccess-AI/src/components/mobile/mobile-pwa-provider.tsx'
    Imported via "@/components/ui/button" from file 'C:/Users/prett/OneDrive/Desktop/projects/SoloSuccess-AI/src/components/mobile/mobile-dashboard-widgets.tsx'
    Imported via "@/components/ui/button" from file 'C:/Users/prett/OneDrive/Desktop/projects/SoloSuccess-AI/src/components/mobile/voice-task-creator.tsx'
    Imported via "@/components/ui/button" from file 'C:/Users/prett/OneDrive/Desktop/projects/SoloSuccess-AI/src/components/mobile/mobile-dashboard.tsx'
    Imported via "@/components/ui/button" from file 'C:/Users/prett/OneDrive/Desktop/projects/SoloSuccess-AI/src/components/mobile/mobile-dashboard-enhanced.tsx'
    Imported via "@/components/ui/button" from file 'C:/Users/prett/OneDrive/Desktop/projects/SoloSuccess-AI/app/dashboard/agents/page.tsx'
    Imported via '@/components/ui/button' from file 'C:/Users/prett/OneDrive/Desktop/projects/SoloSuccess-AI/app/dashboard/analytics/page.tsx'
    Imported via '@/components/ui/button' from file 'C:/Users/prett/OneDrive/Desktop/projects/SoloSuccess-AI/app/dashboard/brand/page.tsx'
    Imported via '@/components/ui/button' from file 'C:/Users/prett/OneDrive/Desktop/projects/SoloSuccess-AI/app/dashboard/briefcase/page.tsx'
    Imported via '@/components/ui/button' from file 'C:/Users/prett/OneDrive/Desktop/projects/SoloSuccess-AI/src/components/collaboration/CollaborationDashboard.tsx'
    Imported via '@/components/ui/button' from file 'C:/Users/prett/OneDrive/Desktop/projects/SoloSuccess-AI/app/dashboard/collaboration/sessions/[id]/page.tsx'
    Imported via '@/components/ui/button' from file 'C:/Users/prett/OneDrive/Desktop/projects/SoloSuccess-AI/src/components/collaboration/MessageInterface.tsx'
    Imported via '@/components/ui/button' from file 'C:/Users/prett/OneDrive/Desktop/projects/SoloSuccess-AI/src/components/collaboration/AgentInterface.tsx'
    Imported via '@/components/ui/button' from file 'C:/Users/prett/OneDrive/Desktop/projects/SoloSuccess-AI/src/components/collaboration/SessionControls.tsx'
    Imported via "@/components/ui/button" from file 'C:/Users/prett/OneDrive/Desktop/projects/SoloSuccess-AI/app/dashboard/competitors/page.tsx'
    Imported via "@/components/ui/button" from file 'C:/Users/prett/OneDrive/Desktop/projects/SoloSuccess-AI/src/components/ui/alert-dialog.tsx'
    Imported via '@/components/ui/button' from file 'C:/Users/prett/OneDrive/Desktop/projects/SoloSuccess-AI/app/dashboard/competitors/intelligence/page.tsx'
    Imported via "@/components/ui/button" from file 'C:/Users/prett/OneDrive/Desktop/projects/SoloSuccess-AI/src/components/evolve/evolve-dashboard.tsx'
    Imported via "@/components/ui/button" from file 'C:/Users/prett/OneDrive/Desktop/projects/SoloSuccess-AI/src/components/evolve/first-hire-architect.tsx'
    Imported via "@/components/ui/button" from file 'C:/Users/prett/OneDrive/Desktop/projects/SoloSuccess-AI/src/components/evolve/compensation-modeler.tsx'
    Imported via "@/components/ui/button" from file 'C:/Users/prett/OneDrive/Desktop/projects/SoloSuccess-AI/src/components/integrations/integration-hub.tsx'
    Imported via '@/components/ui/button' from file 'C:/Users/prett/OneDrive/Desktop/projects/SoloSuccess-AI/app/dashboard/learning/page.tsx'
    Imported via "@/components/ui/button" from file 'C:/Users/prett/OneDrive/Desktop/projects/SoloSuccess-AI/app/dashboard/notifications/page.tsx'
    Imported via '@/components/ui/button' from file 'C:/Users/prett/OneDrive/Desktop/projects/SoloSuccess-AI/app/dashboard/settings/page.tsx'
    Imported via '@/components/ui/button' from file 'C:/Users/prett/OneDrive/Desktop/projects/SoloSuccess-AI/app/dashboard/settings/page.tsx'
    Imported via '@/components/ui/button' from file 'C:/Users/prett/OneDrive/Desktop/projects/SoloSuccess-AI/src/components/integrations/social-media-integration.tsx'
    Imported via '@/components/ui/button' from file 'C:/Users/prett/OneDrive/Desktop/projects/SoloSuccess-AI/src/components/integrations/calendar-integration.tsx'
    Imported via '@/components/ui/button' from file 'C:/Users/prett/OneDrive/Desktop/projects/SoloSuccess-AI/src/components/integrations/revenue-integration.tsx'
    Imported via "@/components/ui/button" from file 'C:/Users/prett/OneDrive/Desktop/projects/SoloSuccess-AI/app/dashboard/slaylist/page.tsx'
    Imported via "@/components/ui/button" from file 'C:/Users/prett/OneDrive/Desktop/projects/SoloSuccess-AI/src/components/ai/task-intelligence-panel.tsx'
    Imported via "@/components/ui/button" from file 'C:/Users/prett/OneDrive/Desktop/projects/SoloSuccess-AI/src/components/voice/voice-task-creator.tsx'
    Imported via '@/components/ui/button' from file 'C:/Users/prett/OneDrive/Desktop/projects/SoloSuccess-AI/src/components/subscription/subscription-manager.tsx'
    Imported via "@/components/ui/button" from file 'C:/Users/prett/OneDrive/Desktop/projects/SoloSuccess-AI/app/dashboard/templates/page.tsx'
    Imported via "@/components/ui/button" from file 'C:/Users/prett/OneDrive/Desktop/projects/SoloSuccess-AI/app/dashboard/workspace/page.tsx'
    Imported via "@/components/ui/button" from file 'C:/Users/prett/OneDrive/Desktop/projects/SoloSuccess-AI/src/components/templates/decision-dashboard.tsx'
    Imported via '@/components/ui/button' from file 'C:/Users/prett/OneDrive/Desktop/projects/SoloSuccess-AI/src/components/templates/delegation-list-builder.tsx'
    Imported via '@/components/ui/button' from file 'C:/Users/prett/OneDrive/Desktop/projects/SoloSuccess-AI/src/components/templates/dm-sales-script-generator.tsx'
    Imported via '@/components/ui/button' from file 'C:/Users/prett/OneDrive/Desktop/projects/SoloSuccess-AI/src/components/templates/freebie-funnel-builder.tsx'
    Imported via '@/components/ui/button' from file 'C:/Users/prett/OneDrive/Desktop/projects/SoloSuccess-AI/src/components/templates/i-hate-this-tracker.tsx'
    Imported via '@/components/ui/button' from file 'C:/Users/prett/OneDrive/Desktop/projects/SoloSuccess-AI/src/components/templates/live-launch-tracker.tsx'
    Imported via '@/components/ui/button' from file 'C:/Users/prett/OneDrive/Desktop/projects/SoloSuccess-AI/src/components/templates/offer-comparison-matrix.tsx'
    Imported via '@/components/ui/button' from file 'C:/Users/prett/OneDrive/Desktop/projects/SoloSuccess-AI/src/components/templates/quarterly-biz-review.tsx'
    Imported via '@/components/ui/button' from file 'C:/Users/prett/OneDrive/Desktop/projects/SoloSuccess-AI/src/components/templates/upsell-flow-builder.tsx'
    Imported via '@/components/ui/button' from file 'C:/Users/prett/OneDrive/Desktop/projects/SoloSuccess-AI/src/components/templates/vision-board-generator.tsx'
    Imported via '@/components/ui/button' from file 'C:/Users/prett/OneDrive/Desktop/projects/SoloSuccess-AI/src/components/templates/pre-mortem-template.tsx'
    Imported via '@/components/ui/button' from file 'C:/Users/prett/OneDrive/Desktop/projects/SoloSuccess-AI/src/components/templates/reverse-engineer-role-models.tsx'
    Imported via '@/components/ui/button' from file 'C:/Users/prett/OneDrive/Desktop/projects/SoloSuccess-AI/src/components/templates/big-leap-planner.tsx'
    Imported via '@/components/ui/button' from file 'C:/Users/prett/OneDrive/Desktop/projects/SoloSuccess-AI/src/components/templates/offer-naming-generator.tsx'
    Imported via '@/components/ui/button' from file 'C:/Users/prett/OneDrive/Desktop/projects/SoloSuccess-AI/src/components/templates/brag-bank-template.tsx'
    Imported via '@/components/ui/button' from file 'C:/Users/prett/OneDrive/Desktop/projects/SoloSuccess-AI/src/components/templates/founder-feelings-tracker.tsx'
    Imported via '@/components/ui/button' from file 'C:/Users/prett/OneDrive/Desktop/projects/SoloSuccess-AI/src/components/templates/viral-hook-generator.tsx'
    Imported via '@/components/ui/button' from file 'C:/Users/prett/OneDrive/Desktop/projects/SoloSuccess-AI/src/components/templates/values-aligned-biz-filter.tsx'
    Imported via '@/components/ui/button' from file 'C:/Users/prett/OneDrive/Desktop/projects/SoloSuccess-AI/src/components/templates/ai-collab-planner.tsx'
    Imported via '@/components/ui/button' from file 'C:/Users/prett/OneDrive/Desktop/projects/SoloSuccess-AI/src/components/templates/pr-pitch-template.tsx'
    Imported via '@/components/ui/button' from file 'C:/Users/prett/OneDrive/Desktop/projects/SoloSuccess-AI/src/components/auth/forgot-password-form.tsx'
    Imported via '@/components/ui/button' from file 'C:/Users/prett/OneDrive/Desktop/projects/SoloSuccess-AI/app/gdpr/page.tsx'
    Imported via '@/components/ui/button' from file 'C:/Users/prett/OneDrive/Desktop/projects/SoloSuccess-AI/src/components/auth/login-form.tsx'
    Imported via "@/components/ui/button" from file 'C:/Users/prett/OneDrive/Desktop/projects/SoloSuccess-AI/app/offline/page.tsx'
    Imported via '@/components/ui/button' from file 'C:/Users/prett/OneDrive/Desktop/projects/SoloSuccess-AI/src/components/auth/register-form.tsx'
    Imported via "@/components/ui/button" from file 'C:/Users/prett/OneDrive/Desktop/projects/SoloSuccess-AI/app/team/page.tsx'
    Imported via "@/components/ui/button" from file 'C:/Users/prett/OneDrive/Desktop/projects/SoloSuccess-AI/src/components/guardian-ai/guardian-ai-dashboard.tsx'
    Imported via "@/components/ui/button" from file 'C:/Users/prett/OneDrive/Desktop/projects/SoloSuccess-AI/src/components/guardian-ai/compliance-scanner.tsx'
    Imported via "@/components/ui/button" from file 'C:/Users/prett/OneDrive/Desktop/projects/SoloSuccess-AI/src/components/guardian-ai/policy-generator.tsx'
    Imported via "@/components/ui/button" from file 'C:/Users/prett/OneDrive/Desktop/projects/SoloSuccess-AI/src/components/guardian-ai/consent-management.tsx'
    Imported via "@/components/ui/button" from file 'C:/Users/prett/OneDrive/Desktop/projects/SoloSuccess-AI/src/components/decision-frameworks/cost-benefit-matrix.tsx'
    Imported via "@/components/ui/button" from file 'C:/Users/prett/OneDrive/Desktop/projects/SoloSuccess-AI/src/components/decision-frameworks/spade-framework.tsx'
    Imported via "@/components/ui/button" from file 'C:/Users/prett/OneDrive/Desktop/projects/SoloSuccess-AI/src/components/decision-frameworks/five-whys-analysis.tsx'
    Imported via "@/components/ui/button" from file 'C:/Users/prett/OneDrive/Desktop/projects/SoloSuccess-AI/app/user/page.tsx'
    Imported via '@/components/ui/button' from file 'C:/Users/prett/OneDrive/Desktop/projects/SoloSuccess-AI/src/components/BrandStudioSaveIntegration.tsx'
    Imported via '@/components/ui/button' from file 'C:/Users/prett/OneDrive/Desktop/projects/SoloSuccess-AI/src/components/ChatSaveIntegration.tsx'
    Imported via '@/components/ui/button' from file 'C:/Users/prett/OneDrive/Desktop/projects/SoloSuccess-AI/src/components/TemplateSaveIntegration.tsx'
    Imported via '@/components/ui/button' from file 'C:/Users/prett/OneDrive/Desktop/projects/SoloSuccess-AI/src/components/file-preview-modal.tsx'
    Imported via "@/components/ui/button" from file 'C:/Users/prett/OneDrive/Desktop/projects/SoloSuccess-AI/src/components/theme-toggle.tsx'
    Imported via '@/components/ui/button' from file 'C:/Users/prett/OneDrive/Desktop/projects/SoloSuccess-AI/src/components/ai/smart-prioritizer.tsx'
    Imported via '@/components/ui/button' from file 'C:/Users/prett/OneDrive/Desktop/projects/SoloSuccess-AI/src/components/analytics/advanced-data-visualization.tsx'
    Imported via '@/components/ui/Button' from file 'C:/Users/prett/OneDrive/Desktop/projects/SoloSuccess-AI/src/components/analytics/advanced-data-visualization.tsx'
    Imported via '@/components/ui/button' from file 'C:/Users/prett/OneDrive/Desktop/projects/SoloSuccess-AI/src/components/analytics/analytics-dashboard.tsx'
    Imported via '@/components/ui/button' from file 'C:/Users/prett/OneDrive/Desktop/projects/SoloSuccess-AI/src/components/analytics/predictive-insights-dashboard.tsx'
    Imported via '@/components/ui/button' from file 'C:/Users/prett/OneDrive/Desktop/projects/SoloSuccess-AI/src/components/analytics/custom-report-builder-enhanced.tsx'
    Imported via '@/components/ui/button' from file 'C:/Users/prett/OneDrive/Desktop/projects/SoloSuccess-AI/src/components/analytics/custom-report-builder.tsx'
    Imported via '@/components/ui/Button' from file 'C:/Users/prett/OneDrive/Desktop/projects/SoloSuccess-AI/src/components/analytics/custom-report-builder.tsx'
    Imported via '@/components/ui/button' from file 'C:/Users/prett/OneDrive/Desktop/projects/SoloSuccess-AI/src/components/analytics/productivity-dashboard.tsx'
    Imported via '@/components/ui/button' from file 'C:/Users/prett/OneDrive/Desktop/projects/SoloSuccess-AI/src/components/auth/sign-out-button.tsx'
    Imported via '@/components/ui/button' from file 'C:/Users/prett/OneDrive/Desktop/projects/SoloSuccess-AI/src/components/briefcase/advanced-search-panel.tsx'
    Imported via "@/components/ui/button" from file 'C:/Users/prett/OneDrive/Desktop/projects/SoloSuccess-AI/src/components/ui/date-range-picker.tsx'
    Imported via '@/components/ui/button' from file 'C:/Users/prett/OneDrive/Desktop/projects/SoloSuccess-AI/src/components/ui/calendar.tsx'
    Imported via '@/components/ui/button' from file 'C:/Users/prett/OneDrive/Desktop/projects/SoloSuccess-AI/src/components/briefcase/ai-insights-panel.tsx'
    Imported via '@/components/ui/button' from file 'C:/Users/prett/OneDrive/Desktop/projects/SoloSuccess-AI/src/components/briefcase/bulk-operations-panel.tsx'
    Imported via '@/components/ui/button' from file 'C:/Users/prett/OneDrive/Desktop/projects/SoloSuccess-AI/src/components/briefcase/document-versioning-modal.tsx'
    Imported via '@/components/ui/button' from file 'C:/Users/prett/OneDrive/Desktop/projects/SoloSuccess-AI/src/components/briefcase/enhanced-dashboard.tsx'
    Imported via '@/components/ui/button' from file 'C:/Users/prett/OneDrive/Desktop/projects/SoloSuccess-AI/src/components/briefcase/enhanced-file-preview-modal.tsx'
    Imported via '@/components/ui/button' from file 'C:/Users/prett/OneDrive/Desktop/projects/SoloSuccess-AI/src/components/briefcase/file-metadata-panel.tsx'
    Imported via '@/components/ui/button' from file 'C:/Users/prett/OneDrive/Desktop/projects/SoloSuccess-AI/src/components/briefcase/file-sharing-modal.tsx'
    Imported via '@/components/ui/button' from file 'C:/Users/prett/OneDrive/Desktop/projects/SoloSuccess-AI/src/components/briefcase/folder-creation-dialog.tsx'
    Imported via '@/components/ui/button' from file 'C:/Users/prett/OneDrive/Desktop/projects/SoloSuccess-AI/src/components/briefcase/version-history-modal.tsx'
    Imported via '@/components/ui/button' from file 'C:/Users/prett/OneDrive/Desktop/projects/SoloSuccess-AI/src/components/collaboration/SessionManager.tsx'
    Imported via "@/components/ui/button" from file 'C:/Users/prett/OneDrive/Desktop/projects/SoloSuccess-AI/src/components/collaboration/collaboration-hub.tsx'
    Imported via '@/components/ui/button' from file 'C:/Users/prett/OneDrive/Desktop/projects/SoloSuccess-AI/src/components/competitors/alert-dashboard.tsx'
    Imported via '@/components/ui/button' from file 'C:/Users/prett/OneDrive/Desktop/projects/SoloSuccess-AI/src/components/competitors/alert-notifications.tsx'
    Imported via '@/components/ui/button' from file 'C:/Users/prett/OneDrive/Desktop/projects/SoloSuccess-AI/src/components/competitors/blaze-growth-intelligence.tsx'
    Imported via '@/components/ui/button' from file 'C:/Users/prett/OneDrive/Desktop/projects/SoloSuccess-AI/src/components/competitors/notification-preferences.tsx'
    Imported via '@/components/ui/button' from file 'C:/Users/prett/OneDrive/Desktop/projects/SoloSuccess-AI/src/components/competitors/pricing-intelligence-dashboard.tsx'
    Imported via '@/components/ui/button' from file 'C:/Users/prett/OneDrive/Desktop/projects/SoloSuccess-AI/src/components/competitors/scraping-manager.tsx'
    Imported via "@/components/ui/button" from file 'C:/Users/prett/OneDrive/Desktop/projects/SoloSuccess-AI/src/components/dashboard/google-calendar-widget.tsx'
    Imported via "@/components/ui/Button" from file 'C:/Users/prett/OneDrive/Desktop/projects/SoloSuccess-AI/src/components/feedback/holographic-feedback-widget.tsx'
    Imported via "@/components/ui/button" from file 'C:/Users/prett/OneDrive/Desktop/projects/SoloSuccess-AI/src/components/footer/app-footer.tsx'
    Imported via '@/components/ui/button' from file 'C:/Users/prett/OneDrive/Desktop/projects/SoloSuccess-AI/src/components/forms/secure-contact-form.tsx'
    Imported via "@/components/ui/button" from file 'C:/Users/prett/OneDrive/Desktop/projects/SoloSuccess-AI/src/components/gamification/achievement-celebration.tsx'
    Imported via '@/components/ui/button' from file 'C:/Users/prett/OneDrive/Desktop/projects/SoloSuccess-AI/src/components/intelligence/agent-briefing-dashboard.tsx'
    Imported via '@/components/ui/button' from file 'C:/Users/prett/OneDrive/Desktop/projects/SoloSuccess-AI/src/components/intelligence/briefing-dashboard.tsx'
    Imported via "@/components/ui/button" from file 'C:/Users/prett/OneDrive/Desktop/projects/SoloSuccess-AI/src/components/intelligence/intelligence-results.tsx'
    Imported via "@/components/ui/button" from file 'C:/Users/prett/OneDrive/Desktop/projects/SoloSuccess-AI/src/components/intelligence/intelligence-search.tsx'
    Imported via '@/components/ui/button' from file 'C:/Users/prett/OneDrive/Desktop/projects/SoloSuccess-AI/src/components/marketing/plan-quiz.tsx'
    Imported via "@/components/ui/button" from file 'C:/Users/prett/OneDrive/Desktop/projects/SoloSuccess-AI/src/components/notifications/notification-settings.tsx'
    Imported via "@/components/ui/button" from file 'C:/Users/prett/OneDrive/Desktop/projects/SoloSuccess-AI/src/components/onboarding/enhanced-welcome-flow.tsx'
    Imported via "@/components/ui/button" from file 'C:/Users/prett/OneDrive/Desktop/projects/SoloSuccess-AI/src/components/onboarding/feature-discovery.tsx'
    Imported via "@/components/ui/button" from file 'C:/Users/prett/OneDrive/Desktop/projects/SoloSuccess-AI/src/components/onboarding/interactive-tutorial.tsx'
    Imported via "@/components/ui/button" from file 'C:/Users/prett/OneDrive/Desktop/projects/SoloSuccess-AI/src/components/onboarding/onboarding-wizard.tsx'
    Imported via "@/components/ui/button" from file 'C:/Users/prett/OneDrive/Desktop/projects/SoloSuccess-AI/src/components/onboarding/progressive-onboarding.tsx'
    Imported via "@/components/ui/button" from file 'C:/Users/prett/OneDrive/Desktop/projects/SoloSuccess-AI/src/components/profile/enhanced-profile-modal.tsx'
    Imported via "@/components/ui/button" from file 'C:/Users/prett/OneDrive/Desktop/projects/SoloSuccess-AI/src/components/profile/profile-modal.tsx'
    Imported via '@/components/ui/button' from file 'C:/Users/prett/OneDrive/Desktop/projects/SoloSuccess-AI/src/components/recaptcha/recaptcha-button.tsx'
    Imported via "@/components/ui/button" from file 'C:/Users/prett/OneDrive/Desktop/projects/SoloSuccess-AI/src/components/schedule/schedule-demo-modal.tsx'
    Imported via '@/components/ui/button' from file 'C:/Users/prett/OneDrive/Desktop/projects/SoloSuccess-AI/src/components/settings/api-keys-tutorial.tsx'
    Imported via "@/components/ui/button" from file 'C:/Users/prett/OneDrive/Desktop/projects/SoloSuccess-AI/src/components/shared/shared-landing-page.tsx'
    Imported via "@/components/ui/button" from file 'C:/Users/prett/OneDrive/Desktop/projects/SoloSuccess-AI/src/components/social/boss-community.tsx'
    Imported via "@/components/ui/button" from file 'C:/Users/prett/OneDrive/Desktop/projects/SoloSuccess-AI/src/components/subscription/feature-gate.tsx'
    Imported via '@/components/ui/button' from file 'C:/Users/prett/OneDrive/Desktop/projects/SoloSuccess-AI/src/components/subscription/pricing-cards.tsx'
    Imported via "@/components/ui/button" from file 'C:/Users/prett/OneDrive/Desktop/projects/SoloSuccess-AI/src/components/subscription/subscription-status.tsx'
    Imported via "@/components/ui/button" from file 'C:/Users/prett/OneDrive/Desktop/projects/SoloSuccess-AI/src/components/tasks/gesture-task-card.tsx'
    Imported via "@/components/ui/button" from file 'C:/Users/prett/OneDrive/Desktop/projects/SoloSuccess-AI/src/components/templates/customer-journey-mapper.tsx'
    Imported via "@/components/ui/button" from file 'C:/Users/prett/OneDrive/Desktop/projects/SoloSuccess-AI/src/components/templates/email-campaign-builder.tsx'
    Imported via "@/components/ui/button" from file 'C:/Users/prett/OneDrive/Desktop/projects/SoloSuccess-AI/src/components/templates/project-timeline.tsx'
    Imported via '@/components/ui/button' from file 'C:/Users/prett/OneDrive/Desktop/projects/SoloSuccess-AI/src/components/templates/saved-templates-list.tsx'
    Imported via "@/components/ui/button" from file 'C:/Users/prett/OneDrive/Desktop/projects/SoloSuccess-AI/src/components/templates/social-media-strategy.tsx'
    Imported via "@/components/ui/button" from file 'C:/Users/prett/OneDrive/Desktop/projects/SoloSuccess-AI/src/components/templates/strategic-business-plan.tsx'
    Imported via '@/components/ui/button' from file 'C:/Users/prett/OneDrive/Desktop/projects/SoloSuccess-AI/src/components/temporal/workflow-status.tsx'
    Imported via './Button' from file 'C:/Users/prett/OneDrive/Desktop/projects/SoloSuccess-AI/src/components/ui/Modal.tsx'
    Imported via './button' from file 'C:/Users/prett/OneDrive/Desktop/projects/SoloSuccess-AI/src/components/ui/button.stories.tsx'
    Matched by include pattern 'src/**/*' in 'C:/Users/prett/OneDrive/Desktop/projects/SoloSuccess-AI/tsconfig.json'
    Imported via "@/components/ui/button" from file 'C:/Users/prett/OneDrive/Desktop/projects/SoloSuccess-AI/src/components/ui/carousel.tsx'
    Imported via './button' from file 'C:/Users/prett/OneDrive/Desktop/projects/SoloSuccess-AI/src/components/ui/error-boundary.tsx'
    Imported via "@/components/ui/button" from file 'C:/Users/prett/OneDrive/Desktop/projects/SoloSuccess-AI/src/components/ui/error-handler.tsx'
    Imported via "@/components/ui/button" from file 'C:/Users/prett/OneDrive/Desktop/projects/SoloSuccess-AI/src/components/ui/floating-action-button.tsx'
    Imported via "@/components/ui/button" from file 'C:/Users/prett/OneDrive/Desktop/projects/SoloSuccess-AI/src/components/ui/help-tooltip.tsx'
    Imported via "@/components/ui/button" from file 'C:/Users/prett/OneDrive/Desktop/projects/SoloSuccess-AI/src/components/ui/pagination.tsx'
    Imported via '@/components/ui/button' from file 'C:/Users/prett/OneDrive/Desktop/projects/SoloSuccess-AI/src/components/ui/voice-input.tsx'
    Imported via "@/components/ui/button" from file 'C:/Users/prett/OneDrive/Desktop/projects/SoloSuccess-AI/src/components/voice/voice-chat.tsx'
    Imported via '@/components/ui/button' from file 'C:/Users/prett/OneDrive/Desktop/projects/SoloSuccess-AI/src/components/workflow/visual-workflow-builder.tsx'
    Imported via '@/components/ui/Button' from file 'C:/Users/prett/OneDrive/Desktop/projects/SoloSuccess-AI/src/components/workflow/visual-workflow-builder.tsx'
    Imported via '@/components/ui/Button' from file 'C:/Users/prett/OneDrive/Desktop/projects/SoloSuccess-AI/src/components/workflow/workflow-dashboard.tsx'
    Imported via '@/components/ui/button' from file 'C:/Users/prett/OneDrive/Desktop/projects/SoloSuccess-AI/src/components/workflow/workflow-templates.tsx'
    Imported via '@/components/ui/Button' from file 'C:/Users/prett/OneDrive/Desktop/projects/SoloSuccess-AI/src/components/workflow/workflow-templates.tsx'
    Imported via '@/components/ui/button' from file 'C:/Users/prett/OneDrive/Desktop/projects/SoloSuccess-AI/src/components/workflow/workflow-execution-monitor.tsx'
    Imported via '@/components/ui/Button' from file 'C:/Users/prett/OneDrive/Desktop/projects/SoloSuccess-AI/src/components/workflow/workflow-execution-monitor.tsx'
src/components/feedback/holographic-feedback-widget.tsx(19,25): error TS1149: File name 'C:/Users/prett/OneDrive/Desktop/projects/SoloSuccess-AI/src/components/ui/Loading.tsx' differs from already included file name 'C:/Users/prett/OneDrive/Desktop/projects/SoloSuccess-AI/src/components/ui/loading.tsx' only in casing.
  The file is in the program because:
    Imported via "@/components/ui/loading" from file 'C:/Users/prett/OneDrive/Desktop/projects/SoloSuccess-AI/src/components/feedback/feedback-widget.tsx'
    Imported via "@/components/ui/loading" from file 'C:/Users/prett/OneDrive/Desktop/projects/SoloSuccess-AI/app/dashboard/competitors/page.tsx'
    Imported via "@/components/ui/loading" from file 'C:/Users/prett/OneDrive/Desktop/projects/SoloSuccess-AI/app/dashboard/competitors/[id]/edit/page.tsx'
    Imported via "@/components/ui/loading" from file 'C:/Users/prett/OneDrive/Desktop/projects/SoloSuccess-AI/app/dashboard/competitors/discover/page.tsx'
    Imported via "@/components/ui/loading" from file 'C:/Users/prett/OneDrive/Desktop/projects/SoloSuccess-AI/app/dashboard/notifications/page.tsx'
    Imported via '@/components/ui/Loading' from file 'C:/Users/prett/OneDrive/Desktop/projects/SoloSuccess-AI/src/components/analytics/advanced-data-visualization.tsx'
    Imported via '@/components/ui/Loading' from file 'C:/Users/prett/OneDrive/Desktop/projects/SoloSuccess-AI/src/components/analytics/custom-report-builder.tsx'
    Imported via "@/components/ui/loading" from file 'C:/Users/prett/OneDrive/Desktop/projects/SoloSuccess-AI/src/components/dashboard/intelligence-dashboard.tsx'
    Imported via "@/components/ui/Loading" from file 'C:/Users/prett/OneDrive/Desktop/projects/SoloSuccess-AI/src/components/feedback/holographic-feedback-widget.tsx'
    Matched by include pattern 'src/**/*' in 'C:/Users/prett/OneDrive/Desktop/projects/SoloSuccess-AI/tsconfig.json'
    Imported via '@/components/ui/Loading' from file 'C:/Users/prett/OneDrive/Desktop/projects/SoloSuccess-AI/src/components/workflow/visual-workflow-builder.tsx'
    Imported via '@/components/ui/Loading' from file 'C:/Users/prett/OneDrive/Desktop/projects/SoloSuccess-AI/src/components/workflow/workflow-dashboard.tsx'
    Imported via '@/components/ui/Loading' from file 'C:/Users/prett/OneDrive/Desktop/projects/SoloSuccess-AI/src/components/workflow/workflow-execution-monitor.tsx'
src/components/feedback/holographic-feedback-widget.tsx(224,16): error TS2322: Type '{ children: Element[]; emphasis: string; className: string; }' is not assignable to type 'DetailedHTMLProps<HTMLAttributes<HTMLDivElement>, HTMLDivElement>'.
  Property 'emphasis' does not exist on type 'DetailedHTMLProps<HTMLAttributes<HTMLDivElement>, HTMLDivElement>'.
src/components/feedback/holographic-feedback-widget.tsx(352,21): error TS2322: Type '"default"' is not assignable to type '"info" | "success" | "error" | "cyan" | "purple" | "magenta" | "warning" | "ghost" | "outline" | "lime" | "orange"'.
src/components/file-preview-modal.tsx(511,24): error TS2322: Type '"secondary"' is not assignable to type '"cyan" | "purple" | "magenta" | "lime" | "orange"'.
src/components/file-preview-modal.tsx(513,26): error TS2322: Type '"outline"' is not assignable to type '"cyan" | "purple" | "magenta" | "lime" | "orange"'.
src/components/file-preview-modal.tsx(628,40): error TS2322: Type '"outline"' is not assignable to type '"cyan" | "purple" | "magenta" | "lime" | "orange"'.
src/components/guardian-ai/compliance-scanner.tsx(328,20): error TS2322: Type '{ children: Element; key: string; }' is not assignable to type 'IntrinsicAttributes & AlertProps'.
  Property 'children' does not exist on type 'IntrinsicAttributes & AlertProps'.
src/components/guardian-ai/consent-management.tsx(248,27): error TS2322: Type '"default" | "outline"' is not assignable to type '"info" | "success" | "error" | "cyan" | "purple" | "magenta" | "warning" | "ghost" | "outline" | "lime" | "orange"'.
  Type '"default"' is not assignable to type '"info" | "success" | "error" | "cyan" | "purple" | "magenta" | "warning" | "ghost" | "outline" | "lime" | "orange"'.
src/components/guardian-ai/consent-management.tsx(264,27): error TS2322: Type '"default" | "outline"' is not assignable to type '"info" | "success" | "error" | "cyan" | "purple" | "magenta" | "warning" | "ghost" | "outline" | "lime" | "orange"'.
  Type '"default"' is not assignable to type '"info" | "success" | "error" | "cyan" | "purple" | "magenta" | "warning" | "ghost" | "outline" | "lime" | "orange"'.
src/components/guardian-ai/consent-management.tsx(352,16): error TS2559: Type '{ children: Element[]; }' has no properties in common with type 'IntrinsicAttributes & AlertProps'.
src/components/guardian-ai/guardian-ai-dashboard.tsx(241,18): error TS2559: Type '{ children: Element[]; }' has no properties in common with type 'IntrinsicAttributes & AlertProps'.
src/components/guardian-ai/guardian-ai-dashboard.tsx(248,18): error TS2559: Type '{ children: Element[]; }' has no properties in common with type 'IntrinsicAttributes & AlertProps'.
src/components/guardian-ai/guardian-ai-dashboard.tsx(255,18): error TS2559: Type '{ children: Element[]; }' has no properties in common with type 'IntrinsicAttributes & AlertProps'.
src/components/guardian-ai/guardian-ai-dashboard.tsx(284,8): error TS2559: Type '{ children: Element[]; }' has no properties in common with type 'IntrinsicAttributes & AlertProps'.
src/components/guardian-ai/policy-generator.tsx(283,30): error TS2322: Type '"outline"' is not assignable to type '"cyan" | "purple" | "magenta" | "lime" | "orange"'.
src/components/guardian-ai/policy-generator.tsx(317,8): error TS2559: Type '{ children: Element[]; }' has no properties in common with type 'IntrinsicAttributes & AlertProps'.
src/components/IdeaIncinerator.tsx(5,10): error TS2305: Module '"../types"' has no exported member 'IncineratorResponse'.
src/components/integrations/calendar-integration.tsx(483,28): error TS2322: Type '"secondary"' is not assignable to type '"cyan" | "purple" | "magenta" | "lime" | "orange"'.
src/components/integrations/calendar-integration.tsx(547,32): error TS2322: Type '"outline"' is not assignable to type '"cyan" | "purple" | "magenta" | "lime" | "orange"'.
src/components/integrations/calendar-integration.tsx(568,30): error TS2322: Type '"secondary"' is not assignable to type '"cyan" | "purple" | "magenta" | "lime" | "orange"'.
src/components/integrations/integration-hub.tsx(166,43): error TS2322: Type '"default" | "outline"' is not assignable to type '"info" | "success" | "error" | "cyan" | "purple" | "magenta" | "warning" | "ghost" | "outline" | "lime" | "orange"'.
  Type '"default"' is not assignable to type '"info" | "success" | "error" | "cyan" | "purple" | "magenta" | "warning" | "ghost" | "outline" | "lime" | "orange"'.
src/components/integrations/integration-hub.tsx(190,32): error TS2322: Type '"outline"' is not assignable to type '"cyan" | "purple" | "magenta" | "lime" | "orange"'.
src/components/integrations/integration-hub.tsx(194,34): error TS2322: Type '"outline"' is not assignable to type '"cyan" | "purple" | "magenta" | "lime" | "orange"'.
src/components/integrations/revenue-integration.tsx(435,32): error TS2322: Type '"outline"' is not assignable to type '"cyan" | "purple" | "magenta" | "lime" | "orange"'.
src/components/integrations/revenue-integration.tsx(440,32): error TS2322: Type '"outline"' is not assignable to type '"cyan" | "purple" | "magenta" | "lime" | "orange"'.
src/components/integrations/revenue-integration.tsx(511,31): error TS2322: Type '{ children: Element; variant: "ghost"; size: "sm"; className: string; asChild: true; }' is not assignable to type 'IntrinsicAttributes & PrimaryButtonProps'.
  Property 'asChild' does not exist on type 'IntrinsicAttributes & PrimaryButtonProps'.
src/components/integrations/social-media-integration.tsx(496,29): error TS2322: Type '(e: any) => void' is not assignable to type '() => void'.
  Target signature provides too few arguments. Expected 1 or more, but got 0.
src/components/integrations/social-media-integration.tsx(548,23): error TS2322: Type '"destructive"' is not assignable to type '"info" | "success" | "error" | "cyan" | "purple" | "magenta" | "warning" | "ghost" | "outline" | "lime" | "orange"'.
src/components/intelligence/intelligence-results.tsx(371,31): error TS2322: Type '"outline"' is not assignable to type '"cyan" | "purple" | "magenta" | "lime" | "orange"'.
src/components/intelligence/intelligence-results.tsx(387,33): error TS2322: Type '"outline"' is not assignable to type '"cyan" | "purple" | "magenta" | "lime" | "orange"'.
src/components/intelligence/intelligence-results.tsx(490,41): error TS2322: Type '"outline"' is not assignable to type '"cyan" | "purple" | "magenta" | "lime" | "orange"'.
src/components/intelligence/intelligence-results.tsx(550,46): error TS2322: Type '"secondary"' is not assignable to type '"cyan" | "purple" | "magenta" | "lime" | "orange"'.
src/components/intelligence/intelligence-results.tsx(555,36): error TS2322: Type '"secondary"' is not assignable to type '"cyan" | "purple" | "magenta" | "lime" | "orange"'.
src/components/intelligence/intelligence-results.tsx(596,23): error TS2322: Type '"default" | "outline"' is not assignable to type '"info" | "success" | "error" | "cyan" | "purple" | "magenta" | "warning" | "ghost" | "outline" | "lime" | "orange"'.
  Type '"default"' is not assignable to type '"info" | "success" | "error" | "cyan" | "purple" | "magenta" | "warning" | "ghost" | "outline" | "lime" | "orange"'.
src/components/intelligence/intelligence-search.tsx(362,24): error TS2322: Type '"secondary"' is not assignable to type '"cyan" | "purple" | "magenta" | "lime" | "orange"'.
src/components/intelligence/intelligence-search.tsx(378,24): error TS2322: Type '"secondary"' is not assignable to type '"cyan" | "purple" | "magenta" | "lime" | "orange"'.
src/components/intelligence/intelligence-search.tsx(579,37): error TS2322: Type '"outline"' is not assignable to type '"cyan" | "purple" | "magenta" | "lime" | "orange"'.
src/components/intelligence/intelligence-search.tsx(720,46): error TS2322: Type '"secondary"' is not assignable to type '"cyan" | "purple" | "magenta" | "lime" | "orange"'.
src/components/intelligence/intelligence-search.tsx(931,24): error TS2322: Type '"secondary"' is not assignable to type '"cyan" | "purple" | "magenta" | "lime" | "orange"'.
src/components/intelligence/intelligence-search.tsx(940,24): error TS2322: Type '"secondary"' is not assignable to type '"cyan" | "purple" | "magenta" | "lime" | "orange"'.
src/components/intelligence/intelligence-search.tsx(949,24): error TS2322: Type '"secondary"' is not assignable to type '"cyan" | "purple" | "magenta" | "lime" | "orange"'.
src/components/intelligence/intelligence-search.tsx(958,24): error TS2322: Type '"secondary"' is not assignable to type '"cyan" | "purple" | "magenta" | "lime" | "orange"'.
src/components/intelligence/intelligence-search.tsx(967,24): error TS2322: Type '"secondary"' is not assignable to type '"cyan" | "purple" | "magenta" | "lime" | "orange"'.
src/components/intelligence/intelligence-search.tsx(976,24): error TS2322: Type '"secondary"' is not assignable to type '"cyan" | "purple" | "magenta" | "lime" | "orange"'.
src/components/intelligence/intelligence-search.tsx(985,24): error TS2322: Type '"secondary"' is not assignable to type '"cyan" | "purple" | "magenta" | "lime" | "orange"'.
src/components/intelligence/intelligence-search.tsx(994,24): error TS2322: Type '"secondary"' is not assignable to type '"cyan" | "purple" | "magenta" | "lime" | "orange"'.
src/components/LandingPage.tsx(2,29): error TS2307: Cannot find module 'react-router-dom' or its corresponding type declarations.
src/components/marketing/PricingPage.tsx(42,27): error TS2339: Property 'env' does not exist on type 'ImportMeta'.
src/components/marketing/PricingPage.tsx(43,26): error TS2339: Property 'env' does not exist on type 'ImportMeta'.
src/components/marketing/PricingPage.tsx(44,29): error TS2339: Property 'env' does not exist on type 'ImportMeta'.
src/components/marketing/PrivacyPolicy.test.tsx(3,38): error TS2307: Cannot find module 'vitest' or its corresponding type declarations.
src/components/marketing/PrivacyPolicy.test.tsx(4,30): error TS2307: Cannot find module 'react-router-dom' or its corresponding type declarations.
src/components/marketing/TermsOfService.test.tsx(3,38): error TS2307: Cannot find module 'vitest' or its corresponding type declarations.
src/components/marketing/TermsOfService.test.tsx(4,30): error TS2307: Cannot find module 'react-router-dom' or its corresponding type declarations.
src/components/mobile/mobile-dashboard-enhanced.tsx(145,26): error TS2322: Type '"outline"' is not assignable to type '"cyan" | "purple" | "magenta" | "lime" | "orange"'.
src/components/mobile/mobile-dashboard-enhanced.tsx(186,24): error TS2322: Type '"outline"' is not assignable to type '"cyan" | "purple" | "magenta" | "lime" | "orange"'.
src/components/mobile/mobile-dashboard-enhanced.tsx(204,24): error TS2322: Type '"outline"' is not assignable to type '"cyan" | "purple" | "magenta" | "lime" | "orange"'.
src/components/mobile/mobile-dashboard-enhanced.tsx(221,24): error TS2322: Type '"outline"' is not assignable to type '"cyan" | "purple" | "magenta" | "lime" | "orange"'.
src/components/mobile/mobile-dashboard-enhanced.tsx(239,24): error TS2322: Type '"outline"' is not assignable to type '"cyan" | "purple" | "magenta" | "lime" | "orange"'.
src/components/mobile/mobile-dashboard-widgets.tsx(105,20): error TS2322: Type '"outline"' is not assignable to type '"cyan" | "purple" | "magenta" | "lime" | "orange"'.
src/components/mobile/mobile-dashboard-widgets.tsx(176,26): error TS2322: Type '"destructive"' is not assignable to type '"cyan" | "purple" | "magenta" | "lime" | "orange"'.
src/components/mobile/mobile-dashboard-widgets.tsx(255,20): error TS2322: Type '"outline"' is not assignable to type '"cyan" | "purple" | "magenta" | "lime" | "orange"'.
src/components/mobile/mobile-dashboard-widgets.tsx(338,20): error TS2322: Type '"outline"' is not assignable to type '"cyan" | "purple" | "magenta" | "lime" | "orange"'.
src/components/mobile/mobile-pwa-provider.tsx(165,24): error TS2322: Type '"outline"' is not assignable to type '"cyan" | "purple" | "magenta" | "lime" | "orange"'.
src/components/mobile/offline-data-manager.tsx(404,24): error TS2322: Type '"outline"' is not assignable to type '"cyan" | "purple" | "magenta" | "lime" | "orange"'.
src/components/mobile/offline-data-manager.tsx(512,36): error TS2322: Type '"outline"' is not assignable to type '"cyan" | "purple" | "magenta" | "lime" | "orange"'.
src/components/mobile/voice-task-creator.tsx(452,30): error TS2322: Type '"outline"' is not assignable to type '"cyan" | "purple" | "magenta" | "lime" | "orange"'.
src/components/notifications/notification-settings.tsx(271,18): error TS2322: Type '"destructive"' is not assignable to type '"info" | "success" | "error" | "warning"'.
src/components/notifications/notification-settings.tsx(282,18): error TS2322: Type '"destructive"' is not assignable to type '"info" | "success" | "error" | "warning"'.
src/components/notifications/notification-settings.tsx(485,14): error TS2559: Type '{ children: Element[]; }' has no properties in common with type 'IntrinsicAttributes & AlertProps'.
src/components/onboarding/enhanced-welcome-flow.tsx(346,48): error TS2322: Type '"outline"' is not assignable to type '"cyan" | "purple" | "magenta" | "lime" | "orange"'.
src/components/onboarding/enhanced-welcome-flow.tsx(652,17): error TS2322: Type '(e: any) => void' is not assignable to type '() => void'.
  Target signature provides too few arguments. Expected 1 or more, but got 0.
src/components/onboarding/enhanced-welcome-flow.tsx(683,15): error TS2322: Type '(e: any) => void' is not assignable to type '() => void'.
  Target signature provides too few arguments. Expected 1 or more, but got 0.
src/components/onboarding/enhanced-welcome-flow.tsx(699,19): error TS2322: Type '(e: any) => void' is not assignable to type '() => void'.
  Target signature provides too few arguments. Expected 1 or more, but got 0.
src/components/onboarding/enhanced-welcome-flow.tsx(712,19): error TS2322: Type '(e: any) => void' is not assignable to type '() => void'.
  Target signature provides too few arguments. Expected 1 or more, but got 0.
src/components/onboarding/onboarding-wizard.tsx(432,52): error TS2322: Type '"outline"' is not assignable to type '"cyan" | "purple" | "magenta" | "lime" | "orange"'.
src/components/onboarding/progressive-onboarding.tsx(350,28): error TS2322: Type '"outline"' is not assignable to type '"cyan" | "purple" | "magenta" | "lime" | "orange"'.
src/components/performance/service-worker-register.tsx(146,20): error TS2322: Type '"secondary"' is not assignable to type '"cyan" | "purple" | "magenta" | "lime" | "orange"'.
src/components/profile/enhanced-profile-modal.tsx(199,21): error TS2322: Type '"destructive"' is not assignable to type '"info" | "success" | "error" | "cyan" | "purple" | "magenta" | "warning" | "ghost" | "outline" | "lime" | "orange"'.
src/components/profile/enhanced-profile-modal.tsx(562,29): error TS2322: Type '"destructive"' is not assignable to type '"info" | "success" | "error" | "cyan" | "purple" | "magenta" | "warning" | "ghost" | "outline" | "lime" | "orange"'.
src/components/profile/profile-modal.tsx(365,29): error TS2322: Type '"destructive"' is not assignable to type '"info" | "success" | "error" | "cyan" | "purple" | "magenta" | "warning" | "ghost" | "outline" | "lime" | "orange"'.
src/components/profile/profile-modal.tsx(377,12): error TS2322: Type '{ children: Element[]; className: string; }' is not assignable to type 'IntrinsicAttributes & AlertProps'.
  Property 'children' does not exist on type 'IntrinsicAttributes & AlertProps'.
src/components/profile/profile-modal.tsx(384,12): error TS2322: Type '{ children: Element; className: string; }' is not assignable to type 'IntrinsicAttributes & AlertProps'.
  Property 'children' does not exist on type 'IntrinsicAttributes & AlertProps'.
src/components/profile/profile-modal.tsx(414,23): error TS2322: Type '"destructive"' is not assignable to type '"info" | "success" | "error" | "cyan" | "purple" | "magenta" | "warning" | "ghost" | "outline" | "lime" | "orange"'.
src/components/recaptcha/recaptcha-button.tsx(49,9): error TS2322: Type '"link" | "default" | "secondary" | "destructive" | "ghost" | "outline"' is not assignable to type '"info" | "success" | "error" | "cyan" | "purple" | "magenta" | "warning" | "ghost" | "outline" | "lime" | "orange"'.
  Type '"link"' is not assignable to type '"info" | "success" | "error" | "cyan" | "purple" | "magenta" | "warning" | "ghost" | "outline" | "lime" | "orange"'.
src/components/recaptcha/recaptcha-button.tsx(50,9): error TS2322: Type '"default" | "icon" | "lg" | "sm"' is not assignable to type '"lg" | "md" | "sm"'.
  Type '"default"' is not assignable to type '"lg" | "md" | "sm"'.
src/components/Settings.tsx(9,25): error TS2307: Cannot find module '@stackframe/stack' or its corresponding type declarations.
src/components/Settings.tsx(10,29): error TS2307: Cannot find module 'react-router-dom' or its corresponding type declarations.
src/components/shared/shared-landing-page.tsx(521,28): error TS2322: Type '"secondary"' is not assignable to type '"cyan" | "purple" | "magenta" | "lime" | "orange"'.
src/components/shared/shared-landing-page.tsx(628,23): error TS2322: Type '"default" | "outline"' is not assignable to type '"info" | "success" | "error" | "cyan" | "purple" | "magenta" | "warning" | "ghost" | "outline" | "lime" | "orange"'.
  Type '"default"' is not assignable to type '"info" | "success" | "error" | "cyan" | "purple" | "magenta" | "warning" | "ghost" | "outline" | "lime" | "orange"'.
src/components/Sidebar.tsx(104,23): error TS2339: Property 'newProgress' does not exist on type 'ToastMessage'.
src/components/Sidebar.tsx(105,35): error TS2339: Property 'newProgress' does not exist on type 'ToastMessage'.
src/components/social/boss-community.tsx(360,32): error TS2322: Type '"outline"' is not assignable to type '"cyan" | "purple" | "magenta" | "lime" | "orange"'.
src/components/social/boss-community.tsx(396,46): error TS2322: Type '"outline"' is not assignable to type '"cyan" | "purple" | "magenta" | "lime" | "orange"'.
src/components/social/boss-community.tsx(451,32): error TS2322: Type '"outline"' is not assignable to type '"cyan" | "purple" | "magenta" | "lime" | "orange"'.
src/components/tasks/gesture-task-card.tsx(278,68): error TS2322: Type '"outline"' is not assignable to type '"cyan" | "purple" | "magenta" | "lime" | "orange"'.
src/components/tasks/gesture-task-card.tsx(281,64): error TS2322: Type '"outline"' is not assignable to type '"cyan" | "purple" | "magenta" | "lime" | "orange"'.
src/components/templates/base-template.tsx(98,22): error TS2322: Type '"default"' is not assignable to type '"cyan" | "purple" | "magenta" | "lime" | "orange"'.
src/components/templates/base-template.tsx(183,28): error TS2322: Type '"default" | "secondary"' is not assignable to type '"cyan" | "purple" | "magenta" | "lime" | "orange"'.
  Type '"default"' is not assignable to type '"cyan" | "purple" | "magenta" | "lime" | "orange"'.
src/components/templates/base-template.tsx(186,28): error TS2322: Type '"outline"' is not assignable to type '"cyan" | "purple" | "magenta" | "lime" | "orange"'.
src/components/templates/customer-journey-mapper.tsx(332,35): error TS2503: Cannot find namespace 'JSX'.
src/components/templates/customer-journey-mapper.tsx(1355,34): error TS2322: Type '"default"' is not assignable to type '"cyan" | "purple" | "magenta" | "lime" | "orange"'.
src/components/templates/customer-journey-mapper.tsx(1468,38): error TS2322: Type '"default"' is not assignable to type '"cyan" | "purple" | "magenta" | "lime" | "orange"'.
src/components/templates/decision-dashboard.tsx(564,22): error TS2322: Type '{ children: Element[]; key: number; }' is not assignable to type 'IntrinsicAttributes & AlertProps'.
  Property 'children' does not exist on type 'IntrinsicAttributes & AlertProps'.
src/components/templates/email-campaign-builder.tsx(775,27): error TS2322: Type '"destructive"' is not assignable to type '"info" | "success" | "error" | "cyan" | "purple" | "magenta" | "warning" | "ghost" | "outline" | "lime" | "orange"'.
src/components/templates/email-campaign-builder.tsx(799,23): error TS2322: Type '"default" | "outline"' is not assignable to type '"info" | "success" | "error" | "cyan" | "purple" | "magenta" | "warning" | "ghost" | "outline" | "lime" | "orange"'.
  Type '"default"' is not assignable to type '"info" | "success" | "error" | "cyan" | "purple" | "magenta" | "warning" | "ghost" | "outline" | "lime" | "orange"'.
src/components/templates/email-campaign-builder.tsx(806,23): error TS2322: Type '"default" | "outline"' is not assignable to type '"info" | "success" | "error" | "cyan" | "purple" | "magenta" | "warning" | "ghost" | "outline" | "lime" | "orange"'.
  Type '"default"' is not assignable to type '"info" | "success" | "error" | "cyan" | "purple" | "magenta" | "warning" | "ghost" | "outline" | "lime" | "orange"'.
src/components/templates/project-timeline.tsx(1103,55): error TS2322: Type '"secondary"' is not assignable to type '"cyan" | "purple" | "magenta" | "lime" | "orange"'.
src/components/templates/project-timeline.tsx(1622,34): error TS2322: Type '"secondary"' is not assignable to type '"cyan" | "purple" | "magenta" | "lime" | "orange"'.
src/components/templates/project-timeline.tsx(1777,36): error TS2322: Type '"secondary"' is not assignable to type '"cyan" | "purple" | "magenta" | "lime" | "orange"'.
src/components/templates/project-timeline.tsx(1792,24): error TS2322: Type '{ children: Element[]; className: string; }' is not assignable to type 'IntrinsicAttributes & AlertProps'.
  Property 'children' does not exist on type 'IntrinsicAttributes & AlertProps'.
src/components/templates/project-timeline.tsx(1800,24): error TS2322: Type '{ children: Element[]; className: string; }' is not assignable to type 'IntrinsicAttributes & AlertProps'.
  Property 'children' does not exist on type 'IntrinsicAttributes & AlertProps'.
src/components/templates/project-timeline.tsx(1808,24): error TS2322: Type '{ children: Element[]; className: string; }' is not assignable to type 'IntrinsicAttributes & AlertProps'.
  Property 'children' does not exist on type 'IntrinsicAttributes & AlertProps'.
src/components/templates/social-media-strategy.tsx(918,18): error TS2559: Type '{ children: Element[]; }' has no properties in common with type 'IntrinsicAttributes & AlertProps'.
src/components/templates/social-media-strategy.tsx(1240,34): error TS2322: Type '"outline"' is not assignable to type '"cyan" | "purple" | "magenta" | "lime" | "orange"'.
src/components/templates/strategic-business-plan.tsx(1171,24): error TS2322: Type '{ children: Element[]; key: number; }' is not assignable to type 'IntrinsicAttributes & AlertProps'.
  Property 'children' does not exist on type 'IntrinsicAttributes & AlertProps'.
src/components/temporal/workflow-status.tsx(57,36): error TS2322: Type '"default"' is not assignable to type '"cyan" | "purple" | "magenta" | "lime" | "orange"'.
src/components/temporal/workflow-status.tsx(58,34): error TS2322: Type '"default"' is not assignable to type '"cyan" | "purple" | "magenta" | "lime" | "orange"'.
src/components/temporal/workflow-status.tsx(59,33): error TS2322: Type '"destructive"' is not assignable to type '"cyan" | "purple" | "magenta" | "lime" | "orange"'.
src/components/temporal/workflow-status.tsx(60,19): error TS2322: Type '"secondary"' is not assignable to type '"cyan" | "purple" | "magenta" | "lime" | "orange"'.
src/components/temporal/workflow-status.tsx(194,26): error TS2322: Type '"destructive"' is not assignable to type '"info" | "success" | "error" | "warning"'.
src/components/temporal/workflow-status.tsx(222,24): error TS2322: Type '"destructive"' is not assignable to type '"info" | "success" | "error" | "warning"'.
src/components/TheAmplifier.tsx(5,32): error TS2305: Module '"../types"' has no exported member 'SocialStrategy'.
src/components/TheAmplifier.tsx(161,100): error TS2339: Property 'sourceTitle' does not exist on type 'ContentAmplification'.
src/components/TheAmplifier.tsx(195,78): error TS2339: Property 'twitterThread' does not exist on type 'ContentAmplification'.
src/components/TheAmplifier.tsx(196,83): error TS2339: Property 'linkedinPost' does not exist on type 'ContentAmplification'.
src/components/TheAmplifier.tsx(197,85): error TS2339: Property 'tiktokScript' does not exist on type 'ContentAmplification'.
src/components/TheAmplifier.tsx(198,64): error TS2339: Property 'newsletterSection' does not exist on type 'ContentAmplification'.
src/components/TheAmplifier.tsx(207,53): error TS2339: Property 'twitterThread' does not exist on type 'ContentAmplification'.
src/components/TheAmplifier.tsx(211,69): error TS2339: Property 'twitterThread' does not exist on type 'ContentAmplification'.
src/components/TheAmplifier.tsx(221,53): error TS2339: Property 'linkedinPost' does not exist on type 'ContentAmplification'.
src/components/TheAmplifier.tsx(227,53): error TS2339: Property 'tiktokScript' does not exist on type 'ContentAmplification'.
src/components/TheAmplifier.tsx(233,53): error TS2339: Property 'newsletterSection' does not exist on type 'ContentAmplification'.
src/components/TheBoardroom.tsx(24,35): error TS2339: Property 'currentCash' does not exist on type 'BusinessContext'.
src/components/TheBoardroom.tsx(25,35): error TS2339: Property 'monthlyBurn' does not exist on type 'BusinessContext'.
src/components/TheBoardroom.tsx(26,38): error TS2339: Property 'monthlyRevenue' does not exist on type 'BusinessContext'.
src/components/TheBoardroom.tsx(27,34): error TS2339: Property 'growthRate' does not exist on type 'BusinessContext'.
src/components/TheCodex.tsx(3,20): error TS2305: Module '"../types"' has no exported member 'TargetPersona'.
src/components/TheLaunchpad.tsx(56,19): error TS2339: Property 'events' does not exist on type '{ name: string; duration: string; actions: string[]; }'.
src/components/TheLaunchpad.tsx(173,48): error TS2339: Property 'events' does not exist on type '{ name: string; duration: string; actions: string[]; }'.
src/components/TheLaunchpad.tsx(203,109): error TS2339: Property 'launchDate' does not exist on type 'LaunchStrategy'.
src/components/TheMainframe.tsx(4,26): error TS2305: Module '"../types"' has no exported member 'CodeSnippet'.
src/components/TheMainframe.tsx(158,95): error TS2339: Property 'verdict' does not exist on type 'TechStackAudit'.
src/components/TheMainframe.tsx(171,54): error TS2339: Property 'pros' does not exist on type 'TechStackAudit'.
src/components/TheMainframe.tsx(179,54): error TS2339: Property 'cons' does not exist on type 'TechStackAudit'.
src/components/TheMainframe.tsx(187,54): error TS2339: Property 'recommendations' does not exist on type 'TechStackAudit'.
src/components/theme-provider.tsx(56,7): error TS2769: No overload matches this call.
  Overload 1 of 2, '(props: ThemeProviderProps, context?: any): string | number | bigint | boolean | ReactElement<unknown, string | JSXElementConstructor<any>> | Iterable<...> | Promise<...> | Component<...>', gave the following error.
    Type '{ children: ReactNode; attribute: "class"; themes: string[]; defaultTheme: string; storageKey: string; enableSystem: false; disableTransitionOnChange: true; suppressHydrationWarning: true; ... 4 more ...; scriptProps?: ScriptProps; }' is not assignable to type 'IntrinsicAttributes & ThemeProviderProps'.
      Property 'suppressHydrationWarning' does not exist on type 'IntrinsicAttributes & ThemeProviderProps'.
  Overload 2 of 2, '(props: ThemeProviderProps): string | number | bigint | boolean | ReactElement<unknown, string | JSXElementConstructor<any>> | Iterable<...> | Promise<...> | Component<...>', gave the following error.
    Type '{ children: ReactNode; attribute: "class"; themes: string[]; defaultTheme: string; storageKey: string; enableSystem: false; disableTransitionOnChange: true; suppressHydrationWarning: true; ... 4 more ...; scriptProps?: ScriptProps; }' is not assignable to type 'IntrinsicAttributes & ThemeProviderProps'.
      Property 'suppressHydrationWarning' does not exist on type 'IntrinsicAttributes & ThemeProviderProps'.
src/components/TheScout.tsx(188,93): error TS2339: Property 'hook' does not exist on type 'JobDescription'.
src/components/TheScout.tsx(215,41): error TS2339: Property 'perks' does not exist on type 'JobDescription'.
src/components/TheScout.tsx(231,86): error TS2339: Property 'question' does not exist on type 'string'.
src/components/TheScout.tsx(236,52): error TS2339: Property 'whatToLookFor' does not exist on type 'string'.
src/components/TheScout.tsx(240,52): error TS2339: Property 'redFlag' does not exist on type 'string'.
src/components/TheScout.tsx(252,84): error TS2339: Property 'taskName' does not exist on type 'SOP'.
src/components/TheScout.tsx(253,86): error TS2339: Property 'goal' does not exist on type 'SOP'.
src/components/TheScout.tsx(260,181): error TS2339: Property 'step' does not exist on type 'string'.
src/components/TheScout.tsx(264,93): error TS2339: Property 'action' does not exist on type 'string'.
src/components/TheScout.tsx(265,104): error TS2339: Property 'details' does not exist on type 'string'.
src/components/TheScout.tsx(275,79): error TS2339: Property 'successCriteria' does not exist on type 'SOP'.
src/components/TheStudio.tsx(26,13): error TS2353: Object literal may only specify known properties, and 'style' does not exist in type 'CreativeAsset'.
src/components/TheTribe.tsx(131,112): error TS2339: Property 'enemy' does not exist on type 'CommunityManifesto'.
src/components/TheTribe.tsx(136,112): error TS2339: Property 'belief' does not exist on type 'CommunityManifesto'.
src/components/TheTribe.tsx(141,114): error TS2339: Property 'tagline' does not exist on type 'CommunityManifesto'.
src/components/TheTribe.tsx(153,48): error TS2339: Property 'rituals' does not exist on type 'TribeBlueprint'.
src/components/TheTribe.tsx(173,48): error TS2339: Property 'engagementLoops' does not exist on type 'TribeBlueprint'.
src/components/TheVault.tsx(172,114): error TS2339: Property 'timestamp' does not exist on type 'SavedCodeSnippet'.
src/components/Treasury.tsx(28,42): error TS2339: Property 'currentCash' does not exist on type 'BusinessContext'.
src/components/Treasury.tsx(29,42): error TS2339: Property 'monthlyBurn' does not exist on type 'BusinessContext'.
src/components/Treasury.tsx(30,45): error TS2339: Property 'monthlyRevenue' does not exist on type 'BusinessContext'.
src/components/Treasury.tsx(31,41): error TS2339: Property 'growthRate' does not exist on type 'BusinessContext'.
src/components/ui/accessibility.tsx(223,17): error TS2322: Type '"default" | "outline"' is not assignable to type '"info" | "success" | "error" | "cyan" | "purple" | "magenta" | "warning" | "ghost" | "outline" | "lime" | "orange"'.
  Type '"default"' is not assignable to type '"info" | "success" | "error" | "cyan" | "purple" | "magenta" | "warning" | "ghost" | "outline" | "lime" | "orange"'.
src/components/ui/button.stories.tsx(1,37): error TS2307: Cannot find module '@storybook/react' or its corresponding type declarations.
src/components/ui/carousel.tsx(6,8): error TS2307: Cannot find module 'embla-carousel-react' or its corresponding type declarations.
src/components/ui/carousel.tsx(216,7): error TS2322: Type 'string' is not assignable to type '"lg" | "md" | "sm"'.
src/components/ui/carousel.tsx(245,7): error TS2322: Type 'string' is not assignable to type '"lg" | "md" | "sm"'.
src/components/ui/date-range-picker.tsx(4,23): error TS2307: Cannot find module 'date-fns' or its corresponding type declarations.
src/components/ui/date-range-picker.tsx(6,26): error TS2307: Cannot find module 'react-day-picker' or its corresponding type declarations.
src/components/ui/drawer.tsx(4,42): error TS2307: Cannot find module 'vaul' or its corresponding type declarations.
src/components/ui/error-handler.tsx(133,10): error TS2322: Type '{ children: Element[]; className: string; }' is not assignable to type 'IntrinsicAttributes & AlertProps'.
  Property 'children' does not exist on type 'IntrinsicAttributes & AlertProps'.
src/components/ui/error-handler.tsx(138,15): error TS2322: Type '"link"' is not assignable to type '"info" | "success" | "error" | "cyan" | "purple" | "magenta" | "warning" | "ghost" | "outline" | "lime" | "orange"'.
src/components/ui/error-handler.tsx(160,28): error TS2322: Type '"outline"' is not assignable to type '"cyan" | "purple" | "magenta" | "lime" | "orange"'.
src/components/ui/error-handler.tsx(459,8): error TS2322: Type '{ children: Element[]; className: string; }' is not assignable to type 'IntrinsicAttributes & AlertProps'.
  Property 'children' does not exist on type 'IntrinsicAttributes & AlertProps'.
src/components/ui/floating-action-button.tsx(161,23): error TS2322: Type '(e: React.MouseEvent) => void' is not assignable to type '() => void'.
  Target signature provides too few arguments. Expected 1 or more, but got 0.
src/components/ui/floating-action-button.tsx(185,13): error TS2322: Type '(e: React.MouseEvent) => void' is not assignable to type '() => void'.
  Target signature provides too few arguments. Expected 1 or more, but got 0.
src/components/ui/form.tsx(7,93): error TS2307: Cannot find module 'react-hook-form' or its corresponding type declarations.
src/components/ui/Heading.tsx(36,43): error TS2503: Cannot find namespace 'JSX'.
src/components/ui/Heading.tsx(39,6): error TS2604: JSX element type 'Tag' does not have any construct or call signatures.
src/components/ui/Heading.tsx(39,6): error TS2786: 'Tag' cannot be used as a JSX component.
  Its type 'string | number | symbol' is not a valid JSX element type.
    Type 'number' is not assignable to type 'ElementType'.
src/components/ui/help-tooltip.tsx(66,15): error TS2322: Type '(e: any) => void' is not assignable to type '() => void'.
  Target signature provides too few arguments. Expected 1 or more, but got 0.
src/components/ui/help-tooltip.tsx(90,28): error TS2322: Type '"outline"' is not assignable to type '"cyan" | "purple" | "magenta" | "lime" | "orange"'.
src/components/ui/input-otp.tsx(4,42): error TS2307: Cannot find module 'input-otp' or its corresponding type declarations.
src/components/ui/input-otp.tsx(38,60): error TS2339: Property 'slots' does not exist on type 'unknown'.
src/components/ui/Modal.tsx(4,31): error TS1149: File name 'C:/Users/prett/OneDrive/Desktop/projects/SoloSuccess-AI/src/components/ui/Button.tsx' differs from already included file name 'C:/Users/prett/OneDrive/Desktop/projects/SoloSuccess-AI/src/components/ui/button.tsx' only in casing.
  The file is in the program because:
    Imported via "@/components/ui/button" from file 'C:/Users/prett/OneDrive/Desktop/projects/SoloSuccess-AI/app/error.tsx'
    Imported via '@/components/ui/button' from file 'C:/Users/prett/OneDrive/Desktop/projects/SoloSuccess-AI/src/components/performance/performance-monitor.tsx'
    Imported via '@/components/ui/button' from file 'C:/Users/prett/OneDrive/Desktop/projects/SoloSuccess-AI/src/components/performance/service-worker-register.tsx'
    Imported via '@/components/ui/button' from file 'C:/Users/prett/OneDrive/Desktop/projects/SoloSuccess-AI/src/components/marketing/exit-intent-survey.tsx'
    Imported via "@/components/ui/button" from file 'C:/Users/prett/OneDrive/Desktop/projects/SoloSuccess-AI/src/components/ui/accessibility.tsx'
    Imported via "@/components/ui/button" from file 'C:/Users/prett/OneDrive/Desktop/projects/SoloSuccess-AI/src/components/chat/floating-chat-button.tsx'
    Imported via "@/components/ui/button" from file 'C:/Users/prett/OneDrive/Desktop/projects/SoloSuccess-AI/src/components/chat/mobile-chat-interface.tsx'
    Imported via "@/components/ui/button" from file 'C:/Users/prett/OneDrive/Desktop/projects/SoloSuccess-AI/src/components/ui/smart-tip.tsx'
    Imported via "@/components/ui/button" from file 'C:/Users/prett/OneDrive/Desktop/projects/SoloSuccess-AI/src/components/feedback/feedback-widget.tsx'
    Imported via "@/components/ui/button" from file 'C:/Users/prett/OneDrive/Desktop/projects/SoloSuccess-AI/src/components/mobile/offline-data-manager.tsx'
    Imported via "@/components/ui/button" from file 'C:/Users/prett/OneDrive/Desktop/projects/SoloSuccess-AI/app/not-found.tsx'
    Imported via "@/components/ui/button" from file 'C:/Users/prett/OneDrive/Desktop/projects/SoloSuccess-AI/app/account-recovery/account-recovery-client.tsx'
    Imported via "@/components/ui/button" from file 'C:/Users/prett/OneDrive/Desktop/projects/SoloSuccess-AI/app/account-recovery/page.tsx'
    Imported via "@/components/ui/button" from file 'C:/Users/prett/OneDrive/Desktop/projects/SoloSuccess-AI/app/auth/2fa/page.tsx'
    Imported via "@/components/ui/button" from file 'C:/Users/prett/OneDrive/Desktop/projects/SoloSuccess-AI/app/auth/device-approval/page.tsx'
    Imported via "@/components/ui/button" from file 'C:/Users/prett/OneDrive/Desktop/projects/SoloSuccess-AI/app/auth/sessions/page.tsx'
    Imported via "@/components/ui/button" from file 'C:/Users/prett/OneDrive/Desktop/projects/SoloSuccess-AI/src/components/custom-agents/custom-agent-chat.tsx'
    Imported via '@/components/ui/button' from file 'C:/Users/prett/OneDrive/Desktop/projects/SoloSuccess-AI/src/components/subscription/subscription-guard.tsx'
    Imported via "@/components/ui/button" from file 'C:/Users/prett/OneDrive/Desktop/projects/SoloSuccess-AI/src/components/custom-agents/security-dashboard.tsx'
    Imported via "@/components/ui/button" from file 'C:/Users/prett/OneDrive/Desktop/projects/SoloSuccess-AI/src/components/custom-agents/training-dashboard.tsx'
    Imported via '@/components/ui/button' from file 'C:/Users/prett/OneDrive/Desktop/projects/SoloSuccess-AI/app/dashboard/error.tsx'
    Imported via "@/components/ui/button" from file 'C:/Users/prett/OneDrive/Desktop/projects/SoloSuccess-AI/src/components/ui/sidebar.tsx'
    Imported via "@/components/ui/button" from file 'C:/Users/prett/OneDrive/Desktop/projects/SoloSuccess-AI/src/components/ui/tip-settings-button.tsx'
    Imported via "@/components/ui/button" from file 'C:/Users/prett/OneDrive/Desktop/projects/SoloSuccess-AI/src/components/ui/tip-settings.tsx'
    Imported via '@/components/ui/button' from file 'C:/Users/prett/OneDrive/Desktop/projects/SoloSuccess-AI/src/components/DashboardHeader.tsx'
    Imported via "@/components/ui/button" from file 'C:/Users/prett/OneDrive/Desktop/projects/SoloSuccess-AI/src/components/mobile/mobile-navigation.tsx'
    Imported via "@/components/ui/button" from file 'C:/Users/prett/OneDrive/Desktop/projects/SoloSuccess-AI/src/components/onboarding/simple-onboarding.tsx'
    Imported via "@/components/ui/button" from file 'C:/Users/prett/OneDrive/Desktop/projects/SoloSuccess-AI/src/components/onboarding/welcome-dashboard.tsx'
    Imported via "@/components/ui/button" from file 'C:/Users/prett/OneDrive/Desktop/projects/SoloSuccess-AI/src/components/mobile/pwa-install-prompt.tsx'
    Imported via "@/components/ui/button" from file 'C:/Users/prett/OneDrive/Desktop/projects/SoloSuccess-AI/src/components/mobile/mobile-pwa-provider.tsx'
    Imported via "@/components/ui/button" from file 'C:/Users/prett/OneDrive/Desktop/projects/SoloSuccess-AI/src/components/mobile/mobile-dashboard-widgets.tsx'
    Imported via "@/components/ui/button" from file 'C:/Users/prett/OneDrive/Desktop/projects/SoloSuccess-AI/src/components/mobile/voice-task-creator.tsx'
    Imported via "@/components/ui/button" from file 'C:/Users/prett/OneDrive/Desktop/projects/SoloSuccess-AI/src/components/mobile/mobile-dashboard.tsx'
    Imported via "@/components/ui/button" from file 'C:/Users/prett/OneDrive/Desktop/projects/SoloSuccess-AI/src/components/mobile/mobile-dashboard-enhanced.tsx'
    Imported via "@/components/ui/button" from file 'C:/Users/prett/OneDrive/Desktop/projects/SoloSuccess-AI/app/dashboard/agents/page.tsx'
    Imported via '@/components/ui/button' from file 'C:/Users/prett/OneDrive/Desktop/projects/SoloSuccess-AI/app/dashboard/analytics/page.tsx'
    Imported via '@/components/ui/button' from file 'C:/Users/prett/OneDrive/Desktop/projects/SoloSuccess-AI/app/dashboard/brand/page.tsx'
    Imported via '@/components/ui/button' from file 'C:/Users/prett/OneDrive/Desktop/projects/SoloSuccess-AI/app/dashboard/briefcase/page.tsx'
    Imported via '@/components/ui/button' from file 'C:/Users/prett/OneDrive/Desktop/projects/SoloSuccess-AI/src/components/collaboration/CollaborationDashboard.tsx'
    Imported via '@/components/ui/button' from file 'C:/Users/prett/OneDrive/Desktop/projects/SoloSuccess-AI/app/dashboard/collaboration/sessions/[id]/page.tsx'
    Imported via '@/components/ui/button' from file 'C:/Users/prett/OneDrive/Desktop/projects/SoloSuccess-AI/src/components/collaboration/MessageInterface.tsx'
    Imported via '@/components/ui/button' from file 'C:/Users/prett/OneDrive/Desktop/projects/SoloSuccess-AI/src/components/collaboration/AgentInterface.tsx'
    Imported via '@/components/ui/button' from file 'C:/Users/prett/OneDrive/Desktop/projects/SoloSuccess-AI/src/components/collaboration/SessionControls.tsx'
    Imported via "@/components/ui/button" from file 'C:/Users/prett/OneDrive/Desktop/projects/SoloSuccess-AI/app/dashboard/competitors/page.tsx'
    Imported via "@/components/ui/button" from file 'C:/Users/prett/OneDrive/Desktop/projects/SoloSuccess-AI/src/components/ui/alert-dialog.tsx'
    Imported via '@/components/ui/button' from file 'C:/Users/prett/OneDrive/Desktop/projects/SoloSuccess-AI/app/dashboard/competitors/intelligence/page.tsx'
    Imported via "@/components/ui/button" from file 'C:/Users/prett/OneDrive/Desktop/projects/SoloSuccess-AI/src/components/evolve/evolve-dashboard.tsx'
    Imported via "@/components/ui/button" from file 'C:/Users/prett/OneDrive/Desktop/projects/SoloSuccess-AI/src/components/evolve/first-hire-architect.tsx'
    Imported via "@/components/ui/button" from file 'C:/Users/prett/OneDrive/Desktop/projects/SoloSuccess-AI/src/components/evolve/compensation-modeler.tsx'
    Imported via "@/components/ui/button" from file 'C:/Users/prett/OneDrive/Desktop/projects/SoloSuccess-AI/src/components/integrations/integration-hub.tsx'
    Imported via '@/components/ui/button' from file 'C:/Users/prett/OneDrive/Desktop/projects/SoloSuccess-AI/app/dashboard/learning/page.tsx'
    Imported via "@/components/ui/button" from file 'C:/Users/prett/OneDrive/Desktop/projects/SoloSuccess-AI/app/dashboard/notifications/page.tsx'
    Imported via '@/components/ui/button' from file 'C:/Users/prett/OneDrive/Desktop/projects/SoloSuccess-AI/app/dashboard/settings/page.tsx'
    Imported via '@/components/ui/button' from file 'C:/Users/prett/OneDrive/Desktop/projects/SoloSuccess-AI/app/dashboard/settings/page.tsx'
    Imported via '@/components/ui/button' from file 'C:/Users/prett/OneDrive/Desktop/projects/SoloSuccess-AI/src/components/integrations/social-media-integration.tsx'
    Imported via '@/components/ui/button' from file 'C:/Users/prett/OneDrive/Desktop/projects/SoloSuccess-AI/src/components/integrations/calendar-integration.tsx'
    Imported via '@/components/ui/button' from file 'C:/Users/prett/OneDrive/Desktop/projects/SoloSuccess-AI/src/components/integrations/revenue-integration.tsx'
    Imported via "@/components/ui/button" from file 'C:/Users/prett/OneDrive/Desktop/projects/SoloSuccess-AI/app/dashboard/slaylist/page.tsx'
    Imported via "@/components/ui/button" from file 'C:/Users/prett/OneDrive/Desktop/projects/SoloSuccess-AI/src/components/ai/task-intelligence-panel.tsx'
    Imported via "@/components/ui/button" from file 'C:/Users/prett/OneDrive/Desktop/projects/SoloSuccess-AI/src/components/voice/voice-task-creator.tsx'
    Imported via '@/components/ui/button' from file 'C:/Users/prett/OneDrive/Desktop/projects/SoloSuccess-AI/src/components/subscription/subscription-manager.tsx'
    Imported via "@/components/ui/button" from file 'C:/Users/prett/OneDrive/Desktop/projects/SoloSuccess-AI/app/dashboard/templates/page.tsx'
    Imported via "@/components/ui/button" from file 'C:/Users/prett/OneDrive/Desktop/projects/SoloSuccess-AI/app/dashboard/workspace/page.tsx'
    Imported via "@/components/ui/button" from file 'C:/Users/prett/OneDrive/Desktop/projects/SoloSuccess-AI/src/components/templates/decision-dashboard.tsx'
    Imported via '@/components/ui/button' from file 'C:/Users/prett/OneDrive/Desktop/projects/SoloSuccess-AI/src/components/templates/delegation-list-builder.tsx'
    Imported via '@/components/ui/button' from file 'C:/Users/prett/OneDrive/Desktop/projects/SoloSuccess-AI/src/components/templates/dm-sales-script-generator.tsx'
    Imported via '@/components/ui/button' from file 'C:/Users/prett/OneDrive/Desktop/projects/SoloSuccess-AI/src/components/templates/freebie-funnel-builder.tsx'
    Imported via '@/components/ui/button' from file 'C:/Users/prett/OneDrive/Desktop/projects/SoloSuccess-AI/src/components/templates/i-hate-this-tracker.tsx'
    Imported via '@/components/ui/button' from file 'C:/Users/prett/OneDrive/Desktop/projects/SoloSuccess-AI/src/components/templates/live-launch-tracker.tsx'
    Imported via '@/components/ui/button' from file 'C:/Users/prett/OneDrive/Desktop/projects/SoloSuccess-AI/src/components/templates/offer-comparison-matrix.tsx'
    Imported via '@/components/ui/button' from file 'C:/Users/prett/OneDrive/Desktop/projects/SoloSuccess-AI/src/components/templates/quarterly-biz-review.tsx'
    Imported via '@/components/ui/button' from file 'C:/Users/prett/OneDrive/Desktop/projects/SoloSuccess-AI/src/components/templates/upsell-flow-builder.tsx'
    Imported via '@/components/ui/button' from file 'C:/Users/prett/OneDrive/Desktop/projects/SoloSuccess-AI/src/components/templates/vision-board-generator.tsx'
    Imported via '@/components/ui/button' from file 'C:/Users/prett/OneDrive/Desktop/projects/SoloSuccess-AI/src/components/templates/pre-mortem-template.tsx'
    Imported via '@/components/ui/button' from file 'C:/Users/prett/OneDrive/Desktop/projects/SoloSuccess-AI/src/components/templates/reverse-engineer-role-models.tsx'
    Imported via '@/components/ui/button' from file 'C:/Users/prett/OneDrive/Desktop/projects/SoloSuccess-AI/src/components/templates/big-leap-planner.tsx'
    Imported via '@/components/ui/button' from file 'C:/Users/prett/OneDrive/Desktop/projects/SoloSuccess-AI/src/components/templates/offer-naming-generator.tsx'
    Imported via '@/components/ui/button' from file 'C:/Users/prett/OneDrive/Desktop/projects/SoloSuccess-AI/src/components/templates/brag-bank-template.tsx'
    Imported via '@/components/ui/button' from file 'C:/Users/prett/OneDrive/Desktop/projects/SoloSuccess-AI/src/components/templates/founder-feelings-tracker.tsx'
    Imported via '@/components/ui/button' from file 'C:/Users/prett/OneDrive/Desktop/projects/SoloSuccess-AI/src/components/templates/viral-hook-generator.tsx'
    Imported via '@/components/ui/button' from file 'C:/Users/prett/OneDrive/Desktop/projects/SoloSuccess-AI/src/components/templates/values-aligned-biz-filter.tsx'
    Imported via '@/components/ui/button' from file 'C:/Users/prett/OneDrive/Desktop/projects/SoloSuccess-AI/src/components/templates/ai-collab-planner.tsx'
    Imported via '@/components/ui/button' from file 'C:/Users/prett/OneDrive/Desktop/projects/SoloSuccess-AI/src/components/templates/pr-pitch-template.tsx'
    Imported via '@/components/ui/button' from file 'C:/Users/prett/OneDrive/Desktop/projects/SoloSuccess-AI/src/components/auth/forgot-password-form.tsx'
    Imported via '@/components/ui/button' from file 'C:/Users/prett/OneDrive/Desktop/projects/SoloSuccess-AI/app/gdpr/page.tsx'
    Imported via '@/components/ui/button' from file 'C:/Users/prett/OneDrive/Desktop/projects/SoloSuccess-AI/src/components/auth/login-form.tsx'
    Imported via "@/components/ui/button" from file 'C:/Users/prett/OneDrive/Desktop/projects/SoloSuccess-AI/app/offline/page.tsx'
    Imported via '@/components/ui/button' from file 'C:/Users/prett/OneDrive/Desktop/projects/SoloSuccess-AI/src/components/auth/register-form.tsx'
    Imported via "@/components/ui/button" from file 'C:/Users/prett/OneDrive/Desktop/projects/SoloSuccess-AI/app/team/page.tsx'
    Imported via "@/components/ui/button" from file 'C:/Users/prett/OneDrive/Desktop/projects/SoloSuccess-AI/src/components/guardian-ai/guardian-ai-dashboard.tsx'
    Imported via "@/components/ui/button" from file 'C:/Users/prett/OneDrive/Desktop/projects/SoloSuccess-AI/src/components/guardian-ai/compliance-scanner.tsx'
    Imported via "@/components/ui/button" from file 'C:/Users/prett/OneDrive/Desktop/projects/SoloSuccess-AI/src/components/guardian-ai/policy-generator.tsx'
    Imported via "@/components/ui/button" from file 'C:/Users/prett/OneDrive/Desktop/projects/SoloSuccess-AI/src/components/guardian-ai/consent-management.tsx'
    Imported via "@/components/ui/button" from file 'C:/Users/prett/OneDrive/Desktop/projects/SoloSuccess-AI/src/components/decision-frameworks/cost-benefit-matrix.tsx'
    Imported via "@/components/ui/button" from file 'C:/Users/prett/OneDrive/Desktop/projects/SoloSuccess-AI/src/components/decision-frameworks/spade-framework.tsx'
    Imported via "@/components/ui/button" from file 'C:/Users/prett/OneDrive/Desktop/projects/SoloSuccess-AI/src/components/decision-frameworks/five-whys-analysis.tsx'
    Imported via "@/components/ui/button" from file 'C:/Users/prett/OneDrive/Desktop/projects/SoloSuccess-AI/app/user/page.tsx'
    Imported via '@/components/ui/button' from file 'C:/Users/prett/OneDrive/Desktop/projects/SoloSuccess-AI/src/components/BrandStudioSaveIntegration.tsx'
    Imported via '@/components/ui/button' from file 'C:/Users/prett/OneDrive/Desktop/projects/SoloSuccess-AI/src/components/ChatSaveIntegration.tsx'
    Imported via '@/components/ui/button' from file 'C:/Users/prett/OneDrive/Desktop/projects/SoloSuccess-AI/src/components/TemplateSaveIntegration.tsx'
    Imported via '@/components/ui/button' from file 'C:/Users/prett/OneDrive/Desktop/projects/SoloSuccess-AI/src/components/file-preview-modal.tsx'
    Imported via "@/components/ui/button" from file 'C:/Users/prett/OneDrive/Desktop/projects/SoloSuccess-AI/src/components/theme-toggle.tsx'
    Imported via '@/components/ui/button' from file 'C:/Users/prett/OneDrive/Desktop/projects/SoloSuccess-AI/src/components/ai/smart-prioritizer.tsx'
    Imported via '@/components/ui/button' from file 'C:/Users/prett/OneDrive/Desktop/projects/SoloSuccess-AI/src/components/analytics/advanced-data-visualization.tsx'
    Imported via '@/components/ui/Button' from file 'C:/Users/prett/OneDrive/Desktop/projects/SoloSuccess-AI/src/components/analytics/advanced-data-visualization.tsx'
    Imported via '@/components/ui/button' from file 'C:/Users/prett/OneDrive/Desktop/projects/SoloSuccess-AI/src/components/analytics/analytics-dashboard.tsx'
    Imported via '@/components/ui/button' from file 'C:/Users/prett/OneDrive/Desktop/projects/SoloSuccess-AI/src/components/analytics/predictive-insights-dashboard.tsx'
    Imported via '@/components/ui/button' from file 'C:/Users/prett/OneDrive/Desktop/projects/SoloSuccess-AI/src/components/analytics/custom-report-builder-enhanced.tsx'
    Imported via '@/components/ui/button' from file 'C:/Users/prett/OneDrive/Desktop/projects/SoloSuccess-AI/src/components/analytics/custom-report-builder.tsx'
    Imported via '@/components/ui/Button' from file 'C:/Users/prett/OneDrive/Desktop/projects/SoloSuccess-AI/src/components/analytics/custom-report-builder.tsx'
    Imported via '@/components/ui/button' from file 'C:/Users/prett/OneDrive/Desktop/projects/SoloSuccess-AI/src/components/analytics/productivity-dashboard.tsx'
    Imported via '@/components/ui/button' from file 'C:/Users/prett/OneDrive/Desktop/projects/SoloSuccess-AI/src/components/auth/sign-out-button.tsx'
    Imported via '@/components/ui/button' from file 'C:/Users/prett/OneDrive/Desktop/projects/SoloSuccess-AI/src/components/briefcase/advanced-search-panel.tsx'
    Imported via "@/components/ui/button" from file 'C:/Users/prett/OneDrive/Desktop/projects/SoloSuccess-AI/src/components/ui/date-range-picker.tsx'
    Imported via '@/components/ui/button' from file 'C:/Users/prett/OneDrive/Desktop/projects/SoloSuccess-AI/src/components/ui/calendar.tsx'
    Imported via '@/components/ui/button' from file 'C:/Users/prett/OneDrive/Desktop/projects/SoloSuccess-AI/src/components/briefcase/ai-insights-panel.tsx'
    Imported via '@/components/ui/button' from file 'C:/Users/prett/OneDrive/Desktop/projects/SoloSuccess-AI/src/components/briefcase/bulk-operations-panel.tsx'
    Imported via '@/components/ui/button' from file 'C:/Users/prett/OneDrive/Desktop/projects/SoloSuccess-AI/src/components/briefcase/document-versioning-modal.tsx'
    Imported via '@/components/ui/button' from file 'C:/Users/prett/OneDrive/Desktop/projects/SoloSuccess-AI/src/components/briefcase/enhanced-dashboard.tsx'
    Imported via '@/components/ui/button' from file 'C:/Users/prett/OneDrive/Desktop/projects/SoloSuccess-AI/src/components/briefcase/enhanced-file-preview-modal.tsx'
    Imported via '@/components/ui/button' from file 'C:/Users/prett/OneDrive/Desktop/projects/SoloSuccess-AI/src/components/briefcase/file-metadata-panel.tsx'
    Imported via '@/components/ui/button' from file 'C:/Users/prett/OneDrive/Desktop/projects/SoloSuccess-AI/src/components/briefcase/file-sharing-modal.tsx'
    Imported via '@/components/ui/button' from file 'C:/Users/prett/OneDrive/Desktop/projects/SoloSuccess-AI/src/components/briefcase/folder-creation-dialog.tsx'
    Imported via '@/components/ui/button' from file 'C:/Users/prett/OneDrive/Desktop/projects/SoloSuccess-AI/src/components/briefcase/version-history-modal.tsx'
    Imported via '@/components/ui/button' from file 'C:/Users/prett/OneDrive/Desktop/projects/SoloSuccess-AI/src/components/collaboration/SessionManager.tsx'
    Imported via "@/components/ui/button" from file 'C:/Users/prett/OneDrive/Desktop/projects/SoloSuccess-AI/src/components/collaboration/collaboration-hub.tsx'
    Imported via '@/components/ui/button' from file 'C:/Users/prett/OneDrive/Desktop/projects/SoloSuccess-AI/src/components/competitors/alert-dashboard.tsx'
    Imported via '@/components/ui/button' from file 'C:/Users/prett/OneDrive/Desktop/projects/SoloSuccess-AI/src/components/competitors/alert-notifications.tsx'
    Imported via '@/components/ui/button' from file 'C:/Users/prett/OneDrive/Desktop/projects/SoloSuccess-AI/src/components/competitors/blaze-growth-intelligence.tsx'
    Imported via '@/components/ui/button' from file 'C:/Users/prett/OneDrive/Desktop/projects/SoloSuccess-AI/src/components/competitors/notification-preferences.tsx'
    Imported via '@/components/ui/button' from file 'C:/Users/prett/OneDrive/Desktop/projects/SoloSuccess-AI/src/components/competitors/pricing-intelligence-dashboard.tsx'
    Imported via '@/components/ui/button' from file 'C:/Users/prett/OneDrive/Desktop/projects/SoloSuccess-AI/src/components/competitors/scraping-manager.tsx'
    Imported via "@/components/ui/button" from file 'C:/Users/prett/OneDrive/Desktop/projects/SoloSuccess-AI/src/components/dashboard/google-calendar-widget.tsx'
    Imported via "@/components/ui/Button" from file 'C:/Users/prett/OneDrive/Desktop/projects/SoloSuccess-AI/src/components/feedback/holographic-feedback-widget.tsx'
    Imported via "@/components/ui/button" from file 'C:/Users/prett/OneDrive/Desktop/projects/SoloSuccess-AI/src/components/footer/app-footer.tsx'
    Imported via '@/components/ui/button' from file 'C:/Users/prett/OneDrive/Desktop/projects/SoloSuccess-AI/src/components/forms/secure-contact-form.tsx'
    Imported via "@/components/ui/button" from file 'C:/Users/prett/OneDrive/Desktop/projects/SoloSuccess-AI/src/components/gamification/achievement-celebration.tsx'
    Imported via '@/components/ui/button' from file 'C:/Users/prett/OneDrive/Desktop/projects/SoloSuccess-AI/src/components/intelligence/agent-briefing-dashboard.tsx'
    Imported via '@/components/ui/button' from file 'C:/Users/prett/OneDrive/Desktop/projects/SoloSuccess-AI/src/components/intelligence/briefing-dashboard.tsx'
    Imported via "@/components/ui/button" from file 'C:/Users/prett/OneDrive/Desktop/projects/SoloSuccess-AI/src/components/intelligence/intelligence-results.tsx'
    Imported via "@/components/ui/button" from file 'C:/Users/prett/OneDrive/Desktop/projects/SoloSuccess-AI/src/components/intelligence/intelligence-search.tsx'
    Imported via '@/components/ui/button' from file 'C:/Users/prett/OneDrive/Desktop/projects/SoloSuccess-AI/src/components/marketing/plan-quiz.tsx'
    Imported via "@/components/ui/button" from file 'C:/Users/prett/OneDrive/Desktop/projects/SoloSuccess-AI/src/components/notifications/notification-settings.tsx'
    Imported via "@/components/ui/button" from file 'C:/Users/prett/OneDrive/Desktop/projects/SoloSuccess-AI/src/components/onboarding/enhanced-welcome-flow.tsx'
    Imported via "@/components/ui/button" from file 'C:/Users/prett/OneDrive/Desktop/projects/SoloSuccess-AI/src/components/onboarding/feature-discovery.tsx'
    Imported via "@/components/ui/button" from file 'C:/Users/prett/OneDrive/Desktop/projects/SoloSuccess-AI/src/components/onboarding/interactive-tutorial.tsx'
    Imported via "@/components/ui/button" from file 'C:/Users/prett/OneDrive/Desktop/projects/SoloSuccess-AI/src/components/onboarding/onboarding-wizard.tsx'
    Imported via "@/components/ui/button" from file 'C:/Users/prett/OneDrive/Desktop/projects/SoloSuccess-AI/src/components/onboarding/progressive-onboarding.tsx'
    Imported via "@/components/ui/button" from file 'C:/Users/prett/OneDrive/Desktop/projects/SoloSuccess-AI/src/components/profile/enhanced-profile-modal.tsx'
    Imported via "@/components/ui/button" from file 'C:/Users/prett/OneDrive/Desktop/projects/SoloSuccess-AI/src/components/profile/profile-modal.tsx'
    Imported via '@/components/ui/button' from file 'C:/Users/prett/OneDrive/Desktop/projects/SoloSuccess-AI/src/components/recaptcha/recaptcha-button.tsx'
    Imported via "@/components/ui/button" from file 'C:/Users/prett/OneDrive/Desktop/projects/SoloSuccess-AI/src/components/schedule/schedule-demo-modal.tsx'
    Imported via '@/components/ui/button' from file 'C:/Users/prett/OneDrive/Desktop/projects/SoloSuccess-AI/src/components/settings/api-keys-tutorial.tsx'
    Imported via "@/components/ui/button" from file 'C:/Users/prett/OneDrive/Desktop/projects/SoloSuccess-AI/src/components/shared/shared-landing-page.tsx'
    Imported via "@/components/ui/button" from file 'C:/Users/prett/OneDrive/Desktop/projects/SoloSuccess-AI/src/components/social/boss-community.tsx'
    Imported via "@/components/ui/button" from file 'C:/Users/prett/OneDrive/Desktop/projects/SoloSuccess-AI/src/components/subscription/feature-gate.tsx'
    Imported via '@/components/ui/button' from file 'C:/Users/prett/OneDrive/Desktop/projects/SoloSuccess-AI/src/components/subscription/pricing-cards.tsx'
    Imported via "@/components/ui/button" from file 'C:/Users/prett/OneDrive/Desktop/projects/SoloSuccess-AI/src/components/subscription/subscription-status.tsx'
    Imported via "@/components/ui/button" from file 'C:/Users/prett/OneDrive/Desktop/projects/SoloSuccess-AI/src/components/tasks/gesture-task-card.tsx'
    Imported via "@/components/ui/button" from file 'C:/Users/prett/OneDrive/Desktop/projects/SoloSuccess-AI/src/components/templates/customer-journey-mapper.tsx'
    Imported via "@/components/ui/button" from file 'C:/Users/prett/OneDrive/Desktop/projects/SoloSuccess-AI/src/components/templates/email-campaign-builder.tsx'
    Imported via "@/components/ui/button" from file 'C:/Users/prett/OneDrive/Desktop/projects/SoloSuccess-AI/src/components/templates/project-timeline.tsx'
    Imported via '@/components/ui/button' from file 'C:/Users/prett/OneDrive/Desktop/projects/SoloSuccess-AI/src/components/templates/saved-templates-list.tsx'
    Imported via "@/components/ui/button" from file 'C:/Users/prett/OneDrive/Desktop/projects/SoloSuccess-AI/src/components/templates/social-media-strategy.tsx'
    Imported via "@/components/ui/button" from file 'C:/Users/prett/OneDrive/Desktop/projects/SoloSuccess-AI/src/components/templates/strategic-business-plan.tsx'
    Imported via '@/components/ui/button' from file 'C:/Users/prett/OneDrive/Desktop/projects/SoloSuccess-AI/src/components/temporal/workflow-status.tsx'
    Imported via './Button' from file 'C:/Users/prett/OneDrive/Desktop/projects/SoloSuccess-AI/src/components/ui/Modal.tsx'
    Imported via './button' from file 'C:/Users/prett/OneDrive/Desktop/projects/SoloSuccess-AI/src/components/ui/button.stories.tsx'
    Matched by include pattern 'src/**/*' in 'C:/Users/prett/OneDrive/Desktop/projects/SoloSuccess-AI/tsconfig.json'
    Imported via "@/components/ui/button" from file 'C:/Users/prett/OneDrive/Desktop/projects/SoloSuccess-AI/src/components/ui/carousel.tsx'
    Imported via './button' from file 'C:/Users/prett/OneDrive/Desktop/projects/SoloSuccess-AI/src/components/ui/error-boundary.tsx'
    Imported via "@/components/ui/button" from file 'C:/Users/prett/OneDrive/Desktop/projects/SoloSuccess-AI/src/components/ui/error-handler.tsx'
    Imported via "@/components/ui/button" from file 'C:/Users/prett/OneDrive/Desktop/projects/SoloSuccess-AI/src/components/ui/floating-action-button.tsx'
    Imported via "@/components/ui/button" from file 'C:/Users/prett/OneDrive/Desktop/projects/SoloSuccess-AI/src/components/ui/help-tooltip.tsx'
    Imported via "@/components/ui/button" from file 'C:/Users/prett/OneDrive/Desktop/projects/SoloSuccess-AI/src/components/ui/pagination.tsx'
    Imported via '@/components/ui/button' from file 'C:/Users/prett/OneDrive/Desktop/projects/SoloSuccess-AI/src/components/ui/voice-input.tsx'
    Imported via "@/components/ui/button" from file 'C:/Users/prett/OneDrive/Desktop/projects/SoloSuccess-AI/src/components/voice/voice-chat.tsx'
    Imported via '@/components/ui/button' from file 'C:/Users/prett/OneDrive/Desktop/projects/SoloSuccess-AI/src/components/workflow/visual-workflow-builder.tsx'
    Imported via '@/components/ui/Button' from file 'C:/Users/prett/OneDrive/Desktop/projects/SoloSuccess-AI/src/components/workflow/visual-workflow-builder.tsx'
    Imported via '@/components/ui/Button' from file 'C:/Users/prett/OneDrive/Desktop/projects/SoloSuccess-AI/src/components/workflow/workflow-dashboard.tsx'
    Imported via '@/components/ui/button' from file 'C:/Users/prett/OneDrive/Desktop/projects/SoloSuccess-AI/src/components/workflow/workflow-templates.tsx'
    Imported via '@/components/ui/Button' from file 'C:/Users/prett/OneDrive/Desktop/projects/SoloSuccess-AI/src/components/workflow/workflow-templates.tsx'
    Imported via '@/components/ui/button' from file 'C:/Users/prett/OneDrive/Desktop/projects/SoloSuccess-AI/src/components/workflow/workflow-execution-monitor.tsx'
    Imported via '@/components/ui/Button' from file 'C:/Users/prett/OneDrive/Desktop/projects/SoloSuccess-AI/src/components/workflow/workflow-execution-monitor.tsx'
src/components/ui/resizable.tsx(4,37): error TS2307: Cannot find module 'react-resizable-panels' or its corresponding type declarations.
src/components/ui/sidebar.tsx(266,7): error TS2322: Type '"icon"' is not assignable to type '"lg" | "md" | "sm"'.
src/components/ui/sidebar.tsx(268,7): error TS2322: Type '(event: any) => void' is not assignable to type '() => void'.
  Target signature provides too few arguments. Expected 1 or more, but got 0.
src/components/ui/sidebar.tsx(269,19): error TS2554: Expected 0 arguments, but got 1.
src/components/ui/smart-tip.tsx(103,28): error TS2322: Type '"outline"' is not assignable to type '"cyan" | "purple" | "magenta" | "lime" | "orange"'.
src/components/ui/smart-tip.tsx(106,28): error TS2322: Type '"outline"' is not assignable to type '"cyan" | "purple" | "magenta" | "lime" | "orange"'.
src/components/ui/tip-settings.tsx(162,36): error TS2322: Type '"outline"' is not assignable to type '"cyan" | "purple" | "magenta" | "lime" | "orange"'.
src/components/ui/tip-settings.tsx(168,36): error TS2322: Type '"outline"' is not assignable to type '"cyan" | "purple" | "magenta" | "lime" | "orange"'.
src/components/ui/tip-settings.tsx(174,36): error TS2322: Type '"outline"' is not assignable to type '"cyan" | "purple" | "magenta" | "lime" | "orange"'.
src/components/ui/voice-input.tsx(245,22): error TS2322: Type '"outline"' is not assignable to type '"cyan" | "purple" | "magenta" | "lime" | "orange"'.
src/components/ui/voice-input.tsx(250,15): error TS2322: Type '"default" | "outline"' is not assignable to type '"cyan" | "purple" | "magenta" | "lime" | "orange"'.
  Type '"default"' is not assignable to type '"cyan" | "purple" | "magenta" | "lime" | "orange"'.
src/components/ui/voice-input.tsx(291,13): error TS2322: Type '"default" | "destructive"' is not assignable to type '"info" | "success" | "error" | "cyan" | "purple" | "magenta" | "warning" | "ghost" | "outline" | "lime" | "orange"'.
  Type '"default"' is not assignable to type '"info" | "success" | "error" | "cyan" | "purple" | "magenta" | "warning" | "ghost" | "outline" | "lime" | "orange"'.
src/components/voice/voice-task-creator.tsx(162,29): error TS2322: Type '"default" | "destructive"' is not assignable to type '"info" | "success" | "error" | "cyan" | "purple" | "magenta" | "warning" | "ghost" | "outline" | "lime" | "orange"'.
  Type '"default"' is not assignable to type '"info" | "success" | "error" | "cyan" | "purple" | "magenta" | "warning" | "ghost" | "outline" | "lime" | "orange"'.
src/components/workflow/visual-workflow-builder.tsx(30,31): error TS1149: File name 'C:/Users/prett/OneDrive/Desktop/projects/SoloSuccess-AI/src/components/ui/Button.tsx' differs from already included file name 'C:/Users/prett/OneDrive/Desktop/projects/SoloSuccess-AI/src/components/ui/button.tsx' only in casing.
  The file is in the program because:
    Imported via "@/components/ui/button" from file 'C:/Users/prett/OneDrive/Desktop/projects/SoloSuccess-AI/app/error.tsx'
    Imported via '@/components/ui/button' from file 'C:/Users/prett/OneDrive/Desktop/projects/SoloSuccess-AI/src/components/performance/performance-monitor.tsx'
    Imported via '@/components/ui/button' from file 'C:/Users/prett/OneDrive/Desktop/projects/SoloSuccess-AI/src/components/performance/service-worker-register.tsx'
    Imported via '@/components/ui/button' from file 'C:/Users/prett/OneDrive/Desktop/projects/SoloSuccess-AI/src/components/marketing/exit-intent-survey.tsx'
    Imported via "@/components/ui/button" from file 'C:/Users/prett/OneDrive/Desktop/projects/SoloSuccess-AI/src/components/ui/accessibility.tsx'
    Imported via "@/components/ui/button" from file 'C:/Users/prett/OneDrive/Desktop/projects/SoloSuccess-AI/src/components/chat/floating-chat-button.tsx'
    Imported via "@/components/ui/button" from file 'C:/Users/prett/OneDrive/Desktop/projects/SoloSuccess-AI/src/components/chat/mobile-chat-interface.tsx'
    Imported via "@/components/ui/button" from file 'C:/Users/prett/OneDrive/Desktop/projects/SoloSuccess-AI/src/components/ui/smart-tip.tsx'
    Imported via "@/components/ui/button" from file 'C:/Users/prett/OneDrive/Desktop/projects/SoloSuccess-AI/src/components/feedback/feedback-widget.tsx'
    Imported via "@/components/ui/button" from file 'C:/Users/prett/OneDrive/Desktop/projects/SoloSuccess-AI/src/components/mobile/offline-data-manager.tsx'
    Imported via "@/components/ui/button" from file 'C:/Users/prett/OneDrive/Desktop/projects/SoloSuccess-AI/app/not-found.tsx'
    Imported via "@/components/ui/button" from file 'C:/Users/prett/OneDrive/Desktop/projects/SoloSuccess-AI/app/account-recovery/account-recovery-client.tsx'
    Imported via "@/components/ui/button" from file 'C:/Users/prett/OneDrive/Desktop/projects/SoloSuccess-AI/app/account-recovery/page.tsx'
    Imported via "@/components/ui/button" from file 'C:/Users/prett/OneDrive/Desktop/projects/SoloSuccess-AI/app/auth/2fa/page.tsx'
    Imported via "@/components/ui/button" from file 'C:/Users/prett/OneDrive/Desktop/projects/SoloSuccess-AI/app/auth/device-approval/page.tsx'
    Imported via "@/components/ui/button" from file 'C:/Users/prett/OneDrive/Desktop/projects/SoloSuccess-AI/app/auth/sessions/page.tsx'
    Imported via "@/components/ui/button" from file 'C:/Users/prett/OneDrive/Desktop/projects/SoloSuccess-AI/src/components/custom-agents/custom-agent-chat.tsx'
    Imported via '@/components/ui/button' from file 'C:/Users/prett/OneDrive/Desktop/projects/SoloSuccess-AI/src/components/subscription/subscription-guard.tsx'
    Imported via "@/components/ui/button" from file 'C:/Users/prett/OneDrive/Desktop/projects/SoloSuccess-AI/src/components/custom-agents/security-dashboard.tsx'
    Imported via "@/components/ui/button" from file 'C:/Users/prett/OneDrive/Desktop/projects/SoloSuccess-AI/src/components/custom-agents/training-dashboard.tsx'
    Imported via '@/components/ui/button' from file 'C:/Users/prett/OneDrive/Desktop/projects/SoloSuccess-AI/app/dashboard/error.tsx'
    Imported via "@/components/ui/button" from file 'C:/Users/prett/OneDrive/Desktop/projects/SoloSuccess-AI/src/components/ui/sidebar.tsx'
    Imported via "@/components/ui/button" from file 'C:/Users/prett/OneDrive/Desktop/projects/SoloSuccess-AI/src/components/ui/tip-settings-button.tsx'
    Imported via "@/components/ui/button" from file 'C:/Users/prett/OneDrive/Desktop/projects/SoloSuccess-AI/src/components/ui/tip-settings.tsx'
    Imported via '@/components/ui/button' from file 'C:/Users/prett/OneDrive/Desktop/projects/SoloSuccess-AI/src/components/DashboardHeader.tsx'
    Imported via "@/components/ui/button" from file 'C:/Users/prett/OneDrive/Desktop/projects/SoloSuccess-AI/src/components/mobile/mobile-navigation.tsx'
    Imported via "@/components/ui/button" from file 'C:/Users/prett/OneDrive/Desktop/projects/SoloSuccess-AI/src/components/onboarding/simple-onboarding.tsx'
    Imported via "@/components/ui/button" from file 'C:/Users/prett/OneDrive/Desktop/projects/SoloSuccess-AI/src/components/onboarding/welcome-dashboard.tsx'
    Imported via "@/components/ui/button" from file 'C:/Users/prett/OneDrive/Desktop/projects/SoloSuccess-AI/src/components/mobile/pwa-install-prompt.tsx'
    Imported via "@/components/ui/button" from file 'C:/Users/prett/OneDrive/Desktop/projects/SoloSuccess-AI/src/components/mobile/mobile-pwa-provider.tsx'
    Imported via "@/components/ui/button" from file 'C:/Users/prett/OneDrive/Desktop/projects/SoloSuccess-AI/src/components/mobile/mobile-dashboard-widgets.tsx'
    Imported via "@/components/ui/button" from file 'C:/Users/prett/OneDrive/Desktop/projects/SoloSuccess-AI/src/components/mobile/voice-task-creator.tsx'
    Imported via "@/components/ui/button" from file 'C:/Users/prett/OneDrive/Desktop/projects/SoloSuccess-AI/src/components/mobile/mobile-dashboard.tsx'
    Imported via "@/components/ui/button" from file 'C:/Users/prett/OneDrive/Desktop/projects/SoloSuccess-AI/src/components/mobile/mobile-dashboard-enhanced.tsx'
    Imported via "@/components/ui/button" from file 'C:/Users/prett/OneDrive/Desktop/projects/SoloSuccess-AI/app/dashboard/agents/page.tsx'
    Imported via '@/components/ui/button' from file 'C:/Users/prett/OneDrive/Desktop/projects/SoloSuccess-AI/app/dashboard/analytics/page.tsx'
    Imported via '@/components/ui/button' from file 'C:/Users/prett/OneDrive/Desktop/projects/SoloSuccess-AI/app/dashboard/brand/page.tsx'
    Imported via '@/components/ui/button' from file 'C:/Users/prett/OneDrive/Desktop/projects/SoloSuccess-AI/app/dashboard/briefcase/page.tsx'
    Imported via '@/components/ui/button' from file 'C:/Users/prett/OneDrive/Desktop/projects/SoloSuccess-AI/src/components/collaboration/CollaborationDashboard.tsx'
    Imported via '@/components/ui/button' from file 'C:/Users/prett/OneDrive/Desktop/projects/SoloSuccess-AI/app/dashboard/collaboration/sessions/[id]/page.tsx'
    Imported via '@/components/ui/button' from file 'C:/Users/prett/OneDrive/Desktop/projects/SoloSuccess-AI/src/components/collaboration/MessageInterface.tsx'
    Imported via '@/components/ui/button' from file 'C:/Users/prett/OneDrive/Desktop/projects/SoloSuccess-AI/src/components/collaboration/AgentInterface.tsx'
    Imported via '@/components/ui/button' from file 'C:/Users/prett/OneDrive/Desktop/projects/SoloSuccess-AI/src/components/collaboration/SessionControls.tsx'
    Imported via "@/components/ui/button" from file 'C:/Users/prett/OneDrive/Desktop/projects/SoloSuccess-AI/app/dashboard/competitors/page.tsx'
    Imported via "@/components/ui/button" from file 'C:/Users/prett/OneDrive/Desktop/projects/SoloSuccess-AI/src/components/ui/alert-dialog.tsx'
    Imported via '@/components/ui/button' from file 'C:/Users/prett/OneDrive/Desktop/projects/SoloSuccess-AI/app/dashboard/competitors/intelligence/page.tsx'
    Imported via "@/components/ui/button" from file 'C:/Users/prett/OneDrive/Desktop/projects/SoloSuccess-AI/src/components/evolve/evolve-dashboard.tsx'
    Imported via "@/components/ui/button" from file 'C:/Users/prett/OneDrive/Desktop/projects/SoloSuccess-AI/src/components/evolve/first-hire-architect.tsx'
    Imported via "@/components/ui/button" from file 'C:/Users/prett/OneDrive/Desktop/projects/SoloSuccess-AI/src/components/evolve/compensation-modeler.tsx'
    Imported via "@/components/ui/button" from file 'C:/Users/prett/OneDrive/Desktop/projects/SoloSuccess-AI/src/components/integrations/integration-hub.tsx'
    Imported via '@/components/ui/button' from file 'C:/Users/prett/OneDrive/Desktop/projects/SoloSuccess-AI/app/dashboard/learning/page.tsx'
    Imported via "@/components/ui/button" from file 'C:/Users/prett/OneDrive/Desktop/projects/SoloSuccess-AI/app/dashboard/notifications/page.tsx'
    Imported via '@/components/ui/button' from file 'C:/Users/prett/OneDrive/Desktop/projects/SoloSuccess-AI/app/dashboard/settings/page.tsx'
    Imported via '@/components/ui/button' from file 'C:/Users/prett/OneDrive/Desktop/projects/SoloSuccess-AI/app/dashboard/settings/page.tsx'
    Imported via '@/components/ui/button' from file 'C:/Users/prett/OneDrive/Desktop/projects/SoloSuccess-AI/src/components/integrations/social-media-integration.tsx'
    Imported via '@/components/ui/button' from file 'C:/Users/prett/OneDrive/Desktop/projects/SoloSuccess-AI/src/components/integrations/calendar-integration.tsx'
    Imported via '@/components/ui/button' from file 'C:/Users/prett/OneDrive/Desktop/projects/SoloSuccess-AI/src/components/integrations/revenue-integration.tsx'
    Imported via "@/components/ui/button" from file 'C:/Users/prett/OneDrive/Desktop/projects/SoloSuccess-AI/app/dashboard/slaylist/page.tsx'
    Imported via "@/components/ui/button" from file 'C:/Users/prett/OneDrive/Desktop/projects/SoloSuccess-AI/src/components/ai/task-intelligence-panel.tsx'
    Imported via "@/components/ui/button" from file 'C:/Users/prett/OneDrive/Desktop/projects/SoloSuccess-AI/src/components/voice/voice-task-creator.tsx'
    Imported via '@/components/ui/button' from file 'C:/Users/prett/OneDrive/Desktop/projects/SoloSuccess-AI/src/components/subscription/subscription-manager.tsx'
    Imported via "@/components/ui/button" from file 'C:/Users/prett/OneDrive/Desktop/projects/SoloSuccess-AI/app/dashboard/templates/page.tsx'
    Imported via "@/components/ui/button" from file 'C:/Users/prett/OneDrive/Desktop/projects/SoloSuccess-AI/app/dashboard/workspace/page.tsx'
    Imported via "@/components/ui/button" from file 'C:/Users/prett/OneDrive/Desktop/projects/SoloSuccess-AI/src/components/templates/decision-dashboard.tsx'
    Imported via '@/components/ui/button' from file 'C:/Users/prett/OneDrive/Desktop/projects/SoloSuccess-AI/src/components/templates/delegation-list-builder.tsx'
    Imported via '@/components/ui/button' from file 'C:/Users/prett/OneDrive/Desktop/projects/SoloSuccess-AI/src/components/templates/dm-sales-script-generator.tsx'
    Imported via '@/components/ui/button' from file 'C:/Users/prett/OneDrive/Desktop/projects/SoloSuccess-AI/src/components/templates/freebie-funnel-builder.tsx'
    Imported via '@/components/ui/button' from file 'C:/Users/prett/OneDrive/Desktop/projects/SoloSuccess-AI/src/components/templates/i-hate-this-tracker.tsx'
    Imported via '@/components/ui/button' from file 'C:/Users/prett/OneDrive/Desktop/projects/SoloSuccess-AI/src/components/templates/live-launch-tracker.tsx'
    Imported via '@/components/ui/button' from file 'C:/Users/prett/OneDrive/Desktop/projects/SoloSuccess-AI/src/components/templates/offer-comparison-matrix.tsx'
    Imported via '@/components/ui/button' from file 'C:/Users/prett/OneDrive/Desktop/projects/SoloSuccess-AI/src/components/templates/quarterly-biz-review.tsx'
    Imported via '@/components/ui/button' from file 'C:/Users/prett/OneDrive/Desktop/projects/SoloSuccess-AI/src/components/templates/upsell-flow-builder.tsx'
    Imported via '@/components/ui/button' from file 'C:/Users/prett/OneDrive/Desktop/projects/SoloSuccess-AI/src/components/templates/vision-board-generator.tsx'
    Imported via '@/components/ui/button' from file 'C:/Users/prett/OneDrive/Desktop/projects/SoloSuccess-AI/src/components/templates/pre-mortem-template.tsx'
    Imported via '@/components/ui/button' from file 'C:/Users/prett/OneDrive/Desktop/projects/SoloSuccess-AI/src/components/templates/reverse-engineer-role-models.tsx'
    Imported via '@/components/ui/button' from file 'C:/Users/prett/OneDrive/Desktop/projects/SoloSuccess-AI/src/components/templates/big-leap-planner.tsx'
    Imported via '@/components/ui/button' from file 'C:/Users/prett/OneDrive/Desktop/projects/SoloSuccess-AI/src/components/templates/offer-naming-generator.tsx'
    Imported via '@/components/ui/button' from file 'C:/Users/prett/OneDrive/Desktop/projects/SoloSuccess-AI/src/components/templates/brag-bank-template.tsx'
    Imported via '@/components/ui/button' from file 'C:/Users/prett/OneDrive/Desktop/projects/SoloSuccess-AI/src/components/templates/founder-feelings-tracker.tsx'
    Imported via '@/components/ui/button' from file 'C:/Users/prett/OneDrive/Desktop/projects/SoloSuccess-AI/src/components/templates/viral-hook-generator.tsx'
    Imported via '@/components/ui/button' from file 'C:/Users/prett/OneDrive/Desktop/projects/SoloSuccess-AI/src/components/templates/values-aligned-biz-filter.tsx'
    Imported via '@/components/ui/button' from file 'C:/Users/prett/OneDrive/Desktop/projects/SoloSuccess-AI/src/components/templates/ai-collab-planner.tsx'
    Imported via '@/components/ui/button' from file 'C:/Users/prett/OneDrive/Desktop/projects/SoloSuccess-AI/src/components/templates/pr-pitch-template.tsx'
    Imported via '@/components/ui/button' from file 'C:/Users/prett/OneDrive/Desktop/projects/SoloSuccess-AI/src/components/auth/forgot-password-form.tsx'
    Imported via '@/components/ui/button' from file 'C:/Users/prett/OneDrive/Desktop/projects/SoloSuccess-AI/app/gdpr/page.tsx'
    Imported via '@/components/ui/button' from file 'C:/Users/prett/OneDrive/Desktop/projects/SoloSuccess-AI/src/components/auth/login-form.tsx'
    Imported via "@/components/ui/button" from file 'C:/Users/prett/OneDrive/Desktop/projects/SoloSuccess-AI/app/offline/page.tsx'
    Imported via '@/components/ui/button' from file 'C:/Users/prett/OneDrive/Desktop/projects/SoloSuccess-AI/src/components/auth/register-form.tsx'
    Imported via "@/components/ui/button" from file 'C:/Users/prett/OneDrive/Desktop/projects/SoloSuccess-AI/app/team/page.tsx'
    Imported via "@/components/ui/button" from file 'C:/Users/prett/OneDrive/Desktop/projects/SoloSuccess-AI/src/components/guardian-ai/guardian-ai-dashboard.tsx'
    Imported via "@/components/ui/button" from file 'C:/Users/prett/OneDrive/Desktop/projects/SoloSuccess-AI/src/components/guardian-ai/compliance-scanner.tsx'
    Imported via "@/components/ui/button" from file 'C:/Users/prett/OneDrive/Desktop/projects/SoloSuccess-AI/src/components/guardian-ai/policy-generator.tsx'
    Imported via "@/components/ui/button" from file 'C:/Users/prett/OneDrive/Desktop/projects/SoloSuccess-AI/src/components/guardian-ai/consent-management.tsx'
    Imported via "@/components/ui/button" from file 'C:/Users/prett/OneDrive/Desktop/projects/SoloSuccess-AI/src/components/decision-frameworks/cost-benefit-matrix.tsx'
    Imported via "@/components/ui/button" from file 'C:/Users/prett/OneDrive/Desktop/projects/SoloSuccess-AI/src/components/decision-frameworks/spade-framework.tsx'
    Imported via "@/components/ui/button" from file 'C:/Users/prett/OneDrive/Desktop/projects/SoloSuccess-AI/src/components/decision-frameworks/five-whys-analysis.tsx'
    Imported via "@/components/ui/button" from file 'C:/Users/prett/OneDrive/Desktop/projects/SoloSuccess-AI/app/user/page.tsx'
    Imported via '@/components/ui/button' from file 'C:/Users/prett/OneDrive/Desktop/projects/SoloSuccess-AI/src/components/BrandStudioSaveIntegration.tsx'
    Imported via '@/components/ui/button' from file 'C:/Users/prett/OneDrive/Desktop/projects/SoloSuccess-AI/src/components/ChatSaveIntegration.tsx'
    Imported via '@/components/ui/button' from file 'C:/Users/prett/OneDrive/Desktop/projects/SoloSuccess-AI/src/components/TemplateSaveIntegration.tsx'
    Imported via '@/components/ui/button' from file 'C:/Users/prett/OneDrive/Desktop/projects/SoloSuccess-AI/src/components/file-preview-modal.tsx'
    Imported via "@/components/ui/button" from file 'C:/Users/prett/OneDrive/Desktop/projects/SoloSuccess-AI/src/components/theme-toggle.tsx'
    Imported via '@/components/ui/button' from file 'C:/Users/prett/OneDrive/Desktop/projects/SoloSuccess-AI/src/components/ai/smart-prioritizer.tsx'
    Imported via '@/components/ui/button' from file 'C:/Users/prett/OneDrive/Desktop/projects/SoloSuccess-AI/src/components/analytics/advanced-data-visualization.tsx'
    Imported via '@/components/ui/Button' from file 'C:/Users/prett/OneDrive/Desktop/projects/SoloSuccess-AI/src/components/analytics/advanced-data-visualization.tsx'
    Imported via '@/components/ui/button' from file 'C:/Users/prett/OneDrive/Desktop/projects/SoloSuccess-AI/src/components/analytics/analytics-dashboard.tsx'
    Imported via '@/components/ui/button' from file 'C:/Users/prett/OneDrive/Desktop/projects/SoloSuccess-AI/src/components/analytics/predictive-insights-dashboard.tsx'
    Imported via '@/components/ui/button' from file 'C:/Users/prett/OneDrive/Desktop/projects/SoloSuccess-AI/src/components/analytics/custom-report-builder-enhanced.tsx'
    Imported via '@/components/ui/button' from file 'C:/Users/prett/OneDrive/Desktop/projects/SoloSuccess-AI/src/components/analytics/custom-report-builder.tsx'
    Imported via '@/components/ui/Button' from file 'C:/Users/prett/OneDrive/Desktop/projects/SoloSuccess-AI/src/components/analytics/custom-report-builder.tsx'
    Imported via '@/components/ui/button' from file 'C:/Users/prett/OneDrive/Desktop/projects/SoloSuccess-AI/src/components/analytics/productivity-dashboard.tsx'
    Imported via '@/components/ui/button' from file 'C:/Users/prett/OneDrive/Desktop/projects/SoloSuccess-AI/src/components/auth/sign-out-button.tsx'
    Imported via '@/components/ui/button' from file 'C:/Users/prett/OneDrive/Desktop/projects/SoloSuccess-AI/src/components/briefcase/advanced-search-panel.tsx'
    Imported via "@/components/ui/button" from file 'C:/Users/prett/OneDrive/Desktop/projects/SoloSuccess-AI/src/components/ui/date-range-picker.tsx'
    Imported via '@/components/ui/button' from file 'C:/Users/prett/OneDrive/Desktop/projects/SoloSuccess-AI/src/components/ui/calendar.tsx'
    Imported via '@/components/ui/button' from file 'C:/Users/prett/OneDrive/Desktop/projects/SoloSuccess-AI/src/components/briefcase/ai-insights-panel.tsx'
    Imported via '@/components/ui/button' from file 'C:/Users/prett/OneDrive/Desktop/projects/SoloSuccess-AI/src/components/briefcase/bulk-operations-panel.tsx'
    Imported via '@/components/ui/button' from file 'C:/Users/prett/OneDrive/Desktop/projects/SoloSuccess-AI/src/components/briefcase/document-versioning-modal.tsx'
    Imported via '@/components/ui/button' from file 'C:/Users/prett/OneDrive/Desktop/projects/SoloSuccess-AI/src/components/briefcase/enhanced-dashboard.tsx'
    Imported via '@/components/ui/button' from file 'C:/Users/prett/OneDrive/Desktop/projects/SoloSuccess-AI/src/components/briefcase/enhanced-file-preview-modal.tsx'
    Imported via '@/components/ui/button' from file 'C:/Users/prett/OneDrive/Desktop/projects/SoloSuccess-AI/src/components/briefcase/file-metadata-panel.tsx'
    Imported via '@/components/ui/button' from file 'C:/Users/prett/OneDrive/Desktop/projects/SoloSuccess-AI/src/components/briefcase/file-sharing-modal.tsx'
    Imported via '@/components/ui/button' from file 'C:/Users/prett/OneDrive/Desktop/projects/SoloSuccess-AI/src/components/briefcase/folder-creation-dialog.tsx'
    Imported via '@/components/ui/button' from file 'C:/Users/prett/OneDrive/Desktop/projects/SoloSuccess-AI/src/components/briefcase/version-history-modal.tsx'
    Imported via '@/components/ui/button' from file 'C:/Users/prett/OneDrive/Desktop/projects/SoloSuccess-AI/src/components/collaboration/SessionManager.tsx'
    Imported via "@/components/ui/button" from file 'C:/Users/prett/OneDrive/Desktop/projects/SoloSuccess-AI/src/components/collaboration/collaboration-hub.tsx'
    Imported via '@/components/ui/button' from file 'C:/Users/prett/OneDrive/Desktop/projects/SoloSuccess-AI/src/components/competitors/alert-dashboard.tsx'
    Imported via '@/components/ui/button' from file 'C:/Users/prett/OneDrive/Desktop/projects/SoloSuccess-AI/src/components/competitors/alert-notifications.tsx'
    Imported via '@/components/ui/button' from file 'C:/Users/prett/OneDrive/Desktop/projects/SoloSuccess-AI/src/components/competitors/blaze-growth-intelligence.tsx'
    Imported via '@/components/ui/button' from file 'C:/Users/prett/OneDrive/Desktop/projects/SoloSuccess-AI/src/components/competitors/notification-preferences.tsx'
    Imported via '@/components/ui/button' from file 'C:/Users/prett/OneDrive/Desktop/projects/SoloSuccess-AI/src/components/competitors/pricing-intelligence-dashboard.tsx'
    Imported via '@/components/ui/button' from file 'C:/Users/prett/OneDrive/Desktop/projects/SoloSuccess-AI/src/components/competitors/scraping-manager.tsx'
    Imported via "@/components/ui/button" from file 'C:/Users/prett/OneDrive/Desktop/projects/SoloSuccess-AI/src/components/dashboard/google-calendar-widget.tsx'
    Imported via "@/components/ui/Button" from file 'C:/Users/prett/OneDrive/Desktop/projects/SoloSuccess-AI/src/components/feedback/holographic-feedback-widget.tsx'
    Imported via "@/components/ui/button" from file 'C:/Users/prett/OneDrive/Desktop/projects/SoloSuccess-AI/src/components/footer/app-footer.tsx'
    Imported via '@/components/ui/button' from file 'C:/Users/prett/OneDrive/Desktop/projects/SoloSuccess-AI/src/components/forms/secure-contact-form.tsx'
    Imported via "@/components/ui/button" from file 'C:/Users/prett/OneDrive/Desktop/projects/SoloSuccess-AI/src/components/gamification/achievement-celebration.tsx'
    Imported via '@/components/ui/button' from file 'C:/Users/prett/OneDrive/Desktop/projects/SoloSuccess-AI/src/components/intelligence/agent-briefing-dashboard.tsx'
    Imported via '@/components/ui/button' from file 'C:/Users/prett/OneDrive/Desktop/projects/SoloSuccess-AI/src/components/intelligence/briefing-dashboard.tsx'
    Imported via "@/components/ui/button" from file 'C:/Users/prett/OneDrive/Desktop/projects/SoloSuccess-AI/src/components/intelligence/intelligence-results.tsx'
    Imported via "@/components/ui/button" from file 'C:/Users/prett/OneDrive/Desktop/projects/SoloSuccess-AI/src/components/intelligence/intelligence-search.tsx'
    Imported via '@/components/ui/button' from file 'C:/Users/prett/OneDrive/Desktop/projects/SoloSuccess-AI/src/components/marketing/plan-quiz.tsx'
    Imported via "@/components/ui/button" from file 'C:/Users/prett/OneDrive/Desktop/projects/SoloSuccess-AI/src/components/notifications/notification-settings.tsx'
    Imported via "@/components/ui/button" from file 'C:/Users/prett/OneDrive/Desktop/projects/SoloSuccess-AI/src/components/onboarding/enhanced-welcome-flow.tsx'
    Imported via "@/components/ui/button" from file 'C:/Users/prett/OneDrive/Desktop/projects/SoloSuccess-AI/src/components/onboarding/feature-discovery.tsx'
    Imported via "@/components/ui/button" from file 'C:/Users/prett/OneDrive/Desktop/projects/SoloSuccess-AI/src/components/onboarding/interactive-tutorial.tsx'
    Imported via "@/components/ui/button" from file 'C:/Users/prett/OneDrive/Desktop/projects/SoloSuccess-AI/src/components/onboarding/onboarding-wizard.tsx'
    Imported via "@/components/ui/button" from file 'C:/Users/prett/OneDrive/Desktop/projects/SoloSuccess-AI/src/components/onboarding/progressive-onboarding.tsx'
    Imported via "@/components/ui/button" from file 'C:/Users/prett/OneDrive/Desktop/projects/SoloSuccess-AI/src/components/profile/enhanced-profile-modal.tsx'
    Imported via "@/components/ui/button" from file 'C:/Users/prett/OneDrive/Desktop/projects/SoloSuccess-AI/src/components/profile/profile-modal.tsx'
    Imported via '@/components/ui/button' from file 'C:/Users/prett/OneDrive/Desktop/projects/SoloSuccess-AI/src/components/recaptcha/recaptcha-button.tsx'
    Imported via "@/components/ui/button" from file 'C:/Users/prett/OneDrive/Desktop/projects/SoloSuccess-AI/src/components/schedule/schedule-demo-modal.tsx'
    Imported via '@/components/ui/button' from file 'C:/Users/prett/OneDrive/Desktop/projects/SoloSuccess-AI/src/components/settings/api-keys-tutorial.tsx'
    Imported via "@/components/ui/button" from file 'C:/Users/prett/OneDrive/Desktop/projects/SoloSuccess-AI/src/components/shared/shared-landing-page.tsx'
    Imported via "@/components/ui/button" from file 'C:/Users/prett/OneDrive/Desktop/projects/SoloSuccess-AI/src/components/social/boss-community.tsx'
    Imported via "@/components/ui/button" from file 'C:/Users/prett/OneDrive/Desktop/projects/SoloSuccess-AI/src/components/subscription/feature-gate.tsx'
    Imported via '@/components/ui/button' from file 'C:/Users/prett/OneDrive/Desktop/projects/SoloSuccess-AI/src/components/subscription/pricing-cards.tsx'
    Imported via "@/components/ui/button" from file 'C:/Users/prett/OneDrive/Desktop/projects/SoloSuccess-AI/src/components/subscription/subscription-status.tsx'
    Imported via "@/components/ui/button" from file 'C:/Users/prett/OneDrive/Desktop/projects/SoloSuccess-AI/src/components/tasks/gesture-task-card.tsx'
    Imported via "@/components/ui/button" from file 'C:/Users/prett/OneDrive/Desktop/projects/SoloSuccess-AI/src/components/templates/customer-journey-mapper.tsx'
    Imported via "@/components/ui/button" from file 'C:/Users/prett/OneDrive/Desktop/projects/SoloSuccess-AI/src/components/templates/email-campaign-builder.tsx'
    Imported via "@/components/ui/button" from file 'C:/Users/prett/OneDrive/Desktop/projects/SoloSuccess-AI/src/components/templates/project-timeline.tsx'
    Imported via '@/components/ui/button' from file 'C:/Users/prett/OneDrive/Desktop/projects/SoloSuccess-AI/src/components/templates/saved-templates-list.tsx'
    Imported via "@/components/ui/button" from file 'C:/Users/prett/OneDrive/Desktop/projects/SoloSuccess-AI/src/components/templates/social-media-strategy.tsx'
    Imported via "@/components/ui/button" from file 'C:/Users/prett/OneDrive/Desktop/projects/SoloSuccess-AI/src/components/templates/strategic-business-plan.tsx'
    Imported via '@/components/ui/button' from file 'C:/Users/prett/OneDrive/Desktop/projects/SoloSuccess-AI/src/components/temporal/workflow-status.tsx'
    Imported via './Button' from file 'C:/Users/prett/OneDrive/Desktop/projects/SoloSuccess-AI/src/components/ui/Modal.tsx'
    Imported via './button' from file 'C:/Users/prett/OneDrive/Desktop/projects/SoloSuccess-AI/src/components/ui/button.stories.tsx'
    Matched by include pattern 'src/**/*' in 'C:/Users/prett/OneDrive/Desktop/projects/SoloSuccess-AI/tsconfig.json'
    Imported via "@/components/ui/button" from file 'C:/Users/prett/OneDrive/Desktop/projects/SoloSuccess-AI/src/components/ui/carousel.tsx'
    Imported via './button' from file 'C:/Users/prett/OneDrive/Desktop/projects/SoloSuccess-AI/src/components/ui/error-boundary.tsx'
    Imported via "@/components/ui/button" from file 'C:/Users/prett/OneDrive/Desktop/projects/SoloSuccess-AI/src/components/ui/error-handler.tsx'
    Imported via "@/components/ui/button" from file 'C:/Users/prett/OneDrive/Desktop/projects/SoloSuccess-AI/src/components/ui/floating-action-button.tsx'
    Imported via "@/components/ui/button" from file 'C:/Users/prett/OneDrive/Desktop/projects/SoloSuccess-AI/src/components/ui/help-tooltip.tsx'
    Imported via "@/components/ui/button" from file 'C:/Users/prett/OneDrive/Desktop/projects/SoloSuccess-AI/src/components/ui/pagination.tsx'
    Imported via '@/components/ui/button' from file 'C:/Users/prett/OneDrive/Desktop/projects/SoloSuccess-AI/src/components/ui/voice-input.tsx'
    Imported via "@/components/ui/button" from file 'C:/Users/prett/OneDrive/Desktop/projects/SoloSuccess-AI/src/components/voice/voice-chat.tsx'
    Imported via '@/components/ui/button' from file 'C:/Users/prett/OneDrive/Desktop/projects/SoloSuccess-AI/src/components/workflow/visual-workflow-builder.tsx'
    Imported via '@/components/ui/Button' from file 'C:/Users/prett/OneDrive/Desktop/projects/SoloSuccess-AI/src/components/workflow/visual-workflow-builder.tsx'
    Imported via '@/components/ui/Button' from file 'C:/Users/prett/OneDrive/Desktop/projects/SoloSuccess-AI/src/components/workflow/workflow-dashboard.tsx'
    Imported via '@/components/ui/button' from file 'C:/Users/prett/OneDrive/Desktop/projects/SoloSuccess-AI/src/components/workflow/workflow-templates.tsx'
    Imported via '@/components/ui/Button' from file 'C:/Users/prett/OneDrive/Desktop/projects/SoloSuccess-AI/src/components/workflow/workflow-templates.tsx'
    Imported via '@/components/ui/button' from file 'C:/Users/prett/OneDrive/Desktop/projects/SoloSuccess-AI/src/components/workflow/workflow-execution-monitor.tsx'
    Imported via '@/components/ui/Button' from file 'C:/Users/prett/OneDrive/Desktop/projects/SoloSuccess-AI/src/components/workflow/workflow-execution-monitor.tsx'
src/components/workflow/visual-workflow-builder.tsx(31,25): error TS1149: File name 'C:/Users/prett/OneDrive/Desktop/projects/SoloSuccess-AI/src/components/ui/Loading.tsx' differs from already included file name 'C:/Users/prett/OneDrive/Desktop/projects/SoloSuccess-AI/src/components/ui/loading.tsx' only in casing.
  The file is in the program because:
    Imported via "@/components/ui/loading" from file 'C:/Users/prett/OneDrive/Desktop/projects/SoloSuccess-AI/src/components/feedback/feedback-widget.tsx'
    Imported via "@/components/ui/loading" from file 'C:/Users/prett/OneDrive/Desktop/projects/SoloSuccess-AI/app/dashboard/competitors/page.tsx'
    Imported via "@/components/ui/loading" from file 'C:/Users/prett/OneDrive/Desktop/projects/SoloSuccess-AI/app/dashboard/competitors/[id]/edit/page.tsx'
    Imported via "@/components/ui/loading" from file 'C:/Users/prett/OneDrive/Desktop/projects/SoloSuccess-AI/app/dashboard/competitors/discover/page.tsx'
    Imported via "@/components/ui/loading" from file 'C:/Users/prett/OneDrive/Desktop/projects/SoloSuccess-AI/app/dashboard/notifications/page.tsx'
    Imported via '@/components/ui/Loading' from file 'C:/Users/prett/OneDrive/Desktop/projects/SoloSuccess-AI/src/components/analytics/advanced-data-visualization.tsx'
    Imported via '@/components/ui/Loading' from file 'C:/Users/prett/OneDrive/Desktop/projects/SoloSuccess-AI/src/components/analytics/custom-report-builder.tsx'
    Imported via "@/components/ui/loading" from file 'C:/Users/prett/OneDrive/Desktop/projects/SoloSuccess-AI/src/components/dashboard/intelligence-dashboard.tsx'
    Imported via "@/components/ui/Loading" from file 'C:/Users/prett/OneDrive/Desktop/projects/SoloSuccess-AI/src/components/feedback/holographic-feedback-widget.tsx'
    Matched by include pattern 'src/**/*' in 'C:/Users/prett/OneDrive/Desktop/projects/SoloSuccess-AI/tsconfig.json'
    Imported via '@/components/ui/Loading' from file 'C:/Users/prett/OneDrive/Desktop/projects/SoloSuccess-AI/src/components/workflow/visual-workflow-builder.tsx'
    Imported via '@/components/ui/Loading' from file 'C:/Users/prett/OneDrive/Desktop/projects/SoloSuccess-AI/src/components/workflow/workflow-dashboard.tsx'
    Imported via '@/components/ui/Loading' from file 'C:/Users/prett/OneDrive/Desktop/projects/SoloSuccess-AI/src/components/workflow/workflow-execution-monitor.tsx'
src/components/workflow/visual-workflow-builder.tsx(464,15): error TS2322: Type '"secondary"' is not assignable to type '"cyan" | "purple" | "magenta" | "lime" | "orange"'.
src/components/workflow/visual-workflow-builder.tsx(474,17): error TS2322: Type '(e: React.MouseEvent<HTMLButtonElement>) => void' is not assignable to type '() => void'.
  Target signature provides too few arguments. Expected 1 or more, but got 0.
src/components/workflow/visual-workflow-builder.tsx(485,17): error TS2322: Type '(e: React.MouseEvent<HTMLButtonElement>) => void' is not assignable to type '() => void'.
  Target signature provides too few arguments. Expected 1 or more, but got 0.
src/components/workflow/visual-workflow-builder.tsx(583,20): error TS2322: Type '"secondary"' is not assignable to type '"cyan" | "purple" | "magenta" | "lime" | "orange"'.
src/components/workflow/workflow-dashboard.tsx(38,31): error TS1149: File name 'C:/Users/prett/OneDrive/Desktop/projects/SoloSuccess-AI/src/components/ui/Button.tsx' differs from already included file name 'C:/Users/prett/OneDrive/Desktop/projects/SoloSuccess-AI/src/components/ui/button.tsx' only in casing.
  The file is in the program because:
    Imported via "@/components/ui/button" from file 'C:/Users/prett/OneDrive/Desktop/projects/SoloSuccess-AI/app/error.tsx'
    Imported via '@/components/ui/button' from file 'C:/Users/prett/OneDrive/Desktop/projects/SoloSuccess-AI/src/components/performance/performance-monitor.tsx'
    Imported via '@/components/ui/button' from file 'C:/Users/prett/OneDrive/Desktop/projects/SoloSuccess-AI/src/components/performance/service-worker-register.tsx'
    Imported via '@/components/ui/button' from file 'C:/Users/prett/OneDrive/Desktop/projects/SoloSuccess-AI/src/components/marketing/exit-intent-survey.tsx'
    Imported via "@/components/ui/button" from file 'C:/Users/prett/OneDrive/Desktop/projects/SoloSuccess-AI/src/components/ui/accessibility.tsx'
    Imported via "@/components/ui/button" from file 'C:/Users/prett/OneDrive/Desktop/projects/SoloSuccess-AI/src/components/chat/floating-chat-button.tsx'
    Imported via "@/components/ui/button" from file 'C:/Users/prett/OneDrive/Desktop/projects/SoloSuccess-AI/src/components/chat/mobile-chat-interface.tsx'
    Imported via "@/components/ui/button" from file 'C:/Users/prett/OneDrive/Desktop/projects/SoloSuccess-AI/src/components/ui/smart-tip.tsx'
    Imported via "@/components/ui/button" from file 'C:/Users/prett/OneDrive/Desktop/projects/SoloSuccess-AI/src/components/feedback/feedback-widget.tsx'
    Imported via "@/components/ui/button" from file 'C:/Users/prett/OneDrive/Desktop/projects/SoloSuccess-AI/src/components/mobile/offline-data-manager.tsx'
    Imported via "@/components/ui/button" from file 'C:/Users/prett/OneDrive/Desktop/projects/SoloSuccess-AI/app/not-found.tsx'
    Imported via "@/components/ui/button" from file 'C:/Users/prett/OneDrive/Desktop/projects/SoloSuccess-AI/app/account-recovery/account-recovery-client.tsx'
    Imported via "@/components/ui/button" from file 'C:/Users/prett/OneDrive/Desktop/projects/SoloSuccess-AI/app/account-recovery/page.tsx'
    Imported via "@/components/ui/button" from file 'C:/Users/prett/OneDrive/Desktop/projects/SoloSuccess-AI/app/auth/2fa/page.tsx'
    Imported via "@/components/ui/button" from file 'C:/Users/prett/OneDrive/Desktop/projects/SoloSuccess-AI/app/auth/device-approval/page.tsx'
    Imported via "@/components/ui/button" from file 'C:/Users/prett/OneDrive/Desktop/projects/SoloSuccess-AI/app/auth/sessions/page.tsx'
    Imported via "@/components/ui/button" from file 'C:/Users/prett/OneDrive/Desktop/projects/SoloSuccess-AI/src/components/custom-agents/custom-agent-chat.tsx'
    Imported via '@/components/ui/button' from file 'C:/Users/prett/OneDrive/Desktop/projects/SoloSuccess-AI/src/components/subscription/subscription-guard.tsx'
    Imported via "@/components/ui/button" from file 'C:/Users/prett/OneDrive/Desktop/projects/SoloSuccess-AI/src/components/custom-agents/security-dashboard.tsx'
    Imported via "@/components/ui/button" from file 'C:/Users/prett/OneDrive/Desktop/projects/SoloSuccess-AI/src/components/custom-agents/training-dashboard.tsx'
    Imported via '@/components/ui/button' from file 'C:/Users/prett/OneDrive/Desktop/projects/SoloSuccess-AI/app/dashboard/error.tsx'
    Imported via "@/components/ui/button" from file 'C:/Users/prett/OneDrive/Desktop/projects/SoloSuccess-AI/src/components/ui/sidebar.tsx'
    Imported via "@/components/ui/button" from file 'C:/Users/prett/OneDrive/Desktop/projects/SoloSuccess-AI/src/components/ui/tip-settings-button.tsx'
    Imported via "@/components/ui/button" from file 'C:/Users/prett/OneDrive/Desktop/projects/SoloSuccess-AI/src/components/ui/tip-settings.tsx'
    Imported via '@/components/ui/button' from file 'C:/Users/prett/OneDrive/Desktop/projects/SoloSuccess-AI/src/components/DashboardHeader.tsx'
    Imported via "@/components/ui/button" from file 'C:/Users/prett/OneDrive/Desktop/projects/SoloSuccess-AI/src/components/mobile/mobile-navigation.tsx'
    Imported via "@/components/ui/button" from file 'C:/Users/prett/OneDrive/Desktop/projects/SoloSuccess-AI/src/components/onboarding/simple-onboarding.tsx'
    Imported via "@/components/ui/button" from file 'C:/Users/prett/OneDrive/Desktop/projects/SoloSuccess-AI/src/components/onboarding/welcome-dashboard.tsx'
    Imported via "@/components/ui/button" from file 'C:/Users/prett/OneDrive/Desktop/projects/SoloSuccess-AI/src/components/mobile/pwa-install-prompt.tsx'
    Imported via "@/components/ui/button" from file 'C:/Users/prett/OneDrive/Desktop/projects/SoloSuccess-AI/src/components/mobile/mobile-pwa-provider.tsx'
    Imported via "@/components/ui/button" from file 'C:/Users/prett/OneDrive/Desktop/projects/SoloSuccess-AI/src/components/mobile/mobile-dashboard-widgets.tsx'
    Imported via "@/components/ui/button" from file 'C:/Users/prett/OneDrive/Desktop/projects/SoloSuccess-AI/src/components/mobile/voice-task-creator.tsx'
    Imported via "@/components/ui/button" from file 'C:/Users/prett/OneDrive/Desktop/projects/SoloSuccess-AI/src/components/mobile/mobile-dashboard.tsx'
    Imported via "@/components/ui/button" from file 'C:/Users/prett/OneDrive/Desktop/projects/SoloSuccess-AI/src/components/mobile/mobile-dashboard-enhanced.tsx'
    Imported via "@/components/ui/button" from file 'C:/Users/prett/OneDrive/Desktop/projects/SoloSuccess-AI/app/dashboard/agents/page.tsx'
    Imported via '@/components/ui/button' from file 'C:/Users/prett/OneDrive/Desktop/projects/SoloSuccess-AI/app/dashboard/analytics/page.tsx'
    Imported via '@/components/ui/button' from file 'C:/Users/prett/OneDrive/Desktop/projects/SoloSuccess-AI/app/dashboard/brand/page.tsx'
    Imported via '@/components/ui/button' from file 'C:/Users/prett/OneDrive/Desktop/projects/SoloSuccess-AI/app/dashboard/briefcase/page.tsx'
    Imported via '@/components/ui/button' from file 'C:/Users/prett/OneDrive/Desktop/projects/SoloSuccess-AI/src/components/collaboration/CollaborationDashboard.tsx'
    Imported via '@/components/ui/button' from file 'C:/Users/prett/OneDrive/Desktop/projects/SoloSuccess-AI/app/dashboard/collaboration/sessions/[id]/page.tsx'
    Imported via '@/components/ui/button' from file 'C:/Users/prett/OneDrive/Desktop/projects/SoloSuccess-AI/src/components/collaboration/MessageInterface.tsx'
    Imported via '@/components/ui/button' from file 'C:/Users/prett/OneDrive/Desktop/projects/SoloSuccess-AI/src/components/collaboration/AgentInterface.tsx'
    Imported via '@/components/ui/button' from file 'C:/Users/prett/OneDrive/Desktop/projects/SoloSuccess-AI/src/components/collaboration/SessionControls.tsx'
    Imported via "@/components/ui/button" from file 'C:/Users/prett/OneDrive/Desktop/projects/SoloSuccess-AI/app/dashboard/competitors/page.tsx'
    Imported via "@/components/ui/button" from file 'C:/Users/prett/OneDrive/Desktop/projects/SoloSuccess-AI/src/components/ui/alert-dialog.tsx'
    Imported via '@/components/ui/button' from file 'C:/Users/prett/OneDrive/Desktop/projects/SoloSuccess-AI/app/dashboard/competitors/intelligence/page.tsx'
    Imported via "@/components/ui/button" from file 'C:/Users/prett/OneDrive/Desktop/projects/SoloSuccess-AI/src/components/evolve/evolve-dashboard.tsx'
    Imported via "@/components/ui/button" from file 'C:/Users/prett/OneDrive/Desktop/projects/SoloSuccess-AI/src/components/evolve/first-hire-architect.tsx'
    Imported via "@/components/ui/button" from file 'C:/Users/prett/OneDrive/Desktop/projects/SoloSuccess-AI/src/components/evolve/compensation-modeler.tsx'
    Imported via "@/components/ui/button" from file 'C:/Users/prett/OneDrive/Desktop/projects/SoloSuccess-AI/src/components/integrations/integration-hub.tsx'
    Imported via '@/components/ui/button' from file 'C:/Users/prett/OneDrive/Desktop/projects/SoloSuccess-AI/app/dashboard/learning/page.tsx'
    Imported via "@/components/ui/button" from file 'C:/Users/prett/OneDrive/Desktop/projects/SoloSuccess-AI/app/dashboard/notifications/page.tsx'
    Imported via '@/components/ui/button' from file 'C:/Users/prett/OneDrive/Desktop/projects/SoloSuccess-AI/app/dashboard/settings/page.tsx'
    Imported via '@/components/ui/button' from file 'C:/Users/prett/OneDrive/Desktop/projects/SoloSuccess-AI/app/dashboard/settings/page.tsx'
    Imported via '@/components/ui/button' from file 'C:/Users/prett/OneDrive/Desktop/projects/SoloSuccess-AI/src/components/integrations/social-media-integration.tsx'
    Imported via '@/components/ui/button' from file 'C:/Users/prett/OneDrive/Desktop/projects/SoloSuccess-AI/src/components/integrations/calendar-integration.tsx'
    Imported via '@/components/ui/button' from file 'C:/Users/prett/OneDrive/Desktop/projects/SoloSuccess-AI/src/components/integrations/revenue-integration.tsx'
    Imported via "@/components/ui/button" from file 'C:/Users/prett/OneDrive/Desktop/projects/SoloSuccess-AI/app/dashboard/slaylist/page.tsx'
    Imported via "@/components/ui/button" from file 'C:/Users/prett/OneDrive/Desktop/projects/SoloSuccess-AI/src/components/ai/task-intelligence-panel.tsx'
    Imported via "@/components/ui/button" from file 'C:/Users/prett/OneDrive/Desktop/projects/SoloSuccess-AI/src/components/voice/voice-task-creator.tsx'
    Imported via '@/components/ui/button' from file 'C:/Users/prett/OneDrive/Desktop/projects/SoloSuccess-AI/src/components/subscription/subscription-manager.tsx'
    Imported via "@/components/ui/button" from file 'C:/Users/prett/OneDrive/Desktop/projects/SoloSuccess-AI/app/dashboard/templates/page.tsx'
    Imported via "@/components/ui/button" from file 'C:/Users/prett/OneDrive/Desktop/projects/SoloSuccess-AI/app/dashboard/workspace/page.tsx'
    Imported via "@/components/ui/button" from file 'C:/Users/prett/OneDrive/Desktop/projects/SoloSuccess-AI/src/components/templates/decision-dashboard.tsx'
    Imported via '@/components/ui/button' from file 'C:/Users/prett/OneDrive/Desktop/projects/SoloSuccess-AI/src/components/templates/delegation-list-builder.tsx'
    Imported via '@/components/ui/button' from file 'C:/Users/prett/OneDrive/Desktop/projects/SoloSuccess-AI/src/components/templates/dm-sales-script-generator.tsx'
    Imported via '@/components/ui/button' from file 'C:/Users/prett/OneDrive/Desktop/projects/SoloSuccess-AI/src/components/templates/freebie-funnel-builder.tsx'
    Imported via '@/components/ui/button' from file 'C:/Users/prett/OneDrive/Desktop/projects/SoloSuccess-AI/src/components/templates/i-hate-this-tracker.tsx'
    Imported via '@/components/ui/button' from file 'C:/Users/prett/OneDrive/Desktop/projects/SoloSuccess-AI/src/components/templates/live-launch-tracker.tsx'
    Imported via '@/components/ui/button' from file 'C:/Users/prett/OneDrive/Desktop/projects/SoloSuccess-AI/src/components/templates/offer-comparison-matrix.tsx'
    Imported via '@/components/ui/button' from file 'C:/Users/prett/OneDrive/Desktop/projects/SoloSuccess-AI/src/components/templates/quarterly-biz-review.tsx'
    Imported via '@/components/ui/button' from file 'C:/Users/prett/OneDrive/Desktop/projects/SoloSuccess-AI/src/components/templates/upsell-flow-builder.tsx'
    Imported via '@/components/ui/button' from file 'C:/Users/prett/OneDrive/Desktop/projects/SoloSuccess-AI/src/components/templates/vision-board-generator.tsx'
    Imported via '@/components/ui/button' from file 'C:/Users/prett/OneDrive/Desktop/projects/SoloSuccess-AI/src/components/templates/pre-mortem-template.tsx'
    Imported via '@/components/ui/button' from file 'C:/Users/prett/OneDrive/Desktop/projects/SoloSuccess-AI/src/components/templates/reverse-engineer-role-models.tsx'
    Imported via '@/components/ui/button' from file 'C:/Users/prett/OneDrive/Desktop/projects/SoloSuccess-AI/src/components/templates/big-leap-planner.tsx'
    Imported via '@/components/ui/button' from file 'C:/Users/prett/OneDrive/Desktop/projects/SoloSuccess-AI/src/components/templates/offer-naming-generator.tsx'
    Imported via '@/components/ui/button' from file 'C:/Users/prett/OneDrive/Desktop/projects/SoloSuccess-AI/src/components/templates/brag-bank-template.tsx'
    Imported via '@/components/ui/button' from file 'C:/Users/prett/OneDrive/Desktop/projects/SoloSuccess-AI/src/components/templates/founder-feelings-tracker.tsx'
    Imported via '@/components/ui/button' from file 'C:/Users/prett/OneDrive/Desktop/projects/SoloSuccess-AI/src/components/templates/viral-hook-generator.tsx'
    Imported via '@/components/ui/button' from file 'C:/Users/prett/OneDrive/Desktop/projects/SoloSuccess-AI/src/components/templates/values-aligned-biz-filter.tsx'
    Imported via '@/components/ui/button' from file 'C:/Users/prett/OneDrive/Desktop/projects/SoloSuccess-AI/src/components/templates/ai-collab-planner.tsx'
    Imported via '@/components/ui/button' from file 'C:/Users/prett/OneDrive/Desktop/projects/SoloSuccess-AI/src/components/templates/pr-pitch-template.tsx'
    Imported via '@/components/ui/button' from file 'C:/Users/prett/OneDrive/Desktop/projects/SoloSuccess-AI/src/components/auth/forgot-password-form.tsx'
    Imported via '@/components/ui/button' from file 'C:/Users/prett/OneDrive/Desktop/projects/SoloSuccess-AI/app/gdpr/page.tsx'
    Imported via '@/components/ui/button' from file 'C:/Users/prett/OneDrive/Desktop/projects/SoloSuccess-AI/src/components/auth/login-form.tsx'
    Imported via "@/components/ui/button" from file 'C:/Users/prett/OneDrive/Desktop/projects/SoloSuccess-AI/app/offline/page.tsx'
    Imported via '@/components/ui/button' from file 'C:/Users/prett/OneDrive/Desktop/projects/SoloSuccess-AI/src/components/auth/register-form.tsx'
    Imported via "@/components/ui/button" from file 'C:/Users/prett/OneDrive/Desktop/projects/SoloSuccess-AI/app/team/page.tsx'
    Imported via "@/components/ui/button" from file 'C:/Users/prett/OneDrive/Desktop/projects/SoloSuccess-AI/src/components/guardian-ai/guardian-ai-dashboard.tsx'
    Imported via "@/components/ui/button" from file 'C:/Users/prett/OneDrive/Desktop/projects/SoloSuccess-AI/src/components/guardian-ai/compliance-scanner.tsx'
    Imported via "@/components/ui/button" from file 'C:/Users/prett/OneDrive/Desktop/projects/SoloSuccess-AI/src/components/guardian-ai/policy-generator.tsx'
    Imported via "@/components/ui/button" from file 'C:/Users/prett/OneDrive/Desktop/projects/SoloSuccess-AI/src/components/guardian-ai/consent-management.tsx'
    Imported via "@/components/ui/button" from file 'C:/Users/prett/OneDrive/Desktop/projects/SoloSuccess-AI/src/components/decision-frameworks/cost-benefit-matrix.tsx'
    Imported via "@/components/ui/button" from file 'C:/Users/prett/OneDrive/Desktop/projects/SoloSuccess-AI/src/components/decision-frameworks/spade-framework.tsx'
    Imported via "@/components/ui/button" from file 'C:/Users/prett/OneDrive/Desktop/projects/SoloSuccess-AI/src/components/decision-frameworks/five-whys-analysis.tsx'
    Imported via "@/components/ui/button" from file 'C:/Users/prett/OneDrive/Desktop/projects/SoloSuccess-AI/app/user/page.tsx'
    Imported via '@/components/ui/button' from file 'C:/Users/prett/OneDrive/Desktop/projects/SoloSuccess-AI/src/components/BrandStudioSaveIntegration.tsx'
    Imported via '@/components/ui/button' from file 'C:/Users/prett/OneDrive/Desktop/projects/SoloSuccess-AI/src/components/ChatSaveIntegration.tsx'
    Imported via '@/components/ui/button' from file 'C:/Users/prett/OneDrive/Desktop/projects/SoloSuccess-AI/src/components/TemplateSaveIntegration.tsx'
    Imported via '@/components/ui/button' from file 'C:/Users/prett/OneDrive/Desktop/projects/SoloSuccess-AI/src/components/file-preview-modal.tsx'
    Imported via "@/components/ui/button" from file 'C:/Users/prett/OneDrive/Desktop/projects/SoloSuccess-AI/src/components/theme-toggle.tsx'
    Imported via '@/components/ui/button' from file 'C:/Users/prett/OneDrive/Desktop/projects/SoloSuccess-AI/src/components/ai/smart-prioritizer.tsx'
    Imported via '@/components/ui/button' from file 'C:/Users/prett/OneDrive/Desktop/projects/SoloSuccess-AI/src/components/analytics/advanced-data-visualization.tsx'
    Imported via '@/components/ui/Button' from file 'C:/Users/prett/OneDrive/Desktop/projects/SoloSuccess-AI/src/components/analytics/advanced-data-visualization.tsx'
    Imported via '@/components/ui/button' from file 'C:/Users/prett/OneDrive/Desktop/projects/SoloSuccess-AI/src/components/analytics/analytics-dashboard.tsx'
    Imported via '@/components/ui/button' from file 'C:/Users/prett/OneDrive/Desktop/projects/SoloSuccess-AI/src/components/analytics/predictive-insights-dashboard.tsx'
    Imported via '@/components/ui/button' from file 'C:/Users/prett/OneDrive/Desktop/projects/SoloSuccess-AI/src/components/analytics/custom-report-builder-enhanced.tsx'
    Imported via '@/components/ui/button' from file 'C:/Users/prett/OneDrive/Desktop/projects/SoloSuccess-AI/src/components/analytics/custom-report-builder.tsx'
    Imported via '@/components/ui/Button' from file 'C:/Users/prett/OneDrive/Desktop/projects/SoloSuccess-AI/src/components/analytics/custom-report-builder.tsx'
    Imported via '@/components/ui/button' from file 'C:/Users/prett/OneDrive/Desktop/projects/SoloSuccess-AI/src/components/analytics/productivity-dashboard.tsx'
    Imported via '@/components/ui/button' from file 'C:/Users/prett/OneDrive/Desktop/projects/SoloSuccess-AI/src/components/auth/sign-out-button.tsx'
    Imported via '@/components/ui/button' from file 'C:/Users/prett/OneDrive/Desktop/projects/SoloSuccess-AI/src/components/briefcase/advanced-search-panel.tsx'
    Imported via "@/components/ui/button" from file 'C:/Users/prett/OneDrive/Desktop/projects/SoloSuccess-AI/src/components/ui/date-range-picker.tsx'
    Imported via '@/components/ui/button' from file 'C:/Users/prett/OneDrive/Desktop/projects/SoloSuccess-AI/src/components/ui/calendar.tsx'
    Imported via '@/components/ui/button' from file 'C:/Users/prett/OneDrive/Desktop/projects/SoloSuccess-AI/src/components/briefcase/ai-insights-panel.tsx'
    Imported via '@/components/ui/button' from file 'C:/Users/prett/OneDrive/Desktop/projects/SoloSuccess-AI/src/components/briefcase/bulk-operations-panel.tsx'
    Imported via '@/components/ui/button' from file 'C:/Users/prett/OneDrive/Desktop/projects/SoloSuccess-AI/src/components/briefcase/document-versioning-modal.tsx'
    Imported via '@/components/ui/button' from file 'C:/Users/prett/OneDrive/Desktop/projects/SoloSuccess-AI/src/components/briefcase/enhanced-dashboard.tsx'
    Imported via '@/components/ui/button' from file 'C:/Users/prett/OneDrive/Desktop/projects/SoloSuccess-AI/src/components/briefcase/enhanced-file-preview-modal.tsx'
    Imported via '@/components/ui/button' from file 'C:/Users/prett/OneDrive/Desktop/projects/SoloSuccess-AI/src/components/briefcase/file-metadata-panel.tsx'
    Imported via '@/components/ui/button' from file 'C:/Users/prett/OneDrive/Desktop/projects/SoloSuccess-AI/src/components/briefcase/file-sharing-modal.tsx'
    Imported via '@/components/ui/button' from file 'C:/Users/prett/OneDrive/Desktop/projects/SoloSuccess-AI/src/components/briefcase/folder-creation-dialog.tsx'
    Imported via '@/components/ui/button' from file 'C:/Users/prett/OneDrive/Desktop/projects/SoloSuccess-AI/src/components/briefcase/version-history-modal.tsx'
    Imported via '@/components/ui/button' from file 'C:/Users/prett/OneDrive/Desktop/projects/SoloSuccess-AI/src/components/collaboration/SessionManager.tsx'
    Imported via "@/components/ui/button" from file 'C:/Users/prett/OneDrive/Desktop/projects/SoloSuccess-AI/src/components/collaboration/collaboration-hub.tsx'
    Imported via '@/components/ui/button' from file 'C:/Users/prett/OneDrive/Desktop/projects/SoloSuccess-AI/src/components/competitors/alert-dashboard.tsx'
    Imported via '@/components/ui/button' from file 'C:/Users/prett/OneDrive/Desktop/projects/SoloSuccess-AI/src/components/competitors/alert-notifications.tsx'
    Imported via '@/components/ui/button' from file 'C:/Users/prett/OneDrive/Desktop/projects/SoloSuccess-AI/src/components/competitors/blaze-growth-intelligence.tsx'
    Imported via '@/components/ui/button' from file 'C:/Users/prett/OneDrive/Desktop/projects/SoloSuccess-AI/src/components/competitors/notification-preferences.tsx'
    Imported via '@/components/ui/button' from file 'C:/Users/prett/OneDrive/Desktop/projects/SoloSuccess-AI/src/components/competitors/pricing-intelligence-dashboard.tsx'
    Imported via '@/components/ui/button' from file 'C:/Users/prett/OneDrive/Desktop/projects/SoloSuccess-AI/src/components/competitors/scraping-manager.tsx'
    Imported via "@/components/ui/button" from file 'C:/Users/prett/OneDrive/Desktop/projects/SoloSuccess-AI/src/components/dashboard/google-calendar-widget.tsx'
    Imported via "@/components/ui/Button" from file 'C:/Users/prett/OneDrive/Desktop/projects/SoloSuccess-AI/src/components/feedback/holographic-feedback-widget.tsx'
    Imported via "@/components/ui/button" from file 'C:/Users/prett/OneDrive/Desktop/projects/SoloSuccess-AI/src/components/footer/app-footer.tsx'
    Imported via '@/components/ui/button' from file 'C:/Users/prett/OneDrive/Desktop/projects/SoloSuccess-AI/src/components/forms/secure-contact-form.tsx'
    Imported via "@/components/ui/button" from file 'C:/Users/prett/OneDrive/Desktop/projects/SoloSuccess-AI/src/components/gamification/achievement-celebration.tsx'
    Imported via '@/components/ui/button' from file 'C:/Users/prett/OneDrive/Desktop/projects/SoloSuccess-AI/src/components/intelligence/agent-briefing-dashboard.tsx'
    Imported via '@/components/ui/button' from file 'C:/Users/prett/OneDrive/Desktop/projects/SoloSuccess-AI/src/components/intelligence/briefing-dashboard.tsx'
    Imported via "@/components/ui/button" from file 'C:/Users/prett/OneDrive/Desktop/projects/SoloSuccess-AI/src/components/intelligence/intelligence-results.tsx'
    Imported via "@/components/ui/button" from file 'C:/Users/prett/OneDrive/Desktop/projects/SoloSuccess-AI/src/components/intelligence/intelligence-search.tsx'
    Imported via '@/components/ui/button' from file 'C:/Users/prett/OneDrive/Desktop/projects/SoloSuccess-AI/src/components/marketing/plan-quiz.tsx'
    Imported via "@/components/ui/button" from file 'C:/Users/prett/OneDrive/Desktop/projects/SoloSuccess-AI/src/components/notifications/notification-settings.tsx'
    Imported via "@/components/ui/button" from file 'C:/Users/prett/OneDrive/Desktop/projects/SoloSuccess-AI/src/components/onboarding/enhanced-welcome-flow.tsx'
    Imported via "@/components/ui/button" from file 'C:/Users/prett/OneDrive/Desktop/projects/SoloSuccess-AI/src/components/onboarding/feature-discovery.tsx'
    Imported via "@/components/ui/button" from file 'C:/Users/prett/OneDrive/Desktop/projects/SoloSuccess-AI/src/components/onboarding/interactive-tutorial.tsx'
    Imported via "@/components/ui/button" from file 'C:/Users/prett/OneDrive/Desktop/projects/SoloSuccess-AI/src/components/onboarding/onboarding-wizard.tsx'
    Imported via "@/components/ui/button" from file 'C:/Users/prett/OneDrive/Desktop/projects/SoloSuccess-AI/src/components/onboarding/progressive-onboarding.tsx'
    Imported via "@/components/ui/button" from file 'C:/Users/prett/OneDrive/Desktop/projects/SoloSuccess-AI/src/components/profile/enhanced-profile-modal.tsx'
    Imported via "@/components/ui/button" from file 'C:/Users/prett/OneDrive/Desktop/projects/SoloSuccess-AI/src/components/profile/profile-modal.tsx'
    Imported via '@/components/ui/button' from file 'C:/Users/prett/OneDrive/Desktop/projects/SoloSuccess-AI/src/components/recaptcha/recaptcha-button.tsx'
    Imported via "@/components/ui/button" from file 'C:/Users/prett/OneDrive/Desktop/projects/SoloSuccess-AI/src/components/schedule/schedule-demo-modal.tsx'
    Imported via '@/components/ui/button' from file 'C:/Users/prett/OneDrive/Desktop/projects/SoloSuccess-AI/src/components/settings/api-keys-tutorial.tsx'
    Imported via "@/components/ui/button" from file 'C:/Users/prett/OneDrive/Desktop/projects/SoloSuccess-AI/src/components/shared/shared-landing-page.tsx'
    Imported via "@/components/ui/button" from file 'C:/Users/prett/OneDrive/Desktop/projects/SoloSuccess-AI/src/components/social/boss-community.tsx'
    Imported via "@/components/ui/button" from file 'C:/Users/prett/OneDrive/Desktop/projects/SoloSuccess-AI/src/components/subscription/feature-gate.tsx'
    Imported via '@/components/ui/button' from file 'C:/Users/prett/OneDrive/Desktop/projects/SoloSuccess-AI/src/components/subscription/pricing-cards.tsx'
    Imported via "@/components/ui/button" from file 'C:/Users/prett/OneDrive/Desktop/projects/SoloSuccess-AI/src/components/subscription/subscription-status.tsx'
    Imported via "@/components/ui/button" from file 'C:/Users/prett/OneDrive/Desktop/projects/SoloSuccess-AI/src/components/tasks/gesture-task-card.tsx'
    Imported via "@/components/ui/button" from file 'C:/Users/prett/OneDrive/Desktop/projects/SoloSuccess-AI/src/components/templates/customer-journey-mapper.tsx'
    Imported via "@/components/ui/button" from file 'C:/Users/prett/OneDrive/Desktop/projects/SoloSuccess-AI/src/components/templates/email-campaign-builder.tsx'
    Imported via "@/components/ui/button" from file 'C:/Users/prett/OneDrive/Desktop/projects/SoloSuccess-AI/src/components/templates/project-timeline.tsx'
    Imported via '@/components/ui/button' from file 'C:/Users/prett/OneDrive/Desktop/projects/SoloSuccess-AI/src/components/templates/saved-templates-list.tsx'
    Imported via "@/components/ui/button" from file 'C:/Users/prett/OneDrive/Desktop/projects/SoloSuccess-AI/src/components/templates/social-media-strategy.tsx'
    Imported via "@/components/ui/button" from file 'C:/Users/prett/OneDrive/Desktop/projects/SoloSuccess-AI/src/components/templates/strategic-business-plan.tsx'
    Imported via '@/components/ui/button' from file 'C:/Users/prett/OneDrive/Desktop/projects/SoloSuccess-AI/src/components/temporal/workflow-status.tsx'
    Imported via './Button' from file 'C:/Users/prett/OneDrive/Desktop/projects/SoloSuccess-AI/src/components/ui/Modal.tsx'
    Imported via './button' from file 'C:/Users/prett/OneDrive/Desktop/projects/SoloSuccess-AI/src/components/ui/button.stories.tsx'
    Matched by include pattern 'src/**/*' in 'C:/Users/prett/OneDrive/Desktop/projects/SoloSuccess-AI/tsconfig.json'
    Imported via "@/components/ui/button" from file 'C:/Users/prett/OneDrive/Desktop/projects/SoloSuccess-AI/src/components/ui/carousel.tsx'
    Imported via './button' from file 'C:/Users/prett/OneDrive/Desktop/projects/SoloSuccess-AI/src/components/ui/error-boundary.tsx'
    Imported via "@/components/ui/button" from file 'C:/Users/prett/OneDrive/Desktop/projects/SoloSuccess-AI/src/components/ui/error-handler.tsx'
    Imported via "@/components/ui/button" from file 'C:/Users/prett/OneDrive/Desktop/projects/SoloSuccess-AI/src/components/ui/floating-action-button.tsx'
    Imported via "@/components/ui/button" from file 'C:/Users/prett/OneDrive/Desktop/projects/SoloSuccess-AI/src/components/ui/help-tooltip.tsx'
    Imported via "@/components/ui/button" from file 'C:/Users/prett/OneDrive/Desktop/projects/SoloSuccess-AI/src/components/ui/pagination.tsx'
    Imported via '@/components/ui/button' from file 'C:/Users/prett/OneDrive/Desktop/projects/SoloSuccess-AI/src/components/ui/voice-input.tsx'
    Imported via "@/components/ui/button" from file 'C:/Users/prett/OneDrive/Desktop/projects/SoloSuccess-AI/src/components/voice/voice-chat.tsx'
    Imported via '@/components/ui/button' from file 'C:/Users/prett/OneDrive/Desktop/projects/SoloSuccess-AI/src/components/workflow/visual-workflow-builder.tsx'
    Imported via '@/components/ui/Button' from file 'C:/Users/prett/OneDrive/Desktop/projects/SoloSuccess-AI/src/components/workflow/visual-workflow-builder.tsx'
    Imported via '@/components/ui/Button' from file 'C:/Users/prett/OneDrive/Desktop/projects/SoloSuccess-AI/src/components/workflow/workflow-dashboard.tsx'
    Imported via '@/components/ui/button' from file 'C:/Users/prett/OneDrive/Desktop/projects/SoloSuccess-AI/src/components/workflow/workflow-templates.tsx'
    Imported via '@/components/ui/Button' from file 'C:/Users/prett/OneDrive/Desktop/projects/SoloSuccess-AI/src/components/workflow/workflow-templates.tsx'
    Imported via '@/components/ui/button' from file 'C:/Users/prett/OneDrive/Desktop/projects/SoloSuccess-AI/src/components/workflow/workflow-execution-monitor.tsx'
    Imported via '@/components/ui/Button' from file 'C:/Users/prett/OneDrive/Desktop/projects/SoloSuccess-AI/src/components/workflow/workflow-execution-monitor.tsx'
src/components/workflow/workflow-dashboard.tsx(39,25): error TS1149: File name 'C:/Users/prett/OneDrive/Desktop/projects/SoloSuccess-AI/src/components/ui/Loading.tsx' differs from already included file name 'C:/Users/prett/OneDrive/Desktop/projects/SoloSuccess-AI/src/components/ui/loading.tsx' only in casing.
  The file is in the program because:
    Imported via "@/components/ui/loading" from file 'C:/Users/prett/OneDrive/Desktop/projects/SoloSuccess-AI/src/components/feedback/feedback-widget.tsx'
    Imported via "@/components/ui/loading" from file 'C:/Users/prett/OneDrive/Desktop/projects/SoloSuccess-AI/app/dashboard/competitors/page.tsx'
    Imported via "@/components/ui/loading" from file 'C:/Users/prett/OneDrive/Desktop/projects/SoloSuccess-AI/app/dashboard/competitors/[id]/edit/page.tsx'
    Imported via "@/components/ui/loading" from file 'C:/Users/prett/OneDrive/Desktop/projects/SoloSuccess-AI/app/dashboard/competitors/discover/page.tsx'
    Imported via "@/components/ui/loading" from file 'C:/Users/prett/OneDrive/Desktop/projects/SoloSuccess-AI/app/dashboard/notifications/page.tsx'
    Imported via '@/components/ui/Loading' from file 'C:/Users/prett/OneDrive/Desktop/projects/SoloSuccess-AI/src/components/analytics/advanced-data-visualization.tsx'
    Imported via '@/components/ui/Loading' from file 'C:/Users/prett/OneDrive/Desktop/projects/SoloSuccess-AI/src/components/analytics/custom-report-builder.tsx'
    Imported via "@/components/ui/loading" from file 'C:/Users/prett/OneDrive/Desktop/projects/SoloSuccess-AI/src/components/dashboard/intelligence-dashboard.tsx'
    Imported via "@/components/ui/Loading" from file 'C:/Users/prett/OneDrive/Desktop/projects/SoloSuccess-AI/src/components/feedback/holographic-feedback-widget.tsx'
    Matched by include pattern 'src/**/*' in 'C:/Users/prett/OneDrive/Desktop/projects/SoloSuccess-AI/tsconfig.json'
    Imported via '@/components/ui/Loading' from file 'C:/Users/prett/OneDrive/Desktop/projects/SoloSuccess-AI/src/components/workflow/visual-workflow-builder.tsx'
    Imported via '@/components/ui/Loading' from file 'C:/Users/prett/OneDrive/Desktop/projects/SoloSuccess-AI/src/components/workflow/workflow-dashboard.tsx'
    Imported via '@/components/ui/Loading' from file 'C:/Users/prett/OneDrive/Desktop/projects/SoloSuccess-AI/src/components/workflow/workflow-execution-monitor.tsx'
src/components/workflow/workflow-dashboard.tsx(497,28): error TS2322: Type '"secondary"' is not assignable to type '"cyan" | "purple" | "magenta" | "lime" | "orange"'.
src/components/workflow/workflow-dashboard.tsx(500,28): error TS2322: Type '"secondary"' is not assignable to type '"cyan" | "purple" | "magenta" | "lime" | "orange"'.
src/components/workflow/workflow-execution-monitor.tsx(45,31): error TS1149: File name 'C:/Users/prett/OneDrive/Desktop/projects/SoloSuccess-AI/src/components/ui/Button.tsx' differs from already included file name 'C:/Users/prett/OneDrive/Desktop/projects/SoloSuccess-AI/src/components/ui/button.tsx' only in casing.
  The file is in the program because:
    Imported via "@/components/ui/button" from file 'C:/Users/prett/OneDrive/Desktop/projects/SoloSuccess-AI/app/error.tsx'
    Imported via '@/components/ui/button' from file 'C:/Users/prett/OneDrive/Desktop/projects/SoloSuccess-AI/src/components/performance/performance-monitor.tsx'
    Imported via '@/components/ui/button' from file 'C:/Users/prett/OneDrive/Desktop/projects/SoloSuccess-AI/src/components/performance/service-worker-register.tsx'
    Imported via '@/components/ui/button' from file 'C:/Users/prett/OneDrive/Desktop/projects/SoloSuccess-AI/src/components/marketing/exit-intent-survey.tsx'
    Imported via "@/components/ui/button" from file 'C:/Users/prett/OneDrive/Desktop/projects/SoloSuccess-AI/src/components/ui/accessibility.tsx'
    Imported via "@/components/ui/button" from file 'C:/Users/prett/OneDrive/Desktop/projects/SoloSuccess-AI/src/components/chat/floating-chat-button.tsx'
    Imported via "@/components/ui/button" from file 'C:/Users/prett/OneDrive/Desktop/projects/SoloSuccess-AI/src/components/chat/mobile-chat-interface.tsx'
    Imported via "@/components/ui/button" from file 'C:/Users/prett/OneDrive/Desktop/projects/SoloSuccess-AI/src/components/ui/smart-tip.tsx'
    Imported via "@/components/ui/button" from file 'C:/Users/prett/OneDrive/Desktop/projects/SoloSuccess-AI/src/components/feedback/feedback-widget.tsx'
    Imported via "@/components/ui/button" from file 'C:/Users/prett/OneDrive/Desktop/projects/SoloSuccess-AI/src/components/mobile/offline-data-manager.tsx'
    Imported via "@/components/ui/button" from file 'C:/Users/prett/OneDrive/Desktop/projects/SoloSuccess-AI/app/not-found.tsx'
    Imported via "@/components/ui/button" from file 'C:/Users/prett/OneDrive/Desktop/projects/SoloSuccess-AI/app/account-recovery/account-recovery-client.tsx'
    Imported via "@/components/ui/button" from file 'C:/Users/prett/OneDrive/Desktop/projects/SoloSuccess-AI/app/account-recovery/page.tsx'
    Imported via "@/components/ui/button" from file 'C:/Users/prett/OneDrive/Desktop/projects/SoloSuccess-AI/app/auth/2fa/page.tsx'
    Imported via "@/components/ui/button" from file 'C:/Users/prett/OneDrive/Desktop/projects/SoloSuccess-AI/app/auth/device-approval/page.tsx'
    Imported via "@/components/ui/button" from file 'C:/Users/prett/OneDrive/Desktop/projects/SoloSuccess-AI/app/auth/sessions/page.tsx'
    Imported via "@/components/ui/button" from file 'C:/Users/prett/OneDrive/Desktop/projects/SoloSuccess-AI/src/components/custom-agents/custom-agent-chat.tsx'
    Imported via '@/components/ui/button' from file 'C:/Users/prett/OneDrive/Desktop/projects/SoloSuccess-AI/src/components/subscription/subscription-guard.tsx'
    Imported via "@/components/ui/button" from file 'C:/Users/prett/OneDrive/Desktop/projects/SoloSuccess-AI/src/components/custom-agents/security-dashboard.tsx'
    Imported via "@/components/ui/button" from file 'C:/Users/prett/OneDrive/Desktop/projects/SoloSuccess-AI/src/components/custom-agents/training-dashboard.tsx'
    Imported via '@/components/ui/button' from file 'C:/Users/prett/OneDrive/Desktop/projects/SoloSuccess-AI/app/dashboard/error.tsx'
    Imported via "@/components/ui/button" from file 'C:/Users/prett/OneDrive/Desktop/projects/SoloSuccess-AI/src/components/ui/sidebar.tsx'
    Imported via "@/components/ui/button" from file 'C:/Users/prett/OneDrive/Desktop/projects/SoloSuccess-AI/src/components/ui/tip-settings-button.tsx'
    Imported via "@/components/ui/button" from file 'C:/Users/prett/OneDrive/Desktop/projects/SoloSuccess-AI/src/components/ui/tip-settings.tsx'
    Imported via '@/components/ui/button' from file 'C:/Users/prett/OneDrive/Desktop/projects/SoloSuccess-AI/src/components/DashboardHeader.tsx'
    Imported via "@/components/ui/button" from file 'C:/Users/prett/OneDrive/Desktop/projects/SoloSuccess-AI/src/components/mobile/mobile-navigation.tsx'
    Imported via "@/components/ui/button" from file 'C:/Users/prett/OneDrive/Desktop/projects/SoloSuccess-AI/src/components/onboarding/simple-onboarding.tsx'
    Imported via "@/components/ui/button" from file 'C:/Users/prett/OneDrive/Desktop/projects/SoloSuccess-AI/src/components/onboarding/welcome-dashboard.tsx'
    Imported via "@/components/ui/button" from file 'C:/Users/prett/OneDrive/Desktop/projects/SoloSuccess-AI/src/components/mobile/pwa-install-prompt.tsx'
    Imported via "@/components/ui/button" from file 'C:/Users/prett/OneDrive/Desktop/projects/SoloSuccess-AI/src/components/mobile/mobile-pwa-provider.tsx'
    Imported via "@/components/ui/button" from file 'C:/Users/prett/OneDrive/Desktop/projects/SoloSuccess-AI/src/components/mobile/mobile-dashboard-widgets.tsx'
    Imported via "@/components/ui/button" from file 'C:/Users/prett/OneDrive/Desktop/projects/SoloSuccess-AI/src/components/mobile/voice-task-creator.tsx'
    Imported via "@/components/ui/button" from file 'C:/Users/prett/OneDrive/Desktop/projects/SoloSuccess-AI/src/components/mobile/mobile-dashboard.tsx'
    Imported via "@/components/ui/button" from file 'C:/Users/prett/OneDrive/Desktop/projects/SoloSuccess-AI/src/components/mobile/mobile-dashboard-enhanced.tsx'
    Imported via "@/components/ui/button" from file 'C:/Users/prett/OneDrive/Desktop/projects/SoloSuccess-AI/app/dashboard/agents/page.tsx'
    Imported via '@/components/ui/button' from file 'C:/Users/prett/OneDrive/Desktop/projects/SoloSuccess-AI/app/dashboard/analytics/page.tsx'
    Imported via '@/components/ui/button' from file 'C:/Users/prett/OneDrive/Desktop/projects/SoloSuccess-AI/app/dashboard/brand/page.tsx'
    Imported via '@/components/ui/button' from file 'C:/Users/prett/OneDrive/Desktop/projects/SoloSuccess-AI/app/dashboard/briefcase/page.tsx'
    Imported via '@/components/ui/button' from file 'C:/Users/prett/OneDrive/Desktop/projects/SoloSuccess-AI/src/components/collaboration/CollaborationDashboard.tsx'
    Imported via '@/components/ui/button' from file 'C:/Users/prett/OneDrive/Desktop/projects/SoloSuccess-AI/app/dashboard/collaboration/sessions/[id]/page.tsx'
    Imported via '@/components/ui/button' from file 'C:/Users/prett/OneDrive/Desktop/projects/SoloSuccess-AI/src/components/collaboration/MessageInterface.tsx'
    Imported via '@/components/ui/button' from file 'C:/Users/prett/OneDrive/Desktop/projects/SoloSuccess-AI/src/components/collaboration/AgentInterface.tsx'
    Imported via '@/components/ui/button' from file 'C:/Users/prett/OneDrive/Desktop/projects/SoloSuccess-AI/src/components/collaboration/SessionControls.tsx'
    Imported via "@/components/ui/button" from file 'C:/Users/prett/OneDrive/Desktop/projects/SoloSuccess-AI/app/dashboard/competitors/page.tsx'
    Imported via "@/components/ui/button" from file 'C:/Users/prett/OneDrive/Desktop/projects/SoloSuccess-AI/src/components/ui/alert-dialog.tsx'
    Imported via '@/components/ui/button' from file 'C:/Users/prett/OneDrive/Desktop/projects/SoloSuccess-AI/app/dashboard/competitors/intelligence/page.tsx'
    Imported via "@/components/ui/button" from file 'C:/Users/prett/OneDrive/Desktop/projects/SoloSuccess-AI/src/components/evolve/evolve-dashboard.tsx'
    Imported via "@/components/ui/button" from file 'C:/Users/prett/OneDrive/Desktop/projects/SoloSuccess-AI/src/components/evolve/first-hire-architect.tsx'
    Imported via "@/components/ui/button" from file 'C:/Users/prett/OneDrive/Desktop/projects/SoloSuccess-AI/src/components/evolve/compensation-modeler.tsx'
    Imported via "@/components/ui/button" from file 'C:/Users/prett/OneDrive/Desktop/projects/SoloSuccess-AI/src/components/integrations/integration-hub.tsx'
    Imported via '@/components/ui/button' from file 'C:/Users/prett/OneDrive/Desktop/projects/SoloSuccess-AI/app/dashboard/learning/page.tsx'
    Imported via "@/components/ui/button" from file 'C:/Users/prett/OneDrive/Desktop/projects/SoloSuccess-AI/app/dashboard/notifications/page.tsx'
    Imported via '@/components/ui/button' from file 'C:/Users/prett/OneDrive/Desktop/projects/SoloSuccess-AI/app/dashboard/settings/page.tsx'
    Imported via '@/components/ui/button' from file 'C:/Users/prett/OneDrive/Desktop/projects/SoloSuccess-AI/app/dashboard/settings/page.tsx'
    Imported via '@/components/ui/button' from file 'C:/Users/prett/OneDrive/Desktop/projects/SoloSuccess-AI/src/components/integrations/social-media-integration.tsx'
    Imported via '@/components/ui/button' from file 'C:/Users/prett/OneDrive/Desktop/projects/SoloSuccess-AI/src/components/integrations/calendar-integration.tsx'
    Imported via '@/components/ui/button' from file 'C:/Users/prett/OneDrive/Desktop/projects/SoloSuccess-AI/src/components/integrations/revenue-integration.tsx'
    Imported via "@/components/ui/button" from file 'C:/Users/prett/OneDrive/Desktop/projects/SoloSuccess-AI/app/dashboard/slaylist/page.tsx'
    Imported via "@/components/ui/button" from file 'C:/Users/prett/OneDrive/Desktop/projects/SoloSuccess-AI/src/components/ai/task-intelligence-panel.tsx'
    Imported via "@/components/ui/button" from file 'C:/Users/prett/OneDrive/Desktop/projects/SoloSuccess-AI/src/components/voice/voice-task-creator.tsx'
    Imported via '@/components/ui/button' from file 'C:/Users/prett/OneDrive/Desktop/projects/SoloSuccess-AI/src/components/subscription/subscription-manager.tsx'
    Imported via "@/components/ui/button" from file 'C:/Users/prett/OneDrive/Desktop/projects/SoloSuccess-AI/app/dashboard/templates/page.tsx'
    Imported via "@/components/ui/button" from file 'C:/Users/prett/OneDrive/Desktop/projects/SoloSuccess-AI/app/dashboard/workspace/page.tsx'
    Imported via "@/components/ui/button" from file 'C:/Users/prett/OneDrive/Desktop/projects/SoloSuccess-AI/src/components/templates/decision-dashboard.tsx'
    Imported via '@/components/ui/button' from file 'C:/Users/prett/OneDrive/Desktop/projects/SoloSuccess-AI/src/components/templates/delegation-list-builder.tsx'
    Imported via '@/components/ui/button' from file 'C:/Users/prett/OneDrive/Desktop/projects/SoloSuccess-AI/src/components/templates/dm-sales-script-generator.tsx'
    Imported via '@/components/ui/button' from file 'C:/Users/prett/OneDrive/Desktop/projects/SoloSuccess-AI/src/components/templates/freebie-funnel-builder.tsx'
    Imported via '@/components/ui/button' from file 'C:/Users/prett/OneDrive/Desktop/projects/SoloSuccess-AI/src/components/templates/i-hate-this-tracker.tsx'
    Imported via '@/components/ui/button' from file 'C:/Users/prett/OneDrive/Desktop/projects/SoloSuccess-AI/src/components/templates/live-launch-tracker.tsx'
    Imported via '@/components/ui/button' from file 'C:/Users/prett/OneDrive/Desktop/projects/SoloSuccess-AI/src/components/templates/offer-comparison-matrix.tsx'
    Imported via '@/components/ui/button' from file 'C:/Users/prett/OneDrive/Desktop/projects/SoloSuccess-AI/src/components/templates/quarterly-biz-review.tsx'
    Imported via '@/components/ui/button' from file 'C:/Users/prett/OneDrive/Desktop/projects/SoloSuccess-AI/src/components/templates/upsell-flow-builder.tsx'
    Imported via '@/components/ui/button' from file 'C:/Users/prett/OneDrive/Desktop/projects/SoloSuccess-AI/src/components/templates/vision-board-generator.tsx'
    Imported via '@/components/ui/button' from file 'C:/Users/prett/OneDrive/Desktop/projects/SoloSuccess-AI/src/components/templates/pre-mortem-template.tsx'
    Imported via '@/components/ui/button' from file 'C:/Users/prett/OneDrive/Desktop/projects/SoloSuccess-AI/src/components/templates/reverse-engineer-role-models.tsx'
    Imported via '@/components/ui/button' from file 'C:/Users/prett/OneDrive/Desktop/projects/SoloSuccess-AI/src/components/templates/big-leap-planner.tsx'
    Imported via '@/components/ui/button' from file 'C:/Users/prett/OneDrive/Desktop/projects/SoloSuccess-AI/src/components/templates/offer-naming-generator.tsx'
    Imported via '@/components/ui/button' from file 'C:/Users/prett/OneDrive/Desktop/projects/SoloSuccess-AI/src/components/templates/brag-bank-template.tsx'
    Imported via '@/components/ui/button' from file 'C:/Users/prett/OneDrive/Desktop/projects/SoloSuccess-AI/src/components/templates/founder-feelings-tracker.tsx'
    Imported via '@/components/ui/button' from file 'C:/Users/prett/OneDrive/Desktop/projects/SoloSuccess-AI/src/components/templates/viral-hook-generator.tsx'
    Imported via '@/components/ui/button' from file 'C:/Users/prett/OneDrive/Desktop/projects/SoloSuccess-AI/src/components/templates/values-aligned-biz-filter.tsx'
    Imported via '@/components/ui/button' from file 'C:/Users/prett/OneDrive/Desktop/projects/SoloSuccess-AI/src/components/templates/ai-collab-planner.tsx'
    Imported via '@/components/ui/button' from file 'C:/Users/prett/OneDrive/Desktop/projects/SoloSuccess-AI/src/components/templates/pr-pitch-template.tsx'
    Imported via '@/components/ui/button' from file 'C:/Users/prett/OneDrive/Desktop/projects/SoloSuccess-AI/src/components/auth/forgot-password-form.tsx'
    Imported via '@/components/ui/button' from file 'C:/Users/prett/OneDrive/Desktop/projects/SoloSuccess-AI/app/gdpr/page.tsx'
    Imported via '@/components/ui/button' from file 'C:/Users/prett/OneDrive/Desktop/projects/SoloSuccess-AI/src/components/auth/login-form.tsx'
    Imported via "@/components/ui/button" from file 'C:/Users/prett/OneDrive/Desktop/projects/SoloSuccess-AI/app/offline/page.tsx'
    Imported via '@/components/ui/button' from file 'C:/Users/prett/OneDrive/Desktop/projects/SoloSuccess-AI/src/components/auth/register-form.tsx'
    Imported via "@/components/ui/button" from file 'C:/Users/prett/OneDrive/Desktop/projects/SoloSuccess-AI/app/team/page.tsx'
    Imported via "@/components/ui/button" from file 'C:/Users/prett/OneDrive/Desktop/projects/SoloSuccess-AI/src/components/guardian-ai/guardian-ai-dashboard.tsx'
    Imported via "@/components/ui/button" from file 'C:/Users/prett/OneDrive/Desktop/projects/SoloSuccess-AI/src/components/guardian-ai/compliance-scanner.tsx'
    Imported via "@/components/ui/button" from file 'C:/Users/prett/OneDrive/Desktop/projects/SoloSuccess-AI/src/components/guardian-ai/policy-generator.tsx'
    Imported via "@/components/ui/button" from file 'C:/Users/prett/OneDrive/Desktop/projects/SoloSuccess-AI/src/components/guardian-ai/consent-management.tsx'
    Imported via "@/components/ui/button" from file 'C:/Users/prett/OneDrive/Desktop/projects/SoloSuccess-AI/src/components/decision-frameworks/cost-benefit-matrix.tsx'
    Imported via "@/components/ui/button" from file 'C:/Users/prett/OneDrive/Desktop/projects/SoloSuccess-AI/src/components/decision-frameworks/spade-framework.tsx'
    Imported via "@/components/ui/button" from file 'C:/Users/prett/OneDrive/Desktop/projects/SoloSuccess-AI/src/components/decision-frameworks/five-whys-analysis.tsx'
    Imported via "@/components/ui/button" from file 'C:/Users/prett/OneDrive/Desktop/projects/SoloSuccess-AI/app/user/page.tsx'
    Imported via '@/components/ui/button' from file 'C:/Users/prett/OneDrive/Desktop/projects/SoloSuccess-AI/src/components/BrandStudioSaveIntegration.tsx'
    Imported via '@/components/ui/button' from file 'C:/Users/prett/OneDrive/Desktop/projects/SoloSuccess-AI/src/components/ChatSaveIntegration.tsx'
    Imported via '@/components/ui/button' from file 'C:/Users/prett/OneDrive/Desktop/projects/SoloSuccess-AI/src/components/TemplateSaveIntegration.tsx'
    Imported via '@/components/ui/button' from file 'C:/Users/prett/OneDrive/Desktop/projects/SoloSuccess-AI/src/components/file-preview-modal.tsx'
    Imported via "@/components/ui/button" from file 'C:/Users/prett/OneDrive/Desktop/projects/SoloSuccess-AI/src/components/theme-toggle.tsx'
    Imported via '@/components/ui/button' from file 'C:/Users/prett/OneDrive/Desktop/projects/SoloSuccess-AI/src/components/ai/smart-prioritizer.tsx'
    Imported via '@/components/ui/button' from file 'C:/Users/prett/OneDrive/Desktop/projects/SoloSuccess-AI/src/components/analytics/advanced-data-visualization.tsx'
    Imported via '@/components/ui/Button' from file 'C:/Users/prett/OneDrive/Desktop/projects/SoloSuccess-AI/src/components/analytics/advanced-data-visualization.tsx'
    Imported via '@/components/ui/button' from file 'C:/Users/prett/OneDrive/Desktop/projects/SoloSuccess-AI/src/components/analytics/analytics-dashboard.tsx'
    Imported via '@/components/ui/button' from file 'C:/Users/prett/OneDrive/Desktop/projects/SoloSuccess-AI/src/components/analytics/predictive-insights-dashboard.tsx'
    Imported via '@/components/ui/button' from file 'C:/Users/prett/OneDrive/Desktop/projects/SoloSuccess-AI/src/components/analytics/custom-report-builder-enhanced.tsx'
    Imported via '@/components/ui/button' from file 'C:/Users/prett/OneDrive/Desktop/projects/SoloSuccess-AI/src/components/analytics/custom-report-builder.tsx'
    Imported via '@/components/ui/Button' from file 'C:/Users/prett/OneDrive/Desktop/projects/SoloSuccess-AI/src/components/analytics/custom-report-builder.tsx'
    Imported via '@/components/ui/button' from file 'C:/Users/prett/OneDrive/Desktop/projects/SoloSuccess-AI/src/components/analytics/productivity-dashboard.tsx'
    Imported via '@/components/ui/button' from file 'C:/Users/prett/OneDrive/Desktop/projects/SoloSuccess-AI/src/components/auth/sign-out-button.tsx'
    Imported via '@/components/ui/button' from file 'C:/Users/prett/OneDrive/Desktop/projects/SoloSuccess-AI/src/components/briefcase/advanced-search-panel.tsx'
    Imported via "@/components/ui/button" from file 'C:/Users/prett/OneDrive/Desktop/projects/SoloSuccess-AI/src/components/ui/date-range-picker.tsx'
    Imported via '@/components/ui/button' from file 'C:/Users/prett/OneDrive/Desktop/projects/SoloSuccess-AI/src/components/ui/calendar.tsx'
    Imported via '@/components/ui/button' from file 'C:/Users/prett/OneDrive/Desktop/projects/SoloSuccess-AI/src/components/briefcase/ai-insights-panel.tsx'
    Imported via '@/components/ui/button' from file 'C:/Users/prett/OneDrive/Desktop/projects/SoloSuccess-AI/src/components/briefcase/bulk-operations-panel.tsx'
    Imported via '@/components/ui/button' from file 'C:/Users/prett/OneDrive/Desktop/projects/SoloSuccess-AI/src/components/briefcase/document-versioning-modal.tsx'
    Imported via '@/components/ui/button' from file 'C:/Users/prett/OneDrive/Desktop/projects/SoloSuccess-AI/src/components/briefcase/enhanced-dashboard.tsx'
    Imported via '@/components/ui/button' from file 'C:/Users/prett/OneDrive/Desktop/projects/SoloSuccess-AI/src/components/briefcase/enhanced-file-preview-modal.tsx'
    Imported via '@/components/ui/button' from file 'C:/Users/prett/OneDrive/Desktop/projects/SoloSuccess-AI/src/components/briefcase/file-metadata-panel.tsx'
    Imported via '@/components/ui/button' from file 'C:/Users/prett/OneDrive/Desktop/projects/SoloSuccess-AI/src/components/briefcase/file-sharing-modal.tsx'
    Imported via '@/components/ui/button' from file 'C:/Users/prett/OneDrive/Desktop/projects/SoloSuccess-AI/src/components/briefcase/folder-creation-dialog.tsx'
    Imported via '@/components/ui/button' from file 'C:/Users/prett/OneDrive/Desktop/projects/SoloSuccess-AI/src/components/briefcase/version-history-modal.tsx'
    Imported via '@/components/ui/button' from file 'C:/Users/prett/OneDrive/Desktop/projects/SoloSuccess-AI/src/components/collaboration/SessionManager.tsx'
    Imported via "@/components/ui/button" from file 'C:/Users/prett/OneDrive/Desktop/projects/SoloSuccess-AI/src/components/collaboration/collaboration-hub.tsx'
    Imported via '@/components/ui/button' from file 'C:/Users/prett/OneDrive/Desktop/projects/SoloSuccess-AI/src/components/competitors/alert-dashboard.tsx'
    Imported via '@/components/ui/button' from file 'C:/Users/prett/OneDrive/Desktop/projects/SoloSuccess-AI/src/components/competitors/alert-notifications.tsx'
    Imported via '@/components/ui/button' from file 'C:/Users/prett/OneDrive/Desktop/projects/SoloSuccess-AI/src/components/competitors/blaze-growth-intelligence.tsx'
    Imported via '@/components/ui/button' from file 'C:/Users/prett/OneDrive/Desktop/projects/SoloSuccess-AI/src/components/competitors/notification-preferences.tsx'
    Imported via '@/components/ui/button' from file 'C:/Users/prett/OneDrive/Desktop/projects/SoloSuccess-AI/src/components/competitors/pricing-intelligence-dashboard.tsx'
    Imported via '@/components/ui/button' from file 'C:/Users/prett/OneDrive/Desktop/projects/SoloSuccess-AI/src/components/competitors/scraping-manager.tsx'
    Imported via "@/components/ui/button" from file 'C:/Users/prett/OneDrive/Desktop/projects/SoloSuccess-AI/src/components/dashboard/google-calendar-widget.tsx'
    Imported via "@/components/ui/Button" from file 'C:/Users/prett/OneDrive/Desktop/projects/SoloSuccess-AI/src/components/feedback/holographic-feedback-widget.tsx'
    Imported via "@/components/ui/button" from file 'C:/Users/prett/OneDrive/Desktop/projects/SoloSuccess-AI/src/components/footer/app-footer.tsx'
    Imported via '@/components/ui/button' from file 'C:/Users/prett/OneDrive/Desktop/projects/SoloSuccess-AI/src/components/forms/secure-contact-form.tsx'
    Imported via "@/components/ui/button" from file 'C:/Users/prett/OneDrive/Desktop/projects/SoloSuccess-AI/src/components/gamification/achievement-celebration.tsx'
    Imported via '@/components/ui/button' from file 'C:/Users/prett/OneDrive/Desktop/projects/SoloSuccess-AI/src/components/intelligence/agent-briefing-dashboard.tsx'
    Imported via '@/components/ui/button' from file 'C:/Users/prett/OneDrive/Desktop/projects/SoloSuccess-AI/src/components/intelligence/briefing-dashboard.tsx'
    Imported via "@/components/ui/button" from file 'C:/Users/prett/OneDrive/Desktop/projects/SoloSuccess-AI/src/components/intelligence/intelligence-results.tsx'
    Imported via "@/components/ui/button" from file 'C:/Users/prett/OneDrive/Desktop/projects/SoloSuccess-AI/src/components/intelligence/intelligence-search.tsx'
    Imported via '@/components/ui/button' from file 'C:/Users/prett/OneDrive/Desktop/projects/SoloSuccess-AI/src/components/marketing/plan-quiz.tsx'
    Imported via "@/components/ui/button" from file 'C:/Users/prett/OneDrive/Desktop/projects/SoloSuccess-AI/src/components/notifications/notification-settings.tsx'
    Imported via "@/components/ui/button" from file 'C:/Users/prett/OneDrive/Desktop/projects/SoloSuccess-AI/src/components/onboarding/enhanced-welcome-flow.tsx'
    Imported via "@/components/ui/button" from file 'C:/Users/prett/OneDrive/Desktop/projects/SoloSuccess-AI/src/components/onboarding/feature-discovery.tsx'
    Imported via "@/components/ui/button" from file 'C:/Users/prett/OneDrive/Desktop/projects/SoloSuccess-AI/src/components/onboarding/interactive-tutorial.tsx'
    Imported via "@/components/ui/button" from file 'C:/Users/prett/OneDrive/Desktop/projects/SoloSuccess-AI/src/components/onboarding/onboarding-wizard.tsx'
    Imported via "@/components/ui/button" from file 'C:/Users/prett/OneDrive/Desktop/projects/SoloSuccess-AI/src/components/onboarding/progressive-onboarding.tsx'
    Imported via "@/components/ui/button" from file 'C:/Users/prett/OneDrive/Desktop/projects/SoloSuccess-AI/src/components/profile/enhanced-profile-modal.tsx'
    Imported via "@/components/ui/button" from file 'C:/Users/prett/OneDrive/Desktop/projects/SoloSuccess-AI/src/components/profile/profile-modal.tsx'
    Imported via '@/components/ui/button' from file 'C:/Users/prett/OneDrive/Desktop/projects/SoloSuccess-AI/src/components/recaptcha/recaptcha-button.tsx'
    Imported via "@/components/ui/button" from file 'C:/Users/prett/OneDrive/Desktop/projects/SoloSuccess-AI/src/components/schedule/schedule-demo-modal.tsx'
    Imported via '@/components/ui/button' from file 'C:/Users/prett/OneDrive/Desktop/projects/SoloSuccess-AI/src/components/settings/api-keys-tutorial.tsx'
    Imported via "@/components/ui/button" from file 'C:/Users/prett/OneDrive/Desktop/projects/SoloSuccess-AI/src/components/shared/shared-landing-page.tsx'
    Imported via "@/components/ui/button" from file 'C:/Users/prett/OneDrive/Desktop/projects/SoloSuccess-AI/src/components/social/boss-community.tsx'
    Imported via "@/components/ui/button" from file 'C:/Users/prett/OneDrive/Desktop/projects/SoloSuccess-AI/src/components/subscription/feature-gate.tsx'
    Imported via '@/components/ui/button' from file 'C:/Users/prett/OneDrive/Desktop/projects/SoloSuccess-AI/src/components/subscription/pricing-cards.tsx'
    Imported via "@/components/ui/button" from file 'C:/Users/prett/OneDrive/Desktop/projects/SoloSuccess-AI/src/components/subscription/subscription-status.tsx'
    Imported via "@/components/ui/button" from file 'C:/Users/prett/OneDrive/Desktop/projects/SoloSuccess-AI/src/components/tasks/gesture-task-card.tsx'
    Imported via "@/components/ui/button" from file 'C:/Users/prett/OneDrive/Desktop/projects/SoloSuccess-AI/src/components/templates/customer-journey-mapper.tsx'
    Imported via "@/components/ui/button" from file 'C:/Users/prett/OneDrive/Desktop/projects/SoloSuccess-AI/src/components/templates/email-campaign-builder.tsx'
    Imported via "@/components/ui/button" from file 'C:/Users/prett/OneDrive/Desktop/projects/SoloSuccess-AI/src/components/templates/project-timeline.tsx'
    Imported via '@/components/ui/button' from file 'C:/Users/prett/OneDrive/Desktop/projects/SoloSuccess-AI/src/components/templates/saved-templates-list.tsx'
    Imported via "@/components/ui/button" from file 'C:/Users/prett/OneDrive/Desktop/projects/SoloSuccess-AI/src/components/templates/social-media-strategy.tsx'
    Imported via "@/components/ui/button" from file 'C:/Users/prett/OneDrive/Desktop/projects/SoloSuccess-AI/src/components/templates/strategic-business-plan.tsx'
    Imported via '@/components/ui/button' from file 'C:/Users/prett/OneDrive/Desktop/projects/SoloSuccess-AI/src/components/temporal/workflow-status.tsx'
    Imported via './Button' from file 'C:/Users/prett/OneDrive/Desktop/projects/SoloSuccess-AI/src/components/ui/Modal.tsx'
    Imported via './button' from file 'C:/Users/prett/OneDrive/Desktop/projects/SoloSuccess-AI/src/components/ui/button.stories.tsx'
    Matched by include pattern 'src/**/*' in 'C:/Users/prett/OneDrive/Desktop/projects/SoloSuccess-AI/tsconfig.json'
    Imported via "@/components/ui/button" from file 'C:/Users/prett/OneDrive/Desktop/projects/SoloSuccess-AI/src/components/ui/carousel.tsx'
    Imported via './button' from file 'C:/Users/prett/OneDrive/Desktop/projects/SoloSuccess-AI/src/components/ui/error-boundary.tsx'
    Imported via "@/components/ui/button" from file 'C:/Users/prett/OneDrive/Desktop/projects/SoloSuccess-AI/src/components/ui/error-handler.tsx'
    Imported via "@/components/ui/button" from file 'C:/Users/prett/OneDrive/Desktop/projects/SoloSuccess-AI/src/components/ui/floating-action-button.tsx'
    Imported via "@/components/ui/button" from file 'C:/Users/prett/OneDrive/Desktop/projects/SoloSuccess-AI/src/components/ui/help-tooltip.tsx'
    Imported via "@/components/ui/button" from file 'C:/Users/prett/OneDrive/Desktop/projects/SoloSuccess-AI/src/components/ui/pagination.tsx'
    Imported via '@/components/ui/button' from file 'C:/Users/prett/OneDrive/Desktop/projects/SoloSuccess-AI/src/components/ui/voice-input.tsx'
    Imported via "@/components/ui/button" from file 'C:/Users/prett/OneDrive/Desktop/projects/SoloSuccess-AI/src/components/voice/voice-chat.tsx'
    Imported via '@/components/ui/button' from file 'C:/Users/prett/OneDrive/Desktop/projects/SoloSuccess-AI/src/components/workflow/visual-workflow-builder.tsx'
    Imported via '@/components/ui/Button' from file 'C:/Users/prett/OneDrive/Desktop/projects/SoloSuccess-AI/src/components/workflow/visual-workflow-builder.tsx'
    Imported via '@/components/ui/Button' from file 'C:/Users/prett/OneDrive/Desktop/projects/SoloSuccess-AI/src/components/workflow/workflow-dashboard.tsx'
    Imported via '@/components/ui/button' from file 'C:/Users/prett/OneDrive/Desktop/projects/SoloSuccess-AI/src/components/workflow/workflow-templates.tsx'
    Imported via '@/components/ui/Button' from file 'C:/Users/prett/OneDrive/Desktop/projects/SoloSuccess-AI/src/components/workflow/workflow-templates.tsx'
    Imported via '@/components/ui/button' from file 'C:/Users/prett/OneDrive/Desktop/projects/SoloSuccess-AI/src/components/workflow/workflow-execution-monitor.tsx'
    Imported via '@/components/ui/Button' from file 'C:/Users/prett/OneDrive/Desktop/projects/SoloSuccess-AI/src/components/workflow/workflow-execution-monitor.tsx'
src/components/workflow/workflow-execution-monitor.tsx(46,25): error TS1149: File name 'C:/Users/prett/OneDrive/Desktop/projects/SoloSuccess-AI/src/components/ui/Loading.tsx' differs from already included file name 'C:/Users/prett/OneDrive/Desktop/projects/SoloSuccess-AI/src/components/ui/loading.tsx' only in casing.
  The file is in the program because:
    Imported via "@/components/ui/loading" from file 'C:/Users/prett/OneDrive/Desktop/projects/SoloSuccess-AI/src/components/feedback/feedback-widget.tsx'
    Imported via "@/components/ui/loading" from file 'C:/Users/prett/OneDrive/Desktop/projects/SoloSuccess-AI/app/dashboard/competitors/page.tsx'
    Imported via "@/components/ui/loading" from file 'C:/Users/prett/OneDrive/Desktop/projects/SoloSuccess-AI/app/dashboard/competitors/[id]/edit/page.tsx'
    Imported via "@/components/ui/loading" from file 'C:/Users/prett/OneDrive/Desktop/projects/SoloSuccess-AI/app/dashboard/competitors/discover/page.tsx'
    Imported via "@/components/ui/loading" from file 'C:/Users/prett/OneDrive/Desktop/projects/SoloSuccess-AI/app/dashboard/notifications/page.tsx'
    Imported via '@/components/ui/Loading' from file 'C:/Users/prett/OneDrive/Desktop/projects/SoloSuccess-AI/src/components/analytics/advanced-data-visualization.tsx'
    Imported via '@/components/ui/Loading' from file 'C:/Users/prett/OneDrive/Desktop/projects/SoloSuccess-AI/src/components/analytics/custom-report-builder.tsx'
    Imported via "@/components/ui/loading" from file 'C:/Users/prett/OneDrive/Desktop/projects/SoloSuccess-AI/src/components/dashboard/intelligence-dashboard.tsx'
    Imported via "@/components/ui/Loading" from file 'C:/Users/prett/OneDrive/Desktop/projects/SoloSuccess-AI/src/components/feedback/holographic-feedback-widget.tsx'
    Matched by include pattern 'src/**/*' in 'C:/Users/prett/OneDrive/Desktop/projects/SoloSuccess-AI/tsconfig.json'
    Imported via '@/components/ui/Loading' from file 'C:/Users/prett/OneDrive/Desktop/projects/SoloSuccess-AI/src/components/workflow/visual-workflow-builder.tsx'
    Imported via '@/components/ui/Loading' from file 'C:/Users/prett/OneDrive/Desktop/projects/SoloSuccess-AI/src/components/workflow/workflow-dashboard.tsx'
    Imported via '@/components/ui/Loading' from file 'C:/Users/prett/OneDrive/Desktop/projects/SoloSuccess-AI/src/components/workflow/workflow-execution-monitor.tsx'
src/components/workflow/workflow-execution-monitor.tsx(422,19): error TS2322: Type '"secondary"' is not assignable to type '"cyan" | "purple" | "magenta" | "lime" | "orange"'.
src/components/workflow/workflow-execution-monitor.tsx(515,18): error TS2304: Cannot find name 'HolographicButton'.
src/components/workflow/workflow-execution-monitor.tsx(523,19): error TS2304: Cannot find name 'HolographicButton'.
src/components/workflow/workflow-execution-monitor.tsx(666,15): error TS2322: Type '"default" | "outline"' is not assignable to type '"info" | "success" | "error" | "cyan" | "purple" | "magenta" | "warning" | "ghost" | "outline" | "lime" | "orange"'.
  Type '"default"' is not assignable to type '"info" | "success" | "error" | "cyan" | "purple" | "magenta" | "warning" | "ghost" | "outline" | "lime" | "orange"'.
src/components/workflow/workflow-templates.tsx(42,31): error TS1149: File name 'C:/Users/prett/OneDrive/Desktop/projects/SoloSuccess-AI/src/components/ui/Button.tsx' differs from already included file name 'C:/Users/prett/OneDrive/Desktop/projects/SoloSuccess-AI/src/components/ui/button.tsx' only in casing.
  The file is in the program because:
    Imported via "@/components/ui/button" from file 'C:/Users/prett/OneDrive/Desktop/projects/SoloSuccess-AI/app/error.tsx'
    Imported via '@/components/ui/button' from file 'C:/Users/prett/OneDrive/Desktop/projects/SoloSuccess-AI/src/components/performance/performance-monitor.tsx'
    Imported via '@/components/ui/button' from file 'C:/Users/prett/OneDrive/Desktop/projects/SoloSuccess-AI/src/components/performance/service-worker-register.tsx'
    Imported via '@/components/ui/button' from file 'C:/Users/prett/OneDrive/Desktop/projects/SoloSuccess-AI/src/components/marketing/exit-intent-survey.tsx'
    Imported via "@/components/ui/button" from file 'C:/Users/prett/OneDrive/Desktop/projects/SoloSuccess-AI/src/components/ui/accessibility.tsx'
    Imported via "@/components/ui/button" from file 'C:/Users/prett/OneDrive/Desktop/projects/SoloSuccess-AI/src/components/chat/floating-chat-button.tsx'
    Imported via "@/components/ui/button" from file 'C:/Users/prett/OneDrive/Desktop/projects/SoloSuccess-AI/src/components/chat/mobile-chat-interface.tsx'
    Imported via "@/components/ui/button" from file 'C:/Users/prett/OneDrive/Desktop/projects/SoloSuccess-AI/src/components/ui/smart-tip.tsx'
    Imported via "@/components/ui/button" from file 'C:/Users/prett/OneDrive/Desktop/projects/SoloSuccess-AI/src/components/feedback/feedback-widget.tsx'
    Imported via "@/components/ui/button" from file 'C:/Users/prett/OneDrive/Desktop/projects/SoloSuccess-AI/src/components/mobile/offline-data-manager.tsx'
    Imported via "@/components/ui/button" from file 'C:/Users/prett/OneDrive/Desktop/projects/SoloSuccess-AI/app/not-found.tsx'
    Imported via "@/components/ui/button" from file 'C:/Users/prett/OneDrive/Desktop/projects/SoloSuccess-AI/app/account-recovery/account-recovery-client.tsx'
    Imported via "@/components/ui/button" from file 'C:/Users/prett/OneDrive/Desktop/projects/SoloSuccess-AI/app/account-recovery/page.tsx'
    Imported via "@/components/ui/button" from file 'C:/Users/prett/OneDrive/Desktop/projects/SoloSuccess-AI/app/auth/2fa/page.tsx'
    Imported via "@/components/ui/button" from file 'C:/Users/prett/OneDrive/Desktop/projects/SoloSuccess-AI/app/auth/device-approval/page.tsx'
    Imported via "@/components/ui/button" from file 'C:/Users/prett/OneDrive/Desktop/projects/SoloSuccess-AI/app/auth/sessions/page.tsx'
    Imported via "@/components/ui/button" from file 'C:/Users/prett/OneDrive/Desktop/projects/SoloSuccess-AI/src/components/custom-agents/custom-agent-chat.tsx'
    Imported via '@/components/ui/button' from file 'C:/Users/prett/OneDrive/Desktop/projects/SoloSuccess-AI/src/components/subscription/subscription-guard.tsx'
    Imported via "@/components/ui/button" from file 'C:/Users/prett/OneDrive/Desktop/projects/SoloSuccess-AI/src/components/custom-agents/security-dashboard.tsx'
    Imported via "@/components/ui/button" from file 'C:/Users/prett/OneDrive/Desktop/projects/SoloSuccess-AI/src/components/custom-agents/training-dashboard.tsx'
    Imported via '@/components/ui/button' from file 'C:/Users/prett/OneDrive/Desktop/projects/SoloSuccess-AI/app/dashboard/error.tsx'
    Imported via "@/components/ui/button" from file 'C:/Users/prett/OneDrive/Desktop/projects/SoloSuccess-AI/src/components/ui/sidebar.tsx'
    Imported via "@/components/ui/button" from file 'C:/Users/prett/OneDrive/Desktop/projects/SoloSuccess-AI/src/components/ui/tip-settings-button.tsx'
    Imported via "@/components/ui/button" from file 'C:/Users/prett/OneDrive/Desktop/projects/SoloSuccess-AI/src/components/ui/tip-settings.tsx'
    Imported via '@/components/ui/button' from file 'C:/Users/prett/OneDrive/Desktop/projects/SoloSuccess-AI/src/components/DashboardHeader.tsx'
    Imported via "@/components/ui/button" from file 'C:/Users/prett/OneDrive/Desktop/projects/SoloSuccess-AI/src/components/mobile/mobile-navigation.tsx'
    Imported via "@/components/ui/button" from file 'C:/Users/prett/OneDrive/Desktop/projects/SoloSuccess-AI/src/components/onboarding/simple-onboarding.tsx'
    Imported via "@/components/ui/button" from file 'C:/Users/prett/OneDrive/Desktop/projects/SoloSuccess-AI/src/components/onboarding/welcome-dashboard.tsx'
    Imported via "@/components/ui/button" from file 'C:/Users/prett/OneDrive/Desktop/projects/SoloSuccess-AI/src/components/mobile/pwa-install-prompt.tsx'
    Imported via "@/components/ui/button" from file 'C:/Users/prett/OneDrive/Desktop/projects/SoloSuccess-AI/src/components/mobile/mobile-pwa-provider.tsx'
    Imported via "@/components/ui/button" from file 'C:/Users/prett/OneDrive/Desktop/projects/SoloSuccess-AI/src/components/mobile/mobile-dashboard-widgets.tsx'
    Imported via "@/components/ui/button" from file 'C:/Users/prett/OneDrive/Desktop/projects/SoloSuccess-AI/src/components/mobile/voice-task-creator.tsx'
    Imported via "@/components/ui/button" from file 'C:/Users/prett/OneDrive/Desktop/projects/SoloSuccess-AI/src/components/mobile/mobile-dashboard.tsx'
    Imported via "@/components/ui/button" from file 'C:/Users/prett/OneDrive/Desktop/projects/SoloSuccess-AI/src/components/mobile/mobile-dashboard-enhanced.tsx'
    Imported via "@/components/ui/button" from file 'C:/Users/prett/OneDrive/Desktop/projects/SoloSuccess-AI/app/dashboard/agents/page.tsx'
    Imported via '@/components/ui/button' from file 'C:/Users/prett/OneDrive/Desktop/projects/SoloSuccess-AI/app/dashboard/analytics/page.tsx'
    Imported via '@/components/ui/button' from file 'C:/Users/prett/OneDrive/Desktop/projects/SoloSuccess-AI/app/dashboard/brand/page.tsx'
    Imported via '@/components/ui/button' from file 'C:/Users/prett/OneDrive/Desktop/projects/SoloSuccess-AI/app/dashboard/briefcase/page.tsx'
    Imported via '@/components/ui/button' from file 'C:/Users/prett/OneDrive/Desktop/projects/SoloSuccess-AI/src/components/collaboration/CollaborationDashboard.tsx'
    Imported via '@/components/ui/button' from file 'C:/Users/prett/OneDrive/Desktop/projects/SoloSuccess-AI/app/dashboard/collaboration/sessions/[id]/page.tsx'
    Imported via '@/components/ui/button' from file 'C:/Users/prett/OneDrive/Desktop/projects/SoloSuccess-AI/src/components/collaboration/MessageInterface.tsx'
    Imported via '@/components/ui/button' from file 'C:/Users/prett/OneDrive/Desktop/projects/SoloSuccess-AI/src/components/collaboration/AgentInterface.tsx'
    Imported via '@/components/ui/button' from file 'C:/Users/prett/OneDrive/Desktop/projects/SoloSuccess-AI/src/components/collaboration/SessionControls.tsx'
    Imported via "@/components/ui/button" from file 'C:/Users/prett/OneDrive/Desktop/projects/SoloSuccess-AI/app/dashboard/competitors/page.tsx'
    Imported via "@/components/ui/button" from file 'C:/Users/prett/OneDrive/Desktop/projects/SoloSuccess-AI/src/components/ui/alert-dialog.tsx'
    Imported via '@/components/ui/button' from file 'C:/Users/prett/OneDrive/Desktop/projects/SoloSuccess-AI/app/dashboard/competitors/intelligence/page.tsx'
    Imported via "@/components/ui/button" from file 'C:/Users/prett/OneDrive/Desktop/projects/SoloSuccess-AI/src/components/evolve/evolve-dashboard.tsx'
    Imported via "@/components/ui/button" from file 'C:/Users/prett/OneDrive/Desktop/projects/SoloSuccess-AI/src/components/evolve/first-hire-architect.tsx'
    Imported via "@/components/ui/button" from file 'C:/Users/prett/OneDrive/Desktop/projects/SoloSuccess-AI/src/components/evolve/compensation-modeler.tsx'
    Imported via "@/components/ui/button" from file 'C:/Users/prett/OneDrive/Desktop/projects/SoloSuccess-AI/src/components/integrations/integration-hub.tsx'
    Imported via '@/components/ui/button' from file 'C:/Users/prett/OneDrive/Desktop/projects/SoloSuccess-AI/app/dashboard/learning/page.tsx'
    Imported via "@/components/ui/button" from file 'C:/Users/prett/OneDrive/Desktop/projects/SoloSuccess-AI/app/dashboard/notifications/page.tsx'
    Imported via '@/components/ui/button' from file 'C:/Users/prett/OneDrive/Desktop/projects/SoloSuccess-AI/app/dashboard/settings/page.tsx'
    Imported via '@/components/ui/button' from file 'C:/Users/prett/OneDrive/Desktop/projects/SoloSuccess-AI/app/dashboard/settings/page.tsx'
    Imported via '@/components/ui/button' from file 'C:/Users/prett/OneDrive/Desktop/projects/SoloSuccess-AI/src/components/integrations/social-media-integration.tsx'
    Imported via '@/components/ui/button' from file 'C:/Users/prett/OneDrive/Desktop/projects/SoloSuccess-AI/src/components/integrations/calendar-integration.tsx'
    Imported via '@/components/ui/button' from file 'C:/Users/prett/OneDrive/Desktop/projects/SoloSuccess-AI/src/components/integrations/revenue-integration.tsx'
    Imported via "@/components/ui/button" from file 'C:/Users/prett/OneDrive/Desktop/projects/SoloSuccess-AI/app/dashboard/slaylist/page.tsx'
    Imported via "@/components/ui/button" from file 'C:/Users/prett/OneDrive/Desktop/projects/SoloSuccess-AI/src/components/ai/task-intelligence-panel.tsx'
    Imported via "@/components/ui/button" from file 'C:/Users/prett/OneDrive/Desktop/projects/SoloSuccess-AI/src/components/voice/voice-task-creator.tsx'
    Imported via '@/components/ui/button' from file 'C:/Users/prett/OneDrive/Desktop/projects/SoloSuccess-AI/src/components/subscription/subscription-manager.tsx'
    Imported via "@/components/ui/button" from file 'C:/Users/prett/OneDrive/Desktop/projects/SoloSuccess-AI/app/dashboard/templates/page.tsx'
    Imported via "@/components/ui/button" from file 'C:/Users/prett/OneDrive/Desktop/projects/SoloSuccess-AI/app/dashboard/workspace/page.tsx'
    Imported via "@/components/ui/button" from file 'C:/Users/prett/OneDrive/Desktop/projects/SoloSuccess-AI/src/components/templates/decision-dashboard.tsx'
    Imported via '@/components/ui/button' from file 'C:/Users/prett/OneDrive/Desktop/projects/SoloSuccess-AI/src/components/templates/delegation-list-builder.tsx'
    Imported via '@/components/ui/button' from file 'C:/Users/prett/OneDrive/Desktop/projects/SoloSuccess-AI/src/components/templates/dm-sales-script-generator.tsx'
    Imported via '@/components/ui/button' from file 'C:/Users/prett/OneDrive/Desktop/projects/SoloSuccess-AI/src/components/templates/freebie-funnel-builder.tsx'
    Imported via '@/components/ui/button' from file 'C:/Users/prett/OneDrive/Desktop/projects/SoloSuccess-AI/src/components/templates/i-hate-this-tracker.tsx'
    Imported via '@/components/ui/button' from file 'C:/Users/prett/OneDrive/Desktop/projects/SoloSuccess-AI/src/components/templates/live-launch-tracker.tsx'
    Imported via '@/components/ui/button' from file 'C:/Users/prett/OneDrive/Desktop/projects/SoloSuccess-AI/src/components/templates/offer-comparison-matrix.tsx'
    Imported via '@/components/ui/button' from file 'C:/Users/prett/OneDrive/Desktop/projects/SoloSuccess-AI/src/components/templates/quarterly-biz-review.tsx'
    Imported via '@/components/ui/button' from file 'C:/Users/prett/OneDrive/Desktop/projects/SoloSuccess-AI/src/components/templates/upsell-flow-builder.tsx'
    Imported via '@/components/ui/button' from file 'C:/Users/prett/OneDrive/Desktop/projects/SoloSuccess-AI/src/components/templates/vision-board-generator.tsx'
    Imported via '@/components/ui/button' from file 'C:/Users/prett/OneDrive/Desktop/projects/SoloSuccess-AI/src/components/templates/pre-mortem-template.tsx'
    Imported via '@/components/ui/button' from file 'C:/Users/prett/OneDrive/Desktop/projects/SoloSuccess-AI/src/components/templates/reverse-engineer-role-models.tsx'
    Imported via '@/components/ui/button' from file 'C:/Users/prett/OneDrive/Desktop/projects/SoloSuccess-AI/src/components/templates/big-leap-planner.tsx'
    Imported via '@/components/ui/button' from file 'C:/Users/prett/OneDrive/Desktop/projects/SoloSuccess-AI/src/components/templates/offer-naming-generator.tsx'
    Imported via '@/components/ui/button' from file 'C:/Users/prett/OneDrive/Desktop/projects/SoloSuccess-AI/src/components/templates/brag-bank-template.tsx'
    Imported via '@/components/ui/button' from file 'C:/Users/prett/OneDrive/Desktop/projects/SoloSuccess-AI/src/components/templates/founder-feelings-tracker.tsx'
    Imported via '@/components/ui/button' from file 'C:/Users/prett/OneDrive/Desktop/projects/SoloSuccess-AI/src/components/templates/viral-hook-generator.tsx'
    Imported via '@/components/ui/button' from file 'C:/Users/prett/OneDrive/Desktop/projects/SoloSuccess-AI/src/components/templates/values-aligned-biz-filter.tsx'
    Imported via '@/components/ui/button' from file 'C:/Users/prett/OneDrive/Desktop/projects/SoloSuccess-AI/src/components/templates/ai-collab-planner.tsx'
    Imported via '@/components/ui/button' from file 'C:/Users/prett/OneDrive/Desktop/projects/SoloSuccess-AI/src/components/templates/pr-pitch-template.tsx'
    Imported via '@/components/ui/button' from file 'C:/Users/prett/OneDrive/Desktop/projects/SoloSuccess-AI/src/components/auth/forgot-password-form.tsx'
    Imported via '@/components/ui/button' from file 'C:/Users/prett/OneDrive/Desktop/projects/SoloSuccess-AI/app/gdpr/page.tsx'
    Imported via '@/components/ui/button' from file 'C:/Users/prett/OneDrive/Desktop/projects/SoloSuccess-AI/src/components/auth/login-form.tsx'
    Imported via "@/components/ui/button" from file 'C:/Users/prett/OneDrive/Desktop/projects/SoloSuccess-AI/app/offline/page.tsx'
    Imported via '@/components/ui/button' from file 'C:/Users/prett/OneDrive/Desktop/projects/SoloSuccess-AI/src/components/auth/register-form.tsx'
    Imported via "@/components/ui/button" from file 'C:/Users/prett/OneDrive/Desktop/projects/SoloSuccess-AI/app/team/page.tsx'
    Imported via "@/components/ui/button" from file 'C:/Users/prett/OneDrive/Desktop/projects/SoloSuccess-AI/src/components/guardian-ai/guardian-ai-dashboard.tsx'
    Imported via "@/components/ui/button" from file 'C:/Users/prett/OneDrive/Desktop/projects/SoloSuccess-AI/src/components/guardian-ai/compliance-scanner.tsx'
    Imported via "@/components/ui/button" from file 'C:/Users/prett/OneDrive/Desktop/projects/SoloSuccess-AI/src/components/guardian-ai/policy-generator.tsx'
    Imported via "@/components/ui/button" from file 'C:/Users/prett/OneDrive/Desktop/projects/SoloSuccess-AI/src/components/guardian-ai/consent-management.tsx'
    Imported via "@/components/ui/button" from file 'C:/Users/prett/OneDrive/Desktop/projects/SoloSuccess-AI/src/components/decision-frameworks/cost-benefit-matrix.tsx'
    Imported via "@/components/ui/button" from file 'C:/Users/prett/OneDrive/Desktop/projects/SoloSuccess-AI/src/components/decision-frameworks/spade-framework.tsx'
    Imported via "@/components/ui/button" from file 'C:/Users/prett/OneDrive/Desktop/projects/SoloSuccess-AI/src/components/decision-frameworks/five-whys-analysis.tsx'
    Imported via "@/components/ui/button" from file 'C:/Users/prett/OneDrive/Desktop/projects/SoloSuccess-AI/app/user/page.tsx'
    Imported via '@/components/ui/button' from file 'C:/Users/prett/OneDrive/Desktop/projects/SoloSuccess-AI/src/components/BrandStudioSaveIntegration.tsx'
    Imported via '@/components/ui/button' from file 'C:/Users/prett/OneDrive/Desktop/projects/SoloSuccess-AI/src/components/ChatSaveIntegration.tsx'
    Imported via '@/components/ui/button' from file 'C:/Users/prett/OneDrive/Desktop/projects/SoloSuccess-AI/src/components/TemplateSaveIntegration.tsx'
    Imported via '@/components/ui/button' from file 'C:/Users/prett/OneDrive/Desktop/projects/SoloSuccess-AI/src/components/file-preview-modal.tsx'
    Imported via "@/components/ui/button" from file 'C:/Users/prett/OneDrive/Desktop/projects/SoloSuccess-AI/src/components/theme-toggle.tsx'
    Imported via '@/components/ui/button' from file 'C:/Users/prett/OneDrive/Desktop/projects/SoloSuccess-AI/src/components/ai/smart-prioritizer.tsx'
    Imported via '@/components/ui/button' from file 'C:/Users/prett/OneDrive/Desktop/projects/SoloSuccess-AI/src/components/analytics/advanced-data-visualization.tsx'
    Imported via '@/components/ui/Button' from file 'C:/Users/prett/OneDrive/Desktop/projects/SoloSuccess-AI/src/components/analytics/advanced-data-visualization.tsx'
    Imported via '@/components/ui/button' from file 'C:/Users/prett/OneDrive/Desktop/projects/SoloSuccess-AI/src/components/analytics/analytics-dashboard.tsx'
    Imported via '@/components/ui/button' from file 'C:/Users/prett/OneDrive/Desktop/projects/SoloSuccess-AI/src/components/analytics/predictive-insights-dashboard.tsx'
    Imported via '@/components/ui/button' from file 'C:/Users/prett/OneDrive/Desktop/projects/SoloSuccess-AI/src/components/analytics/custom-report-builder-enhanced.tsx'
    Imported via '@/components/ui/button' from file 'C:/Users/prett/OneDrive/Desktop/projects/SoloSuccess-AI/src/components/analytics/custom-report-builder.tsx'
    Imported via '@/components/ui/Button' from file 'C:/Users/prett/OneDrive/Desktop/projects/SoloSuccess-AI/src/components/analytics/custom-report-builder.tsx'
    Imported via '@/components/ui/button' from file 'C:/Users/prett/OneDrive/Desktop/projects/SoloSuccess-AI/src/components/analytics/productivity-dashboard.tsx'
    Imported via '@/components/ui/button' from file 'C:/Users/prett/OneDrive/Desktop/projects/SoloSuccess-AI/src/components/auth/sign-out-button.tsx'
    Imported via '@/components/ui/button' from file 'C:/Users/prett/OneDrive/Desktop/projects/SoloSuccess-AI/src/components/briefcase/advanced-search-panel.tsx'
    Imported via "@/components/ui/button" from file 'C:/Users/prett/OneDrive/Desktop/projects/SoloSuccess-AI/src/components/ui/date-range-picker.tsx'
    Imported via '@/components/ui/button' from file 'C:/Users/prett/OneDrive/Desktop/projects/SoloSuccess-AI/src/components/ui/calendar.tsx'
    Imported via '@/components/ui/button' from file 'C:/Users/prett/OneDrive/Desktop/projects/SoloSuccess-AI/src/components/briefcase/ai-insights-panel.tsx'
    Imported via '@/components/ui/button' from file 'C:/Users/prett/OneDrive/Desktop/projects/SoloSuccess-AI/src/components/briefcase/bulk-operations-panel.tsx'
    Imported via '@/components/ui/button' from file 'C:/Users/prett/OneDrive/Desktop/projects/SoloSuccess-AI/src/components/briefcase/document-versioning-modal.tsx'
    Imported via '@/components/ui/button' from file 'C:/Users/prett/OneDrive/Desktop/projects/SoloSuccess-AI/src/components/briefcase/enhanced-dashboard.tsx'
    Imported via '@/components/ui/button' from file 'C:/Users/prett/OneDrive/Desktop/projects/SoloSuccess-AI/src/components/briefcase/enhanced-file-preview-modal.tsx'
    Imported via '@/components/ui/button' from file 'C:/Users/prett/OneDrive/Desktop/projects/SoloSuccess-AI/src/components/briefcase/file-metadata-panel.tsx'
    Imported via '@/components/ui/button' from file 'C:/Users/prett/OneDrive/Desktop/projects/SoloSuccess-AI/src/components/briefcase/file-sharing-modal.tsx'
    Imported via '@/components/ui/button' from file 'C:/Users/prett/OneDrive/Desktop/projects/SoloSuccess-AI/src/components/briefcase/folder-creation-dialog.tsx'
    Imported via '@/components/ui/button' from file 'C:/Users/prett/OneDrive/Desktop/projects/SoloSuccess-AI/src/components/briefcase/version-history-modal.tsx'
    Imported via '@/components/ui/button' from file 'C:/Users/prett/OneDrive/Desktop/projects/SoloSuccess-AI/src/components/collaboration/SessionManager.tsx'
    Imported via "@/components/ui/button" from file 'C:/Users/prett/OneDrive/Desktop/projects/SoloSuccess-AI/src/components/collaboration/collaboration-hub.tsx'
    Imported via '@/components/ui/button' from file 'C:/Users/prett/OneDrive/Desktop/projects/SoloSuccess-AI/src/components/competitors/alert-dashboard.tsx'
    Imported via '@/components/ui/button' from file 'C:/Users/prett/OneDrive/Desktop/projects/SoloSuccess-AI/src/components/competitors/alert-notifications.tsx'
    Imported via '@/components/ui/button' from file 'C:/Users/prett/OneDrive/Desktop/projects/SoloSuccess-AI/src/components/competitors/blaze-growth-intelligence.tsx'
    Imported via '@/components/ui/button' from file 'C:/Users/prett/OneDrive/Desktop/projects/SoloSuccess-AI/src/components/competitors/notification-preferences.tsx'
    Imported via '@/components/ui/button' from file 'C:/Users/prett/OneDrive/Desktop/projects/SoloSuccess-AI/src/components/competitors/pricing-intelligence-dashboard.tsx'
    Imported via '@/components/ui/button' from file 'C:/Users/prett/OneDrive/Desktop/projects/SoloSuccess-AI/src/components/competitors/scraping-manager.tsx'
    Imported via "@/components/ui/button" from file 'C:/Users/prett/OneDrive/Desktop/projects/SoloSuccess-AI/src/components/dashboard/google-calendar-widget.tsx'
    Imported via "@/components/ui/Button" from file 'C:/Users/prett/OneDrive/Desktop/projects/SoloSuccess-AI/src/components/feedback/holographic-feedback-widget.tsx'
    Imported via "@/components/ui/button" from file 'C:/Users/prett/OneDrive/Desktop/projects/SoloSuccess-AI/src/components/footer/app-footer.tsx'
    Imported via '@/components/ui/button' from file 'C:/Users/prett/OneDrive/Desktop/projects/SoloSuccess-AI/src/components/forms/secure-contact-form.tsx'
    Imported via "@/components/ui/button" from file 'C:/Users/prett/OneDrive/Desktop/projects/SoloSuccess-AI/src/components/gamification/achievement-celebration.tsx'
    Imported via '@/components/ui/button' from file 'C:/Users/prett/OneDrive/Desktop/projects/SoloSuccess-AI/src/components/intelligence/agent-briefing-dashboard.tsx'
    Imported via '@/components/ui/button' from file 'C:/Users/prett/OneDrive/Desktop/projects/SoloSuccess-AI/src/components/intelligence/briefing-dashboard.tsx'
    Imported via "@/components/ui/button" from file 'C:/Users/prett/OneDrive/Desktop/projects/SoloSuccess-AI/src/components/intelligence/intelligence-results.tsx'
    Imported via "@/components/ui/button" from file 'C:/Users/prett/OneDrive/Desktop/projects/SoloSuccess-AI/src/components/intelligence/intelligence-search.tsx'
    Imported via '@/components/ui/button' from file 'C:/Users/prett/OneDrive/Desktop/projects/SoloSuccess-AI/src/components/marketing/plan-quiz.tsx'
    Imported via "@/components/ui/button" from file 'C:/Users/prett/OneDrive/Desktop/projects/SoloSuccess-AI/src/components/notifications/notification-settings.tsx'
    Imported via "@/components/ui/button" from file 'C:/Users/prett/OneDrive/Desktop/projects/SoloSuccess-AI/src/components/onboarding/enhanced-welcome-flow.tsx'
    Imported via "@/components/ui/button" from file 'C:/Users/prett/OneDrive/Desktop/projects/SoloSuccess-AI/src/components/onboarding/feature-discovery.tsx'
    Imported via "@/components/ui/button" from file 'C:/Users/prett/OneDrive/Desktop/projects/SoloSuccess-AI/src/components/onboarding/interactive-tutorial.tsx'
    Imported via "@/components/ui/button" from file 'C:/Users/prett/OneDrive/Desktop/projects/SoloSuccess-AI/src/components/onboarding/onboarding-wizard.tsx'
    Imported via "@/components/ui/button" from file 'C:/Users/prett/OneDrive/Desktop/projects/SoloSuccess-AI/src/components/onboarding/progressive-onboarding.tsx'
    Imported via "@/components/ui/button" from file 'C:/Users/prett/OneDrive/Desktop/projects/SoloSuccess-AI/src/components/profile/enhanced-profile-modal.tsx'
    Imported via "@/components/ui/button" from file 'C:/Users/prett/OneDrive/Desktop/projects/SoloSuccess-AI/src/components/profile/profile-modal.tsx'
    Imported via '@/components/ui/button' from file 'C:/Users/prett/OneDrive/Desktop/projects/SoloSuccess-AI/src/components/recaptcha/recaptcha-button.tsx'
    Imported via "@/components/ui/button" from file 'C:/Users/prett/OneDrive/Desktop/projects/SoloSuccess-AI/src/components/schedule/schedule-demo-modal.tsx'
    Imported via '@/components/ui/button' from file 'C:/Users/prett/OneDrive/Desktop/projects/SoloSuccess-AI/src/components/settings/api-keys-tutorial.tsx'
    Imported via "@/components/ui/button" from file 'C:/Users/prett/OneDrive/Desktop/projects/SoloSuccess-AI/src/components/shared/shared-landing-page.tsx'
    Imported via "@/components/ui/button" from file 'C:/Users/prett/OneDrive/Desktop/projects/SoloSuccess-AI/src/components/social/boss-community.tsx'
    Imported via "@/components/ui/button" from file 'C:/Users/prett/OneDrive/Desktop/projects/SoloSuccess-AI/src/components/subscription/feature-gate.tsx'
    Imported via '@/components/ui/button' from file 'C:/Users/prett/OneDrive/Desktop/projects/SoloSuccess-AI/src/components/subscription/pricing-cards.tsx'
    Imported via "@/components/ui/button" from file 'C:/Users/prett/OneDrive/Desktop/projects/SoloSuccess-AI/src/components/subscription/subscription-status.tsx'
    Imported via "@/components/ui/button" from file 'C:/Users/prett/OneDrive/Desktop/projects/SoloSuccess-AI/src/components/tasks/gesture-task-card.tsx'
    Imported via "@/components/ui/button" from file 'C:/Users/prett/OneDrive/Desktop/projects/SoloSuccess-AI/src/components/templates/customer-journey-mapper.tsx'
    Imported via "@/components/ui/button" from file 'C:/Users/prett/OneDrive/Desktop/projects/SoloSuccess-AI/src/components/templates/email-campaign-builder.tsx'
    Imported via "@/components/ui/button" from file 'C:/Users/prett/OneDrive/Desktop/projects/SoloSuccess-AI/src/components/templates/project-timeline.tsx'
    Imported via '@/components/ui/button' from file 'C:/Users/prett/OneDrive/Desktop/projects/SoloSuccess-AI/src/components/templates/saved-templates-list.tsx'
    Imported via "@/components/ui/button" from file 'C:/Users/prett/OneDrive/Desktop/projects/SoloSuccess-AI/src/components/templates/social-media-strategy.tsx'
    Imported via "@/components/ui/button" from file 'C:/Users/prett/OneDrive/Desktop/projects/SoloSuccess-AI/src/components/templates/strategic-business-plan.tsx'
    Imported via '@/components/ui/button' from file 'C:/Users/prett/OneDrive/Desktop/projects/SoloSuccess-AI/src/components/temporal/workflow-status.tsx'
    Imported via './Button' from file 'C:/Users/prett/OneDrive/Desktop/projects/SoloSuccess-AI/src/components/ui/Modal.tsx'
    Imported via './button' from file 'C:/Users/prett/OneDrive/Desktop/projects/SoloSuccess-AI/src/components/ui/button.stories.tsx'
    Matched by include pattern 'src/**/*' in 'C:/Users/prett/OneDrive/Desktop/projects/SoloSuccess-AI/tsconfig.json'
    Imported via "@/components/ui/button" from file 'C:/Users/prett/OneDrive/Desktop/projects/SoloSuccess-AI/src/components/ui/carousel.tsx'
    Imported via './button' from file 'C:/Users/prett/OneDrive/Desktop/projects/SoloSuccess-AI/src/components/ui/error-boundary.tsx'
    Imported via "@/components/ui/button" from file 'C:/Users/prett/OneDrive/Desktop/projects/SoloSuccess-AI/src/components/ui/error-handler.tsx'
    Imported via "@/components/ui/button" from file 'C:/Users/prett/OneDrive/Desktop/projects/SoloSuccess-AI/src/components/ui/floating-action-button.tsx'
    Imported via "@/components/ui/button" from file 'C:/Users/prett/OneDrive/Desktop/projects/SoloSuccess-AI/src/components/ui/help-tooltip.tsx'
    Imported via "@/components/ui/button" from file 'C:/Users/prett/OneDrive/Desktop/projects/SoloSuccess-AI/src/components/ui/pagination.tsx'
    Imported via '@/components/ui/button' from file 'C:/Users/prett/OneDrive/Desktop/projects/SoloSuccess-AI/src/components/ui/voice-input.tsx'
    Imported via "@/components/ui/button" from file 'C:/Users/prett/OneDrive/Desktop/projects/SoloSuccess-AI/src/components/voice/voice-chat.tsx'
    Imported via '@/components/ui/button' from file 'C:/Users/prett/OneDrive/Desktop/projects/SoloSuccess-AI/src/components/workflow/visual-workflow-builder.tsx'
    Imported via '@/components/ui/Button' from file 'C:/Users/prett/OneDrive/Desktop/projects/SoloSuccess-AI/src/components/workflow/visual-workflow-builder.tsx'
    Imported via '@/components/ui/Button' from file 'C:/Users/prett/OneDrive/Desktop/projects/SoloSuccess-AI/src/components/workflow/workflow-dashboard.tsx'
    Imported via '@/components/ui/button' from file 'C:/Users/prett/OneDrive/Desktop/projects/SoloSuccess-AI/src/components/workflow/workflow-templates.tsx'
    Imported via '@/components/ui/Button' from file 'C:/Users/prett/OneDrive/Desktop/projects/SoloSuccess-AI/src/components/workflow/workflow-templates.tsx'
    Imported via '@/components/ui/button' from file 'C:/Users/prett/OneDrive/Desktop/projects/SoloSuccess-AI/src/components/workflow/workflow-execution-monitor.tsx'
    Imported via '@/components/ui/Button' from file 'C:/Users/prett/OneDrive/Desktop/projects/SoloSuccess-AI/src/components/workflow/workflow-execution-monitor.tsx'
src/components/workflow/workflow-templates.tsx(431,19): error TS2322: Type '"secondary"' is not assignable to type '"cyan" | "purple" | "magenta" | "lime" | "orange"'.
src/components/workflow/workflow-templates.tsx(555,18): error TS2304: Cannot find name 'HolographicButton'.
src/components/workflow/workflow-templates.tsx(562,19): error TS2304: Cannot find name 'HolographicButton'.
src/components/workflow/workflow-templates.tsx(593,12): error TS2304: Cannot find name 'HolographicButton'.
src/components/workflow/workflow-templates.tsx(596,13): error TS2304: Cannot find name 'HolographicButton'.
src/components/workflow/workflow-templates.tsx(658,17): error TS2322: Type '"default" | "ghost"' is not assignable to type '"info" | "success" | "error" | "cyan" | "purple" | "magenta" | "warning" | "ghost" | "outline" | "lime" | "orange"'.
  Type '"default"' is not assignable to type '"info" | "success" | "error" | "cyan" | "purple" | "magenta" | "warning" | "ghost" | "outline" | "lime" | "orange"'.
src/components/workflow/workflow-templates.tsx(671,17): error TS2322: Type '"default" | "ghost"' is not assignable to type '"info" | "success" | "error" | "cyan" | "purple" | "magenta" | "warning" | "ghost" | "outline" | "lime" | "orange"'.
  Type '"default"' is not assignable to type '"info" | "success" | "error" | "cyan" | "purple" | "magenta" | "warning" | "ghost" | "outline" | "lime" | "orange"'.
src/lib/__tests__/scraping-scheduler.test.ts(5,1): error TS2708: Cannot use namespace 'jest' as a value.
src/lib/__tests__/scraping-scheduler.test.ts(8,9): error TS2708: Cannot use namespace 'jest' as a value.
src/lib/__tests__/scraping-scheduler.test.ts(13,1): error TS2708: Cannot use namespace 'jest' as a value.
src/lib/__tests__/scraping-scheduler.test.ts(15,13): error TS2708: Cannot use namespace 'jest' as a value.
src/lib/__tests__/scraping-scheduler.test.ts(16,15): error TS2708: Cannot use namespace 'jest' as a value.
src/lib/__tests__/scraping-scheduler.test.ts(18,13): error TS2708: Cannot use namespace 'jest' as a value.
src/lib/__tests__/scraping-scheduler.test.ts(19,13): error TS2708: Cannot use namespace 'jest' as a value.
src/lib/__tests__/scraping-scheduler.test.ts(20,16): error TS2708: Cannot use namespace 'jest' as a value.
src/lib/__tests__/scraping-scheduler.test.ts(21,18): error TS2708: Cannot use namespace 'jest' as a value.
src/lib/__tests__/scraping-scheduler.test.ts(22,20): error TS2708: Cannot use namespace 'jest' as a value.
src/lib/__tests__/scraping-scheduler.test.ts(23,20): error TS2708: Cannot use namespace 'jest' as a value.
src/lib/__tests__/scraping-scheduler.test.ts(28,13): error TS2708: Cannot use namespace 'jest' as a value.
src/lib/__tests__/scraping-scheduler.test.ts(29,12): error TS2708: Cannot use namespace 'jest' as a value.
src/lib/__tests__/scraping-scheduler.test.ts(30,16): error TS2708: Cannot use namespace 'jest' as a value.
src/lib/__tests__/scraping-scheduler.test.ts(33,13): error TS2708: Cannot use namespace 'jest' as a value.
src/lib/__tests__/scraping-scheduler.test.ts(34,14): error TS2708: Cannot use namespace 'jest' as a value.
src/lib/__tests__/scraping-scheduler.test.ts(39,1): error TS2593: Cannot find name 'describe'. Do you need to install type definitions for a test runner? Try `npm i --save-dev @types/jest` or `npm i --save-dev @types/mocha` and then add 'jest' or 'mocha' to the types field in your tsconfig.
src/lib/__tests__/scraping-scheduler.test.ts(42,3): error TS2304: Cannot find name 'beforeEach'.
src/lib/__tests__/scraping-scheduler.test.ts(44,5): error TS2708: Cannot use namespace 'jest' as a value.
src/lib/__tests__/scraping-scheduler.test.ts(47,3): error TS2304: Cannot find name 'afterEach'.
src/lib/__tests__/scraping-scheduler.test.ts(53,3): error TS2593: Cannot find name 'describe'. Do you need to install type definitions for a test runner? Try `npm i --save-dev @types/jest` or `npm i --save-dev @types/mocha` and then add 'jest' or 'mocha' to the types field in your tsconfig.
src/lib/__tests__/scraping-scheduler.test.ts(54,5): error TS2593: Cannot find name 'it'. Do you need to install type definitions for a test runner? Try `npm i --save-dev @types/jest` or `npm i --save-dev @types/mocha` and then add 'jest' or 'mocha' to the types field in your tsconfig.
src/lib/__tests__/scraping-scheduler.test.ts(73,7): error TS2304: Cannot find name 'expect'.
src/lib/__tests__/scraping-scheduler.test.ts(74,7): error TS2304: Cannot find name 'expect'.
src/lib/__tests__/scraping-scheduler.test.ts(77,5): error TS2593: Cannot find name 'it'. Do you need to install type definitions for a test runner? Try `npm i --save-dev @types/jest` or `npm i --save-dev @types/mocha` and then add 'jest' or 'mocha' to the types field in your tsconfig.
src/lib/__tests__/scraping-scheduler.test.ts(88,7): error TS2304: Cannot find name 'expect'.
src/lib/__tests__/scraping-scheduler.test.ts(92,3): error TS2593: Cannot find name 'describe'. Do you need to install type definitions for a test runner? Try `npm i --save-dev @types/jest` or `npm i --save-dev @types/mocha` and then add 'jest' or 'mocha' to the types field in your tsconfig.
src/lib/__tests__/scraping-scheduler.test.ts(93,5): error TS2593: Cannot find name 'it'. Do you need to install type definitions for a test runner? Try `npm i --save-dev @types/jest` or `npm i --save-dev @types/mocha` and then add 'jest' or 'mocha' to the types field in your tsconfig.
src/lib/__tests__/scraping-scheduler.test.ts(100,7): error TS2304: Cannot find name 'expect'.
src/lib/__tests__/scraping-scheduler.test.ts(103,5): error TS2593: Cannot find name 'it'. Do you need to install type definitions for a test runner? Try `npm i --save-dev @types/jest` or `npm i --save-dev @types/mocha` and then add 'jest' or 'mocha' to the types field in your tsconfig.
src/lib/__tests__/scraping-scheduler.test.ts(108,7): error TS2304: Cannot find name 'expect'.
src/lib/__tests__/scraping-scheduler.test.ts(112,3): error TS2593: Cannot find name 'describe'. Do you need to install type definitions for a test runner? Try `npm i --save-dev @types/jest` or `npm i --save-dev @types/mocha` and then add 'jest' or 'mocha' to the types field in your tsconfig.
src/lib/__tests__/scraping-scheduler.test.ts(113,5): error TS2593: Cannot find name 'it'. Do you need to install type definitions for a test runner? Try `npm i --save-dev @types/jest` or `npm i --save-dev @types/mocha` and then add 'jest' or 'mocha' to the types field in your tsconfig.
src/lib/__tests__/scraping-scheduler.test.ts(118,7): error TS2304: Cannot find name 'expect'.
src/lib/__tests__/scraping-scheduler.test.ts(119,7): error TS2304: Cannot find name 'expect'.
src/lib/__tests__/scraping-scheduler.test.ts(122,7): error TS2304: Cannot find name 'expect'.
src/lib/__tests__/scraping-scheduler.test.ts(126,3): error TS2593: Cannot find name 'describe'. Do you need to install type definitions for a test runner? Try `npm i --save-dev @types/jest` or `npm i --save-dev @types/mocha` and then add 'jest' or 'mocha' to the types field in your tsconfig.
src/lib/__tests__/scraping-scheduler.test.ts(127,5): error TS2593: Cannot find name 'it'. Do you need to install type definitions for a test runner? Try `npm i --save-dev @types/jest` or `npm i --save-dev @types/mocha` and then add 'jest' or 'mocha' to the types field in your tsconfig.
src/lib/__tests__/scraping-scheduler.test.ts(128,7): error TS2304: Cannot find name 'expect'.
src/lib/__tests__/scraping-scheduler.test.ts(129,7): error TS2304: Cannot find name 'expect'.
src/lib/__tests__/scraping-scheduler.test.ts(130,7): error TS2304: Cannot find name 'expect'.
src/lib/__tests__/scraping-scheduler.test.ts(131,7): error TS2304: Cannot find name 'expect'.
src/lib/__tests__/scraping-scheduler.test.ts(132,7): error TS2304: Cannot find name 'expect'.
src/lib/__tests__/scraping-scheduler.test.ts(137,1): error TS2593: Cannot find name 'describe'. Do you need to install type definitions for a test runner? Try `npm i --save-dev @types/jest` or `npm i --save-dev @types/mocha` and then add 'jest' or 'mocha' to the types field in your tsconfig.
src/lib/__tests__/scraping-scheduler.test.ts(138,3): error TS2304: Cannot find name 'beforeEach'.
src/lib/__tests__/scraping-scheduler.test.ts(139,5): error TS2708: Cannot use namespace 'jest' as a value.
src/lib/__tests__/scraping-scheduler.test.ts(142,3): error TS2304: Cannot find name 'afterEach'.
src/lib/__tests__/scraping-scheduler.test.ts(148,3): error TS2593: Cannot find name 'describe'. Do you need to install type definitions for a test runner? Try `npm i --save-dev @types/jest` or `npm i --save-dev @types/mocha` and then add 'jest' or 'mocha' to the types field in your tsconfig.
src/lib/__tests__/scraping-scheduler.test.ts(149,5): error TS2593: Cannot find name 'it'. Do you need to install type definitions for a test runner? Try `npm i --save-dev @types/jest` or `npm i --save-dev @types/mocha` and then add 'jest' or 'mocha' to the types field in your tsconfig.
src/lib/__tests__/scraping-scheduler.test.ts(160,7): error TS2304: Cannot find name 'expect'.
src/lib/__tests__/scraping-scheduler.test.ts(161,7): error TS2304: Cannot find name 'expect'.
src/lib/__tests__/scraping-scheduler.test.ts(165,3): error TS2593: Cannot find name 'describe'. Do you need to install type definitions for a test runner? Try `npm i --save-dev @types/jest` or `npm i --save-dev @types/mocha` and then add 'jest' or 'mocha' to the types field in your tsconfig.
src/lib/__tests__/scraping-scheduler.test.ts(166,5): error TS2593: Cannot find name 'it'. Do you need to install type definitions for a test runner? Try `npm i --save-dev @types/jest` or `npm i --save-dev @types/mocha` and then add 'jest' or 'mocha' to the types field in your tsconfig.
src/lib/__tests__/scraping-scheduler.test.ts(177,7): error TS2304: Cannot find name 'expect'.
src/lib/__tests__/scraping-scheduler.test.ts(178,7): error TS2304: Cannot find name 'expect'.
src/lib/__tests__/scraping-scheduler.test.ts(181,5): error TS2593: Cannot find name 'it'. Do you need to install type definitions for a test runner? Try `npm i --save-dev @types/jest` or `npm i --save-dev @types/mocha` and then add 'jest' or 'mocha' to the types field in your tsconfig.
src/lib/__tests__/scraping-scheduler.test.ts(190,7): error TS2304: Cannot find name 'expect'.
src/lib/__tests__/scraping-scheduler.test.ts(194,3): error TS2593: Cannot find name 'describe'. Do you need to install type definitions for a test runner? Try `npm i --save-dev @types/jest` or `npm i --save-dev @types/mocha` and then add 'jest' or 'mocha' to the types field in your tsconfig.
src/lib/__tests__/scraping-scheduler.test.ts(195,5): error TS2593: Cannot find name 'it'. Do you need to install type definitions for a test runner? Try `npm i --save-dev @types/jest` or `npm i --save-dev @types/mocha` and then add 'jest' or 'mocha' to the types field in your tsconfig.
src/lib/__tests__/scraping-scheduler.test.ts(196,7): error TS2304: Cannot find name 'expect'.
src/lib/__tests__/scraping-scheduler.test.ts(197,7): error TS2304: Cannot find name 'expect'.
src/lib/__tests__/scraping-scheduler.test.ts(198,7): error TS2304: Cannot find name 'expect'.
src/lib/__tests__/scraping-scheduler.test.ts(199,7): error TS2304: Cannot find name 'expect'.
src/lib/__tests__/scraping-scheduler.test.ts(200,7): error TS2304: Cannot find name 'expect'.
src/lib/__tests__/scraping-scheduler.test.ts(204,3): error TS2593: Cannot find name 'describe'. Do you need to install type definitions for a test runner? Try `npm i --save-dev @types/jest` or `npm i --save-dev @types/mocha` and then add 'jest' or 'mocha' to the types field in your tsconfig.
src/lib/__tests__/scraping-scheduler.test.ts(205,5): error TS2593: Cannot find name 'it'. Do you need to install type definitions for a test runner? Try `npm i --save-dev @types/jest` or `npm i --save-dev @types/mocha` and then add 'jest' or 'mocha' to the types field in your tsconfig.
src/lib/__tests__/scraping-scheduler.test.ts(209,7): error TS2304: Cannot find name 'expect'.
src/lib/__tests__/scraping-scheduler.test.ts(217,5): error TS2593: Cannot find name 'it'. Do you need to install type definitions for a test runner? Try `npm i --save-dev @types/jest` or `npm i --save-dev @types/mocha` and then add 'jest' or 'mocha' to the types field in your tsconfig.
src/lib/__tests__/scraping-scheduler.test.ts(219,7): error TS2304: Cannot find name 'expect'.
src/lib/__tests__/scraping-scheduler.test.ts(223,3): error TS2593: Cannot find name 'describe'. Do you need to install type definitions for a test runner? Try `npm i --save-dev @types/jest` or `npm i --save-dev @types/mocha` and then add 'jest' or 'mocha' to the types field in your tsconfig.
src/lib/__tests__/scraping-scheduler.test.ts(224,5): error TS2593: Cannot find name 'it'. Do you need to install type definitions for a test runner? Try `npm i --save-dev @types/jest` or `npm i --save-dev @types/mocha` and then add 'jest' or 'mocha' to the types field in your tsconfig.
src/lib/__tests__/scraping-scheduler.test.ts(227,7): error TS2304: Cannot find name 'expect'.
src/lib/__tests__/scraping-scheduler.test.ts(228,7): error TS2304: Cannot find name 'expect'.
src/lib/__tests__/scraping-scheduler.test.ts(229,7): error TS2304: Cannot find name 'expect'.
src/lib/__tests__/scraping-scheduler.test.ts(230,7): error TS2304: Cannot find name 'expect'.
src/lib/__tests__/scraping-scheduler.test.ts(232,7): error TS2304: Cannot find name 'expect'.
src/lib/__tests__/scraping-scheduler.test.ts(233,7): error TS2304: Cannot find name 'expect'.
src/lib/__tests__/scraping-scheduler.test.ts(234,7): error TS2304: Cannot find name 'expect'.
src/lib/__tests__/scraping-scheduler.test.ts(235,7): error TS2304: Cannot find name 'expect'.
src/lib/agent-interface.ts(486,9): error TS2322: Type '{ id?: string; description?: string; status?: "active" | "pending" | "completed" | "blocked"; priority?: "medium" | "high" | "low"; assignedAgent?: string; }[]' is not assignable to type '{ id: string; description: string; status: string; priority: string; }[]'.
  Type '{ id?: string; description?: string; status?: "active" | "pending" | "completed" | "blocked"; priority?: "medium" | "high" | "low"; assignedAgent?: string; }' is not assignable to type '{ id: string; description: string; status: string; priority: string; }'.
    Property 'id' is optional in type '{ id?: string; description?: string; status?: "active" | "pending" | "completed" | "blocked"; priority?: "medium" | "high" | "low"; assignedAgent?: string; }' but required in type '{ id: string; description: string; status: string; priority: string; }'.
src/lib/analytics-export.ts(242,9): error TS2322: Type '{ start?: Date; end?: Date; }' is not assignable to type '{ start: Date; end: Date; }'.
  Property 'start' is optional in type '{ start?: Date; end?: Date; }' but required in type '{ start: Date; end: Date; }'.
src/lib/api-middleware.ts(181,55): error TS2339: Property 'response' does not exist on type '{ success: false; response: NextResponse<unknown>; } | { success: true; data: any; }'.
  Property 'response' does not exist on type '{ success: true; data: any; }'.
src/lib/api-middleware.ts(182,33): error TS2339: Property 'response' does not exist on type '{ success: false; response: NextResponse<unknown>; } | { success: true; data: any; }'.
  Property 'response' does not exist on type '{ success: true; data: any; }'.
src/lib/api-middleware.ts(189,57): error TS2339: Property 'response' does not exist on type '{ success: false; response: NextResponse<unknown>; } | { success: true; data: any; }'.
  Property 'response' does not exist on type '{ success: true; data: any; }'.
src/lib/api-middleware.ts(190,34): error TS2339: Property 'response' does not exist on type '{ success: false; response: NextResponse<unknown>; } | { success: true; data: any; }'.
  Property 'response' does not exist on type '{ success: true; data: any; }'.
src/lib/blaze-growth-intelligence.ts(260,14): error TS2769: No overload matches this call.
  Overload 1 of 3, '(left: PgColumn<{ name: "id"; tableName: "competitor_profiles"; dataType: "string"; columnType: "PgText"; data: string; driverParam: string; notNull: true; hasDefault: true; isPrimaryKey: true; isAutoincrement: false; ... 4 more ...; generated: undefined; }, {}, {}>, right: string | SQLWrapper): SQL<...>', gave the following error.
    Argument of type 'number' is not assignable to parameter of type 'string | SQLWrapper'.
  Overload 2 of 3, '(left: Aliased<number>, right: number | SQLWrapper): SQL<unknown>', gave the following error.
    Argument of type 'PgColumn<{ name: "id"; tableName: "competitor_profiles"; dataType: "string"; columnType: "PgText"; data: string; driverParam: string; notNull: true; hasDefault: true; isPrimaryKey: true; isAutoincrement: false; ... 4 more ...; generated: undefined; }, {}, {}>' is not assignable to parameter of type 'Aliased<number>'.
      Type 'PgColumn<{ name: "id"; tableName: "competitor_profiles"; dataType: "string"; columnType: "PgText"; data: string; driverParam: string; notNull: true; hasDefault: true; isPrimaryKey: true; isAutoincrement: false; ... 4 more ...; generated: undefined; }, {}, {}>' is missing the following properties from type 'Aliased<number>': sql, fieldAlias
  Overload 3 of 3, '(left: never, right: unknown): SQL<unknown>', gave the following error.
    Argument of type 'PgColumn<{ name: "id"; tableName: "competitor_profiles"; dataType: "string"; columnType: "PgText"; data: string; driverParam: string; notNull: true; hasDefault: true; isPrimaryKey: true; isAutoincrement: false; ... 4 more ...; generated: undefined; }, {}, {}>' is not assignable to parameter of type 'never'.
src/lib/blaze-growth-intelligence.ts(388,16): error TS2769: No overload matches this call.
  Overload 1 of 3, '(left: PgColumn<{ name: "id"; tableName: "competitor_profiles"; dataType: "string"; columnType: "PgText"; data: string; driverParam: string; notNull: true; hasDefault: true; isPrimaryKey: true; isAutoincrement: false; ... 4 more ...; generated: undefined; }, {}, {}>, right: string | SQLWrapper): SQL<...>', gave the following error.
    Argument of type 'number' is not assignable to parameter of type 'string | SQLWrapper'.
  Overload 2 of 3, '(left: Aliased<number>, right: number | SQLWrapper): SQL<unknown>', gave the following error.
    Argument of type 'PgColumn<{ name: "id"; tableName: "competitor_profiles"; dataType: "string"; columnType: "PgText"; data: string; driverParam: string; notNull: true; hasDefault: true; isPrimaryKey: true; isAutoincrement: false; ... 4 more ...; generated: undefined; }, {}, {}>' is not assignable to parameter of type 'Aliased<number>'.
      Type 'PgColumn<{ name: "id"; tableName: "competitor_profiles"; dataType: "string"; columnType: "PgText"; data: string; driverParam: string; notNull: true; hasDefault: true; isPrimaryKey: true; isAutoincrement: false; ... 4 more ...; generated: undefined; }, {}, {}>' is missing the following properties from type 'Aliased<number>': sql, fieldAlias
  Overload 3 of 3, '(left: never, right: unknown): SQL<unknown>', gave the following error.
    Argument of type 'PgColumn<{ name: "id"; tableName: "competitor_profiles"; dataType: "string"; columnType: "PgText"; data: string; driverParam: string; notNull: true; hasDefault: true; isPrimaryKey: true; isAutoincrement: false; ... 4 more ...; generated: undefined; }, {}, {}>' is not assignable to parameter of type 'never'.
src/lib/blaze-growth-intelligence.ts(463,16): error TS2769: No overload matches this call.
  Overload 1 of 3, '(left: PgColumn<{ name: "id"; tableName: "competitor_profiles"; dataType: "string"; columnType: "PgText"; data: string; driverParam: string; notNull: true; hasDefault: true; isPrimaryKey: true; isAutoincrement: false; ... 4 more ...; generated: undefined; }, {}, {}>, right: string | SQLWrapper): SQL<...>', gave the following error.
    Argument of type 'number' is not assignable to parameter of type 'string | SQLWrapper'.
  Overload 2 of 3, '(left: Aliased<number>, right: number | SQLWrapper): SQL<unknown>', gave the following error.
    Argument of type 'PgColumn<{ name: "id"; tableName: "competitor_profiles"; dataType: "string"; columnType: "PgText"; data: string; driverParam: string; notNull: true; hasDefault: true; isPrimaryKey: true; isAutoincrement: false; ... 4 more ...; generated: undefined; }, {}, {}>' is not assignable to parameter of type 'Aliased<number>'.
      Type 'PgColumn<{ name: "id"; tableName: "competitor_profiles"; dataType: "string"; columnType: "PgText"; data: string; driverParam: string; notNull: true; hasDefault: true; isPrimaryKey: true; isAutoincrement: false; ... 4 more ...; generated: undefined; }, {}, {}>' is missing the following properties from type 'Aliased<number>': sql, fieldAlias
  Overload 3 of 3, '(left: never, right: unknown): SQL<unknown>', gave the following error.
    Argument of type 'PgColumn<{ name: "id"; tableName: "competitor_profiles"; dataType: "string"; columnType: "PgText"; data: string; driverParam: string; notNull: true; hasDefault: true; isPrimaryKey: true; isAutoincrement: false; ... 4 more ...; generated: undefined; }, {}, {}>' is not assignable to parameter of type 'never'.
src/lib/blaze-growth-intelligence.ts(533,16): error TS2769: No overload matches this call.
  Overload 1 of 3, '(left: PgColumn<{ name: "id"; tableName: "competitor_profiles"; dataType: "string"; columnType: "PgText"; data: string; driverParam: string; notNull: true; hasDefault: true; isPrimaryKey: true; isAutoincrement: false; ... 4 more ...; generated: undefined; }, {}, {}>, right: string | SQLWrapper): SQL<...>', gave the following error.
    Argument of type 'number' is not assignable to parameter of type 'string | SQLWrapper'.
  Overload 2 of 3, '(left: Aliased<number>, right: number | SQLWrapper): SQL<unknown>', gave the following error.
    Argument of type 'PgColumn<{ name: "id"; tableName: "competitor_profiles"; dataType: "string"; columnType: "PgText"; data: string; driverParam: string; notNull: true; hasDefault: true; isPrimaryKey: true; isAutoincrement: false; ... 4 more ...; generated: undefined; }, {}, {}>' is not assignable to parameter of type 'Aliased<number>'.
      Type 'PgColumn<{ name: "id"; tableName: "competitor_profiles"; dataType: "string"; columnType: "PgText"; data: string; driverParam: string; notNull: true; hasDefault: true; isPrimaryKey: true; isAutoincrement: false; ... 4 more ...; generated: undefined; }, {}, {}>' is missing the following properties from type 'Aliased<number>': sql, fieldAlias
  Overload 3 of 3, '(left: never, right: unknown): SQL<unknown>', gave the following error.
    Argument of type 'PgColumn<{ name: "id"; tableName: "competitor_profiles"; dataType: "string"; columnType: "PgText"; data: string; driverParam: string; notNull: true; hasDefault: true; isPrimaryKey: true; isAutoincrement: false; ... 4 more ...; generated: undefined; }, {}, {}>' is not assignable to parameter of type 'never'.
src/lib/blaze-growth-intelligence.ts(540,13): error TS2769: No overload matches this call.
  Overload 1 of 3, '(left: PgColumn<{ name: "competitor_id"; tableName: "intelligence_data"; dataType: "string"; columnType: "PgText"; data: string; driverParam: string; notNull: true; hasDefault: false; isPrimaryKey: false; ... 5 more ...; generated: undefined; }, {}, {}>, right: string | SQLWrapper): SQL<...>', gave the following error.
    Argument of type 'number' is not assignable to parameter of type 'string | SQLWrapper'.
  Overload 2 of 3, '(left: Aliased<number>, right: number | SQLWrapper): SQL<unknown>', gave the following error.
    Argument of type 'PgColumn<{ name: "competitor_id"; tableName: "intelligence_data"; dataType: "string"; columnType: "PgText"; data: string; driverParam: string; notNull: true; hasDefault: false; isPrimaryKey: false; ... 5 more ...; generated: undefined; }, {}, {}>' is not assignable to parameter of type 'Aliased<number>'.
      Type 'PgColumn<{ name: "competitor_id"; tableName: "intelligence_data"; dataType: "string"; columnType: "PgText"; data: string; driverParam: string; notNull: true; hasDefault: false; isPrimaryKey: false; ... 5 more ...; generated: undefined; }, {}, {}>' is missing the following properties from type 'Aliased<number>': sql, fieldAlias
  Overload 3 of 3, '(left: never, right: unknown): SQL<unknown>', gave the following error.
    Argument of type 'PgColumn<{ name: "competitor_id"; tableName: "intelligence_data"; dataType: "string"; columnType: "PgText"; data: string; driverParam: string; notNull: true; hasDefault: false; isPrimaryKey: false; ... 5 more ...; generated: undefined; }, {}, {}>' is not assignable to parameter of type 'never'.
src/lib/competitive-opportunity-detection.ts(104,13): error TS2769: No overload matches this call.
  Overload 1 of 3, '(left: PgColumn<{ name: "competitor_id"; tableName: "intelligence_data"; dataType: "string"; columnType: "PgText"; data: string; driverParam: string; notNull: true; hasDefault: false; isPrimaryKey: false; ... 5 more ...; generated: undefined; }, {}, {}>, right: string | SQLWrapper): SQL<...>', gave the following error.
    Argument of type 'number' is not assignable to parameter of type 'string | SQLWrapper'.
  Overload 2 of 3, '(left: Aliased<number>, right: number | SQLWrapper): SQL<unknown>', gave the following error.
    Argument of type 'PgColumn<{ name: "competitor_id"; tableName: "intelligence_data"; dataType: "string"; columnType: "PgText"; data: string; driverParam: string; notNull: true; hasDefault: false; isPrimaryKey: false; ... 5 more ...; generated: undefined; }, {}, {}>' is not assignable to parameter of type 'Aliased<number>'.
      Type 'PgColumn<{ name: "competitor_id"; tableName: "intelligence_data"; dataType: "string"; columnType: "PgText"; data: string; driverParam: string; notNull: true; hasDefault: false; isPrimaryKey: false; ... 5 more ...; generated: undefined; }, {}, {}>' is missing the following properties from type 'Aliased<number>': sql, fieldAlias
  Overload 3 of 3, '(left: never, right: unknown): SQL<unknown>', gave the following error.
    Argument of type 'PgColumn<{ name: "competitor_id"; tableName: "intelligence_data"; dataType: "string"; columnType: "PgText"; data: string; driverParam: string; notNull: true; hasDefault: false; isPrimaryKey: false; ... 5 more ...; generated: undefined; }, {}, {}>' is not assignable to parameter of type 'never'.
src/lib/competitive-opportunity-detection.ts(172,13): error TS2769: No overload matches this call.
  Overload 1 of 3, '(column: Aliased<number>, values: SQLWrapper | (number | Placeholder<string, any>)[]): SQL<unknown>', gave the following error.
    Argument of type 'PgColumn<{ name: "competitor_id"; tableName: "intelligence_data"; dataType: "string"; columnType: "PgText"; data: string; driverParam: string; notNull: true; hasDefault: false; isPrimaryKey: false; ... 5 more ...; generated: undefined; }, {}, {}>' is not assignable to parameter of type 'Aliased<number>'.
      Type 'PgColumn<{ name: "competitor_id"; tableName: "intelligence_data"; dataType: "string"; columnType: "PgText"; data: string; driverParam: string; notNull: true; hasDefault: false; isPrimaryKey: false; ... 5 more ...; generated: undefined; }, {}, {}>' is missing the following properties from type 'Aliased<number>': sql, fieldAlias
  Overload 2 of 3, '(column: PgColumn<{ name: "competitor_id"; tableName: "intelligence_data"; dataType: "string"; columnType: "PgText"; data: string; driverParam: string; notNull: true; hasDefault: false; isPrimaryKey: false; ... 5 more ...; generated: undefined; }, {}, {}>, values: SQLWrapper | readonly (string | Placeholder<...>)[]): SQL<...>', gave the following error.
    Argument of type 'number[]' is not assignable to parameter of type 'SQLWrapper | readonly (string | Placeholder<string, any>)[]'.
      Type 'number[]' is not assignable to type 'readonly (string | Placeholder<string, any>)[]'.
        Type 'number' is not assignable to type 'string | Placeholder<string, any>'.
  Overload 3 of 3, '(column: never, values: SQLWrapper | readonly unknown[]): SQL<unknown>', gave the following error.
    Argument of type 'PgColumn<{ name: "competitor_id"; tableName: "intelligence_data"; dataType: "string"; columnType: "PgText"; data: string; driverParam: string; notNull: true; hasDefault: false; isPrimaryKey: false; ... 5 more ...; generated: undefined; }, {}, {}>' is not assignable to parameter of type 'never'.
src/lib/competitive-opportunity-detection.ts(267,13): error TS2769: No overload matches this call.
  Overload 1 of 3, '(left: PgColumn<{ name: "competitor_id"; tableName: "intelligence_data"; dataType: "string"; columnType: "PgText"; data: string; driverParam: string; notNull: true; hasDefault: false; isPrimaryKey: false; ... 5 more ...; generated: undefined; }, {}, {}>, right: string | SQLWrapper): SQL<...>', gave the following error.
    Argument of type 'number' is not assignable to parameter of type 'string | SQLWrapper'.
  Overload 2 of 3, '(left: Aliased<number>, right: number | SQLWrapper): SQL<unknown>', gave the following error.
    Argument of type 'PgColumn<{ name: "competitor_id"; tableName: "intelligence_data"; dataType: "string"; columnType: "PgText"; data: string; driverParam: string; notNull: true; hasDefault: false; isPrimaryKey: false; ... 5 more ...; generated: undefined; }, {}, {}>' is not assignable to parameter of type 'Aliased<number>'.
      Type 'PgColumn<{ name: "competitor_id"; tableName: "intelligence_data"; dataType: "string"; columnType: "PgText"; data: string; driverParam: string; notNull: true; hasDefault: false; isPrimaryKey: false; ... 5 more ...; generated: undefined; }, {}, {}>' is missing the following properties from type 'Aliased<number>': sql, fieldAlias
  Overload 3 of 3, '(left: never, right: unknown): SQL<unknown>', gave the following error.
    Argument of type 'PgColumn<{ name: "competitor_id"; tableName: "intelligence_data"; dataType: "string"; columnType: "PgText"; data: string; driverParam: string; notNull: true; hasDefault: false; isPrimaryKey: false; ... 5 more ...; generated: undefined; }, {}, {}>' is not assignable to parameter of type 'never'.
src/lib/competitive-opportunity-detection.ts(292,13): error TS2769: No overload matches this call.
  Overload 1 of 3, '(left: PgColumn<{ name: "competitor_id"; tableName: "intelligence_data"; dataType: "string"; columnType: "PgText"; data: string; driverParam: string; notNull: true; hasDefault: false; isPrimaryKey: false; ... 5 more ...; generated: undefined; }, {}, {}>, right: string | SQLWrapper): SQL<...>', gave the following error.
    Argument of type 'number' is not assignable to parameter of type 'string | SQLWrapper'.
  Overload 2 of 3, '(left: Aliased<number>, right: number | SQLWrapper): SQL<unknown>', gave the following error.
    Argument of type 'PgColumn<{ name: "competitor_id"; tableName: "intelligence_data"; dataType: "string"; columnType: "PgText"; data: string; driverParam: string; notNull: true; hasDefault: false; isPrimaryKey: false; ... 5 more ...; generated: undefined; }, {}, {}>' is not assignable to parameter of type 'Aliased<number>'.
      Type 'PgColumn<{ name: "competitor_id"; tableName: "intelligence_data"; dataType: "string"; columnType: "PgText"; data: string; driverParam: string; notNull: true; hasDefault: false; isPrimaryKey: false; ... 5 more ...; generated: undefined; }, {}, {}>' is missing the following properties from type 'Aliased<number>': sql, fieldAlias
  Overload 3 of 3, '(left: never, right: unknown): SQL<unknown>', gave the following error.
    Argument of type 'PgColumn<{ name: "competitor_id"; tableName: "intelligence_data"; dataType: "string"; columnType: "PgText"; data: string; driverParam: string; notNull: true; hasDefault: false; isPrimaryKey: false; ... 5 more ...; generated: undefined; }, {}, {}>' is not assignable to parameter of type 'never'.
src/lib/competitive-opportunity-detection.ts(325,13): error TS2769: No overload matches this call.
  Overload 1 of 3, '(left: PgColumn<{ name: "competitor_id"; tableName: "intelligence_data"; dataType: "string"; columnType: "PgText"; data: string; driverParam: string; notNull: true; hasDefault: false; isPrimaryKey: false; ... 5 more ...; generated: undefined; }, {}, {}>, right: string | SQLWrapper): SQL<...>', gave the following error.
    Argument of type 'number' is not assignable to parameter of type 'string | SQLWrapper'.
  Overload 2 of 3, '(left: Aliased<number>, right: number | SQLWrapper): SQL<unknown>', gave the following error.
    Argument of type 'PgColumn<{ name: "competitor_id"; tableName: "intelligence_data"; dataType: "string"; columnType: "PgText"; data: string; driverParam: string; notNull: true; hasDefault: false; isPrimaryKey: false; ... 5 more ...; generated: undefined; }, {}, {}>' is not assignable to parameter of type 'Aliased<number>'.
      Type 'PgColumn<{ name: "competitor_id"; tableName: "intelligence_data"; dataType: "string"; columnType: "PgText"; data: string; driverParam: string; notNull: true; hasDefault: false; isPrimaryKey: false; ... 5 more ...; generated: undefined; }, {}, {}>' is missing the following properties from type 'Aliased<number>': sql, fieldAlias
  Overload 3 of 3, '(left: never, right: unknown): SQL<unknown>', gave the following error.
    Argument of type 'PgColumn<{ name: "competitor_id"; tableName: "intelligence_data"; dataType: "string"; columnType: "PgText"; data: string; driverParam: string; notNull: true; hasDefault: false; isPrimaryKey: false; ... 5 more ...; generated: undefined; }, {}, {}>' is not assignable to parameter of type 'never'.
src/lib/competitor-alert-system.ts(150,16): error TS2769: No overload matches this call.
  Overload 1 of 3, '(left: PgColumn<{ name: "id"; tableName: "intelligence_data"; dataType: "string"; columnType: "PgText"; data: string; driverParam: string; notNull: true; hasDefault: true; isPrimaryKey: true; isAutoincrement: false; ... 4 more ...; generated: undefined; }, {}, {}>, right: string | SQLWrapper): SQL<...>', gave the following error.
    Argument of type 'number' is not assignable to parameter of type 'string | SQLWrapper'.
  Overload 2 of 3, '(left: Aliased<number>, right: number | SQLWrapper): SQL<unknown>', gave the following error.
    Argument of type 'PgColumn<{ name: "id"; tableName: "intelligence_data"; dataType: "string"; columnType: "PgText"; data: string; driverParam: string; notNull: true; hasDefault: true; isPrimaryKey: true; isAutoincrement: false; ... 4 more ...; generated: undefined; }, {}, {}>' is not assignable to parameter of type 'Aliased<number>'.
      Type 'PgColumn<{ name: "id"; tableName: "intelligence_data"; dataType: "string"; columnType: "PgText"; data: string; driverParam: string; notNull: true; hasDefault: true; isPrimaryKey: true; isAutoincrement: false; ... 4 more ...; generated: undefined; }, {}, {}>' is missing the following properties from type 'Aliased<number>': sql, fieldAlias
  Overload 3 of 3, '(left: never, right: unknown): SQL<unknown>', gave the following error.
    Argument of type 'PgColumn<{ name: "id"; tableName: "intelligence_data"; dataType: "string"; columnType: "PgText"; data: string; driverParam: string; notNull: true; hasDefault: true; isPrimaryKey: true; isAutoincrement: false; ... 4 more ...; generated: undefined; }, {}, {}>' is not assignable to parameter of type 'never'.
src/lib/competitor-alert-system.ts(183,15): error TS2345: Argument of type 'string' is not assignable to parameter of type 'number'.
src/lib/competitor-alert-system.ts(316,11): error TS2769: No overload matches this call.
  Overload 1 of 3, '(left: PgColumn<{ name: "competitor_id"; tableName: "competitor_alerts"; dataType: "string"; columnType: "PgText"; data: string; driverParam: string; notNull: true; hasDefault: false; isPrimaryKey: false; ... 5 more ...; generated: undefined; }, {}, {}>, right: string | SQLWrapper): SQL<...>', gave the following error.
    Argument of type 'number' is not assignable to parameter of type 'string | SQLWrapper'.
  Overload 2 of 3, '(left: Aliased<number>, right: number | SQLWrapper): SQL<unknown>', gave the following error.
    Argument of type 'PgColumn<{ name: "competitor_id"; tableName: "competitor_alerts"; dataType: "string"; columnType: "PgText"; data: string; driverParam: string; notNull: true; hasDefault: false; isPrimaryKey: false; ... 5 more ...; generated: undefined; }, {}, {}>' is not assignable to parameter of type 'Aliased<number>'.
      Type 'PgColumn<{ name: "competitor_id"; tableName: "competitor_alerts"; dataType: "string"; columnType: "PgText"; data: string; driverParam: string; notNull: true; hasDefault: false; isPrimaryKey: false; ... 5 more ...; generated: undefined; }, {}, {}>' is missing the following properties from type 'Aliased<number>': sql, fieldAlias
  Overload 3 of 3, '(left: never, right: unknown): SQL<unknown>', gave the following error.
    Argument of type 'PgColumn<{ name: "competitor_id"; tableName: "competitor_alerts"; dataType: "string"; columnType: "PgText"; data: string; driverParam: string; notNull: true; hasDefault: false; isPrimaryKey: false; ... 5 more ...; generated: undefined; }, {}, {}>' is not assignable to parameter of type 'never'.
src/lib/competitor-alert-system.ts(555,11): error TS2769: No overload matches this call.
  Overload 1 of 3, '(left: PgColumn<{ name: "id"; tableName: "competitor_alerts"; dataType: "string"; columnType: "PgText"; data: string; driverParam: string; notNull: true; hasDefault: true; isPrimaryKey: true; isAutoincrement: false; ... 4 more ...; generated: undefined; }, {}, {}>, right: string | SQLWrapper): SQL<...>', gave the following error.
    Argument of type 'number' is not assignable to parameter of type 'string | SQLWrapper'.
  Overload 2 of 3, '(left: Aliased<number>, right: number | SQLWrapper): SQL<unknown>', gave the following error.
    Argument of type 'PgColumn<{ name: "id"; tableName: "competitor_alerts"; dataType: "string"; columnType: "PgText"; data: string; driverParam: string; notNull: true; hasDefault: true; isPrimaryKey: true; isAutoincrement: false; ... 4 more ...; generated: undefined; }, {}, {}>' is not assignable to parameter of type 'Aliased<number>'.
      Type 'PgColumn<{ name: "id"; tableName: "competitor_alerts"; dataType: "string"; columnType: "PgText"; data: string; driverParam: string; notNull: true; hasDefault: true; isPrimaryKey: true; isAutoincrement: false; ... 4 more ...; generated: undefined; }, {}, {}>' is missing the following properties from type 'Aliased<number>': sql, fieldAlias
  Overload 3 of 3, '(left: never, right: unknown): SQL<unknown>', gave the following error.
    Argument of type 'PgColumn<{ name: "id"; tableName: "competitor_alerts"; dataType: "string"; columnType: "PgText"; data: string; driverParam: string; notNull: true; hasDefault: true; isPrimaryKey: true; isAutoincrement: false; ... 4 more ...; generated: undefined; }, {}, {}>' is not assignable to parameter of type 'never'.
src/lib/competitor-alert-system.ts(570,11): error TS2769: No overload matches this call.
  Overload 1 of 3, '(left: PgColumn<{ name: "id"; tableName: "competitor_alerts"; dataType: "string"; columnType: "PgText"; data: string; driverParam: string; notNull: true; hasDefault: true; isPrimaryKey: true; isAutoincrement: false; ... 4 more ...; generated: undefined; }, {}, {}>, right: string | SQLWrapper): SQL<...>', gave the following error.
    Argument of type 'number' is not assignable to parameter of type 'string | SQLWrapper'.
  Overload 2 of 3, '(left: Aliased<number>, right: number | SQLWrapper): SQL<unknown>', gave the following error.
    Argument of type 'PgColumn<{ name: "id"; tableName: "competitor_alerts"; dataType: "string"; columnType: "PgText"; data: string; driverParam: string; notNull: true; hasDefault: true; isPrimaryKey: true; isAutoincrement: false; ... 4 more ...; generated: undefined; }, {}, {}>' is not assignable to parameter of type 'Aliased<number>'.
      Type 'PgColumn<{ name: "id"; tableName: "competitor_alerts"; dataType: "string"; columnType: "PgText"; data: string; driverParam: string; notNull: true; hasDefault: true; isPrimaryKey: true; isAutoincrement: false; ... 4 more ...; generated: undefined; }, {}, {}>' is missing the following properties from type 'Aliased<number>': sql, fieldAlias
  Overload 3 of 3, '(left: never, right: unknown): SQL<unknown>', gave the following error.
    Argument of type 'PgColumn<{ name: "id"; tableName: "competitor_alerts"; dataType: "string"; columnType: "PgText"; data: string; driverParam: string; notNull: true; hasDefault: true; isPrimaryKey: true; isAutoincrement: false; ... 4 more ...; generated: undefined; }, {}, {}>' is not assignable to parameter of type 'never'.
src/lib/competitor-alert-system.ts(583,11): error TS2769: No overload matches this call.
  Overload 1 of 3, '(left: PgColumn<{ name: "competitor_id"; tableName: "competitor_alerts"; dataType: "string"; columnType: "PgText"; data: string; driverParam: string; notNull: true; hasDefault: false; isPrimaryKey: false; ... 5 more ...; generated: undefined; }, {}, {}>, right: string | SQLWrapper): SQL<...>', gave the following error.
    Argument of type 'number' is not assignable to parameter of type 'string | SQLWrapper'.
  Overload 2 of 3, '(left: Aliased<number>, right: number | SQLWrapper): SQL<unknown>', gave the following error.
    Argument of type 'PgColumn<{ name: "competitor_id"; tableName: "competitor_alerts"; dataType: "string"; columnType: "PgText"; data: string; driverParam: string; notNull: true; hasDefault: false; isPrimaryKey: false; ... 5 more ...; generated: undefined; }, {}, {}>' is not assignable to parameter of type 'Aliased<number>'.
      Type 'PgColumn<{ name: "competitor_id"; tableName: "competitor_alerts"; dataType: "string"; columnType: "PgText"; data: string; driverParam: string; notNull: true; hasDefault: false; isPrimaryKey: false; ... 5 more ...; generated: undefined; }, {}, {}>' is missing the following properties from type 'Aliased<number>': sql, fieldAlias
  Overload 3 of 3, '(left: never, right: unknown): SQL<unknown>', gave the following error.
    Argument of type 'PgColumn<{ name: "competitor_id"; tableName: "competitor_alerts"; dataType: "string"; columnType: "PgText"; data: string; driverParam: string; notNull: true; hasDefault: false; isPrimaryKey: false; ... 5 more ...; generated: undefined; }, {}, {}>' is not assignable to parameter of type 'never'.
src/lib/custom-ai-agents/core-agent.ts(328,9): error TS2322: Type '{ insights: { id?: string; type?: string; description?: string; title?: string; confidence?: number; impact?: string; urgency?: string; supportingData?: Record<string, any>[]; }[]; recommendations: { ...; }[]; metadata: Record<...>; }' is not assignable to type '{ insights: { id?: string; type: string; title: string; description: string; confidence?: number; impact?: string; urgency?: string; supportingData?: Record<string, any>[]; }[]; recommendations: { ...; }[]; metadata?: Record<...>; }'.
  Types of property 'insights' are incompatible.
    Type '{ id?: string; type?: string; description?: string; title?: string; confidence?: number; impact?: string; urgency?: string; supportingData?: Record<string, any>[]; }[]' is not assignable to type '{ id?: string; type: string; title: string; description: string; confidence?: number; impact?: string; urgency?: string; supportingData?: Record<string, any>[]; }[]'.
      Type '{ id?: string; type?: string; description?: string; title?: string; confidence?: number; impact?: string; urgency?: string; supportingData?: Record<string, any>[]; }' is not assignable to type '{ id?: string; type: string; title: string; description: string; confidence?: number; impact?: string; urgency?: string; supportingData?: Record<string, any>[]; }'.
        Property 'type' is optional in type '{ id?: string; type?: string; description?: string; title?: string; confidence?: number; impact?: string; urgency?: string; supportingData?: Record<string, any>[]; }' but required in type '{ id?: string; type: string; title: string; description: string; confidence?: number; impact?: string; urgency?: string; supportingData?: Record<string, any>[]; }'.
src/lib/custom-ai-agents/security/agent-security-manager.ts(69,17): error TS2339: Property 'verifyToken' does not exist on type 'typeof import("C:/Users/prett/OneDrive/Desktop/projects/SoloSuccess-AI/src/lib/auth-server")'.
src/lib/database-scraping-scheduler.ts(71,35): error TS2769: No overload matches this call.
  Overload 1 of 2, '(value: { url: string | SQL<unknown> | Placeholder<string, any>; user_id: string | SQL<unknown> | Placeholder<string, any>; competitor_id: string | SQL<unknown> | Placeholder<...>; ... 13 more ...; config?: unknown; }): PgInsertBase<...>', gave the following error.
    Type 'number' is not assignable to type 'string | SQL<unknown> | Placeholder<string, any>'.
  Overload 2 of 2, '(values: { url: string | SQL<unknown> | Placeholder<string, any>; user_id: string | SQL<unknown> | Placeholder<string, any>; competitor_id: string | SQL<unknown> | Placeholder<...>; ... 13 more ...; config?: unknown; }[]): PgInsertBase<...>', gave the following error.
    Object literal may only specify known properties, and 'id' does not exist in type '{ url: string | SQL<unknown> | Placeholder<string, any>; user_id: string | SQL<unknown> | Placeholder<string, any>; competitor_id: string | SQL<unknown> | Placeholder<...>; ... 13 more ...; config?: unknown; }[]'.
src/lib/echo-marketing-intelligence.ts(292,14): error TS2769: No overload matches this call.
  Overload 1 of 3, '(left: PgColumn<{ name: "id"; tableName: "competitor_profiles"; dataType: "string"; columnType: "PgText"; data: string; driverParam: string; notNull: true; hasDefault: true; isPrimaryKey: true; isAutoincrement: false; ... 4 more ...; generated: undefined; }, {}, {}>, right: string | SQLWrapper): SQL<...>', gave the following error.
    Argument of type 'number' is not assignable to parameter of type 'string | SQLWrapper'.
  Overload 2 of 3, '(left: Aliased<number>, right: number | SQLWrapper): SQL<unknown>', gave the following error.
    Argument of type 'PgColumn<{ name: "id"; tableName: "competitor_profiles"; dataType: "string"; columnType: "PgText"; data: string; driverParam: string; notNull: true; hasDefault: true; isPrimaryKey: true; isAutoincrement: false; ... 4 more ...; generated: undefined; }, {}, {}>' is not assignable to parameter of type 'Aliased<number>'.
      Type 'PgColumn<{ name: "id"; tableName: "competitor_profiles"; dataType: "string"; columnType: "PgText"; data: string; driverParam: string; notNull: true; hasDefault: true; isPrimaryKey: true; isAutoincrement: false; ... 4 more ...; generated: undefined; }, {}, {}>' is missing the following properties from type 'Aliased<number>': sql, fieldAlias
  Overload 3 of 3, '(left: never, right: unknown): SQL<unknown>', gave the following error.
    Argument of type 'PgColumn<{ name: "id"; tableName: "competitor_profiles"; dataType: "string"; columnType: "PgText"; data: string; driverParam: string; notNull: true; hasDefault: true; isPrimaryKey: true; isAutoincrement: false; ... 4 more ...; generated: undefined; }, {}, {}>' is not assignable to parameter of type 'never'.
src/lib/echo-marketing-intelligence.ts(311,11): error TS2769: No overload matches this call.
  Overload 1 of 3, '(left: PgColumn<{ name: "competitor_id"; tableName: "intelligence_data"; dataType: "string"; columnType: "PgText"; data: string; driverParam: string; notNull: true; hasDefault: false; isPrimaryKey: false; ... 5 more ...; generated: undefined; }, {}, {}>, right: string | SQLWrapper): SQL<...>', gave the following error.
    Argument of type 'number' is not assignable to parameter of type 'string | SQLWrapper'.
  Overload 2 of 3, '(left: Aliased<number>, right: number | SQLWrapper): SQL<unknown>', gave the following error.
    Argument of type 'PgColumn<{ name: "competitor_id"; tableName: "intelligence_data"; dataType: "string"; columnType: "PgText"; data: string; driverParam: string; notNull: true; hasDefault: false; isPrimaryKey: false; ... 5 more ...; generated: undefined; }, {}, {}>' is not assignable to parameter of type 'Aliased<number>'.
      Type 'PgColumn<{ name: "competitor_id"; tableName: "intelligence_data"; dataType: "string"; columnType: "PgText"; data: string; driverParam: string; notNull: true; hasDefault: false; isPrimaryKey: false; ... 5 more ...; generated: undefined; }, {}, {}>' is missing the following properties from type 'Aliased<number>': sql, fieldAlias
  Overload 3 of 3, '(left: never, right: unknown): SQL<unknown>', gave the following error.
    Argument of type 'PgColumn<{ name: "competitor_id"; tableName: "intelligence_data"; dataType: "string"; columnType: "PgText"; data: string; driverParam: string; notNull: true; hasDefault: false; isPrimaryKey: false; ... 5 more ...; generated: undefined; }, {}, {}>' is not assignable to parameter of type 'never'.
src/lib/echo-marketing-intelligence.ts(329,11): error TS2769: No overload matches this call.
  Overload 1 of 3, '(left: PgColumn<{ name: "competitor_id"; tableName: "intelligence_data"; dataType: "string"; columnType: "PgText"; data: string; driverParam: string; notNull: true; hasDefault: false; isPrimaryKey: false; ... 5 more ...; generated: undefined; }, {}, {}>, right: string | SQLWrapper): SQL<...>', gave the following error.
    Argument of type 'number' is not assignable to parameter of type 'string | SQLWrapper'.
  Overload 2 of 3, '(left: Aliased<number>, right: number | SQLWrapper): SQL<unknown>', gave the following error.
    Argument of type 'PgColumn<{ name: "competitor_id"; tableName: "intelligence_data"; dataType: "string"; columnType: "PgText"; data: string; driverParam: string; notNull: true; hasDefault: false; isPrimaryKey: false; ... 5 more ...; generated: undefined; }, {}, {}>' is not assignable to parameter of type 'Aliased<number>'.
      Type 'PgColumn<{ name: "competitor_id"; tableName: "intelligence_data"; dataType: "string"; columnType: "PgText"; data: string; driverParam: string; notNull: true; hasDefault: false; isPrimaryKey: false; ... 5 more ...; generated: undefined; }, {}, {}>' is missing the following properties from type 'Aliased<number>': sql, fieldAlias
  Overload 3 of 3, '(left: never, right: unknown): SQL<unknown>', gave the following error.
    Argument of type 'PgColumn<{ name: "competitor_id"; tableName: "intelligence_data"; dataType: "string"; columnType: "PgText"; data: string; driverParam: string; notNull: true; hasDefault: false; isPrimaryKey: false; ... 5 more ...; generated: undefined; }, {}, {}>' is not assignable to parameter of type 'never'.
src/lib/echo-marketing-intelligence.ts(348,11): error TS2769: No overload matches this call.
  Overload 1 of 3, '(left: PgColumn<{ name: "competitor_id"; tableName: "intelligence_data"; dataType: "string"; columnType: "PgText"; data: string; driverParam: string; notNull: true; hasDefault: false; isPrimaryKey: false; ... 5 more ...; generated: undefined; }, {}, {}>, right: string | SQLWrapper): SQL<...>', gave the following error.
    Argument of type 'number' is not assignable to parameter of type 'string | SQLWrapper'.
  Overload 2 of 3, '(left: Aliased<number>, right: number | SQLWrapper): SQL<unknown>', gave the following error.
    Argument of type 'PgColumn<{ name: "competitor_id"; tableName: "intelligence_data"; dataType: "string"; columnType: "PgText"; data: string; driverParam: string; notNull: true; hasDefault: false; isPrimaryKey: false; ... 5 more ...; generated: undefined; }, {}, {}>' is not assignable to parameter of type 'Aliased<number>'.
      Type 'PgColumn<{ name: "competitor_id"; tableName: "intelligence_data"; dataType: "string"; columnType: "PgText"; data: string; driverParam: string; notNull: true; hasDefault: false; isPrimaryKey: false; ... 5 more ...; generated: undefined; }, {}, {}>' is missing the following properties from type 'Aliased<number>': sql, fieldAlias
  Overload 3 of 3, '(left: never, right: unknown): SQL<unknown>', gave the following error.
    Argument of type 'PgColumn<{ name: "competitor_id"; tableName: "intelligence_data"; dataType: "string"; columnType: "PgText"; data: string; driverParam: string; notNull: true; hasDefault: false; isPrimaryKey: false; ... 5 more ...; generated: undefined; }, {}, {}>' is not assignable to parameter of type 'never'.
src/lib/echo-marketing-intelligence.ts(367,11): error TS2769: No overload matches this call.
  Overload 1 of 3, '(left: PgColumn<{ name: "competitor_id"; tableName: "intelligence_data"; dataType: "string"; columnType: "PgText"; data: string; driverParam: string; notNull: true; hasDefault: false; isPrimaryKey: false; ... 5 more ...; generated: undefined; }, {}, {}>, right: string | SQLWrapper): SQL<...>', gave the following error.
    Argument of type 'number' is not assignable to parameter of type 'string | SQLWrapper'.
  Overload 2 of 3, '(left: Aliased<number>, right: number | SQLWrapper): SQL<unknown>', gave the following error.
    Argument of type 'PgColumn<{ name: "competitor_id"; tableName: "intelligence_data"; dataType: "string"; columnType: "PgText"; data: string; driverParam: string; notNull: true; hasDefault: false; isPrimaryKey: false; ... 5 more ...; generated: undefined; }, {}, {}>' is not assignable to parameter of type 'Aliased<number>'.
      Type 'PgColumn<{ name: "competitor_id"; tableName: "intelligence_data"; dataType: "string"; columnType: "PgText"; data: string; driverParam: string; notNull: true; hasDefault: false; isPrimaryKey: false; ... 5 more ...; generated: undefined; }, {}, {}>' is missing the following properties from type 'Aliased<number>': sql, fieldAlias
  Overload 3 of 3, '(left: never, right: unknown): SQL<unknown>', gave the following error.
    Argument of type 'PgColumn<{ name: "competitor_id"; tableName: "intelligence_data"; dataType: "string"; columnType: "PgText"; data: string; driverParam: string; notNull: true; hasDefault: false; isPrimaryKey: false; ... 5 more ...; generated: undefined; }, {}, {}>' is not assignable to parameter of type 'never'.
src/lib/echo-marketing-intelligence.ts(717,14): error TS2769: No overload matches this call.
  Overload 1 of 3, '(left: PgColumn<{ name: "id"; tableName: "competitor_profiles"; dataType: "string"; columnType: "PgText"; data: string; driverParam: string; notNull: true; hasDefault: true; isPrimaryKey: true; isAutoincrement: false; ... 4 more ...; generated: undefined; }, {}, {}>, right: string | SQLWrapper): SQL<...>', gave the following error.
    Argument of type 'number' is not assignable to parameter of type 'string | SQLWrapper'.
  Overload 2 of 3, '(left: Aliased<number>, right: number | SQLWrapper): SQL<unknown>', gave the following error.
    Argument of type 'PgColumn<{ name: "id"; tableName: "competitor_profiles"; dataType: "string"; columnType: "PgText"; data: string; driverParam: string; notNull: true; hasDefault: true; isPrimaryKey: true; isAutoincrement: false; ... 4 more ...; generated: undefined; }, {}, {}>' is not assignable to parameter of type 'Aliased<number>'.
      Type 'PgColumn<{ name: "id"; tableName: "competitor_profiles"; dataType: "string"; columnType: "PgText"; data: string; driverParam: string; notNull: true; hasDefault: true; isPrimaryKey: true; isAutoincrement: false; ... 4 more ...; generated: undefined; }, {}, {}>' is missing the following properties from type 'Aliased<number>': sql, fieldAlias
  Overload 3 of 3, '(left: never, right: unknown): SQL<unknown>', gave the following error.
    Argument of type 'PgColumn<{ name: "id"; tableName: "competitor_profiles"; dataType: "string"; columnType: "PgText"; data: string; driverParam: string; notNull: true; hasDefault: true; isPrimaryKey: true; isAutoincrement: false; ... 4 more ...; generated: undefined; }, {}, {}>' is not assignable to parameter of type 'never'.
src/lib/echo-marketing-intelligence.ts(733,7): error TS2769: No overload matches this call.
  Overload 1 of 2, '(value: { user_id: string | SQL<unknown> | Placeholder<string, any>; competitor_id: string | SQL<unknown> | Placeholder<string, any>; source_type: string | SQL<...> | Placeholder<...>; ... 13 more ...; processed_at?: SQL<...> | ... 1 more ... | Placeholder<...>; }): PgInsertBase<...>', gave the following error.
    Type 'number' is not assignable to type 'string | SQL<unknown> | Placeholder<string, any>'.
  Overload 2 of 2, '(values: { user_id: string | SQL<unknown> | Placeholder<string, any>; competitor_id: string | SQL<unknown> | Placeholder<string, any>; source_type: string | SQL<...> | Placeholder<...>; ... 13 more ...; processed_at?: SQL<...> | ... 1 more ... | Placeholder<...>; }[]): PgInsertBase<...>', gave the following error.
    Object literal may only specify known properties, and 'competitor_id' does not exist in type '{ user_id: string | SQL<unknown> | Placeholder<string, any>; competitor_id: string | SQL<unknown> | Placeholder<string, any>; source_type: string | SQL<...> | Placeholder<...>; ... 13 more ...; processed_at?: SQL<...> | ... 1 more ... | Placeholder<...>; }[]'.
src/lib/lexi-strategic-analysis.ts(477,14): error TS2769: No overload matches this call.
  Overload 1 of 3, '(left: PgColumn<{ name: "id"; tableName: "competitor_profiles"; dataType: "string"; columnType: "PgText"; data: string; driverParam: string; notNull: true; hasDefault: true; isPrimaryKey: true; isAutoincrement: false; ... 4 more ...; generated: undefined; }, {}, {}>, right: string | SQLWrapper): SQL<...>', gave the following error.
    Argument of type 'number' is not assignable to parameter of type 'string | SQLWrapper'.
  Overload 2 of 3, '(left: Aliased<number>, right: number | SQLWrapper): SQL<unknown>', gave the following error.
    Argument of type 'PgColumn<{ name: "id"; tableName: "competitor_profiles"; dataType: "string"; columnType: "PgText"; data: string; driverParam: string; notNull: true; hasDefault: true; isPrimaryKey: true; isAutoincrement: false; ... 4 more ...; generated: undefined; }, {}, {}>' is not assignable to parameter of type 'Aliased<number>'.
      Type 'PgColumn<{ name: "id"; tableName: "competitor_profiles"; dataType: "string"; columnType: "PgText"; data: string; driverParam: string; notNull: true; hasDefault: true; isPrimaryKey: true; isAutoincrement: false; ... 4 more ...; generated: undefined; }, {}, {}>' is missing the following properties from type 'Aliased<number>': sql, fieldAlias
  Overload 3 of 3, '(left: never, right: unknown): SQL<unknown>', gave the following error.
    Argument of type 'PgColumn<{ name: "id"; tableName: "competitor_profiles"; dataType: "string"; columnType: "PgText"; data: string; driverParam: string; notNull: true; hasDefault: true; isPrimaryKey: true; isAutoincrement: false; ... 4 more ...; generated: undefined; }, {}, {}>' is not assignable to parameter of type 'never'.
src/lib/lexi-strategic-analysis.ts(496,11): error TS2769: No overload matches this call.
  Overload 1 of 3, '(left: PgColumn<{ name: "competitor_id"; tableName: "intelligence_data"; dataType: "string"; columnType: "PgText"; data: string; driverParam: string; notNull: true; hasDefault: false; isPrimaryKey: false; ... 5 more ...; generated: undefined; }, {}, {}>, right: string | SQLWrapper): SQL<...>', gave the following error.
    Argument of type 'number' is not assignable to parameter of type 'string | SQLWrapper'.
  Overload 2 of 3, '(left: Aliased<number>, right: number | SQLWrapper): SQL<unknown>', gave the following error.
    Argument of type 'PgColumn<{ name: "competitor_id"; tableName: "intelligence_data"; dataType: "string"; columnType: "PgText"; data: string; driverParam: string; notNull: true; hasDefault: false; isPrimaryKey: false; ... 5 more ...; generated: undefined; }, {}, {}>' is not assignable to parameter of type 'Aliased<number>'.
      Type 'PgColumn<{ name: "competitor_id"; tableName: "intelligence_data"; dataType: "string"; columnType: "PgText"; data: string; driverParam: string; notNull: true; hasDefault: false; isPrimaryKey: false; ... 5 more ...; generated: undefined; }, {}, {}>' is missing the following properties from type 'Aliased<number>': sql, fieldAlias
  Overload 3 of 3, '(left: never, right: unknown): SQL<unknown>', gave the following error.
    Argument of type 'PgColumn<{ name: "competitor_id"; tableName: "intelligence_data"; dataType: "string"; columnType: "PgText"; data: string; driverParam: string; notNull: true; hasDefault: false; isPrimaryKey: false; ... 5 more ...; generated: undefined; }, {}, {}>' is not assignable to parameter of type 'never'.
src/lib/lexi-strategic-analysis.ts(540,11): error TS2769: No overload matches this call.
  Overload 1 of 3, '(left: PgColumn<{ name: "competitor_id"; tableName: "intelligence_data"; dataType: "string"; columnType: "PgText"; data: string; driverParam: string; notNull: true; hasDefault: false; isPrimaryKey: false; ... 5 more ...; generated: undefined; }, {}, {}>, right: string | SQLWrapper): SQL<...>', gave the following error.
    Argument of type 'number' is not assignable to parameter of type 'string | SQLWrapper'.
  Overload 2 of 3, '(left: Aliased<number>, right: number | SQLWrapper): SQL<unknown>', gave the following error.
    Argument of type 'PgColumn<{ name: "competitor_id"; tableName: "intelligence_data"; dataType: "string"; columnType: "PgText"; data: string; driverParam: string; notNull: true; hasDefault: false; isPrimaryKey: false; ... 5 more ...; generated: undefined; }, {}, {}>' is not assignable to parameter of type 'Aliased<number>'.
      Type 'PgColumn<{ name: "competitor_id"; tableName: "intelligence_data"; dataType: "string"; columnType: "PgText"; data: string; driverParam: string; notNull: true; hasDefault: false; isPrimaryKey: false; ... 5 more ...; generated: undefined; }, {}, {}>' is missing the following properties from type 'Aliased<number>': sql, fieldAlias
  Overload 3 of 3, '(left: never, right: unknown): SQL<unknown>', gave the following error.
    Argument of type 'PgColumn<{ name: "competitor_id"; tableName: "intelligence_data"; dataType: "string"; columnType: "PgText"; data: string; driverParam: string; notNull: true; hasDefault: false; isPrimaryKey: false; ... 5 more ...; generated: undefined; }, {}, {}>' is not assignable to parameter of type 'never'.
src/lib/lexi-strategic-analysis.ts(558,11): error TS2769: No overload matches this call.
  Overload 1 of 3, '(left: PgColumn<{ name: "competitor_id"; tableName: "intelligence_data"; dataType: "string"; columnType: "PgText"; data: string; driverParam: string; notNull: true; hasDefault: false; isPrimaryKey: false; ... 5 more ...; generated: undefined; }, {}, {}>, right: string | SQLWrapper): SQL<...>', gave the following error.
    Argument of type 'number' is not assignable to parameter of type 'string | SQLWrapper'.
  Overload 2 of 3, '(left: Aliased<number>, right: number | SQLWrapper): SQL<unknown>', gave the following error.
    Argument of type 'PgColumn<{ name: "competitor_id"; tableName: "intelligence_data"; dataType: "string"; columnType: "PgText"; data: string; driverParam: string; notNull: true; hasDefault: false; isPrimaryKey: false; ... 5 more ...; generated: undefined; }, {}, {}>' is not assignable to parameter of type 'Aliased<number>'.
      Type 'PgColumn<{ name: "competitor_id"; tableName: "intelligence_data"; dataType: "string"; columnType: "PgText"; data: string; driverParam: string; notNull: true; hasDefault: false; isPrimaryKey: false; ... 5 more ...; generated: undefined; }, {}, {}>' is missing the following properties from type 'Aliased<number>': sql, fieldAlias
  Overload 3 of 3, '(left: never, right: unknown): SQL<unknown>', gave the following error.
    Argument of type 'PgColumn<{ name: "competitor_id"; tableName: "intelligence_data"; dataType: "string"; columnType: "PgText"; data: string; driverParam: string; notNull: true; hasDefault: false; isPrimaryKey: false; ... 5 more ...; generated: undefined; }, {}, {}>' is not assignable to parameter of type 'never'.
src/lib/lexi-strategic-analysis.ts(576,11): error TS2769: No overload matches this call.
  Overload 1 of 3, '(left: PgColumn<{ name: "competitor_id"; tableName: "intelligence_data"; dataType: "string"; columnType: "PgText"; data: string; driverParam: string; notNull: true; hasDefault: false; isPrimaryKey: false; ... 5 more ...; generated: undefined; }, {}, {}>, right: string | SQLWrapper): SQL<...>', gave the following error.
    Argument of type 'number' is not assignable to parameter of type 'string | SQLWrapper'.
  Overload 2 of 3, '(left: Aliased<number>, right: number | SQLWrapper): SQL<unknown>', gave the following error.
    Argument of type 'PgColumn<{ name: "competitor_id"; tableName: "intelligence_data"; dataType: "string"; columnType: "PgText"; data: string; driverParam: string; notNull: true; hasDefault: false; isPrimaryKey: false; ... 5 more ...; generated: undefined; }, {}, {}>' is not assignable to parameter of type 'Aliased<number>'.
      Type 'PgColumn<{ name: "competitor_id"; tableName: "intelligence_data"; dataType: "string"; columnType: "PgText"; data: string; driverParam: string; notNull: true; hasDefault: false; isPrimaryKey: false; ... 5 more ...; generated: undefined; }, {}, {}>' is missing the following properties from type 'Aliased<number>': sql, fieldAlias
  Overload 3 of 3, '(left: never, right: unknown): SQL<unknown>', gave the following error.
    Argument of type 'PgColumn<{ name: "competitor_id"; tableName: "intelligence_data"; dataType: "string"; columnType: "PgText"; data: string; driverParam: string; notNull: true; hasDefault: false; isPrimaryKey: false; ... 5 more ...; generated: undefined; }, {}, {}>' is not assignable to parameter of type 'never'.
src/lib/lexi-strategic-analysis.ts(916,7): error TS2769: No overload matches this call.
  Overload 1 of 2, '(value: { user_id: string | SQL<unknown> | Placeholder<string, any>; competitor_id: string | SQL<unknown> | Placeholder<string, any>; source_type: string | SQL<...> | Placeholder<...>; ... 13 more ...; processed_at?: SQL<...> | ... 1 more ... | Placeholder<...>; }): PgInsertBase<...>', gave the following error.
    Type 'number' is not assignable to type 'string | SQL<unknown> | Placeholder<string, any>'.
  Overload 2 of 2, '(values: { user_id: string | SQL<unknown> | Placeholder<string, any>; competitor_id: string | SQL<unknown> | Placeholder<string, any>; source_type: string | SQL<...> | Placeholder<...>; ... 13 more ...; processed_at?: SQL<...> | ... 1 more ... | Placeholder<...>; }[]): PgInsertBase<...>', gave the following error.
    Object literal may only specify known properties, and 'competitor_id' does not exist in type '{ user_id: string | SQL<unknown> | Placeholder<string, any>; competitor_id: string | SQL<unknown> | Placeholder<string, any>; source_type: string | SQL<...> | Placeholder<...>; ... 13 more ...; processed_at?: SQL<...> | ... 1 more ... | Placeholder<...>; }[]'.
src/lib/message-router.ts(443,38): error TS2339: Property 'chatMessages' does not exist on type '{}'.
src/lib/notification-delivery-system.ts(577,11): error TS2769: No overload matches this call.
  Overload 1 of 3, '(left: PgColumn<{ name: "user_id"; tableName: "user_settings"; dataType: "string"; columnType: "PgText"; data: string; driverParam: string; notNull: true; hasDefault: false; isPrimaryKey: false; isAutoincrement: false; ... 4 more ...; generated: undefined; }, {}, {}>, right: string | SQLWrapper): SQL<...>', gave the following error.
    Argument of type 'number' is not assignable to parameter of type 'string | SQLWrapper'.
  Overload 2 of 3, '(left: Aliased<number>, right: number | SQLWrapper): SQL<unknown>', gave the following error.
    Argument of type 'PgColumn<{ name: "user_id"; tableName: "user_settings"; dataType: "string"; columnType: "PgText"; data: string; driverParam: string; notNull: true; hasDefault: false; isPrimaryKey: false; isAutoincrement: false; ... 4 more ...; generated: undefined; }, {}, {}>' is not assignable to parameter of type 'Aliased<number>'.
      Type 'PgColumn<{ name: "user_id"; tableName: "user_settings"; dataType: "string"; columnType: "PgText"; data: string; driverParam: string; notNull: true; hasDefault: false; isPrimaryKey: false; isAutoincrement: false; ... 4 more ...; generated: undefined; }, {}, {}>' is missing the following properties from type 'Aliased<number>': sql, fieldAlias
  Overload 3 of 3, '(left: never, right: unknown): SQL<unknown>', gave the following error.
    Argument of type 'PgColumn<{ name: "user_id"; tableName: "user_settings"; dataType: "string"; columnType: "PgText"; data: string; driverParam: string; notNull: true; hasDefault: false; isPrimaryKey: false; isAutoincrement: false; ... 4 more ...; generated: undefined; }, {}, {}>' is not assignable to parameter of type 'never'.
src/lib/notification-delivery-system.ts(600,11): error TS2769: No overload matches this call.
  Overload 1 of 3, '(left: PgColumn<{ name: "user_id"; tableName: "user_settings"; dataType: "string"; columnType: "PgText"; data: string; driverParam: string; notNull: true; hasDefault: false; isPrimaryKey: false; isAutoincrement: false; ... 4 more ...; generated: undefined; }, {}, {}>, right: string | SQLWrapper): SQL<...>', gave the following error.
    Argument of type 'number' is not assignable to parameter of type 'string | SQLWrapper'.
  Overload 2 of 3, '(left: Aliased<number>, right: number | SQLWrapper): SQL<unknown>', gave the following error.
    Argument of type 'PgColumn<{ name: "user_id"; tableName: "user_settings"; dataType: "string"; columnType: "PgText"; data: string; driverParam: string; notNull: true; hasDefault: false; isPrimaryKey: false; isAutoincrement: false; ... 4 more ...; generated: undefined; }, {}, {}>' is not assignable to parameter of type 'Aliased<number>'.
      Type 'PgColumn<{ name: "user_id"; tableName: "user_settings"; dataType: "string"; columnType: "PgText"; data: string; driverParam: string; notNull: true; hasDefault: false; isPrimaryKey: false; isAutoincrement: false; ... 4 more ...; generated: undefined; }, {}, {}>' is missing the following properties from type 'Aliased<number>': sql, fieldAlias
  Overload 3 of 3, '(left: never, right: unknown): SQL<unknown>', gave the following error.
    Argument of type 'PgColumn<{ name: "user_id"; tableName: "user_settings"; dataType: "string"; columnType: "PgText"; data: string; driverParam: string; notNull: true; hasDefault: false; isPrimaryKey: false; isAutoincrement: false; ... 4 more ...; generated: undefined; }, {}, {}>' is not assignable to parameter of type 'never'.
src/lib/notification-delivery-system.ts(611,11): error TS2769: No overload matches this call.
  Overload 1 of 2, '(value: { user_id: string | SQL<unknown> | Placeholder<string, any>; category: string | SQL<unknown> | Placeholder<string, any>; id?: string | SQL<unknown> | Placeholder<...>; updated_at?: SQL<...> | ... 1 more ... | Placeholder<...>; settings?: unknown; }): PgInsertBase<...>', gave the following error.
    Type 'number' is not assignable to type 'string | SQL<unknown> | Placeholder<string, any>'.
  Overload 2 of 2, '(values: { user_id: string | SQL<unknown> | Placeholder<string, any>; category: string | SQL<unknown> | Placeholder<string, any>; id?: string | SQL<unknown> | Placeholder<...>; updated_at?: SQL<...> | ... 1 more ... | Placeholder<...>; settings?: unknown; }[]): PgInsertBase<...>', gave the following error.
    Object literal may only specify known properties, and 'user_id' does not exist in type '{ user_id: string | SQL<unknown> | Placeholder<string, any>; category: string | SQL<unknown> | Placeholder<string, any>; id?: string | SQL<unknown> | Placeholder<string, any>; updated_at?: SQL<...> | ... 1 more ... | Placeholder<...>; settings?: unknown; }[]'.
src/lib/nova-product-intelligence.ts(305,14): error TS2769: No overload matches this call.
  Overload 1 of 3, '(left: PgColumn<{ name: "id"; tableName: "competitor_profiles"; dataType: "string"; columnType: "PgText"; data: string; driverParam: string; notNull: true; hasDefault: true; isPrimaryKey: true; isAutoincrement: false; ... 4 more ...; generated: undefined; }, {}, {}>, right: string | SQLWrapper): SQL<...>', gave the following error.
    Argument of type 'number' is not assignable to parameter of type 'string | SQLWrapper'.
  Overload 2 of 3, '(left: Aliased<number>, right: number | SQLWrapper): SQL<unknown>', gave the following error.
    Argument of type 'PgColumn<{ name: "id"; tableName: "competitor_profiles"; dataType: "string"; columnType: "PgText"; data: string; driverParam: string; notNull: true; hasDefault: true; isPrimaryKey: true; isAutoincrement: false; ... 4 more ...; generated: undefined; }, {}, {}>' is not assignable to parameter of type 'Aliased<number>'.
      Type 'PgColumn<{ name: "id"; tableName: "competitor_profiles"; dataType: "string"; columnType: "PgText"; data: string; driverParam: string; notNull: true; hasDefault: true; isPrimaryKey: true; isAutoincrement: false; ... 4 more ...; generated: undefined; }, {}, {}>' is missing the following properties from type 'Aliased<number>': sql, fieldAlias
  Overload 3 of 3, '(left: never, right: unknown): SQL<unknown>', gave the following error.
    Argument of type 'PgColumn<{ name: "id"; tableName: "competitor_profiles"; dataType: "string"; columnType: "PgText"; data: string; driverParam: string; notNull: true; hasDefault: true; isPrimaryKey: true; isAutoincrement: false; ... 4 more ...; generated: undefined; }, {}, {}>' is not assignable to parameter of type 'never'.
src/lib/push-notification-service.ts(46,13): error TS2769: No overload matches this call.
  Overload 1 of 3, '(left: PgColumn<{ name: "user_id"; tableName: "push_subscriptions"; dataType: "string"; columnType: "PgText"; data: string; driverParam: string; notNull: true; hasDefault: false; isPrimaryKey: false; isAutoincrement: false; ... 4 more ...; generated: undefined; }, {}, {}>, right: string | SQLWrapper): SQL<...>', gave the following error.
    Argument of type 'number' is not assignable to parameter of type 'string | SQLWrapper'.
  Overload 2 of 3, '(left: Aliased<number>, right: number | SQLWrapper): SQL<unknown>', gave the following error.
    Argument of type 'PgColumn<{ name: "user_id"; tableName: "push_subscriptions"; dataType: "string"; columnType: "PgText"; data: string; driverParam: string; notNull: true; hasDefault: false; isPrimaryKey: false; isAutoincrement: false; ... 4 more ...; generated: undefined; }, {}, {}>' is not assignable to parameter of type 'Aliased<number>'.
      Type 'PgColumn<{ name: "user_id"; tableName: "push_subscriptions"; dataType: "string"; columnType: "PgText"; data: string; driverParam: string; notNull: true; hasDefault: false; isPrimaryKey: false; isAutoincrement: false; ... 4 more ...; generated: undefined; }, {}, {}>' is missing the following properties from type 'Aliased<number>': sql, fieldAlias
  Overload 3 of 3, '(left: never, right: unknown): SQL<unknown>', gave the following error.
    Argument of type 'PgColumn<{ name: "user_id"; tableName: "push_subscriptions"; dataType: "string"; columnType: "PgText"; data: string; driverParam: string; notNull: true; hasDefault: false; isPrimaryKey: false; isAutoincrement: false; ... 4 more ...; generated: undefined; }, {}, {}>' is not assignable to parameter of type 'never'.
src/lib/push-notification-service.ts(122,15): error TS2322: Type 'number' is not assignable to type 'string | SQL<unknown> | PgColumn<ColumnBaseConfig<ColumnDataType, string>, {}, {}>'.
src/lib/push-notification-service.ts(132,9): error TS2769: No overload matches this call.
  Overload 1 of 2, '(value: { user_id: string | SQL<unknown> | Placeholder<string, any>; endpoint: string | SQL<unknown> | Placeholder<string, any>; p256dh_key: string | SQL<unknown> | Placeholder<...>; ... 4 more ...; device_info?: unknown; }): PgInsertBase<...>', gave the following error.
    Type 'number' is not assignable to type 'string | SQL<unknown> | Placeholder<string, any>'.
  Overload 2 of 2, '(values: { user_id: string | SQL<unknown> | Placeholder<string, any>; endpoint: string | SQL<unknown> | Placeholder<string, any>; p256dh_key: string | SQL<unknown> | Placeholder<...>; ... 4 more ...; device_info?: unknown; }[]): PgInsertBase<...>', gave the following error.
    Object literal may only specify known properties, and 'user_id' does not exist in type '{ user_id: string | SQL<unknown> | Placeholder<string, any>; endpoint: string | SQL<unknown> | Placeholder<string, any>; p256dh_key: string | SQL<unknown> | Placeholder<...>; ... 4 more ...; device_info?: unknown; }[]'.
src/lib/revenue-tracking.ts(37,9): error TS2322: Type '"2024-12-18.acacia"' is not assignable to type '"2025-12-15.clover"'.
src/lib/revenue-tracking.ts(90,9): error TS2322: Type '"2024-12-18.acacia"' is not assignable to type '"2025-12-15.clover"'.
src/lib/revenue-tracking.ts(162,9): error TS2322: Type '"2024-12-18.acacia"' is not assignable to type '"2025-12-15.clover"'.
src/lib/revenue-tracking.ts(313,11): error TS2769: No overload matches this call.
  Overload 1 of 3, '(left: PgColumn<{ name: "user_id"; tableName: "payment_provider_connections"; dataType: "string"; columnType: "PgText"; data: string; driverParam: string; notNull: true; hasDefault: false; isPrimaryKey: false; ... 5 more ...; generated: undefined; }, {}, {}>, right: string | SQLWrapper): SQL<...>', gave the following error.
    Argument of type 'number' is not assignable to parameter of type 'string | SQLWrapper'.
  Overload 2 of 3, '(left: Aliased<number>, right: number | SQLWrapper): SQL<unknown>', gave the following error.
    Argument of type 'PgColumn<{ name: "user_id"; tableName: "payment_provider_connections"; dataType: "string"; columnType: "PgText"; data: string; driverParam: string; notNull: true; hasDefault: false; isPrimaryKey: false; ... 5 more ...; generated: undefined; }, {}, {}>' is not assignable to parameter of type 'Aliased<number>'.
      Type 'PgColumn<{ name: "user_id"; tableName: "payment_provider_connections"; dataType: "string"; columnType: "PgText"; data: string; driverParam: string; notNull: true; hasDefault: false; isPrimaryKey: false; ... 5 more ...; generated: undefined; }, {}, {}>' is missing the following properties from type 'Aliased<number>': sql, fieldAlias
  Overload 3 of 3, '(left: never, right: unknown): SQL<unknown>', gave the following error.
    Argument of type 'PgColumn<{ name: "user_id"; tableName: "payment_provider_connections"; dataType: "string"; columnType: "PgText"; data: string; driverParam: string; notNull: true; hasDefault: false; isPrimaryKey: false; ... 5 more ...; generated: undefined; }, {}, {}>' is not assignable to parameter of type 'never'.
src/lib/scraping-queue-processor.ts(188,11): error TS2769: No overload matches this call.
  Overload 1 of 3, '(left: PgColumn<{ name: "competitor_id"; tableName: "scraping_jobs"; dataType: "string"; columnType: "PgText"; data: string; driverParam: string; notNull: true; hasDefault: false; isPrimaryKey: false; ... 5 more ...; generated: undefined; }, {}, {}>, right: string | SQLWrapper): SQL<...>', gave the following error.
    Argument of type 'number' is not assignable to parameter of type 'string | SQLWrapper'.
  Overload 2 of 3, '(left: Aliased<number>, right: number | SQLWrapper): SQL<unknown>', gave the following error.
    Argument of type 'PgColumn<{ name: "competitor_id"; tableName: "scraping_jobs"; dataType: "string"; columnType: "PgText"; data: string; driverParam: string; notNull: true; hasDefault: false; isPrimaryKey: false; isAutoincrement: false; ... 4 more ...; generated: undefined; }, {}, {}>' is not assignable to parameter of type 'Aliased<number>'.
      Type 'PgColumn<{ name: "competitor_id"; tableName: "scraping_jobs"; dataType: "string"; columnType: "PgText"; data: string; driverParam: string; notNull: true; hasDefault: false; isPrimaryKey: false; isAutoincrement: false; ... 4 more ...; generated: undefined; }, {}, {}>' is missing the following properties from type 'Aliased<number>': sql, fieldAlias
  Overload 3 of 3, '(left: never, right: unknown): SQL<unknown>', gave the following error.
    Argument of type 'PgColumn<{ name: "competitor_id"; tableName: "scraping_jobs"; dataType: "string"; columnType: "PgText"; data: string; driverParam: string; notNull: true; hasDefault: false; isPrimaryKey: false; isAutoincrement: false; ... 4 more ...; generated: undefined; }, {}, {}>' is not assignable to parameter of type 'never'.
src/lib/social-media-analysis-engine.ts(453,7): error TS2769: No overload matches this call.
  Overload 1 of 3, '(left: PgColumn<{ name: "competitor_id"; tableName: "intelligence_data"; dataType: "string"; columnType: "PgText"; data: string; driverParam: string; notNull: true; hasDefault: false; isPrimaryKey: false; ... 5 more ...; generated: undefined; }, {}, {}>, right: string | SQLWrapper): SQL<...>', gave the following error.
    Argument of type 'number' is not assignable to parameter of type 'string | SQLWrapper'.
  Overload 2 of 3, '(left: Aliased<number>, right: number | SQLWrapper): SQL<unknown>', gave the following error.
    Argument of type 'PgColumn<{ name: "competitor_id"; tableName: "intelligence_data"; dataType: "string"; columnType: "PgText"; data: string; driverParam: string; notNull: true; hasDefault: false; isPrimaryKey: false; ... 5 more ...; generated: undefined; }, {}, {}>' is not assignable to parameter of type 'Aliased<number>'.
      Type 'PgColumn<{ name: "competitor_id"; tableName: "intelligence_data"; dataType: "string"; columnType: "PgText"; data: string; driverParam: string; notNull: true; hasDefault: false; isPrimaryKey: false; ... 5 more ...; generated: undefined; }, {}, {}>' is missing the following properties from type 'Aliased<number>': sql, fieldAlias
  Overload 3 of 3, '(left: never, right: unknown): SQL<unknown>', gave the following error.
    Argument of type 'PgColumn<{ name: "competitor_id"; tableName: "intelligence_data"; dataType: "string"; columnType: "PgText"; data: string; driverParam: string; notNull: true; hasDefault: false; isPrimaryKey: false; ... 5 more ...; generated: undefined; }, {}, {}>' is not assignable to parameter of type 'never'.
src/lib/social-media-job-processor.ts(434,16): error TS2769: No overload matches this call.
  Overload 1 of 3, '(left: PgColumn<{ name: "id"; tableName: "competitor_profiles"; dataType: "string"; columnType: "PgText"; data: string; driverParam: string; notNull: true; hasDefault: true; isPrimaryKey: true; isAutoincrement: false; ... 4 more ...; generated: undefined; }, {}, {}>, right: string | SQLWrapper): SQL<...>', gave the following error.
    Argument of type 'number' is not assignable to parameter of type 'string | SQLWrapper'.
  Overload 2 of 3, '(left: Aliased<number>, right: number | SQLWrapper): SQL<unknown>', gave the following error.
    Argument of type 'PgColumn<{ name: "id"; tableName: "competitor_profiles"; dataType: "string"; columnType: "PgText"; data: string; driverParam: string; notNull: true; hasDefault: true; isPrimaryKey: true; isAutoincrement: false; ... 4 more ...; generated: undefined; }, {}, {}>' is not assignable to parameter of type 'Aliased<number>'.
      Type 'PgColumn<{ name: "id"; tableName: "competitor_profiles"; dataType: "string"; columnType: "PgText"; data: string; driverParam: string; notNull: true; hasDefault: true; isPrimaryKey: true; isAutoincrement: false; ... 4 more ...; generated: undefined; }, {}, {}>' is missing the following properties from type 'Aliased<number>': sql, fieldAlias
  Overload 3 of 3, '(left: never, right: unknown): SQL<unknown>', gave the following error.
    Argument of type 'PgColumn<{ name: "id"; tableName: "competitor_profiles"; dataType: "string"; columnType: "PgText"; data: string; driverParam: string; notNull: true; hasDefault: true; isPrimaryKey: true; isAutoincrement: false; ... 4 more ...; generated: undefined; }, {}, {}>' is not assignable to parameter of type 'never'.
src/lib/social-media-monitor.ts(165,9): error TS2769: No overload matches this call.
  Overload 1 of 3, '(left: PgColumn<{ name: "user_id"; tableName: "social_media_connections"; dataType: "string"; columnType: "PgText"; data: string; driverParam: string; notNull: true; hasDefault: false; isPrimaryKey: false; ... 5 more ...; generated: undefined; }, {}, {}>, right: string | SQLWrapper): SQL<...>', gave the following error.
    Argument of type 'number' is not assignable to parameter of type 'string | SQLWrapper'.
  Overload 2 of 3, '(left: Aliased<number>, right: number | SQLWrapper): SQL<unknown>', gave the following error.
    Argument of type 'PgColumn<{ name: "user_id"; tableName: "social_media_connections"; dataType: "string"; columnType: "PgText"; data: string; driverParam: string; notNull: true; hasDefault: false; isPrimaryKey: false; ... 5 more ...; generated: undefined; }, {}, {}>' is not assignable to parameter of type 'Aliased<number>'.
      Type 'PgColumn<{ name: "user_id"; tableName: "social_media_connections"; dataType: "string"; columnType: "PgText"; data: string; driverParam: string; notNull: true; hasDefault: false; isPrimaryKey: false; ... 5 more ...; generated: undefined; }, {}, {}>' is missing the following properties from type 'Aliased<number>': sql, fieldAlias
  Overload 3 of 3, '(left: never, right: unknown): SQL<unknown>', gave the following error.
    Argument of type 'PgColumn<{ name: "user_id"; tableName: "social_media_connections"; dataType: "string"; columnType: "PgText"; data: string; driverParam: string; notNull: true; hasDefault: false; isPrimaryKey: false; ... 5 more ...; generated: undefined; }, {}, {}>' is not assignable to parameter of type 'never'.
src/lib/social-media-monitor.ts(187,58): error TS2345: Argument of type 'string' is not assignable to parameter of type 'number'.
src/lib/social-media-monitor.ts(214,9): error TS2769: No overload matches this call.
  Overload 1 of 3, '(left: PgColumn<{ name: "user_id"; tableName: "social_media_connections"; dataType: "string"; columnType: "PgText"; data: string; driverParam: string; notNull: true; hasDefault: false; isPrimaryKey: false; ... 5 more ...; generated: undefined; }, {}, {}>, right: string | SQLWrapper): SQL<...>', gave the following error.
    Argument of type 'number' is not assignable to parameter of type 'string | SQLWrapper'.
  Overload 2 of 3, '(left: Aliased<number>, right: number | SQLWrapper): SQL<unknown>', gave the following error.
    Argument of type 'PgColumn<{ name: "user_id"; tableName: "social_media_connections"; dataType: "string"; columnType: "PgText"; data: string; driverParam: string; notNull: true; hasDefault: false; isPrimaryKey: false; ... 5 more ...; generated: undefined; }, {}, {}>' is not assignable to parameter of type 'Aliased<number>'.
      Type 'PgColumn<{ name: "user_id"; tableName: "social_media_connections"; dataType: "string"; columnType: "PgText"; data: string; driverParam: string; notNull: true; hasDefault: false; isPrimaryKey: false; ... 5 more ...; generated: undefined; }, {}, {}>' is missing the following properties from type 'Aliased<number>': sql, fieldAlias
  Overload 3 of 3, '(left: never, right: unknown): SQL<unknown>', gave the following error.
    Argument of type 'PgColumn<{ name: "user_id"; tableName: "social_media_connections"; dataType: "string"; columnType: "PgText"; data: string; driverParam: string; notNull: true; hasDefault: false; isPrimaryKey: false; ... 5 more ...; generated: undefined; }, {}, {}>' is not assignable to parameter of type 'never'.
src/lib/social-media-monitor.ts(263,9): error TS2769: No overload matches this call.
  Overload 1 of 3, '(left: PgColumn<{ name: "user_id"; tableName: "social_media_connections"; dataType: "string"; columnType: "PgText"; data: string; driverParam: string; notNull: true; hasDefault: false; isPrimaryKey: false; ... 5 more ...; generated: undefined; }, {}, {}>, right: string | SQLWrapper): SQL<...>', gave the following error.
    Argument of type 'number' is not assignable to parameter of type 'string | SQLWrapper'.
  Overload 2 of 3, '(left: Aliased<number>, right: number | SQLWrapper): SQL<unknown>', gave the following error.
    Argument of type 'PgColumn<{ name: "user_id"; tableName: "social_media_connections"; dataType: "string"; columnType: "PgText"; data: string; driverParam: string; notNull: true; hasDefault: false; isPrimaryKey: false; ... 5 more ...; generated: undefined; }, {}, {}>' is not assignable to parameter of type 'Aliased<number>'.
      Type 'PgColumn<{ name: "user_id"; tableName: "social_media_connections"; dataType: "string"; columnType: "PgText"; data: string; driverParam: string; notNull: true; hasDefault: false; isPrimaryKey: false; ... 5 more ...; generated: undefined; }, {}, {}>' is missing the following properties from type 'Aliased<number>': sql, fieldAlias
  Overload 3 of 3, '(left: never, right: unknown): SQL<unknown>', gave the following error.
    Argument of type 'PgColumn<{ name: "user_id"; tableName: "social_media_connections"; dataType: "string"; columnType: "PgText"; data: string; driverParam: string; notNull: true; hasDefault: false; isPrimaryKey: false; ... 5 more ...; generated: undefined; }, {}, {}>' is not assignable to parameter of type 'never'.
src/lib/social-media-monitor.ts(314,9): error TS2769: No overload matches this call.
  Overload 1 of 3, '(left: PgColumn<{ name: "user_id"; tableName: "social_media_connections"; dataType: "string"; columnType: "PgText"; data: string; driverParam: string; notNull: true; hasDefault: false; isPrimaryKey: false; ... 5 more ...; generated: undefined; }, {}, {}>, right: string | SQLWrapper): SQL<...>', gave the following error.
    Argument of type 'number' is not assignable to parameter of type 'string | SQLWrapper'.
  Overload 2 of 3, '(left: Aliased<number>, right: number | SQLWrapper): SQL<unknown>', gave the following error.
    Argument of type 'PgColumn<{ name: "user_id"; tableName: "social_media_connections"; dataType: "string"; columnType: "PgText"; data: string; driverParam: string; notNull: true; hasDefault: false; isPrimaryKey: false; ... 5 more ...; generated: undefined; }, {}, {}>' is not assignable to parameter of type 'Aliased<number>'.
      Type 'PgColumn<{ name: "user_id"; tableName: "social_media_connections"; dataType: "string"; columnType: "PgText"; data: string; driverParam: string; notNull: true; hasDefault: false; isPrimaryKey: false; ... 5 more ...; generated: undefined; }, {}, {}>' is missing the following properties from type 'Aliased<number>': sql, fieldAlias
  Overload 3 of 3, '(left: never, right: unknown): SQL<unknown>', gave the following error.
    Argument of type 'PgColumn<{ name: "user_id"; tableName: "social_media_connections"; dataType: "string"; columnType: "PgText"; data: string; driverParam: string; notNull: true; hasDefault: false; isPrimaryKey: false; ... 5 more ...; generated: undefined; }, {}, {}>' is not assignable to parameter of type 'never'.
src/lib/social-media-monitor.ts(363,9): error TS2769: No overload matches this call.
  Overload 1 of 3, '(left: PgColumn<{ name: "user_id"; tableName: "social_media_connections"; dataType: "string"; columnType: "PgText"; data: string; driverParam: string; notNull: true; hasDefault: false; isPrimaryKey: false; ... 5 more ...; generated: undefined; }, {}, {}>, right: string | SQLWrapper): SQL<...>', gave the following error.
    Argument of type 'number' is not assignable to parameter of type 'string | SQLWrapper'.
  Overload 2 of 3, '(left: Aliased<number>, right: number | SQLWrapper): SQL<unknown>', gave the following error.
    Argument of type 'PgColumn<{ name: "user_id"; tableName: "social_media_connections"; dataType: "string"; columnType: "PgText"; data: string; driverParam: string; notNull: true; hasDefault: false; isPrimaryKey: false; ... 5 more ...; generated: undefined; }, {}, {}>' is not assignable to parameter of type 'Aliased<number>'.
      Type 'PgColumn<{ name: "user_id"; tableName: "social_media_connections"; dataType: "string"; columnType: "PgText"; data: string; driverParam: string; notNull: true; hasDefault: false; isPrimaryKey: false; ... 5 more ...; generated: undefined; }, {}, {}>' is missing the following properties from type 'Aliased<number>': sql, fieldAlias
  Overload 3 of 3, '(left: never, right: unknown): SQL<unknown>', gave the following error.
    Argument of type 'PgColumn<{ name: "user_id"; tableName: "social_media_connections"; dataType: "string"; columnType: "PgText"; data: string; driverParam: string; notNull: true; hasDefault: false; isPrimaryKey: false; ... 5 more ...; generated: undefined; }, {}, {}>' is not assignable to parameter of type 'never'.
src/lib/social-media-monitor.ts(445,14): error TS2769: No overload matches this call.
  Overload 1 of 3, '(left: PgColumn<{ name: "id"; tableName: "competitor_profiles"; dataType: "string"; columnType: "PgText"; data: string; driverParam: string; notNull: true; hasDefault: true; isPrimaryKey: true; isAutoincrement: false; ... 4 more ...; generated: undefined; }, {}, {}>, right: string | SQLWrapper): SQL<...>', gave the following error.
    Argument of type 'number' is not assignable to parameter of type 'string | SQLWrapper'.
  Overload 2 of 3, '(left: Aliased<number>, right: number | SQLWrapper): SQL<unknown>', gave the following error.
    Argument of type 'PgColumn<{ name: "id"; tableName: "competitor_profiles"; dataType: "string"; columnType: "PgText"; data: string; driverParam: string; notNull: true; hasDefault: true; isPrimaryKey: true; isAutoincrement: false; ... 4 more ...; generated: undefined; }, {}, {}>' is not assignable to parameter of type 'Aliased<number>'.
      Type 'PgColumn<{ name: "id"; tableName: "competitor_profiles"; dataType: "string"; columnType: "PgText"; data: string; driverParam: string; notNull: true; hasDefault: true; isPrimaryKey: true; isAutoincrement: false; ... 4 more ...; generated: undefined; }, {}, {}>' is missing the following properties from type 'Aliased<number>': sql, fieldAlias
  Overload 3 of 3, '(left: never, right: unknown): SQL<unknown>', gave the following error.
    Argument of type 'PgColumn<{ name: "id"; tableName: "competitor_profiles"; dataType: "string"; columnType: "PgText"; data: string; driverParam: string; notNull: true; hasDefault: true; isPrimaryKey: true; isAutoincrement: false; ... 4 more ...; generated: undefined; }, {}, {}>' is not assignable to parameter of type 'never'.
src/lib/social-media-monitor.ts(502,9): error TS2769: No overload matches this call.
  Overload 2 of 2, '(values: { user_id: string | SQL<unknown> | Placeholder<string, any>; competitor_id: string | SQL<unknown> | Placeholder<string, any>; source_type: string | SQL<...> | Placeholder<...>; ... 13 more ...; processed_at?: SQL<...> | ... 1 more ... | Placeholder<...>; }[]): PgInsertBase<...>', gave the following error.
    Object literal may only specify known properties, and 'competitor_id' does not exist in type '{ user_id: string | SQL<unknown> | Placeholder<string, any>; competitor_id: string | SQL<unknown> | Placeholder<string, any>; source_type: string | SQL<...> | Placeholder<...>; ... 13 more ...; processed_at?: SQL<...> | ... 1 more ... | Placeholder<...>; }[]'.
src/lib/social-media-monitor.ts(549,21): error TS2339: Property 'fetchInstagramBusinessPosts' does not exist on type 'SocialMediaMonitor'.
src/lib/social-media-scheduler.ts(69,16): error TS2769: No overload matches this call.
  Overload 1 of 3, '(left: PgColumn<{ name: "id"; tableName: "competitor_profiles"; dataType: "string"; columnType: "PgText"; data: string; driverParam: string; notNull: true; hasDefault: true; isPrimaryKey: true; isAutoincrement: false; ... 4 more ...; generated: undefined; }, {}, {}>, right: string | SQLWrapper): SQL<...>', gave the following error.
    Argument of type 'number' is not assignable to parameter of type 'string | SQLWrapper'.
  Overload 2 of 3, '(left: Aliased<number>, right: number | SQLWrapper): SQL<unknown>', gave the following error.
    Argument of type 'PgColumn<{ name: "id"; tableName: "competitor_profiles"; dataType: "string"; columnType: "PgText"; data: string; driverParam: string; notNull: true; hasDefault: true; isPrimaryKey: true; isAutoincrement: false; ... 4 more ...; generated: undefined; }, {}, {}>' is not assignable to parameter of type 'Aliased<number>'.
      Type 'PgColumn<{ name: "id"; tableName: "competitor_profiles"; dataType: "string"; columnType: "PgText"; data: string; driverParam: string; notNull: true; hasDefault: true; isPrimaryKey: true; isAutoincrement: false; ... 4 more ...; generated: undefined; }, {}, {}>' is missing the following properties from type 'Aliased<number>': sql, fieldAlias
  Overload 3 of 3, '(left: never, right: unknown): SQL<unknown>', gave the following error.
    Argument of type 'PgColumn<{ name: "id"; tableName: "competitor_profiles"; dataType: "string"; columnType: "PgText"; data: string; driverParam: string; notNull: true; hasDefault: true; isPrimaryKey: true; isAutoincrement: false; ... 4 more ...; generated: undefined; }, {}, {}>' is not assignable to parameter of type 'never'.
src/lib/social-media-scheduler.ts(87,37): error TS2769: No overload matches this call.
  Overload 1 of 2, '(value: { url: string | SQL<unknown> | Placeholder<string, any>; user_id: string | SQL<unknown> | Placeholder<string, any>; competitor_id: string | SQL<unknown> | Placeholder<...>; ... 13 more ...; config?: unknown; }): PgInsertBase<...>', gave the following error.
    Type 'number' is not assignable to type 'string | SQL<unknown> | Placeholder<string, any>'.
  Overload 2 of 2, '(values: { url: string | SQL<unknown> | Placeholder<string, any>; user_id: string | SQL<unknown> | Placeholder<string, any>; competitor_id: string | SQL<unknown> | Placeholder<...>; ... 13 more ...; config?: unknown; }[]): PgInsertBase<...>', gave the following error.
    Object literal may only specify known properties, and 'id' does not exist in type '{ url: string | SQL<unknown> | Placeholder<string, any>; user_id: string | SQL<unknown> | Placeholder<string, any>; competitor_id: string | SQL<unknown> | Placeholder<...>; ... 13 more ...; config?: unknown; }[]'.
src/lib/social-media-scheduler.ts(260,13): error TS2769: No overload matches this call.
  Overload 1 of 3, '(left: PgColumn<{ name: "competitor_id"; tableName: "scraping_jobs"; dataType: "string"; columnType: "PgText"; data: string; driverParam: string; notNull: true; hasDefault: false; isPrimaryKey: false; ... 5 more ...; generated: undefined; }, {}, {}>, right: string | SQLWrapper): SQL<...>', gave the following error.
    Argument of type 'number' is not assignable to parameter of type 'string | SQLWrapper'.
  Overload 2 of 3, '(left: Aliased<number>, right: number | SQLWrapper): SQL<unknown>', gave the following error.
    Argument of type 'PgColumn<{ name: "competitor_id"; tableName: "scraping_jobs"; dataType: "string"; columnType: "PgText"; data: string; driverParam: string; notNull: true; hasDefault: false; isPrimaryKey: false; isAutoincrement: false; ... 4 more ...; generated: undefined; }, {}, {}>' is not assignable to parameter of type 'Aliased<number>'.
      Type 'PgColumn<{ name: "competitor_id"; tableName: "scraping_jobs"; dataType: "string"; columnType: "PgText"; data: string; driverParam: string; notNull: true; hasDefault: false; isPrimaryKey: false; isAutoincrement: false; ... 4 more ...; generated: undefined; }, {}, {}>' is missing the following properties from type 'Aliased<number>': sql, fieldAlias
  Overload 3 of 3, '(left: never, right: unknown): SQL<unknown>', gave the following error.
    Argument of type 'PgColumn<{ name: "competitor_id"; tableName: "scraping_jobs"; dataType: "string"; columnType: "PgText"; data: string; driverParam: string; notNull: true; hasDefault: false; isPrimaryKey: false; isAutoincrement: false; ... 4 more ...; generated: undefined; }, {}, {}>' is not assignable to parameter of type 'never'.
src/lib/social-media-scheduler.ts(313,11): error TS2769: No overload matches this call.
  Overload 1 of 3, '(left: PgColumn<{ name: "competitor_id"; tableName: "scraping_jobs"; dataType: "string"; columnType: "PgText"; data: string; driverParam: string; notNull: true; hasDefault: false; isPrimaryKey: false; ... 5 more ...; generated: undefined; }, {}, {}>, right: string | SQLWrapper): SQL<...>', gave the following error.
    Argument of type 'number' is not assignable to parameter of type 'string | SQLWrapper'.
  Overload 2 of 3, '(left: Aliased<number>, right: number | SQLWrapper): SQL<unknown>', gave the following error.
    Argument of type 'PgColumn<{ name: "competitor_id"; tableName: "scraping_jobs"; dataType: "string"; columnType: "PgText"; data: string; driverParam: string; notNull: true; hasDefault: false; isPrimaryKey: false; isAutoincrement: false; ... 4 more ...; generated: undefined; }, {}, {}>' is not assignable to parameter of type 'Aliased<number>'.
      Type 'PgColumn<{ name: "competitor_id"; tableName: "scraping_jobs"; dataType: "string"; columnType: "PgText"; data: string; driverParam: string; notNull: true; hasDefault: false; isPrimaryKey: false; isAutoincrement: false; ... 4 more ...; generated: undefined; }, {}, {}>' is missing the following properties from type 'Aliased<number>': sql, fieldAlias
  Overload 3 of 3, '(left: never, right: unknown): SQL<unknown>', gave the following error.
    Argument of type 'PgColumn<{ name: "competitor_id"; tableName: "scraping_jobs"; dataType: "string"; columnType: "PgText"; data: string; driverParam: string; notNull: true; hasDefault: false; isPrimaryKey: false; isAutoincrement: false; ... 4 more ...; generated: undefined; }, {}, {}>' is not assignable to parameter of type 'never'.
src/lib/social-media-scheduler.ts(332,11): error TS2769: No overload matches this call.
  Overload 1 of 3, '(left: PgColumn<{ name: "competitor_id"; tableName: "scraping_jobs"; dataType: "string"; columnType: "PgText"; data: string; driverParam: string; notNull: true; hasDefault: false; isPrimaryKey: false; ... 5 more ...; generated: undefined; }, {}, {}>, right: string | SQLWrapper): SQL<...>', gave the following error.
    Argument of type 'number' is not assignable to parameter of type 'string | SQLWrapper'.
  Overload 2 of 3, '(left: Aliased<number>, right: number | SQLWrapper): SQL<unknown>', gave the following error.
    Argument of type 'PgColumn<{ name: "competitor_id"; tableName: "scraping_jobs"; dataType: "string"; columnType: "PgText"; data: string; driverParam: string; notNull: true; hasDefault: false; isPrimaryKey: false; isAutoincrement: false; ... 4 more ...; generated: undefined; }, {}, {}>' is not assignable to parameter of type 'Aliased<number>'.
      Type 'PgColumn<{ name: "competitor_id"; tableName: "scraping_jobs"; dataType: "string"; columnType: "PgText"; data: string; driverParam: string; notNull: true; hasDefault: false; isPrimaryKey: false; isAutoincrement: false; ... 4 more ...; generated: undefined; }, {}, {}>' is missing the following properties from type 'Aliased<number>': sql, fieldAlias
  Overload 3 of 3, '(left: never, right: unknown): SQL<unknown>', gave the following error.
    Argument of type 'PgColumn<{ name: "competitor_id"; tableName: "scraping_jobs"; dataType: "string"; columnType: "PgText"; data: string; driverParam: string; notNull: true; hasDefault: false; isPrimaryKey: false; isAutoincrement: false; ... 4 more ...; generated: undefined; }, {}, {}>' is not assignable to parameter of type 'never'.
src/lib/social-media-scheduler.ts(349,11): error TS2769: No overload matches this call.
  Overload 1 of 3, '(left: PgColumn<{ name: "competitor_id"; tableName: "scraping_jobs"; dataType: "string"; columnType: "PgText"; data: string; driverParam: string; notNull: true; hasDefault: false; isPrimaryKey: false; ... 5 more ...; generated: undefined; }, {}, {}>, right: string | SQLWrapper): SQL<...>', gave the following error.
    Argument of type 'number' is not assignable to parameter of type 'string | SQLWrapper'.
  Overload 2 of 3, '(left: Aliased<number>, right: number | SQLWrapper): SQL<unknown>', gave the following error.
    Argument of type 'PgColumn<{ name: "competitor_id"; tableName: "scraping_jobs"; dataType: "string"; columnType: "PgText"; data: string; driverParam: string; notNull: true; hasDefault: false; isPrimaryKey: false; isAutoincrement: false; ... 4 more ...; generated: undefined; }, {}, {}>' is not assignable to parameter of type 'Aliased<number>'.
      Type 'PgColumn<{ name: "competitor_id"; tableName: "scraping_jobs"; dataType: "string"; columnType: "PgText"; data: string; driverParam: string; notNull: true; hasDefault: false; isPrimaryKey: false; isAutoincrement: false; ... 4 more ...; generated: undefined; }, {}, {}>' is missing the following properties from type 'Aliased<number>': sql, fieldAlias
  Overload 3 of 3, '(left: never, right: unknown): SQL<unknown>', gave the following error.
    Argument of type 'PgColumn<{ name: "competitor_id"; tableName: "scraping_jobs"; dataType: "string"; columnType: "PgText"; data: string; driverParam: string; notNull: true; hasDefault: false; isPrimaryKey: false; isAutoincrement: false; ... 4 more ...; generated: undefined; }, {}, {}>' is not assignable to parameter of type 'never'.
src/lib/stripe.ts(33,7): error TS2322: Type '"2025-08-27.basil"' is not assignable to type '"2025-12-15.clover"'.
